16:45:22.668 [ForkJoinPool-8-worker-1] DEBUG c.google.inject.internal.BytecodeGen - Creating a bridge ClassLoader for ReloadableClassLoader(v1){file:/C:/Users/Kuba/IdeaProjects/play-silhouette-seed-master/target/scala-2.11/classes/}
16:45:22.669 [ForkJoinPool-8-worker-1] DEBUG c.google.inject.internal.BytecodeGen - Loading class modules.SilhouetteModule FastClass with com.google.inject.internal.BytecodeGen$BridgeClassLoader@4c212a4a
16:45:22.722 [ForkJoinPool-8-worker-1] DEBUG c.google.inject.internal.BytecodeGen - Loading class modules.SilhouetteModule FastClass with com.google.inject.internal.BytecodeGen$BridgeClassLoader@4c212a4a
16:45:22.722 [ForkJoinPool-8-worker-1] DEBUG c.google.inject.internal.BytecodeGen - Loading class modules.SilhouetteModule FastClass with com.google.inject.internal.BytecodeGen$BridgeClassLoader@4c212a4a
16:45:22.722 [ForkJoinPool-8-worker-1] DEBUG c.google.inject.internal.BytecodeGen - Loading class modules.SilhouetteModule FastClass with com.google.inject.internal.BytecodeGen$BridgeClassLoader@4c212a4a
16:45:22.725 [ForkJoinPool-8-worker-1] DEBUG c.google.inject.internal.BytecodeGen - Loading class modules.SilhouetteModule FastClass with com.google.inject.internal.BytecodeGen$BridgeClassLoader@4c212a4a
16:45:22.725 [ForkJoinPool-8-worker-1] DEBUG c.google.inject.internal.BytecodeGen - Loading class modules.SilhouetteModule FastClass with com.google.inject.internal.BytecodeGen$BridgeClassLoader@4c212a4a
16:45:22.725 [ForkJoinPool-8-worker-1] DEBUG c.google.inject.internal.BytecodeGen - Loading class modules.SilhouetteModule FastClass with com.google.inject.internal.BytecodeGen$BridgeClassLoader@4c212a4a
16:45:22.725 [ForkJoinPool-8-worker-1] DEBUG c.google.inject.internal.BytecodeGen - Loading class modules.SilhouetteModule FastClass with com.google.inject.internal.BytecodeGen$BridgeClassLoader@4c212a4a
16:45:22.725 [ForkJoinPool-8-worker-1] DEBUG c.google.inject.internal.BytecodeGen - Loading class modules.SilhouetteModule FastClass with com.google.inject.internal.BytecodeGen$BridgeClassLoader@4c212a4a
16:45:22.725 [ForkJoinPool-8-worker-1] DEBUG c.google.inject.internal.BytecodeGen - Loading class modules.SilhouetteModule FastClass with com.google.inject.internal.BytecodeGen$BridgeClassLoader@4c212a4a
16:45:22.725 [ForkJoinPool-8-worker-1] DEBUG c.google.inject.internal.BytecodeGen - Loading class modules.SilhouetteModule FastClass with com.google.inject.internal.BytecodeGen$BridgeClassLoader@4c212a4a
16:45:22.725 [ForkJoinPool-8-worker-1] DEBUG c.google.inject.internal.BytecodeGen - Loading class modules.SilhouetteModule FastClass with com.google.inject.internal.BytecodeGen$BridgeClassLoader@4c212a4a
16:45:22.725 [ForkJoinPool-8-worker-1] DEBUG c.google.inject.internal.BytecodeGen - Loading class modules.SilhouetteModule FastClass with com.google.inject.internal.BytecodeGen$BridgeClassLoader@4c212a4a
16:45:22.725 [ForkJoinPool-8-worker-1] DEBUG c.google.inject.internal.BytecodeGen - Loading class modules.SilhouetteModule FastClass with com.google.inject.internal.BytecodeGen$BridgeClassLoader@4c212a4a
16:45:22.726 [ForkJoinPool-8-worker-1] DEBUG c.google.inject.internal.BytecodeGen - Loading class modules.SilhouetteModule FastClass with com.google.inject.internal.BytecodeGen$BridgeClassLoader@4c212a4a
16:45:22.726 [ForkJoinPool-8-worker-1] DEBUG c.google.inject.internal.BytecodeGen - Loading class modules.SilhouetteModule FastClass with com.google.inject.internal.BytecodeGen$BridgeClassLoader@4c212a4a
16:45:22.726 [ForkJoinPool-8-worker-1] DEBUG c.google.inject.internal.BytecodeGen - Loading class modules.SilhouetteModule FastClass with com.google.inject.internal.BytecodeGen$BridgeClassLoader@4c212a4a
16:45:22.727 [ForkJoinPool-8-worker-1] DEBUG c.google.inject.internal.BytecodeGen - Loading class modules.SilhouetteModule FastClass with com.google.inject.internal.BytecodeGen$BridgeClassLoader@4c212a4a
16:45:22.727 [ForkJoinPool-8-worker-1] DEBUG c.google.inject.internal.BytecodeGen - Loading class modules.SilhouetteModule FastClass with com.google.inject.internal.BytecodeGen$BridgeClassLoader@4c212a4a
16:45:22.727 [ForkJoinPool-8-worker-1] DEBUG c.google.inject.internal.BytecodeGen - Loading class modules.SilhouetteModule FastClass with com.google.inject.internal.BytecodeGen$BridgeClassLoader@4c212a4a
16:45:22.727 [ForkJoinPool-8-worker-1] DEBUG c.google.inject.internal.BytecodeGen - Loading class modules.SilhouetteModule FastClass with com.google.inject.internal.BytecodeGen$BridgeClassLoader@4c212a4a
16:45:22.727 [ForkJoinPool-8-worker-1] DEBUG c.google.inject.internal.BytecodeGen - Loading class modules.SilhouetteModule FastClass with com.google.inject.internal.BytecodeGen$BridgeClassLoader@4c212a4a
16:45:22.753 [ForkJoinPool-8-worker-1] DEBUG c.g.inject.internal.util.Stopwatch - Module execution: 513ms
16:45:22.754 [ForkJoinPool-8-worker-1] DEBUG c.g.inject.internal.util.Stopwatch - Interceptors creation: 1ms
16:45:22.757 [ForkJoinPool-8-worker-1] DEBUG c.g.inject.internal.util.Stopwatch - TypeListeners & ProvisionListener creation: 3ms
16:45:22.759 [ForkJoinPool-8-worker-1] DEBUG c.g.inject.internal.util.Stopwatch - Scopes creation: 2ms
16:45:22.759 [ForkJoinPool-8-worker-1] DEBUG c.g.inject.internal.util.Stopwatch - Converters creation: 0ms
16:45:22.786 [ForkJoinPool-8-worker-1] DEBUG c.g.inject.internal.util.Stopwatch - Binding creation: 27ms
16:45:22.786 [ForkJoinPool-8-worker-1] DEBUG c.g.inject.internal.util.Stopwatch - Module annotated method scanners creation: 0ms
16:45:22.787 [ForkJoinPool-8-worker-1] DEBUG c.g.inject.internal.util.Stopwatch - Private environment creation: 1ms
16:45:22.787 [ForkJoinPool-8-worker-1] DEBUG c.g.inject.internal.util.Stopwatch - Injector construction: 0ms
16:45:22.794 [ForkJoinPool-8-worker-1] DEBUG c.google.inject.internal.BytecodeGen - Loading class play.filters.headers.SecurityHeadersFilter FastClass with PlayDependencyClassLoader{file:/C:/Users/Kuba/IdeaProjects/play-silhouette-seed-master/lib/connect-four.jar, file:/C:/Users/Kuba/IdeaProjects/play-silhouette-seed-master/lib/sudoku.jar, file:/C:/Users/Kuba/.ivy2/cache/org.scala-lang/scala-library/jars/scala-library-2.11.8.jar, file:/C:/Users/Kuba/Downloads/activator-dist-1.3.12/repository/com.typesafe.play/twirl-api_2.11/1.1.1/jars/twirl-api_2.11.jar, file:/C:/Users/Kuba/.ivy2/cache/org.apache.commons/commons-lang3/jars/commons-lang3-3.4.jar, file:/C:/Users/Kuba/.ivy2/cache/org.scala-lang.modules/scala-xml_2.11/bundles/scala-xml_2.11-1.0.1.jar, file:/C:/Users/Kuba/.ivy2/cache/com.typesafe.play/play-server_2.11/jars/play-server_2.11-2.5.4.jar, file:/C:/Users/Kuba/.ivy2/cache/com.typesafe.play/play_2.11/jars/play_2.11-2.5.4.jar, file:/C:/Users/Kuba/.ivy2/cache/com.typesafe.play/build-link/jars/build-link-2.5.4.jar, file:/C:/Users/Kuba/.ivy2/cache/com.typesafe.play/play-exceptions/jars/play-exceptions-2.5.4.jar, file:/C:/Users/Kuba/.ivy2/cache/com.typesafe.play/play-iteratees_2.11/jars/play-iteratees_2.11-2.5.4.jar, file:/C:/Users/Kuba/.ivy2/cache/org.scala-stm/scala-stm_2.11/jars/scala-stm_2.11-0.7.jar, file:/C:/Users/Kuba/Downloads/activator-dist-1.3.12/repository/com.typesafe/config/1.3.0/bundles/config.jar, file:/C:/Users/Kuba/.ivy2/cache/ch.qos.logback/logback-classic/jars/logback-classic-1.1.7.jar, file:/C:/Users/Kuba/.ivy2/cache/ch.qos.logback/logback-core/jars/logback-core-1.1.7.jar, file:/C:/Users/Kuba/.ivy2/cache/com.typesafe.play/play-json_2.11/jars/play-json_2.11-2.5.4.jar, file:/C:/Users/Kuba/.ivy2/cache/com.typesafe.play/play-functional_2.11/jars/play-functional_2.11-2.5.4.jar, file:/C:/Users/Kuba/.ivy2/cache/com.typesafe.play/play-datacommons_2.11/jars/play-datacommons_2.11-2.5.4.jar, file:/C:/Users/Kuba/Downloads/activator-dist-1.3.12/repository/joda-time/joda-time/2.9.2/jars/joda-time.jar, file:/C:/Users/Kuba/Downloads/activator-dist-1.3.12/repository/org.joda/joda-convert/1.8.1/jars/joda-convert.jar, file:/C:/Users/Kuba/Downloads/activator-dist-1.3.12/repository/org.scala-lang/scala-reflect/2.11.7/jars/scala-reflect.jar, file:/C:/Users/Kuba/Downloads/activator-dist-1.3.12/repository/com.fasterxml.jackson.core/jackson-core/2.7.1/bundles/jackson-core.jar, file:/C:/Users/Kuba/Downloads/activator-dist-1.3.12/repository/com.fasterxml.jackson.core/jackson-annotations/2.7.1/bundles/jackson-annotations.jar, file:/C:/Users/Kuba/Downloads/activator-dist-1.3.12/repository/com.fasterxml.jackson.core/jackson-databind/2.7.1/bundles/jackson-databind.jar, file:/C:/Users/Kuba/Downloads/activator-dist-1.3.12/repository/com.fasterxml.jackson.datatype/jackson-datatype-jdk8/2.7.1/bundles/jackson-datatype-jdk8.jar, file:/C:/Users/Kuba/Downloads/activator-dist-1.3.12/repository/com.fasterxml.jackson.datatype/jackson-datatype-jsr310/2.7.1/bundles/jackson-datatype-jsr310.jar, file:/C:/Users/Kuba/.ivy2/cache/com.typesafe.play/play-netty-utils/jars/play-netty-utils-2.5.4.jar, file:/C:/Users/Kuba/.ivy2/cache/org.slf4j/jul-to-slf4j/jars/jul-to-slf4j-1.7.19.jar, file:/C:/Users/Kuba/.ivy2/cache/org.slf4j/jcl-over-slf4j/jars/jcl-over-slf4j-1.7.19.jar, file:/C:/Users/Kuba/.ivy2/cache/com.typesafe.play/play-streams_2.11/jars/play-streams_2.11-2.5.4.jar, file:/C:/Users/Kuba/.ivy2/cache/org.reactivestreams/reactive-streams/jars/reactive-streams-1.0.0.jar, file:/C:/Users/Kuba/.ivy2/cache/com.typesafe.akka/akka-stream_2.11/jars/akka-stream_2.11-2.4.4.jar, file:/C:/Users/Kuba/.ivy2/cache/com.typesafe.akka/akka-actor_2.11/jars/akka-actor_2.11-2.4.4.jar, file:/C:/Users/Kuba/Downloads/activator-dist-1.3.12/repository/org.scala-lang.modules/scala-java8-compat_2.11/0.7.0/bundles/scala-java8-compat_2.11.jar, file:/C:/Users/Kuba/Downloads/activator-dist-1.3.12/repository/com.typesafe/ssl-config-akka_2.11/0.2.1/bundles/ssl-config-akka_2.11.jar, file:/C:/Users/Kuba/.ivy2/cache/com.typesafe/ssl-config-core_2.11/bundles/ssl-config-core_2.11-0.2.1.jar, file:/C:/Users/Kuba/.ivy2/cache/org.scala-lang.modules/scala-parser-combinators_2.11/bundles/scala-parser-combinators_2.11-1.0.4.jar, file:/C:/Users/Kuba/.ivy2/cache/com.typesafe.akka/akka-slf4j_2.11/jars/akka-slf4j_2.11-2.4.4.jar, file:/C:/Users/Kuba/.ivy2/cache/commons-codec/commons-codec/jars/commons-codec-1.10.jar, file:/C:/Users/Kuba/.ivy2/cache/xerces/xercesImpl/jars/xercesImpl-2.11.0.jar, file:/C:/Users/Kuba/.ivy2/cache/xml-apis/xml-apis/jars/xml-apis-1.4.01.jar, file:/C:/Users/Kuba/.ivy2/cache/javax.transaction/jta/jars/jta-1.1.jar, file:/C:/Users/Kuba/Downloads/activator-dist-1.3.12/repository/com.google.inject/guice/4.0/jars/guice.jar, file:/C:/Users/Kuba/.ivy2/cache/javax.inject/javax.inject/jars/javax.inject-1.jar, file:/C:/Users/Kuba/.ivy2/cache/aopalliance/aopalliance/jars/aopalliance-1.0.jar, file:/C:/Users/Kuba/Downloads/activator-dist-1.3.12/repository/com.google.inject.extensions/guice-assistedinject/4.0/jars/guice-assistedinject.jar, file:/C:/Users/Kuba/.ivy2/cache/com.typesafe.play/play-netty-server_2.11/jars/play-netty-server_2.11-2.5.4.jar, file:/C:/Users/Kuba/.ivy2/cache/com.typesafe.netty/netty-reactive-streams-http/jars/netty-reactive-streams-http-1.0.6.jar, file:/C:/Users/Kuba/.ivy2/cache/com.typesafe.netty/netty-reactive-streams/jars/netty-reactive-streams-1.0.6.jar, file:/C:/Users/Kuba/.ivy2/cache/io.netty/netty-handler/jars/netty-handler-4.0.36.Final.jar, file:/C:/Users/Kuba/.ivy2/cache/io.netty/netty-buffer/jars/netty-buffer-4.0.36.Final.jar, file:/C:/Users/Kuba/.ivy2/cache/io.netty/netty-common/jars/netty-common-4.0.36.Final.jar, file:/C:/Users/Kuba/.ivy2/cache/io.netty/netty-transport/jars/netty-transport-4.0.36.Final.jar, file:/C:/Users/Kuba/.ivy2/cache/io.netty/netty-codec/jars/netty-codec-4.0.36.Final.jar, file:/C:/Users/Kuba/.ivy2/cache/io.netty/netty-codec-http/jars/netty-codec-http-4.0.36.Final.jar, file:/C:/Users/Kuba/.ivy2/cache/io.netty/netty-transport-native-epoll/jars/netty-transport-native-epoll-4.0.36.Final-linux-x86_64.jar, file:/C:/Users/Kuba/.ivy2/cache/com.typesafe.play/play-logback_2.11/jars/play-logback_2.11-2.5.4.jar, file:/C:/Users/Kuba/.ivy2/cache/org.scala-lang/scala-swing/jars/scala-swing-2.11.0-M7.jar, file:/C:/Users/Kuba/.ivy2/cache/com.mohiva/play-silhouette_2.11/jars/play-silhouette_2.11-4.0.0.jar, file:/C:/Users/Kuba/.ivy2/cache/com.typesafe.play/play-cache_2.11/jars/play-cache_2.11-2.5.4.jar, file:/C:/Users/Kuba/Downloads/activator-dist-1.3.12/repository/net.sf.ehcache/ehcache-core/2.6.11/jars/ehcache-core.jar, file:/C:/Users/Kuba/.ivy2/cache/com.typesafe.play/play-ws_2.11/jars/play-ws_2.11-2.5.4.jar, file:/C:/Users/Kuba/.ivy2/cache/com.google.guava/guava/bundles/guava-19.0.jar, file:/C:/Users/Kuba/.ivy2/cache/org.asynchttpclient/async-http-client/jars/async-http-client-2.0.2.jar, file:/C:/Users/Kuba/.ivy2/cache/org.asynchttpclient/netty-resolver-dns/jars/netty-resolver-dns-2.0.2.jar, file:/C:/Users/Kuba/.ivy2/cache/org.asynchttpclient/netty-resolver/jars/netty-resolver-2.0.2.jar, file:/C:/Users/Kuba/.ivy2/cache/org.slf4j/slf4j-api/jars/slf4j-api-1.7.21.jar, file:/C:/Users/Kuba/.ivy2/cache/org.asynchttpclient/netty-codec-dns/jars/netty-codec-dns-2.0.2.jar, file:/C:/Users/Kuba/.ivy2/cache/org.javassist/javassist/bundles/javassist-3.20.0-GA.jar, file:/C:/Users/Kuba/.ivy2/cache/oauth.signpost/signpost-core/jars/signpost-core-1.2.1.2.jar, file:/C:/Users/Kuba/.ivy2/cache/oauth.signpost/signpost-commonshttp4/jars/signpost-commonshttp4-1.2.1.2.jar, file:/C:/Users/Kuba/.ivy2/cache/org.apache.httpcomponents/httpcore/jars/httpcore-4.0.1.jar, file:/C:/Users/Kuba/.ivy2/cache/org.apache.httpcomponents/httpclient/jars/httpclient-4.0.1.jar, file:/C:/Users/Kuba/.ivy2/cache/commons-logging/commons-logging/jars/commons-logging-1.1.1.jar, file:/C:/Users/Kuba/.ivy2/cache/com.atlassian.jwt/jwt-core/jars/jwt-core-1.5.8.jar, file:/C:/Users/Kuba/.ivy2/cache/com.nimbusds/nimbus-jose-jwt/jars/nimbus-jose-jwt-2.16.jar, file:/C:/Users/Kuba/.ivy2/cache/net.jcip/jcip-annotations/jars/jcip-annotations-1.0.jar, file:/C:/Users/Kuba/.ivy2/cache/net.minidev/json-smart/jars/json-smart-1.1.1.jar, file:/C:/Users/Kuba/.ivy2/cache/javax.mail/mail/jars/mail-1.4.7.jar, file:/C:/Users/Kuba/.ivy2/cache/org.bouncycastle/bcprov-jdk15on/jars/bcprov-jdk15on-1.51.jar, file:/C:/Users/Kuba/.ivy2/cache/org.bouncycastle/bcpkix-jdk15on/jars/bcpkix-jdk15on-1.51.jar, file:/C:/Users/Kuba/.ivy2/cache/com.atlassian.jwt/jwt-api/jars/jwt-api-1.5.8.jar, file:/C:/Users/Kuba/.ivy2/cache/com.mohiva/play-silhouette-password-bcrypt_2.11/jars/play-silhouette-password-bcrypt_2.11-4.0.0.jar, file:/C:/Users/Kuba/.ivy2/cache/de.svenkubiak/jBCrypt/bundles/jBCrypt-0.4.1.jar, file:/C:/Users/Kuba/.ivy2/cache/com.mohiva/play-silhouette-persistence_2.11/jars/play-silhouette-persistence_2.11-4.0.0.jar, file:/C:/Users/Kuba/.ivy2/cache/com.mohiva/play-silhouette-crypto-jca_2.11/jars/play-silhouette-crypto-jca_2.11-4.0.0.jar, file:/C:/Users/Kuba/.ivy2/cache/org.webjars/webjars-play_2.11/jars/webjars-play_2.11-2.5.0-2.jar, file:/C:/Users/Kuba/.ivy2/cache/org.webjars/requirejs/jars/requirejs-2.1.20.jar, file:/C:/Users/Kuba/.ivy2/cache/org.webjars/webjars-locator/jars/webjars-locator-0.31.jar, file:/C:/Users/Kuba/.ivy2/cache/org.webjars/webjars-locator-core/jars/webjars-locator-core-0.30.jar, file:/C:/Users/Kuba/.ivy2/cache/org.apache.commons/commons-compress/jars/commons-compress-1.9.jar, file:/C:/Users/Kuba/.ivy2/cache/net.codingwell/scala-guice_2.11/jars/scala-guice_2.11-4.0.1.jar, file:/C:/Users/Kuba/.ivy2/cache/com.google.inject.extensions/guice-multibindings/jars/guice-multibindings-4.0.jar, file:/C:/Users/Kuba/.ivy2/cache/com.iheart/ficus_2.11/jars/ficus_2.11-1.2.6.jar, file:/C:/Users/Kuba/.ivy2/cache/org.typelevel/macro-compat_2.11/jars/macro-compat_2.11-1.1.1.jar, file:/C:/Users/Kuba/.ivy2/cache/com.typesafe.play/play-mailer_2.11/jars/play-mailer_2.11-5.0.0.jar, file:/C:/Users/Kuba/.ivy2/cache/org.apache.commons/commons-email/jars/commons-email-1.4.jar, file:/C:/Users/Kuba/.ivy2/cache/com.sun.mail/javax.mail/jars/javax.mail-1.5.2.jar, file:/C:/Users/Kuba/.ivy2/cache/javax.activation/activation/jars/activation-1.1.1.jar, file:/C:/Users/Kuba/.ivy2/cache/com.enragedginger/akka-quartz-scheduler_2.11/jars/akka-quartz-scheduler_2.11-1.5.0-akka-2.4.x.jar, file:/C:/Users/Kuba/.ivy2/cache/org.quartz-scheduler/quartz/jars/quartz-2.2.2.jar, file:/C:/Users/Kuba/.ivy2/cache/c3p0/c3p0/jars/c3p0-0.9.1.1.jar, file:/C:/Users/Kuba/.ivy2/cache/com.adrianhurt/play-bootstrap_2.11/jars/play-bootstrap_2.11-1.0-P25-B3.jar, file:/C:/Users/Kuba/.ivy2/cache/com.typesafe.play/filters-helpers_2.11/jars/filters-helpers_2.11-2.5.4.jar, file:/C:/Users/Kuba/.ivy2/cache/com.typesafe.play/play-java_2.11/jars/play-java_2.11-2.5.4.jar, file:/C:/Users/Kuba/Downloads/activator-dist-1.3.12/repository/org.yaml/snakeyaml/1.16/bundles/snakeyaml.jar, file:/C:/Users/Kuba/Downloads/activator-dist-1.3.12/repository/org.hibernate/hibernate-validator/5.2.4.Final/jars/hibernate-validator.jar, file:/C:/Users/Kuba/Downloads/activator-dist-1.3.12/repository/javax.validation/validation-api/1.1.0.Final/jars/validation-api.jar, file:/C:/Users/Kuba/Downloads/activator-dist-1.3.12/repository/org.jboss.logging/jboss-logging/3.2.1.Final/jars/jboss-logging.jar, file:/C:/Users/Kuba/Downloads/activator-dist-1.3.12/repository/com.fasterxml/classmate/1.1.0/bundles/classmate.jar, file:/C:/Users/Kuba/Downloads/activator-dist-1.3.12/repository/javax.el/javax.el-api/3.0.0/jars/javax.el-api.jar, file:/C:/Users/Kuba/.ivy2/cache/org.springframework/spring-context/jars/spring-context-4.2.4.RELEASE.jar, file:/C:/Users/Kuba/.ivy2/cache/org.springframework/spring-core/jars/spring-core-4.2.4.RELEASE.jar, file:/C:/Users/Kuba/.ivy2/cache/org.springframework/spring-beans/jars/spring-beans-4.2.4.RELEASE.jar, file:/C:/Users/Kuba/Downloads/activator-dist-1.3.12/repository/org.reflections/reflections/0.9.10/jars/reflections.jar, file:/C:/Users/Kuba/Downloads/activator-dist-1.3.12/repository/net.jodah/typetools/0.4.4/bundles/typetools.jar, file:/C:/Users/Kuba/.ivy2/cache/com.google.code.findbugs/jsr305/jars/jsr305-3.0.1.jar, file:/C:/Users/Kuba/Downloads/activator-dist-1.3.12/repository/org.apache.tomcat/tomcat-servlet-api/8.0.33/jars/tomcat-servlet-api.jar, file:/C:/Users/Kuba/.ivy2/cache/com.adrianhurt/play-bootstrap-core_2.11/jars/play-bootstrap-core_2.11-1.0-P25.jar, file:/C:/Users/Kuba/.ivy2/cache/org.webjars/bootstrap/jars/bootstrap-3.3.6.jar, file:/C:/Users/Kuba/.ivy2/cache/org.webjars/jquery/jars/jquery-2.1.4.jar}
16:45:22.797 [ForkJoinPool-8-worker-1] DEBUG c.google.inject.internal.BytecodeGen - Loading class play.filters.csrf.CSRFFilter FastClass with PlayDependencyClassLoader{file:/C:/Users/Kuba/IdeaProjects/play-silhouette-seed-master/lib/connect-four.jar, file:/C:/Users/Kuba/IdeaProjects/play-silhouette-seed-master/lib/sudoku.jar, file:/C:/Users/Kuba/.ivy2/cache/org.scala-lang/scala-library/jars/scala-library-2.11.8.jar, file:/C:/Users/Kuba/Downloads/activator-dist-1.3.12/repository/com.typesafe.play/twirl-api_2.11/1.1.1/jars/twirl-api_2.11.jar, file:/C:/Users/Kuba/.ivy2/cache/org.apache.commons/commons-lang3/jars/commons-lang3-3.4.jar, file:/C:/Users/Kuba/.ivy2/cache/org.scala-lang.modules/scala-xml_2.11/bundles/scala-xml_2.11-1.0.1.jar, file:/C:/Users/Kuba/.ivy2/cache/com.typesafe.play/play-server_2.11/jars/play-server_2.11-2.5.4.jar, file:/C:/Users/Kuba/.ivy2/cache/com.typesafe.play/play_2.11/jars/play_2.11-2.5.4.jar, file:/C:/Users/Kuba/.ivy2/cache/com.typesafe.play/build-link/jars/build-link-2.5.4.jar, file:/C:/Users/Kuba/.ivy2/cache/com.typesafe.play/play-exceptions/jars/play-exceptions-2.5.4.jar, file:/C:/Users/Kuba/.ivy2/cache/com.typesafe.play/play-iteratees_2.11/jars/play-iteratees_2.11-2.5.4.jar, file:/C:/Users/Kuba/.ivy2/cache/org.scala-stm/scala-stm_2.11/jars/scala-stm_2.11-0.7.jar, file:/C:/Users/Kuba/Downloads/activator-dist-1.3.12/repository/com.typesafe/config/1.3.0/bundles/config.jar, file:/C:/Users/Kuba/.ivy2/cache/ch.qos.logback/logback-classic/jars/logback-classic-1.1.7.jar, file:/C:/Users/Kuba/.ivy2/cache/ch.qos.logback/logback-core/jars/logback-core-1.1.7.jar, file:/C:/Users/Kuba/.ivy2/cache/com.typesafe.play/play-json_2.11/jars/play-json_2.11-2.5.4.jar, file:/C:/Users/Kuba/.ivy2/cache/com.typesafe.play/play-functional_2.11/jars/play-functional_2.11-2.5.4.jar, file:/C:/Users/Kuba/.ivy2/cache/com.typesafe.play/play-datacommons_2.11/jars/play-datacommons_2.11-2.5.4.jar, file:/C:/Users/Kuba/Downloads/activator-dist-1.3.12/repository/joda-time/joda-time/2.9.2/jars/joda-time.jar, file:/C:/Users/Kuba/Downloads/activator-dist-1.3.12/repository/org.joda/joda-convert/1.8.1/jars/joda-convert.jar, file:/C:/Users/Kuba/Downloads/activator-dist-1.3.12/repository/org.scala-lang/scala-reflect/2.11.7/jars/scala-reflect.jar, file:/C:/Users/Kuba/Downloads/activator-dist-1.3.12/repository/com.fasterxml.jackson.core/jackson-core/2.7.1/bundles/jackson-core.jar, file:/C:/Users/Kuba/Downloads/activator-dist-1.3.12/repository/com.fasterxml.jackson.core/jackson-annotations/2.7.1/bundles/jackson-annotations.jar, file:/C:/Users/Kuba/Downloads/activator-dist-1.3.12/repository/com.fasterxml.jackson.core/jackson-databind/2.7.1/bundles/jackson-databind.jar, file:/C:/Users/Kuba/Downloads/activator-dist-1.3.12/repository/com.fasterxml.jackson.datatype/jackson-datatype-jdk8/2.7.1/bundles/jackson-datatype-jdk8.jar, file:/C:/Users/Kuba/Downloads/activator-dist-1.3.12/repository/com.fasterxml.jackson.datatype/jackson-datatype-jsr310/2.7.1/bundles/jackson-datatype-jsr310.jar, file:/C:/Users/Kuba/.ivy2/cache/com.typesafe.play/play-netty-utils/jars/play-netty-utils-2.5.4.jar, file:/C:/Users/Kuba/.ivy2/cache/org.slf4j/jul-to-slf4j/jars/jul-to-slf4j-1.7.19.jar, file:/C:/Users/Kuba/.ivy2/cache/org.slf4j/jcl-over-slf4j/jars/jcl-over-slf4j-1.7.19.jar, file:/C:/Users/Kuba/.ivy2/cache/com.typesafe.play/play-streams_2.11/jars/play-streams_2.11-2.5.4.jar, file:/C:/Users/Kuba/.ivy2/cache/org.reactivestreams/reactive-streams/jars/reactive-streams-1.0.0.jar, file:/C:/Users/Kuba/.ivy2/cache/com.typesafe.akka/akka-stream_2.11/jars/akka-stream_2.11-2.4.4.jar, file:/C:/Users/Kuba/.ivy2/cache/com.typesafe.akka/akka-actor_2.11/jars/akka-actor_2.11-2.4.4.jar, file:/C:/Users/Kuba/Downloads/activator-dist-1.3.12/repository/org.scala-lang.modules/scala-java8-compat_2.11/0.7.0/bundles/scala-java8-compat_2.11.jar, file:/C:/Users/Kuba/Downloads/activator-dist-1.3.12/repository/com.typesafe/ssl-config-akka_2.11/0.2.1/bundles/ssl-config-akka_2.11.jar, file:/C:/Users/Kuba/.ivy2/cache/com.typesafe/ssl-config-core_2.11/bundles/ssl-config-core_2.11-0.2.1.jar, file:/C:/Users/Kuba/.ivy2/cache/org.scala-lang.modules/scala-parser-combinators_2.11/bundles/scala-parser-combinators_2.11-1.0.4.jar, file:/C:/Users/Kuba/.ivy2/cache/com.typesafe.akka/akka-slf4j_2.11/jars/akka-slf4j_2.11-2.4.4.jar, file:/C:/Users/Kuba/.ivy2/cache/commons-codec/commons-codec/jars/commons-codec-1.10.jar, file:/C:/Users/Kuba/.ivy2/cache/xerces/xercesImpl/jars/xercesImpl-2.11.0.jar, file:/C:/Users/Kuba/.ivy2/cache/xml-apis/xml-apis/jars/xml-apis-1.4.01.jar, file:/C:/Users/Kuba/.ivy2/cache/javax.transaction/jta/jars/jta-1.1.jar, file:/C:/Users/Kuba/Downloads/activator-dist-1.3.12/repository/com.google.inject/guice/4.0/jars/guice.jar, file:/C:/Users/Kuba/.ivy2/cache/javax.inject/javax.inject/jars/javax.inject-1.jar, file:/C:/Users/Kuba/.ivy2/cache/aopalliance/aopalliance/jars/aopalliance-1.0.jar, file:/C:/Users/Kuba/Downloads/activator-dist-1.3.12/repository/com.google.inject.extensions/guice-assistedinject/4.0/jars/guice-assistedinject.jar, file:/C:/Users/Kuba/.ivy2/cache/com.typesafe.play/play-netty-server_2.11/jars/play-netty-server_2.11-2.5.4.jar, file:/C:/Users/Kuba/.ivy2/cache/com.typesafe.netty/netty-reactive-streams-http/jars/netty-reactive-streams-http-1.0.6.jar, file:/C:/Users/Kuba/.ivy2/cache/com.typesafe.netty/netty-reactive-streams/jars/netty-reactive-streams-1.0.6.jar, file:/C:/Users/Kuba/.ivy2/cache/io.netty/netty-handler/jars/netty-handler-4.0.36.Final.jar, file:/C:/Users/Kuba/.ivy2/cache/io.netty/netty-buffer/jars/netty-buffer-4.0.36.Final.jar, file:/C:/Users/Kuba/.ivy2/cache/io.netty/netty-common/jars/netty-common-4.0.36.Final.jar, file:/C:/Users/Kuba/.ivy2/cache/io.netty/netty-transport/jars/netty-transport-4.0.36.Final.jar, file:/C:/Users/Kuba/.ivy2/cache/io.netty/netty-codec/jars/netty-codec-4.0.36.Final.jar, file:/C:/Users/Kuba/.ivy2/cache/io.netty/netty-codec-http/jars/netty-codec-http-4.0.36.Final.jar, file:/C:/Users/Kuba/.ivy2/cache/io.netty/netty-transport-native-epoll/jars/netty-transport-native-epoll-4.0.36.Final-linux-x86_64.jar, file:/C:/Users/Kuba/.ivy2/cache/com.typesafe.play/play-logback_2.11/jars/play-logback_2.11-2.5.4.jar, file:/C:/Users/Kuba/.ivy2/cache/org.scala-lang/scala-swing/jars/scala-swing-2.11.0-M7.jar, file:/C:/Users/Kuba/.ivy2/cache/com.mohiva/play-silhouette_2.11/jars/play-silhouette_2.11-4.0.0.jar, file:/C:/Users/Kuba/.ivy2/cache/com.typesafe.play/play-cache_2.11/jars/play-cache_2.11-2.5.4.jar, file:/C:/Users/Kuba/Downloads/activator-dist-1.3.12/repository/net.sf.ehcache/ehcache-core/2.6.11/jars/ehcache-core.jar, file:/C:/Users/Kuba/.ivy2/cache/com.typesafe.play/play-ws_2.11/jars/play-ws_2.11-2.5.4.jar, file:/C:/Users/Kuba/.ivy2/cache/com.google.guava/guava/bundles/guava-19.0.jar, file:/C:/Users/Kuba/.ivy2/cache/org.asynchttpclient/async-http-client/jars/async-http-client-2.0.2.jar, file:/C:/Users/Kuba/.ivy2/cache/org.asynchttpclient/netty-resolver-dns/jars/netty-resolver-dns-2.0.2.jar, file:/C:/Users/Kuba/.ivy2/cache/org.asynchttpclient/netty-resolver/jars/netty-resolver-2.0.2.jar, file:/C:/Users/Kuba/.ivy2/cache/org.slf4j/slf4j-api/jars/slf4j-api-1.7.21.jar, file:/C:/Users/Kuba/.ivy2/cache/org.asynchttpclient/netty-codec-dns/jars/netty-codec-dns-2.0.2.jar, file:/C:/Users/Kuba/.ivy2/cache/org.javassist/javassist/bundles/javassist-3.20.0-GA.jar, file:/C:/Users/Kuba/.ivy2/cache/oauth.signpost/signpost-core/jars/signpost-core-1.2.1.2.jar, file:/C:/Users/Kuba/.ivy2/cache/oauth.signpost/signpost-commonshttp4/jars/signpost-commonshttp4-1.2.1.2.jar, file:/C:/Users/Kuba/.ivy2/cache/org.apache.httpcomponents/httpcore/jars/httpcore-4.0.1.jar, file:/C:/Users/Kuba/.ivy2/cache/org.apache.httpcomponents/httpclient/jars/httpclient-4.0.1.jar, file:/C:/Users/Kuba/.ivy2/cache/commons-logging/commons-logging/jars/commons-logging-1.1.1.jar, file:/C:/Users/Kuba/.ivy2/cache/com.atlassian.jwt/jwt-core/jars/jwt-core-1.5.8.jar, file:/C:/Users/Kuba/.ivy2/cache/com.nimbusds/nimbus-jose-jwt/jars/nimbus-jose-jwt-2.16.jar, file:/C:/Users/Kuba/.ivy2/cache/net.jcip/jcip-annotations/jars/jcip-annotations-1.0.jar, file:/C:/Users/Kuba/.ivy2/cache/net.minidev/json-smart/jars/json-smart-1.1.1.jar, file:/C:/Users/Kuba/.ivy2/cache/javax.mail/mail/jars/mail-1.4.7.jar, file:/C:/Users/Kuba/.ivy2/cache/org.bouncycastle/bcprov-jdk15on/jars/bcprov-jdk15on-1.51.jar, file:/C:/Users/Kuba/.ivy2/cache/org.bouncycastle/bcpkix-jdk15on/jars/bcpkix-jdk15on-1.51.jar, file:/C:/Users/Kuba/.ivy2/cache/com.atlassian.jwt/jwt-api/jars/jwt-api-1.5.8.jar, file:/C:/Users/Kuba/.ivy2/cache/com.mohiva/play-silhouette-password-bcrypt_2.11/jars/play-silhouette-password-bcrypt_2.11-4.0.0.jar, file:/C:/Users/Kuba/.ivy2/cache/de.svenkubiak/jBCrypt/bundles/jBCrypt-0.4.1.jar, file:/C:/Users/Kuba/.ivy2/cache/com.mohiva/play-silhouette-persistence_2.11/jars/play-silhouette-persistence_2.11-4.0.0.jar, file:/C:/Users/Kuba/.ivy2/cache/com.mohiva/play-silhouette-crypto-jca_2.11/jars/play-silhouette-crypto-jca_2.11-4.0.0.jar, file:/C:/Users/Kuba/.ivy2/cache/org.webjars/webjars-play_2.11/jars/webjars-play_2.11-2.5.0-2.jar, file:/C:/Users/Kuba/.ivy2/cache/org.webjars/requirejs/jars/requirejs-2.1.20.jar, file:/C:/Users/Kuba/.ivy2/cache/org.webjars/webjars-locator/jars/webjars-locator-0.31.jar, file:/C:/Users/Kuba/.ivy2/cache/org.webjars/webjars-locator-core/jars/webjars-locator-core-0.30.jar, file:/C:/Users/Kuba/.ivy2/cache/org.apache.commons/commons-compress/jars/commons-compress-1.9.jar, file:/C:/Users/Kuba/.ivy2/cache/net.codingwell/scala-guice_2.11/jars/scala-guice_2.11-4.0.1.jar, file:/C:/Users/Kuba/.ivy2/cache/com.google.inject.extensions/guice-multibindings/jars/guice-multibindings-4.0.jar, file:/C:/Users/Kuba/.ivy2/cache/com.iheart/ficus_2.11/jars/ficus_2.11-1.2.6.jar, file:/C:/Users/Kuba/.ivy2/cache/org.typelevel/macro-compat_2.11/jars/macro-compat_2.11-1.1.1.jar, file:/C:/Users/Kuba/.ivy2/cache/com.typesafe.play/play-mailer_2.11/jars/play-mailer_2.11-5.0.0.jar, file:/C:/Users/Kuba/.ivy2/cache/org.apache.commons/commons-email/jars/commons-email-1.4.jar, file:/C:/Users/Kuba/.ivy2/cache/com.sun.mail/javax.mail/jars/javax.mail-1.5.2.jar, file:/C:/Users/Kuba/.ivy2/cache/javax.activation/activation/jars/activation-1.1.1.jar, file:/C:/Users/Kuba/.ivy2/cache/com.enragedginger/akka-quartz-scheduler_2.11/jars/akka-quartz-scheduler_2.11-1.5.0-akka-2.4.x.jar, file:/C:/Users/Kuba/.ivy2/cache/org.quartz-scheduler/quartz/jars/quartz-2.2.2.jar, file:/C:/Users/Kuba/.ivy2/cache/c3p0/c3p0/jars/c3p0-0.9.1.1.jar, file:/C:/Users/Kuba/.ivy2/cache/com.adrianhurt/play-bootstrap_2.11/jars/play-bootstrap_2.11-1.0-P25-B3.jar, file:/C:/Users/Kuba/.ivy2/cache/com.typesafe.play/filters-helpers_2.11/jars/filters-helpers_2.11-2.5.4.jar, file:/C:/Users/Kuba/.ivy2/cache/com.typesafe.play/play-java_2.11/jars/play-java_2.11-2.5.4.jar, file:/C:/Users/Kuba/Downloads/activator-dist-1.3.12/repository/org.yaml/snakeyaml/1.16/bundles/snakeyaml.jar, file:/C:/Users/Kuba/Downloads/activator-dist-1.3.12/repository/org.hibernate/hibernate-validator/5.2.4.Final/jars/hibernate-validator.jar, file:/C:/Users/Kuba/Downloads/activator-dist-1.3.12/repository/javax.validation/validation-api/1.1.0.Final/jars/validation-api.jar, file:/C:/Users/Kuba/Downloads/activator-dist-1.3.12/repository/org.jboss.logging/jboss-logging/3.2.1.Final/jars/jboss-logging.jar, file:/C:/Users/Kuba/Downloads/activator-dist-1.3.12/repository/com.fasterxml/classmate/1.1.0/bundles/classmate.jar, file:/C:/Users/Kuba/Downloads/activator-dist-1.3.12/repository/javax.el/javax.el-api/3.0.0/jars/javax.el-api.jar, file:/C:/Users/Kuba/.ivy2/cache/org.springframework/spring-context/jars/spring-context-4.2.4.RELEASE.jar, file:/C:/Users/Kuba/.ivy2/cache/org.springframework/spring-core/jars/spring-core-4.2.4.RELEASE.jar, file:/C:/Users/Kuba/.ivy2/cache/org.springframework/spring-beans/jars/spring-beans-4.2.4.RELEASE.jar, file:/C:/Users/Kuba/Downloads/activator-dist-1.3.12/repository/org.reflections/reflections/0.9.10/jars/reflections.jar, file:/C:/Users/Kuba/Downloads/activator-dist-1.3.12/repository/net.jodah/typetools/0.4.4/bundles/typetools.jar, file:/C:/Users/Kuba/.ivy2/cache/com.google.code.findbugs/jsr305/jars/jsr305-3.0.1.jar, file:/C:/Users/Kuba/Downloads/activator-dist-1.3.12/repository/org.apache.tomcat/tomcat-servlet-api/8.0.33/jars/tomcat-servlet-api.jar, file:/C:/Users/Kuba/.ivy2/cache/com.adrianhurt/play-bootstrap-core_2.11/jars/play-bootstrap-core_2.11-1.0-P25.jar, file:/C:/Users/Kuba/.ivy2/cache/org.webjars/bootstrap/jars/bootstrap-3.3.6.jar, file:/C:/Users/Kuba/.ivy2/cache/org.webjars/jquery/jars/jquery-2.1.4.jar}
16:45:22.801 [ForkJoinPool-8-worker-1] DEBUG c.google.inject.internal.BytecodeGen - Loading class jobs.Scheduler FastClass with com.google.inject.internal.BytecodeGen$BridgeClassLoader@4c212a4a
16:45:22.802 [ForkJoinPool-8-worker-1] DEBUG c.google.inject.internal.BytecodeGen - Loading class play.filters.hosts.AllowedHostsFilter FastClass with PlayDependencyClassLoader{file:/C:/Users/Kuba/IdeaProjects/play-silhouette-seed-master/lib/connect-four.jar, file:/C:/Users/Kuba/IdeaProjects/play-silhouette-seed-master/lib/sudoku.jar, file:/C:/Users/Kuba/.ivy2/cache/org.scala-lang/scala-library/jars/scala-library-2.11.8.jar, file:/C:/Users/Kuba/Downloads/activator-dist-1.3.12/repository/com.typesafe.play/twirl-api_2.11/1.1.1/jars/twirl-api_2.11.jar, file:/C:/Users/Kuba/.ivy2/cache/org.apache.commons/commons-lang3/jars/commons-lang3-3.4.jar, file:/C:/Users/Kuba/.ivy2/cache/org.scala-lang.modules/scala-xml_2.11/bundles/scala-xml_2.11-1.0.1.jar, file:/C:/Users/Kuba/.ivy2/cache/com.typesafe.play/play-server_2.11/jars/play-server_2.11-2.5.4.jar, file:/C:/Users/Kuba/.ivy2/cache/com.typesafe.play/play_2.11/jars/play_2.11-2.5.4.jar, file:/C:/Users/Kuba/.ivy2/cache/com.typesafe.play/build-link/jars/build-link-2.5.4.jar, file:/C:/Users/Kuba/.ivy2/cache/com.typesafe.play/play-exceptions/jars/play-exceptions-2.5.4.jar, file:/C:/Users/Kuba/.ivy2/cache/com.typesafe.play/play-iteratees_2.11/jars/play-iteratees_2.11-2.5.4.jar, file:/C:/Users/Kuba/.ivy2/cache/org.scala-stm/scala-stm_2.11/jars/scala-stm_2.11-0.7.jar, file:/C:/Users/Kuba/Downloads/activator-dist-1.3.12/repository/com.typesafe/config/1.3.0/bundles/config.jar, file:/C:/Users/Kuba/.ivy2/cache/ch.qos.logback/logback-classic/jars/logback-classic-1.1.7.jar, file:/C:/Users/Kuba/.ivy2/cache/ch.qos.logback/logback-core/jars/logback-core-1.1.7.jar, file:/C:/Users/Kuba/.ivy2/cache/com.typesafe.play/play-json_2.11/jars/play-json_2.11-2.5.4.jar, file:/C:/Users/Kuba/.ivy2/cache/com.typesafe.play/play-functional_2.11/jars/play-functional_2.11-2.5.4.jar, file:/C:/Users/Kuba/.ivy2/cache/com.typesafe.play/play-datacommons_2.11/jars/play-datacommons_2.11-2.5.4.jar, file:/C:/Users/Kuba/Downloads/activator-dist-1.3.12/repository/joda-time/joda-time/2.9.2/jars/joda-time.jar, file:/C:/Users/Kuba/Downloads/activator-dist-1.3.12/repository/org.joda/joda-convert/1.8.1/jars/joda-convert.jar, file:/C:/Users/Kuba/Downloads/activator-dist-1.3.12/repository/org.scala-lang/scala-reflect/2.11.7/jars/scala-reflect.jar, file:/C:/Users/Kuba/Downloads/activator-dist-1.3.12/repository/com.fasterxml.jackson.core/jackson-core/2.7.1/bundles/jackson-core.jar, file:/C:/Users/Kuba/Downloads/activator-dist-1.3.12/repository/com.fasterxml.jackson.core/jackson-annotations/2.7.1/bundles/jackson-annotations.jar, file:/C:/Users/Kuba/Downloads/activator-dist-1.3.12/repository/com.fasterxml.jackson.core/jackson-databind/2.7.1/bundles/jackson-databind.jar, file:/C:/Users/Kuba/Downloads/activator-dist-1.3.12/repository/com.fasterxml.jackson.datatype/jackson-datatype-jdk8/2.7.1/bundles/jackson-datatype-jdk8.jar, file:/C:/Users/Kuba/Downloads/activator-dist-1.3.12/repository/com.fasterxml.jackson.datatype/jackson-datatype-jsr310/2.7.1/bundles/jackson-datatype-jsr310.jar, file:/C:/Users/Kuba/.ivy2/cache/com.typesafe.play/play-netty-utils/jars/play-netty-utils-2.5.4.jar, file:/C:/Users/Kuba/.ivy2/cache/org.slf4j/jul-to-slf4j/jars/jul-to-slf4j-1.7.19.jar, file:/C:/Users/Kuba/.ivy2/cache/org.slf4j/jcl-over-slf4j/jars/jcl-over-slf4j-1.7.19.jar, file:/C:/Users/Kuba/.ivy2/cache/com.typesafe.play/play-streams_2.11/jars/play-streams_2.11-2.5.4.jar, file:/C:/Users/Kuba/.ivy2/cache/org.reactivestreams/reactive-streams/jars/reactive-streams-1.0.0.jar, file:/C:/Users/Kuba/.ivy2/cache/com.typesafe.akka/akka-stream_2.11/jars/akka-stream_2.11-2.4.4.jar, file:/C:/Users/Kuba/.ivy2/cache/com.typesafe.akka/akka-actor_2.11/jars/akka-actor_2.11-2.4.4.jar, file:/C:/Users/Kuba/Downloads/activator-dist-1.3.12/repository/org.scala-lang.modules/scala-java8-compat_2.11/0.7.0/bundles/scala-java8-compat_2.11.jar, file:/C:/Users/Kuba/Downloads/activator-dist-1.3.12/repository/com.typesafe/ssl-config-akka_2.11/0.2.1/bundles/ssl-config-akka_2.11.jar, file:/C:/Users/Kuba/.ivy2/cache/com.typesafe/ssl-config-core_2.11/bundles/ssl-config-core_2.11-0.2.1.jar, file:/C:/Users/Kuba/.ivy2/cache/org.scala-lang.modules/scala-parser-combinators_2.11/bundles/scala-parser-combinators_2.11-1.0.4.jar, file:/C:/Users/Kuba/.ivy2/cache/com.typesafe.akka/akka-slf4j_2.11/jars/akka-slf4j_2.11-2.4.4.jar, file:/C:/Users/Kuba/.ivy2/cache/commons-codec/commons-codec/jars/commons-codec-1.10.jar, file:/C:/Users/Kuba/.ivy2/cache/xerces/xercesImpl/jars/xercesImpl-2.11.0.jar, file:/C:/Users/Kuba/.ivy2/cache/xml-apis/xml-apis/jars/xml-apis-1.4.01.jar, file:/C:/Users/Kuba/.ivy2/cache/javax.transaction/jta/jars/jta-1.1.jar, file:/C:/Users/Kuba/Downloads/activator-dist-1.3.12/repository/com.google.inject/guice/4.0/jars/guice.jar, file:/C:/Users/Kuba/.ivy2/cache/javax.inject/javax.inject/jars/javax.inject-1.jar, file:/C:/Users/Kuba/.ivy2/cache/aopalliance/aopalliance/jars/aopalliance-1.0.jar, file:/C:/Users/Kuba/Downloads/activator-dist-1.3.12/repository/com.google.inject.extensions/guice-assistedinject/4.0/jars/guice-assistedinject.jar, file:/C:/Users/Kuba/.ivy2/cache/com.typesafe.play/play-netty-server_2.11/jars/play-netty-server_2.11-2.5.4.jar, file:/C:/Users/Kuba/.ivy2/cache/com.typesafe.netty/netty-reactive-streams-http/jars/netty-reactive-streams-http-1.0.6.jar, file:/C:/Users/Kuba/.ivy2/cache/com.typesafe.netty/netty-reactive-streams/jars/netty-reactive-streams-1.0.6.jar, file:/C:/Users/Kuba/.ivy2/cache/io.netty/netty-handler/jars/netty-handler-4.0.36.Final.jar, file:/C:/Users/Kuba/.ivy2/cache/io.netty/netty-buffer/jars/netty-buffer-4.0.36.Final.jar, file:/C:/Users/Kuba/.ivy2/cache/io.netty/netty-common/jars/netty-common-4.0.36.Final.jar, file:/C:/Users/Kuba/.ivy2/cache/io.netty/netty-transport/jars/netty-transport-4.0.36.Final.jar, file:/C:/Users/Kuba/.ivy2/cache/io.netty/netty-codec/jars/netty-codec-4.0.36.Final.jar, file:/C:/Users/Kuba/.ivy2/cache/io.netty/netty-codec-http/jars/netty-codec-http-4.0.36.Final.jar, file:/C:/Users/Kuba/.ivy2/cache/io.netty/netty-transport-native-epoll/jars/netty-transport-native-epoll-4.0.36.Final-linux-x86_64.jar, file:/C:/Users/Kuba/.ivy2/cache/com.typesafe.play/play-logback_2.11/jars/play-logback_2.11-2.5.4.jar, file:/C:/Users/Kuba/.ivy2/cache/org.scala-lang/scala-swing/jars/scala-swing-2.11.0-M7.jar, file:/C:/Users/Kuba/.ivy2/cache/com.mohiva/play-silhouette_2.11/jars/play-silhouette_2.11-4.0.0.jar, file:/C:/Users/Kuba/.ivy2/cache/com.typesafe.play/play-cache_2.11/jars/play-cache_2.11-2.5.4.jar, file:/C:/Users/Kuba/Downloads/activator-dist-1.3.12/repository/net.sf.ehcache/ehcache-core/2.6.11/jars/ehcache-core.jar, file:/C:/Users/Kuba/.ivy2/cache/com.typesafe.play/play-ws_2.11/jars/play-ws_2.11-2.5.4.jar, file:/C:/Users/Kuba/.ivy2/cache/com.google.guava/guava/bundles/guava-19.0.jar, file:/C:/Users/Kuba/.ivy2/cache/org.asynchttpclient/async-http-client/jars/async-http-client-2.0.2.jar, file:/C:/Users/Kuba/.ivy2/cache/org.asynchttpclient/netty-resolver-dns/jars/netty-resolver-dns-2.0.2.jar, file:/C:/Users/Kuba/.ivy2/cache/org.asynchttpclient/netty-resolver/jars/netty-resolver-2.0.2.jar, file:/C:/Users/Kuba/.ivy2/cache/org.slf4j/slf4j-api/jars/slf4j-api-1.7.21.jar, file:/C:/Users/Kuba/.ivy2/cache/org.asynchttpclient/netty-codec-dns/jars/netty-codec-dns-2.0.2.jar, file:/C:/Users/Kuba/.ivy2/cache/org.javassist/javassist/bundles/javassist-3.20.0-GA.jar, file:/C:/Users/Kuba/.ivy2/cache/oauth.signpost/signpost-core/jars/signpost-core-1.2.1.2.jar, file:/C:/Users/Kuba/.ivy2/cache/oauth.signpost/signpost-commonshttp4/jars/signpost-commonshttp4-1.2.1.2.jar, file:/C:/Users/Kuba/.ivy2/cache/org.apache.httpcomponents/httpcore/jars/httpcore-4.0.1.jar, file:/C:/Users/Kuba/.ivy2/cache/org.apache.httpcomponents/httpclient/jars/httpclient-4.0.1.jar, file:/C:/Users/Kuba/.ivy2/cache/commons-logging/commons-logging/jars/commons-logging-1.1.1.jar, file:/C:/Users/Kuba/.ivy2/cache/com.atlassian.jwt/jwt-core/jars/jwt-core-1.5.8.jar, file:/C:/Users/Kuba/.ivy2/cache/com.nimbusds/nimbus-jose-jwt/jars/nimbus-jose-jwt-2.16.jar, file:/C:/Users/Kuba/.ivy2/cache/net.jcip/jcip-annotations/jars/jcip-annotations-1.0.jar, file:/C:/Users/Kuba/.ivy2/cache/net.minidev/json-smart/jars/json-smart-1.1.1.jar, file:/C:/Users/Kuba/.ivy2/cache/javax.mail/mail/jars/mail-1.4.7.jar, file:/C:/Users/Kuba/.ivy2/cache/org.bouncycastle/bcprov-jdk15on/jars/bcprov-jdk15on-1.51.jar, file:/C:/Users/Kuba/.ivy2/cache/org.bouncycastle/bcpkix-jdk15on/jars/bcpkix-jdk15on-1.51.jar, file:/C:/Users/Kuba/.ivy2/cache/com.atlassian.jwt/jwt-api/jars/jwt-api-1.5.8.jar, file:/C:/Users/Kuba/.ivy2/cache/com.mohiva/play-silhouette-password-bcrypt_2.11/jars/play-silhouette-password-bcrypt_2.11-4.0.0.jar, file:/C:/Users/Kuba/.ivy2/cache/de.svenkubiak/jBCrypt/bundles/jBCrypt-0.4.1.jar, file:/C:/Users/Kuba/.ivy2/cache/com.mohiva/play-silhouette-persistence_2.11/jars/play-silhouette-persistence_2.11-4.0.0.jar, file:/C:/Users/Kuba/.ivy2/cache/com.mohiva/play-silhouette-crypto-jca_2.11/jars/play-silhouette-crypto-jca_2.11-4.0.0.jar, file:/C:/Users/Kuba/.ivy2/cache/org.webjars/webjars-play_2.11/jars/webjars-play_2.11-2.5.0-2.jar, file:/C:/Users/Kuba/.ivy2/cache/org.webjars/requirejs/jars/requirejs-2.1.20.jar, file:/C:/Users/Kuba/.ivy2/cache/org.webjars/webjars-locator/jars/webjars-locator-0.31.jar, file:/C:/Users/Kuba/.ivy2/cache/org.webjars/webjars-locator-core/jars/webjars-locator-core-0.30.jar, file:/C:/Users/Kuba/.ivy2/cache/org.apache.commons/commons-compress/jars/commons-compress-1.9.jar, file:/C:/Users/Kuba/.ivy2/cache/net.codingwell/scala-guice_2.11/jars/scala-guice_2.11-4.0.1.jar, file:/C:/Users/Kuba/.ivy2/cache/com.google.inject.extensions/guice-multibindings/jars/guice-multibindings-4.0.jar, file:/C:/Users/Kuba/.ivy2/cache/com.iheart/ficus_2.11/jars/ficus_2.11-1.2.6.jar, file:/C:/Users/Kuba/.ivy2/cache/org.typelevel/macro-compat_2.11/jars/macro-compat_2.11-1.1.1.jar, file:/C:/Users/Kuba/.ivy2/cache/com.typesafe.play/play-mailer_2.11/jars/play-mailer_2.11-5.0.0.jar, file:/C:/Users/Kuba/.ivy2/cache/org.apache.commons/commons-email/jars/commons-email-1.4.jar, file:/C:/Users/Kuba/.ivy2/cache/com.sun.mail/javax.mail/jars/javax.mail-1.5.2.jar, file:/C:/Users/Kuba/.ivy2/cache/javax.activation/activation/jars/activation-1.1.1.jar, file:/C:/Users/Kuba/.ivy2/cache/com.enragedginger/akka-quartz-scheduler_2.11/jars/akka-quartz-scheduler_2.11-1.5.0-akka-2.4.x.jar, file:/C:/Users/Kuba/.ivy2/cache/org.quartz-scheduler/quartz/jars/quartz-2.2.2.jar, file:/C:/Users/Kuba/.ivy2/cache/c3p0/c3p0/jars/c3p0-0.9.1.1.jar, file:/C:/Users/Kuba/.ivy2/cache/com.adrianhurt/play-bootstrap_2.11/jars/play-bootstrap_2.11-1.0-P25-B3.jar, file:/C:/Users/Kuba/.ivy2/cache/com.typesafe.play/filters-helpers_2.11/jars/filters-helpers_2.11-2.5.4.jar, file:/C:/Users/Kuba/.ivy2/cache/com.typesafe.play/play-java_2.11/jars/play-java_2.11-2.5.4.jar, file:/C:/Users/Kuba/Downloads/activator-dist-1.3.12/repository/org.yaml/snakeyaml/1.16/bundles/snakeyaml.jar, file:/C:/Users/Kuba/Downloads/activator-dist-1.3.12/repository/org.hibernate/hibernate-validator/5.2.4.Final/jars/hibernate-validator.jar, file:/C:/Users/Kuba/Downloads/activator-dist-1.3.12/repository/javax.validation/validation-api/1.1.0.Final/jars/validation-api.jar, file:/C:/Users/Kuba/Downloads/activator-dist-1.3.12/repository/org.jboss.logging/jboss-logging/3.2.1.Final/jars/jboss-logging.jar, file:/C:/Users/Kuba/Downloads/activator-dist-1.3.12/repository/com.fasterxml/classmate/1.1.0/bundles/classmate.jar, file:/C:/Users/Kuba/Downloads/activator-dist-1.3.12/repository/javax.el/javax.el-api/3.0.0/jars/javax.el-api.jar, file:/C:/Users/Kuba/.ivy2/cache/org.springframework/spring-context/jars/spring-context-4.2.4.RELEASE.jar, file:/C:/Users/Kuba/.ivy2/cache/org.springframework/spring-core/jars/spring-core-4.2.4.RELEASE.jar, file:/C:/Users/Kuba/.ivy2/cache/org.springframework/spring-beans/jars/spring-beans-4.2.4.RELEASE.jar, file:/C:/Users/Kuba/Downloads/activator-dist-1.3.12/repository/org.reflections/reflections/0.9.10/jars/reflections.jar, file:/C:/Users/Kuba/Downloads/activator-dist-1.3.12/repository/net.jodah/typetools/0.4.4/bundles/typetools.jar, file:/C:/Users/Kuba/.ivy2/cache/com.google.code.findbugs/jsr305/jars/jsr305-3.0.1.jar, file:/C:/Users/Kuba/Downloads/activator-dist-1.3.12/repository/org.apache.tomcat/tomcat-servlet-api/8.0.33/jars/tomcat-servlet-api.jar, file:/C:/Users/Kuba/.ivy2/cache/com.adrianhurt/play-bootstrap-core_2.11/jars/play-bootstrap-core_2.11-1.0-P25.jar, file:/C:/Users/Kuba/.ivy2/cache/org.webjars/bootstrap/jars/bootstrap-3.3.6.jar, file:/C:/Users/Kuba/.ivy2/cache/org.webjars/jquery/jars/jquery-2.1.4.jar}
16:45:22.805 [ForkJoinPool-8-worker-1] DEBUG c.google.inject.internal.BytecodeGen - Loading class play.api.inject.DefaultApplicationLifecycle FastClass with PlayDependencyClassLoader{file:/C:/Users/Kuba/IdeaProjects/play-silhouette-seed-master/lib/connect-four.jar, file:/C:/Users/Kuba/IdeaProjects/play-silhouette-seed-master/lib/sudoku.jar, file:/C:/Users/Kuba/.ivy2/cache/org.scala-lang/scala-library/jars/scala-library-2.11.8.jar, file:/C:/Users/Kuba/Downloads/activator-dist-1.3.12/repository/com.typesafe.play/twirl-api_2.11/1.1.1/jars/twirl-api_2.11.jar, file:/C:/Users/Kuba/.ivy2/cache/org.apache.commons/commons-lang3/jars/commons-lang3-3.4.jar, file:/C:/Users/Kuba/.ivy2/cache/org.scala-lang.modules/scala-xml_2.11/bundles/scala-xml_2.11-1.0.1.jar, file:/C:/Users/Kuba/.ivy2/cache/com.typesafe.play/play-server_2.11/jars/play-server_2.11-2.5.4.jar, file:/C:/Users/Kuba/.ivy2/cache/com.typesafe.play/play_2.11/jars/play_2.11-2.5.4.jar, file:/C:/Users/Kuba/.ivy2/cache/com.typesafe.play/build-link/jars/build-link-2.5.4.jar, file:/C:/Users/Kuba/.ivy2/cache/com.typesafe.play/play-exceptions/jars/play-exceptions-2.5.4.jar, file:/C:/Users/Kuba/.ivy2/cache/com.typesafe.play/play-iteratees_2.11/jars/play-iteratees_2.11-2.5.4.jar, file:/C:/Users/Kuba/.ivy2/cache/org.scala-stm/scala-stm_2.11/jars/scala-stm_2.11-0.7.jar, file:/C:/Users/Kuba/Downloads/activator-dist-1.3.12/repository/com.typesafe/config/1.3.0/bundles/config.jar, file:/C:/Users/Kuba/.ivy2/cache/ch.qos.logback/logback-classic/jars/logback-classic-1.1.7.jar, file:/C:/Users/Kuba/.ivy2/cache/ch.qos.logback/logback-core/jars/logback-core-1.1.7.jar, file:/C:/Users/Kuba/.ivy2/cache/com.typesafe.play/play-json_2.11/jars/play-json_2.11-2.5.4.jar, file:/C:/Users/Kuba/.ivy2/cache/com.typesafe.play/play-functional_2.11/jars/play-functional_2.11-2.5.4.jar, file:/C:/Users/Kuba/.ivy2/cache/com.typesafe.play/play-datacommons_2.11/jars/play-datacommons_2.11-2.5.4.jar, file:/C:/Users/Kuba/Downloads/activator-dist-1.3.12/repository/joda-time/joda-time/2.9.2/jars/joda-time.jar, file:/C:/Users/Kuba/Downloads/activator-dist-1.3.12/repository/org.joda/joda-convert/1.8.1/jars/joda-convert.jar, file:/C:/Users/Kuba/Downloads/activator-dist-1.3.12/repository/org.scala-lang/scala-reflect/2.11.7/jars/scala-reflect.jar, file:/C:/Users/Kuba/Downloads/activator-dist-1.3.12/repository/com.fasterxml.jackson.core/jackson-core/2.7.1/bundles/jackson-core.jar, file:/C:/Users/Kuba/Downloads/activator-dist-1.3.12/repository/com.fasterxml.jackson.core/jackson-annotations/2.7.1/bundles/jackson-annotations.jar, file:/C:/Users/Kuba/Downloads/activator-dist-1.3.12/repository/com.fasterxml.jackson.core/jackson-databind/2.7.1/bundles/jackson-databind.jar, file:/C:/Users/Kuba/Downloads/activator-dist-1.3.12/repository/com.fasterxml.jackson.datatype/jackson-datatype-jdk8/2.7.1/bundles/jackson-datatype-jdk8.jar, file:/C:/Users/Kuba/Downloads/activator-dist-1.3.12/repository/com.fasterxml.jackson.datatype/jackson-datatype-jsr310/2.7.1/bundles/jackson-datatype-jsr310.jar, file:/C:/Users/Kuba/.ivy2/cache/com.typesafe.play/play-netty-utils/jars/play-netty-utils-2.5.4.jar, file:/C:/Users/Kuba/.ivy2/cache/org.slf4j/jul-to-slf4j/jars/jul-to-slf4j-1.7.19.jar, file:/C:/Users/Kuba/.ivy2/cache/org.slf4j/jcl-over-slf4j/jars/jcl-over-slf4j-1.7.19.jar, file:/C:/Users/Kuba/.ivy2/cache/com.typesafe.play/play-streams_2.11/jars/play-streams_2.11-2.5.4.jar, file:/C:/Users/Kuba/.ivy2/cache/org.reactivestreams/reactive-streams/jars/reactive-streams-1.0.0.jar, file:/C:/Users/Kuba/.ivy2/cache/com.typesafe.akka/akka-stream_2.11/jars/akka-stream_2.11-2.4.4.jar, file:/C:/Users/Kuba/.ivy2/cache/com.typesafe.akka/akka-actor_2.11/jars/akka-actor_2.11-2.4.4.jar, file:/C:/Users/Kuba/Downloads/activator-dist-1.3.12/repository/org.scala-lang.modules/scala-java8-compat_2.11/0.7.0/bundles/scala-java8-compat_2.11.jar, file:/C:/Users/Kuba/Downloads/activator-dist-1.3.12/repository/com.typesafe/ssl-config-akka_2.11/0.2.1/bundles/ssl-config-akka_2.11.jar, file:/C:/Users/Kuba/.ivy2/cache/com.typesafe/ssl-config-core_2.11/bundles/ssl-config-core_2.11-0.2.1.jar, file:/C:/Users/Kuba/.ivy2/cache/org.scala-lang.modules/scala-parser-combinators_2.11/bundles/scala-parser-combinators_2.11-1.0.4.jar, file:/C:/Users/Kuba/.ivy2/cache/com.typesafe.akka/akka-slf4j_2.11/jars/akka-slf4j_2.11-2.4.4.jar, file:/C:/Users/Kuba/.ivy2/cache/commons-codec/commons-codec/jars/commons-codec-1.10.jar, file:/C:/Users/Kuba/.ivy2/cache/xerces/xercesImpl/jars/xercesImpl-2.11.0.jar, file:/C:/Users/Kuba/.ivy2/cache/xml-apis/xml-apis/jars/xml-apis-1.4.01.jar, file:/C:/Users/Kuba/.ivy2/cache/javax.transaction/jta/jars/jta-1.1.jar, file:/C:/Users/Kuba/Downloads/activator-dist-1.3.12/repository/com.google.inject/guice/4.0/jars/guice.jar, file:/C:/Users/Kuba/.ivy2/cache/javax.inject/javax.inject/jars/javax.inject-1.jar, file:/C:/Users/Kuba/.ivy2/cache/aopalliance/aopalliance/jars/aopalliance-1.0.jar, file:/C:/Users/Kuba/Downloads/activator-dist-1.3.12/repository/com.google.inject.extensions/guice-assistedinject/4.0/jars/guice-assistedinject.jar, file:/C:/Users/Kuba/.ivy2/cache/com.typesafe.play/play-netty-server_2.11/jars/play-netty-server_2.11-2.5.4.jar, file:/C:/Users/Kuba/.ivy2/cache/com.typesafe.netty/netty-reactive-streams-http/jars/netty-reactive-streams-http-1.0.6.jar, file:/C:/Users/Kuba/.ivy2/cache/com.typesafe.netty/netty-reactive-streams/jars/netty-reactive-streams-1.0.6.jar, file:/C:/Users/Kuba/.ivy2/cache/io.netty/netty-handler/jars/netty-handler-4.0.36.Final.jar, file:/C:/Users/Kuba/.ivy2/cache/io.netty/netty-buffer/jars/netty-buffer-4.0.36.Final.jar, file:/C:/Users/Kuba/.ivy2/cache/io.netty/netty-common/jars/netty-common-4.0.36.Final.jar, file:/C:/Users/Kuba/.ivy2/cache/io.netty/netty-transport/jars/netty-transport-4.0.36.Final.jar, file:/C:/Users/Kuba/.ivy2/cache/io.netty/netty-codec/jars/netty-codec-4.0.36.Final.jar, file:/C:/Users/Kuba/.ivy2/cache/io.netty/netty-codec-http/jars/netty-codec-http-4.0.36.Final.jar, file:/C:/Users/Kuba/.ivy2/cache/io.netty/netty-transport-native-epoll/jars/netty-transport-native-epoll-4.0.36.Final-linux-x86_64.jar, file:/C:/Users/Kuba/.ivy2/cache/com.typesafe.play/play-logback_2.11/jars/play-logback_2.11-2.5.4.jar, file:/C:/Users/Kuba/.ivy2/cache/org.scala-lang/scala-swing/jars/scala-swing-2.11.0-M7.jar, file:/C:/Users/Kuba/.ivy2/cache/com.mohiva/play-silhouette_2.11/jars/play-silhouette_2.11-4.0.0.jar, file:/C:/Users/Kuba/.ivy2/cache/com.typesafe.play/play-cache_2.11/jars/play-cache_2.11-2.5.4.jar, file:/C:/Users/Kuba/Downloads/activator-dist-1.3.12/repository/net.sf.ehcache/ehcache-core/2.6.11/jars/ehcache-core.jar, file:/C:/Users/Kuba/.ivy2/cache/com.typesafe.play/play-ws_2.11/jars/play-ws_2.11-2.5.4.jar, file:/C:/Users/Kuba/.ivy2/cache/com.google.guava/guava/bundles/guava-19.0.jar, file:/C:/Users/Kuba/.ivy2/cache/org.asynchttpclient/async-http-client/jars/async-http-client-2.0.2.jar, file:/C:/Users/Kuba/.ivy2/cache/org.asynchttpclient/netty-resolver-dns/jars/netty-resolver-dns-2.0.2.jar, file:/C:/Users/Kuba/.ivy2/cache/org.asynchttpclient/netty-resolver/jars/netty-resolver-2.0.2.jar, file:/C:/Users/Kuba/.ivy2/cache/org.slf4j/slf4j-api/jars/slf4j-api-1.7.21.jar, file:/C:/Users/Kuba/.ivy2/cache/org.asynchttpclient/netty-codec-dns/jars/netty-codec-dns-2.0.2.jar, file:/C:/Users/Kuba/.ivy2/cache/org.javassist/javassist/bundles/javassist-3.20.0-GA.jar, file:/C:/Users/Kuba/.ivy2/cache/oauth.signpost/signpost-core/jars/signpost-core-1.2.1.2.jar, file:/C:/Users/Kuba/.ivy2/cache/oauth.signpost/signpost-commonshttp4/jars/signpost-commonshttp4-1.2.1.2.jar, file:/C:/Users/Kuba/.ivy2/cache/org.apache.httpcomponents/httpcore/jars/httpcore-4.0.1.jar, file:/C:/Users/Kuba/.ivy2/cache/org.apache.httpcomponents/httpclient/jars/httpclient-4.0.1.jar, file:/C:/Users/Kuba/.ivy2/cache/commons-logging/commons-logging/jars/commons-logging-1.1.1.jar, file:/C:/Users/Kuba/.ivy2/cache/com.atlassian.jwt/jwt-core/jars/jwt-core-1.5.8.jar, file:/C:/Users/Kuba/.ivy2/cache/com.nimbusds/nimbus-jose-jwt/jars/nimbus-jose-jwt-2.16.jar, file:/C:/Users/Kuba/.ivy2/cache/net.jcip/jcip-annotations/jars/jcip-annotations-1.0.jar, file:/C:/Users/Kuba/.ivy2/cache/net.minidev/json-smart/jars/json-smart-1.1.1.jar, file:/C:/Users/Kuba/.ivy2/cache/javax.mail/mail/jars/mail-1.4.7.jar, file:/C:/Users/Kuba/.ivy2/cache/org.bouncycastle/bcprov-jdk15on/jars/bcprov-jdk15on-1.51.jar, file:/C:/Users/Kuba/.ivy2/cache/org.bouncycastle/bcpkix-jdk15on/jars/bcpkix-jdk15on-1.51.jar, file:/C:/Users/Kuba/.ivy2/cache/com.atlassian.jwt/jwt-api/jars/jwt-api-1.5.8.jar, file:/C:/Users/Kuba/.ivy2/cache/com.mohiva/play-silhouette-password-bcrypt_2.11/jars/play-silhouette-password-bcrypt_2.11-4.0.0.jar, file:/C:/Users/Kuba/.ivy2/cache/de.svenkubiak/jBCrypt/bundles/jBCrypt-0.4.1.jar, file:/C:/Users/Kuba/.ivy2/cache/com.mohiva/play-silhouette-persistence_2.11/jars/play-silhouette-persistence_2.11-4.0.0.jar, file:/C:/Users/Kuba/.ivy2/cache/com.mohiva/play-silhouette-crypto-jca_2.11/jars/play-silhouette-crypto-jca_2.11-4.0.0.jar, file:/C:/Users/Kuba/.ivy2/cache/org.webjars/webjars-play_2.11/jars/webjars-play_2.11-2.5.0-2.jar, file:/C:/Users/Kuba/.ivy2/cache/org.webjars/requirejs/jars/requirejs-2.1.20.jar, file:/C:/Users/Kuba/.ivy2/cache/org.webjars/webjars-locator/jars/webjars-locator-0.31.jar, file:/C:/Users/Kuba/.ivy2/cache/org.webjars/webjars-locator-core/jars/webjars-locator-core-0.30.jar, file:/C:/Users/Kuba/.ivy2/cache/org.apache.commons/commons-compress/jars/commons-compress-1.9.jar, file:/C:/Users/Kuba/.ivy2/cache/net.codingwell/scala-guice_2.11/jars/scala-guice_2.11-4.0.1.jar, file:/C:/Users/Kuba/.ivy2/cache/com.google.inject.extensions/guice-multibindings/jars/guice-multibindings-4.0.jar, file:/C:/Users/Kuba/.ivy2/cache/com.iheart/ficus_2.11/jars/ficus_2.11-1.2.6.jar, file:/C:/Users/Kuba/.ivy2/cache/org.typelevel/macro-compat_2.11/jars/macro-compat_2.11-1.1.1.jar, file:/C:/Users/Kuba/.ivy2/cache/com.typesafe.play/play-mailer_2.11/jars/play-mailer_2.11-5.0.0.jar, file:/C:/Users/Kuba/.ivy2/cache/org.apache.commons/commons-email/jars/commons-email-1.4.jar, file:/C:/Users/Kuba/.ivy2/cache/com.sun.mail/javax.mail/jars/javax.mail-1.5.2.jar, file:/C:/Users/Kuba/.ivy2/cache/javax.activation/activation/jars/activation-1.1.1.jar, file:/C:/Users/Kuba/.ivy2/cache/com.enragedginger/akka-quartz-scheduler_2.11/jars/akka-quartz-scheduler_2.11-1.5.0-akka-2.4.x.jar, file:/C:/Users/Kuba/.ivy2/cache/org.quartz-scheduler/quartz/jars/quartz-2.2.2.jar, file:/C:/Users/Kuba/.ivy2/cache/c3p0/c3p0/jars/c3p0-0.9.1.1.jar, file:/C:/Users/Kuba/.ivy2/cache/com.adrianhurt/play-bootstrap_2.11/jars/play-bootstrap_2.11-1.0-P25-B3.jar, file:/C:/Users/Kuba/.ivy2/cache/com.typesafe.play/filters-helpers_2.11/jars/filters-helpers_2.11-2.5.4.jar, file:/C:/Users/Kuba/.ivy2/cache/com.typesafe.play/play-java_2.11/jars/play-java_2.11-2.5.4.jar, file:/C:/Users/Kuba/Downloads/activator-dist-1.3.12/repository/org.yaml/snakeyaml/1.16/bundles/snakeyaml.jar, file:/C:/Users/Kuba/Downloads/activator-dist-1.3.12/repository/org.hibernate/hibernate-validator/5.2.4.Final/jars/hibernate-validator.jar, file:/C:/Users/Kuba/Downloads/activator-dist-1.3.12/repository/javax.validation/validation-api/1.1.0.Final/jars/validation-api.jar, file:/C:/Users/Kuba/Downloads/activator-dist-1.3.12/repository/org.jboss.logging/jboss-logging/3.2.1.Final/jars/jboss-logging.jar, file:/C:/Users/Kuba/Downloads/activator-dist-1.3.12/repository/com.fasterxml/classmate/1.1.0/bundles/classmate.jar, file:/C:/Users/Kuba/Downloads/activator-dist-1.3.12/repository/javax.el/javax.el-api/3.0.0/jars/javax.el-api.jar, file:/C:/Users/Kuba/.ivy2/cache/org.springframework/spring-context/jars/spring-context-4.2.4.RELEASE.jar, file:/C:/Users/Kuba/.ivy2/cache/org.springframework/spring-core/jars/spring-core-4.2.4.RELEASE.jar, file:/C:/Users/Kuba/.ivy2/cache/org.springframework/spring-beans/jars/spring-beans-4.2.4.RELEASE.jar, file:/C:/Users/Kuba/Downloads/activator-dist-1.3.12/repository/org.reflections/reflections/0.9.10/jars/reflections.jar, file:/C:/Users/Kuba/Downloads/activator-dist-1.3.12/repository/net.jodah/typetools/0.4.4/bundles/typetools.jar, file:/C:/Users/Kuba/.ivy2/cache/com.google.code.findbugs/jsr305/jars/jsr305-3.0.1.jar, file:/C:/Users/Kuba/Downloads/activator-dist-1.3.12/repository/org.apache.tomcat/tomcat-servlet-api/8.0.33/jars/tomcat-servlet-api.jar, file:/C:/Users/Kuba/.ivy2/cache/com.adrianhurt/play-bootstrap-core_2.11/jars/play-bootstrap-core_2.11-1.0-P25.jar, file:/C:/Users/Kuba/.ivy2/cache/org.webjars/bootstrap/jars/bootstrap-3.3.6.jar, file:/C:/Users/Kuba/.ivy2/cache/org.webjars/jquery/jars/jquery-2.1.4.jar}
16:45:22.808 [ForkJoinPool-8-worker-1] DEBUG c.google.inject.internal.BytecodeGen - Loading class play.libs.concurrent.HttpExecutionContext FastClass with PlayDependencyClassLoader{file:/C:/Users/Kuba/IdeaProjects/play-silhouette-seed-master/lib/connect-four.jar, file:/C:/Users/Kuba/IdeaProjects/play-silhouette-seed-master/lib/sudoku.jar, file:/C:/Users/Kuba/.ivy2/cache/org.scala-lang/scala-library/jars/scala-library-2.11.8.jar, file:/C:/Users/Kuba/Downloads/activator-dist-1.3.12/repository/com.typesafe.play/twirl-api_2.11/1.1.1/jars/twirl-api_2.11.jar, file:/C:/Users/Kuba/.ivy2/cache/org.apache.commons/commons-lang3/jars/commons-lang3-3.4.jar, file:/C:/Users/Kuba/.ivy2/cache/org.scala-lang.modules/scala-xml_2.11/bundles/scala-xml_2.11-1.0.1.jar, file:/C:/Users/Kuba/.ivy2/cache/com.typesafe.play/play-server_2.11/jars/play-server_2.11-2.5.4.jar, file:/C:/Users/Kuba/.ivy2/cache/com.typesafe.play/play_2.11/jars/play_2.11-2.5.4.jar, file:/C:/Users/Kuba/.ivy2/cache/com.typesafe.play/build-link/jars/build-link-2.5.4.jar, file:/C:/Users/Kuba/.ivy2/cache/com.typesafe.play/play-exceptions/jars/play-exceptions-2.5.4.jar, file:/C:/Users/Kuba/.ivy2/cache/com.typesafe.play/play-iteratees_2.11/jars/play-iteratees_2.11-2.5.4.jar, file:/C:/Users/Kuba/.ivy2/cache/org.scala-stm/scala-stm_2.11/jars/scala-stm_2.11-0.7.jar, file:/C:/Users/Kuba/Downloads/activator-dist-1.3.12/repository/com.typesafe/config/1.3.0/bundles/config.jar, file:/C:/Users/Kuba/.ivy2/cache/ch.qos.logback/logback-classic/jars/logback-classic-1.1.7.jar, file:/C:/Users/Kuba/.ivy2/cache/ch.qos.logback/logback-core/jars/logback-core-1.1.7.jar, file:/C:/Users/Kuba/.ivy2/cache/com.typesafe.play/play-json_2.11/jars/play-json_2.11-2.5.4.jar, file:/C:/Users/Kuba/.ivy2/cache/com.typesafe.play/play-functional_2.11/jars/play-functional_2.11-2.5.4.jar, file:/C:/Users/Kuba/.ivy2/cache/com.typesafe.play/play-datacommons_2.11/jars/play-datacommons_2.11-2.5.4.jar, file:/C:/Users/Kuba/Downloads/activator-dist-1.3.12/repository/joda-time/joda-time/2.9.2/jars/joda-time.jar, file:/C:/Users/Kuba/Downloads/activator-dist-1.3.12/repository/org.joda/joda-convert/1.8.1/jars/joda-convert.jar, file:/C:/Users/Kuba/Downloads/activator-dist-1.3.12/repository/org.scala-lang/scala-reflect/2.11.7/jars/scala-reflect.jar, file:/C:/Users/Kuba/Downloads/activator-dist-1.3.12/repository/com.fasterxml.jackson.core/jackson-core/2.7.1/bundles/jackson-core.jar, file:/C:/Users/Kuba/Downloads/activator-dist-1.3.12/repository/com.fasterxml.jackson.core/jackson-annotations/2.7.1/bundles/jackson-annotations.jar, file:/C:/Users/Kuba/Downloads/activator-dist-1.3.12/repository/com.fasterxml.jackson.core/jackson-databind/2.7.1/bundles/jackson-databind.jar, file:/C:/Users/Kuba/Downloads/activator-dist-1.3.12/repository/com.fasterxml.jackson.datatype/jackson-datatype-jdk8/2.7.1/bundles/jackson-datatype-jdk8.jar, file:/C:/Users/Kuba/Downloads/activator-dist-1.3.12/repository/com.fasterxml.jackson.datatype/jackson-datatype-jsr310/2.7.1/bundles/jackson-datatype-jsr310.jar, file:/C:/Users/Kuba/.ivy2/cache/com.typesafe.play/play-netty-utils/jars/play-netty-utils-2.5.4.jar, file:/C:/Users/Kuba/.ivy2/cache/org.slf4j/jul-to-slf4j/jars/jul-to-slf4j-1.7.19.jar, file:/C:/Users/Kuba/.ivy2/cache/org.slf4j/jcl-over-slf4j/jars/jcl-over-slf4j-1.7.19.jar, file:/C:/Users/Kuba/.ivy2/cache/com.typesafe.play/play-streams_2.11/jars/play-streams_2.11-2.5.4.jar, file:/C:/Users/Kuba/.ivy2/cache/org.reactivestreams/reactive-streams/jars/reactive-streams-1.0.0.jar, file:/C:/Users/Kuba/.ivy2/cache/com.typesafe.akka/akka-stream_2.11/jars/akka-stream_2.11-2.4.4.jar, file:/C:/Users/Kuba/.ivy2/cache/com.typesafe.akka/akka-actor_2.11/jars/akka-actor_2.11-2.4.4.jar, file:/C:/Users/Kuba/Downloads/activator-dist-1.3.12/repository/org.scala-lang.modules/scala-java8-compat_2.11/0.7.0/bundles/scala-java8-compat_2.11.jar, file:/C:/Users/Kuba/Downloads/activator-dist-1.3.12/repository/com.typesafe/ssl-config-akka_2.11/0.2.1/bundles/ssl-config-akka_2.11.jar, file:/C:/Users/Kuba/.ivy2/cache/com.typesafe/ssl-config-core_2.11/bundles/ssl-config-core_2.11-0.2.1.jar, file:/C:/Users/Kuba/.ivy2/cache/org.scala-lang.modules/scala-parser-combinators_2.11/bundles/scala-parser-combinators_2.11-1.0.4.jar, file:/C:/Users/Kuba/.ivy2/cache/com.typesafe.akka/akka-slf4j_2.11/jars/akka-slf4j_2.11-2.4.4.jar, file:/C:/Users/Kuba/.ivy2/cache/commons-codec/commons-codec/jars/commons-codec-1.10.jar, file:/C:/Users/Kuba/.ivy2/cache/xerces/xercesImpl/jars/xercesImpl-2.11.0.jar, file:/C:/Users/Kuba/.ivy2/cache/xml-apis/xml-apis/jars/xml-apis-1.4.01.jar, file:/C:/Users/Kuba/.ivy2/cache/javax.transaction/jta/jars/jta-1.1.jar, file:/C:/Users/Kuba/Downloads/activator-dist-1.3.12/repository/com.google.inject/guice/4.0/jars/guice.jar, file:/C:/Users/Kuba/.ivy2/cache/javax.inject/javax.inject/jars/javax.inject-1.jar, file:/C:/Users/Kuba/.ivy2/cache/aopalliance/aopalliance/jars/aopalliance-1.0.jar, file:/C:/Users/Kuba/Downloads/activator-dist-1.3.12/repository/com.google.inject.extensions/guice-assistedinject/4.0/jars/guice-assistedinject.jar, file:/C:/Users/Kuba/.ivy2/cache/com.typesafe.play/play-netty-server_2.11/jars/play-netty-server_2.11-2.5.4.jar, file:/C:/Users/Kuba/.ivy2/cache/com.typesafe.netty/netty-reactive-streams-http/jars/netty-reactive-streams-http-1.0.6.jar, file:/C:/Users/Kuba/.ivy2/cache/com.typesafe.netty/netty-reactive-streams/jars/netty-reactive-streams-1.0.6.jar, file:/C:/Users/Kuba/.ivy2/cache/io.netty/netty-handler/jars/netty-handler-4.0.36.Final.jar, file:/C:/Users/Kuba/.ivy2/cache/io.netty/netty-buffer/jars/netty-buffer-4.0.36.Final.jar, file:/C:/Users/Kuba/.ivy2/cache/io.netty/netty-common/jars/netty-common-4.0.36.Final.jar, file:/C:/Users/Kuba/.ivy2/cache/io.netty/netty-transport/jars/netty-transport-4.0.36.Final.jar, file:/C:/Users/Kuba/.ivy2/cache/io.netty/netty-codec/jars/netty-codec-4.0.36.Final.jar, file:/C:/Users/Kuba/.ivy2/cache/io.netty/netty-codec-http/jars/netty-codec-http-4.0.36.Final.jar, file:/C:/Users/Kuba/.ivy2/cache/io.netty/netty-transport-native-epoll/jars/netty-transport-native-epoll-4.0.36.Final-linux-x86_64.jar, file:/C:/Users/Kuba/.ivy2/cache/com.typesafe.play/play-logback_2.11/jars/play-logback_2.11-2.5.4.jar, file:/C:/Users/Kuba/.ivy2/cache/org.scala-lang/scala-swing/jars/scala-swing-2.11.0-M7.jar, file:/C:/Users/Kuba/.ivy2/cache/com.mohiva/play-silhouette_2.11/jars/play-silhouette_2.11-4.0.0.jar, file:/C:/Users/Kuba/.ivy2/cache/com.typesafe.play/play-cache_2.11/jars/play-cache_2.11-2.5.4.jar, file:/C:/Users/Kuba/Downloads/activator-dist-1.3.12/repository/net.sf.ehcache/ehcache-core/2.6.11/jars/ehcache-core.jar, file:/C:/Users/Kuba/.ivy2/cache/com.typesafe.play/play-ws_2.11/jars/play-ws_2.11-2.5.4.jar, file:/C:/Users/Kuba/.ivy2/cache/com.google.guava/guava/bundles/guava-19.0.jar, file:/C:/Users/Kuba/.ivy2/cache/org.asynchttpclient/async-http-client/jars/async-http-client-2.0.2.jar, file:/C:/Users/Kuba/.ivy2/cache/org.asynchttpclient/netty-resolver-dns/jars/netty-resolver-dns-2.0.2.jar, file:/C:/Users/Kuba/.ivy2/cache/org.asynchttpclient/netty-resolver/jars/netty-resolver-2.0.2.jar, file:/C:/Users/Kuba/.ivy2/cache/org.slf4j/slf4j-api/jars/slf4j-api-1.7.21.jar, file:/C:/Users/Kuba/.ivy2/cache/org.asynchttpclient/netty-codec-dns/jars/netty-codec-dns-2.0.2.jar, file:/C:/Users/Kuba/.ivy2/cache/org.javassist/javassist/bundles/javassist-3.20.0-GA.jar, file:/C:/Users/Kuba/.ivy2/cache/oauth.signpost/signpost-core/jars/signpost-core-1.2.1.2.jar, file:/C:/Users/Kuba/.ivy2/cache/oauth.signpost/signpost-commonshttp4/jars/signpost-commonshttp4-1.2.1.2.jar, file:/C:/Users/Kuba/.ivy2/cache/org.apache.httpcomponents/httpcore/jars/httpcore-4.0.1.jar, file:/C:/Users/Kuba/.ivy2/cache/org.apache.httpcomponents/httpclient/jars/httpclient-4.0.1.jar, file:/C:/Users/Kuba/.ivy2/cache/commons-logging/commons-logging/jars/commons-logging-1.1.1.jar, file:/C:/Users/Kuba/.ivy2/cache/com.atlassian.jwt/jwt-core/jars/jwt-core-1.5.8.jar, file:/C:/Users/Kuba/.ivy2/cache/com.nimbusds/nimbus-jose-jwt/jars/nimbus-jose-jwt-2.16.jar, file:/C:/Users/Kuba/.ivy2/cache/net.jcip/jcip-annotations/jars/jcip-annotations-1.0.jar, file:/C:/Users/Kuba/.ivy2/cache/net.minidev/json-smart/jars/json-smart-1.1.1.jar, file:/C:/Users/Kuba/.ivy2/cache/javax.mail/mail/jars/mail-1.4.7.jar, file:/C:/Users/Kuba/.ivy2/cache/org.bouncycastle/bcprov-jdk15on/jars/bcprov-jdk15on-1.51.jar, file:/C:/Users/Kuba/.ivy2/cache/org.bouncycastle/bcpkix-jdk15on/jars/bcpkix-jdk15on-1.51.jar, file:/C:/Users/Kuba/.ivy2/cache/com.atlassian.jwt/jwt-api/jars/jwt-api-1.5.8.jar, file:/C:/Users/Kuba/.ivy2/cache/com.mohiva/play-silhouette-password-bcrypt_2.11/jars/play-silhouette-password-bcrypt_2.11-4.0.0.jar, file:/C:/Users/Kuba/.ivy2/cache/de.svenkubiak/jBCrypt/bundles/jBCrypt-0.4.1.jar, file:/C:/Users/Kuba/.ivy2/cache/com.mohiva/play-silhouette-persistence_2.11/jars/play-silhouette-persistence_2.11-4.0.0.jar, file:/C:/Users/Kuba/.ivy2/cache/com.mohiva/play-silhouette-crypto-jca_2.11/jars/play-silhouette-crypto-jca_2.11-4.0.0.jar, file:/C:/Users/Kuba/.ivy2/cache/org.webjars/webjars-play_2.11/jars/webjars-play_2.11-2.5.0-2.jar, file:/C:/Users/Kuba/.ivy2/cache/org.webjars/requirejs/jars/requirejs-2.1.20.jar, file:/C:/Users/Kuba/.ivy2/cache/org.webjars/webjars-locator/jars/webjars-locator-0.31.jar, file:/C:/Users/Kuba/.ivy2/cache/org.webjars/webjars-locator-core/jars/webjars-locator-core-0.30.jar, file:/C:/Users/Kuba/.ivy2/cache/org.apache.commons/commons-compress/jars/commons-compress-1.9.jar, file:/C:/Users/Kuba/.ivy2/cache/net.codingwell/scala-guice_2.11/jars/scala-guice_2.11-4.0.1.jar, file:/C:/Users/Kuba/.ivy2/cache/com.google.inject.extensions/guice-multibindings/jars/guice-multibindings-4.0.jar, file:/C:/Users/Kuba/.ivy2/cache/com.iheart/ficus_2.11/jars/ficus_2.11-1.2.6.jar, file:/C:/Users/Kuba/.ivy2/cache/org.typelevel/macro-compat_2.11/jars/macro-compat_2.11-1.1.1.jar, file:/C:/Users/Kuba/.ivy2/cache/com.typesafe.play/play-mailer_2.11/jars/play-mailer_2.11-5.0.0.jar, file:/C:/Users/Kuba/.ivy2/cache/org.apache.commons/commons-email/jars/commons-email-1.4.jar, file:/C:/Users/Kuba/.ivy2/cache/com.sun.mail/javax.mail/jars/javax.mail-1.5.2.jar, file:/C:/Users/Kuba/.ivy2/cache/javax.activation/activation/jars/activation-1.1.1.jar, file:/C:/Users/Kuba/.ivy2/cache/com.enragedginger/akka-quartz-scheduler_2.11/jars/akka-quartz-scheduler_2.11-1.5.0-akka-2.4.x.jar, file:/C:/Users/Kuba/.ivy2/cache/org.quartz-scheduler/quartz/jars/quartz-2.2.2.jar, file:/C:/Users/Kuba/.ivy2/cache/c3p0/c3p0/jars/c3p0-0.9.1.1.jar, file:/C:/Users/Kuba/.ivy2/cache/com.adrianhurt/play-bootstrap_2.11/jars/play-bootstrap_2.11-1.0-P25-B3.jar, file:/C:/Users/Kuba/.ivy2/cache/com.typesafe.play/filters-helpers_2.11/jars/filters-helpers_2.11-2.5.4.jar, file:/C:/Users/Kuba/.ivy2/cache/com.typesafe.play/play-java_2.11/jars/play-java_2.11-2.5.4.jar, file:/C:/Users/Kuba/Downloads/activator-dist-1.3.12/repository/org.yaml/snakeyaml/1.16/bundles/snakeyaml.jar, file:/C:/Users/Kuba/Downloads/activator-dist-1.3.12/repository/org.hibernate/hibernate-validator/5.2.4.Final/jars/hibernate-validator.jar, file:/C:/Users/Kuba/Downloads/activator-dist-1.3.12/repository/javax.validation/validation-api/1.1.0.Final/jars/validation-api.jar, file:/C:/Users/Kuba/Downloads/activator-dist-1.3.12/repository/org.jboss.logging/jboss-logging/3.2.1.Final/jars/jboss-logging.jar, file:/C:/Users/Kuba/Downloads/activator-dist-1.3.12/repository/com.fasterxml/classmate/1.1.0/bundles/classmate.jar, file:/C:/Users/Kuba/Downloads/activator-dist-1.3.12/repository/javax.el/javax.el-api/3.0.0/jars/javax.el-api.jar, file:/C:/Users/Kuba/.ivy2/cache/org.springframework/spring-context/jars/spring-context-4.2.4.RELEASE.jar, file:/C:/Users/Kuba/.ivy2/cache/org.springframework/spring-core/jars/spring-core-4.2.4.RELEASE.jar, file:/C:/Users/Kuba/.ivy2/cache/org.springframework/spring-beans/jars/spring-beans-4.2.4.RELEASE.jar, file:/C:/Users/Kuba/Downloads/activator-dist-1.3.12/repository/org.reflections/reflections/0.9.10/jars/reflections.jar, file:/C:/Users/Kuba/Downloads/activator-dist-1.3.12/repository/net.jodah/typetools/0.4.4/bundles/typetools.jar, file:/C:/Users/Kuba/.ivy2/cache/com.google.code.findbugs/jsr305/jars/jsr305-3.0.1.jar, file:/C:/Users/Kuba/Downloads/activator-dist-1.3.12/repository/org.apache.tomcat/tomcat-servlet-api/8.0.33/jars/tomcat-servlet-api.jar, file:/C:/Users/Kuba/.ivy2/cache/com.adrianhurt/play-bootstrap-core_2.11/jars/play-bootstrap-core_2.11-1.0-P25.jar, file:/C:/Users/Kuba/.ivy2/cache/org.webjars/bootstrap/jars/bootstrap-3.3.6.jar, file:/C:/Users/Kuba/.ivy2/cache/org.webjars/jquery/jars/jquery-2.1.4.jar}
16:45:22.810 [ForkJoinPool-8-worker-1] DEBUG c.google.inject.internal.BytecodeGen - Loading class play.api.libs.Crypto FastClass with PlayDependencyClassLoader{file:/C:/Users/Kuba/IdeaProjects/play-silhouette-seed-master/lib/connect-four.jar, file:/C:/Users/Kuba/IdeaProjects/play-silhouette-seed-master/lib/sudoku.jar, file:/C:/Users/Kuba/.ivy2/cache/org.scala-lang/scala-library/jars/scala-library-2.11.8.jar, file:/C:/Users/Kuba/Downloads/activator-dist-1.3.12/repository/com.typesafe.play/twirl-api_2.11/1.1.1/jars/twirl-api_2.11.jar, file:/C:/Users/Kuba/.ivy2/cache/org.apache.commons/commons-lang3/jars/commons-lang3-3.4.jar, file:/C:/Users/Kuba/.ivy2/cache/org.scala-lang.modules/scala-xml_2.11/bundles/scala-xml_2.11-1.0.1.jar, file:/C:/Users/Kuba/.ivy2/cache/com.typesafe.play/play-server_2.11/jars/play-server_2.11-2.5.4.jar, file:/C:/Users/Kuba/.ivy2/cache/com.typesafe.play/play_2.11/jars/play_2.11-2.5.4.jar, file:/C:/Users/Kuba/.ivy2/cache/com.typesafe.play/build-link/jars/build-link-2.5.4.jar, file:/C:/Users/Kuba/.ivy2/cache/com.typesafe.play/play-exceptions/jars/play-exceptions-2.5.4.jar, file:/C:/Users/Kuba/.ivy2/cache/com.typesafe.play/play-iteratees_2.11/jars/play-iteratees_2.11-2.5.4.jar, file:/C:/Users/Kuba/.ivy2/cache/org.scala-stm/scala-stm_2.11/jars/scala-stm_2.11-0.7.jar, file:/C:/Users/Kuba/Downloads/activator-dist-1.3.12/repository/com.typesafe/config/1.3.0/bundles/config.jar, file:/C:/Users/Kuba/.ivy2/cache/ch.qos.logback/logback-classic/jars/logback-classic-1.1.7.jar, file:/C:/Users/Kuba/.ivy2/cache/ch.qos.logback/logback-core/jars/logback-core-1.1.7.jar, file:/C:/Users/Kuba/.ivy2/cache/com.typesafe.play/play-json_2.11/jars/play-json_2.11-2.5.4.jar, file:/C:/Users/Kuba/.ivy2/cache/com.typesafe.play/play-functional_2.11/jars/play-functional_2.11-2.5.4.jar, file:/C:/Users/Kuba/.ivy2/cache/com.typesafe.play/play-datacommons_2.11/jars/play-datacommons_2.11-2.5.4.jar, file:/C:/Users/Kuba/Downloads/activator-dist-1.3.12/repository/joda-time/joda-time/2.9.2/jars/joda-time.jar, file:/C:/Users/Kuba/Downloads/activator-dist-1.3.12/repository/org.joda/joda-convert/1.8.1/jars/joda-convert.jar, file:/C:/Users/Kuba/Downloads/activator-dist-1.3.12/repository/org.scala-lang/scala-reflect/2.11.7/jars/scala-reflect.jar, file:/C:/Users/Kuba/Downloads/activator-dist-1.3.12/repository/com.fasterxml.jackson.core/jackson-core/2.7.1/bundles/jackson-core.jar, file:/C:/Users/Kuba/Downloads/activator-dist-1.3.12/repository/com.fasterxml.jackson.core/jackson-annotations/2.7.1/bundles/jackson-annotations.jar, file:/C:/Users/Kuba/Downloads/activator-dist-1.3.12/repository/com.fasterxml.jackson.core/jackson-databind/2.7.1/bundles/jackson-databind.jar, file:/C:/Users/Kuba/Downloads/activator-dist-1.3.12/repository/com.fasterxml.jackson.datatype/jackson-datatype-jdk8/2.7.1/bundles/jackson-datatype-jdk8.jar, file:/C:/Users/Kuba/Downloads/activator-dist-1.3.12/repository/com.fasterxml.jackson.datatype/jackson-datatype-jsr310/2.7.1/bundles/jackson-datatype-jsr310.jar, file:/C:/Users/Kuba/.ivy2/cache/com.typesafe.play/play-netty-utils/jars/play-netty-utils-2.5.4.jar, file:/C:/Users/Kuba/.ivy2/cache/org.slf4j/jul-to-slf4j/jars/jul-to-slf4j-1.7.19.jar, file:/C:/Users/Kuba/.ivy2/cache/org.slf4j/jcl-over-slf4j/jars/jcl-over-slf4j-1.7.19.jar, file:/C:/Users/Kuba/.ivy2/cache/com.typesafe.play/play-streams_2.11/jars/play-streams_2.11-2.5.4.jar, file:/C:/Users/Kuba/.ivy2/cache/org.reactivestreams/reactive-streams/jars/reactive-streams-1.0.0.jar, file:/C:/Users/Kuba/.ivy2/cache/com.typesafe.akka/akka-stream_2.11/jars/akka-stream_2.11-2.4.4.jar, file:/C:/Users/Kuba/.ivy2/cache/com.typesafe.akka/akka-actor_2.11/jars/akka-actor_2.11-2.4.4.jar, file:/C:/Users/Kuba/Downloads/activator-dist-1.3.12/repository/org.scala-lang.modules/scala-java8-compat_2.11/0.7.0/bundles/scala-java8-compat_2.11.jar, file:/C:/Users/Kuba/Downloads/activator-dist-1.3.12/repository/com.typesafe/ssl-config-akka_2.11/0.2.1/bundles/ssl-config-akka_2.11.jar, file:/C:/Users/Kuba/.ivy2/cache/com.typesafe/ssl-config-core_2.11/bundles/ssl-config-core_2.11-0.2.1.jar, file:/C:/Users/Kuba/.ivy2/cache/org.scala-lang.modules/scala-parser-combinators_2.11/bundles/scala-parser-combinators_2.11-1.0.4.jar, file:/C:/Users/Kuba/.ivy2/cache/com.typesafe.akka/akka-slf4j_2.11/jars/akka-slf4j_2.11-2.4.4.jar, file:/C:/Users/Kuba/.ivy2/cache/commons-codec/commons-codec/jars/commons-codec-1.10.jar, file:/C:/Users/Kuba/.ivy2/cache/xerces/xercesImpl/jars/xercesImpl-2.11.0.jar, file:/C:/Users/Kuba/.ivy2/cache/xml-apis/xml-apis/jars/xml-apis-1.4.01.jar, file:/C:/Users/Kuba/.ivy2/cache/javax.transaction/jta/jars/jta-1.1.jar, file:/C:/Users/Kuba/Downloads/activator-dist-1.3.12/repository/com.google.inject/guice/4.0/jars/guice.jar, file:/C:/Users/Kuba/.ivy2/cache/javax.inject/javax.inject/jars/javax.inject-1.jar, file:/C:/Users/Kuba/.ivy2/cache/aopalliance/aopalliance/jars/aopalliance-1.0.jar, file:/C:/Users/Kuba/Downloads/activator-dist-1.3.12/repository/com.google.inject.extensions/guice-assistedinject/4.0/jars/guice-assistedinject.jar, file:/C:/Users/Kuba/.ivy2/cache/com.typesafe.play/play-netty-server_2.11/jars/play-netty-server_2.11-2.5.4.jar, file:/C:/Users/Kuba/.ivy2/cache/com.typesafe.netty/netty-reactive-streams-http/jars/netty-reactive-streams-http-1.0.6.jar, file:/C:/Users/Kuba/.ivy2/cache/com.typesafe.netty/netty-reactive-streams/jars/netty-reactive-streams-1.0.6.jar, file:/C:/Users/Kuba/.ivy2/cache/io.netty/netty-handler/jars/netty-handler-4.0.36.Final.jar, file:/C:/Users/Kuba/.ivy2/cache/io.netty/netty-buffer/jars/netty-buffer-4.0.36.Final.jar, file:/C:/Users/Kuba/.ivy2/cache/io.netty/netty-common/jars/netty-common-4.0.36.Final.jar, file:/C:/Users/Kuba/.ivy2/cache/io.netty/netty-transport/jars/netty-transport-4.0.36.Final.jar, file:/C:/Users/Kuba/.ivy2/cache/io.netty/netty-codec/jars/netty-codec-4.0.36.Final.jar, file:/C:/Users/Kuba/.ivy2/cache/io.netty/netty-codec-http/jars/netty-codec-http-4.0.36.Final.jar, file:/C:/Users/Kuba/.ivy2/cache/io.netty/netty-transport-native-epoll/jars/netty-transport-native-epoll-4.0.36.Final-linux-x86_64.jar, file:/C:/Users/Kuba/.ivy2/cache/com.typesafe.play/play-logback_2.11/jars/play-logback_2.11-2.5.4.jar, file:/C:/Users/Kuba/.ivy2/cache/org.scala-lang/scala-swing/jars/scala-swing-2.11.0-M7.jar, file:/C:/Users/Kuba/.ivy2/cache/com.mohiva/play-silhouette_2.11/jars/play-silhouette_2.11-4.0.0.jar, file:/C:/Users/Kuba/.ivy2/cache/com.typesafe.play/play-cache_2.11/jars/play-cache_2.11-2.5.4.jar, file:/C:/Users/Kuba/Downloads/activator-dist-1.3.12/repository/net.sf.ehcache/ehcache-core/2.6.11/jars/ehcache-core.jar, file:/C:/Users/Kuba/.ivy2/cache/com.typesafe.play/play-ws_2.11/jars/play-ws_2.11-2.5.4.jar, file:/C:/Users/Kuba/.ivy2/cache/com.google.guava/guava/bundles/guava-19.0.jar, file:/C:/Users/Kuba/.ivy2/cache/org.asynchttpclient/async-http-client/jars/async-http-client-2.0.2.jar, file:/C:/Users/Kuba/.ivy2/cache/org.asynchttpclient/netty-resolver-dns/jars/netty-resolver-dns-2.0.2.jar, file:/C:/Users/Kuba/.ivy2/cache/org.asynchttpclient/netty-resolver/jars/netty-resolver-2.0.2.jar, file:/C:/Users/Kuba/.ivy2/cache/org.slf4j/slf4j-api/jars/slf4j-api-1.7.21.jar, file:/C:/Users/Kuba/.ivy2/cache/org.asynchttpclient/netty-codec-dns/jars/netty-codec-dns-2.0.2.jar, file:/C:/Users/Kuba/.ivy2/cache/org.javassist/javassist/bundles/javassist-3.20.0-GA.jar, file:/C:/Users/Kuba/.ivy2/cache/oauth.signpost/signpost-core/jars/signpost-core-1.2.1.2.jar, file:/C:/Users/Kuba/.ivy2/cache/oauth.signpost/signpost-commonshttp4/jars/signpost-commonshttp4-1.2.1.2.jar, file:/C:/Users/Kuba/.ivy2/cache/org.apache.httpcomponents/httpcore/jars/httpcore-4.0.1.jar, file:/C:/Users/Kuba/.ivy2/cache/org.apache.httpcomponents/httpclient/jars/httpclient-4.0.1.jar, file:/C:/Users/Kuba/.ivy2/cache/commons-logging/commons-logging/jars/commons-logging-1.1.1.jar, file:/C:/Users/Kuba/.ivy2/cache/com.atlassian.jwt/jwt-core/jars/jwt-core-1.5.8.jar, file:/C:/Users/Kuba/.ivy2/cache/com.nimbusds/nimbus-jose-jwt/jars/nimbus-jose-jwt-2.16.jar, file:/C:/Users/Kuba/.ivy2/cache/net.jcip/jcip-annotations/jars/jcip-annotations-1.0.jar, file:/C:/Users/Kuba/.ivy2/cache/net.minidev/json-smart/jars/json-smart-1.1.1.jar, file:/C:/Users/Kuba/.ivy2/cache/javax.mail/mail/jars/mail-1.4.7.jar, file:/C:/Users/Kuba/.ivy2/cache/org.bouncycastle/bcprov-jdk15on/jars/bcprov-jdk15on-1.51.jar, file:/C:/Users/Kuba/.ivy2/cache/org.bouncycastle/bcpkix-jdk15on/jars/bcpkix-jdk15on-1.51.jar, file:/C:/Users/Kuba/.ivy2/cache/com.atlassian.jwt/jwt-api/jars/jwt-api-1.5.8.jar, file:/C:/Users/Kuba/.ivy2/cache/com.mohiva/play-silhouette-password-bcrypt_2.11/jars/play-silhouette-password-bcrypt_2.11-4.0.0.jar, file:/C:/Users/Kuba/.ivy2/cache/de.svenkubiak/jBCrypt/bundles/jBCrypt-0.4.1.jar, file:/C:/Users/Kuba/.ivy2/cache/com.mohiva/play-silhouette-persistence_2.11/jars/play-silhouette-persistence_2.11-4.0.0.jar, file:/C:/Users/Kuba/.ivy2/cache/com.mohiva/play-silhouette-crypto-jca_2.11/jars/play-silhouette-crypto-jca_2.11-4.0.0.jar, file:/C:/Users/Kuba/.ivy2/cache/org.webjars/webjars-play_2.11/jars/webjars-play_2.11-2.5.0-2.jar, file:/C:/Users/Kuba/.ivy2/cache/org.webjars/requirejs/jars/requirejs-2.1.20.jar, file:/C:/Users/Kuba/.ivy2/cache/org.webjars/webjars-locator/jars/webjars-locator-0.31.jar, file:/C:/Users/Kuba/.ivy2/cache/org.webjars/webjars-locator-core/jars/webjars-locator-core-0.30.jar, file:/C:/Users/Kuba/.ivy2/cache/org.apache.commons/commons-compress/jars/commons-compress-1.9.jar, file:/C:/Users/Kuba/.ivy2/cache/net.codingwell/scala-guice_2.11/jars/scala-guice_2.11-4.0.1.jar, file:/C:/Users/Kuba/.ivy2/cache/com.google.inject.extensions/guice-multibindings/jars/guice-multibindings-4.0.jar, file:/C:/Users/Kuba/.ivy2/cache/com.iheart/ficus_2.11/jars/ficus_2.11-1.2.6.jar, file:/C:/Users/Kuba/.ivy2/cache/org.typelevel/macro-compat_2.11/jars/macro-compat_2.11-1.1.1.jar, file:/C:/Users/Kuba/.ivy2/cache/com.typesafe.play/play-mailer_2.11/jars/play-mailer_2.11-5.0.0.jar, file:/C:/Users/Kuba/.ivy2/cache/org.apache.commons/commons-email/jars/commons-email-1.4.jar, file:/C:/Users/Kuba/.ivy2/cache/com.sun.mail/javax.mail/jars/javax.mail-1.5.2.jar, file:/C:/Users/Kuba/.ivy2/cache/javax.activation/activation/jars/activation-1.1.1.jar, file:/C:/Users/Kuba/.ivy2/cache/com.enragedginger/akka-quartz-scheduler_2.11/jars/akka-quartz-scheduler_2.11-1.5.0-akka-2.4.x.jar, file:/C:/Users/Kuba/.ivy2/cache/org.quartz-scheduler/quartz/jars/quartz-2.2.2.jar, file:/C:/Users/Kuba/.ivy2/cache/c3p0/c3p0/jars/c3p0-0.9.1.1.jar, file:/C:/Users/Kuba/.ivy2/cache/com.adrianhurt/play-bootstrap_2.11/jars/play-bootstrap_2.11-1.0-P25-B3.jar, file:/C:/Users/Kuba/.ivy2/cache/com.typesafe.play/filters-helpers_2.11/jars/filters-helpers_2.11-2.5.4.jar, file:/C:/Users/Kuba/.ivy2/cache/com.typesafe.play/play-java_2.11/jars/play-java_2.11-2.5.4.jar, file:/C:/Users/Kuba/Downloads/activator-dist-1.3.12/repository/org.yaml/snakeyaml/1.16/bundles/snakeyaml.jar, file:/C:/Users/Kuba/Downloads/activator-dist-1.3.12/repository/org.hibernate/hibernate-validator/5.2.4.Final/jars/hibernate-validator.jar, file:/C:/Users/Kuba/Downloads/activator-dist-1.3.12/repository/javax.validation/validation-api/1.1.0.Final/jars/validation-api.jar, file:/C:/Users/Kuba/Downloads/activator-dist-1.3.12/repository/org.jboss.logging/jboss-logging/3.2.1.Final/jars/jboss-logging.jar, file:/C:/Users/Kuba/Downloads/activator-dist-1.3.12/repository/com.fasterxml/classmate/1.1.0/bundles/classmate.jar, file:/C:/Users/Kuba/Downloads/activator-dist-1.3.12/repository/javax.el/javax.el-api/3.0.0/jars/javax.el-api.jar, file:/C:/Users/Kuba/.ivy2/cache/org.springframework/spring-context/jars/spring-context-4.2.4.RELEASE.jar, file:/C:/Users/Kuba/.ivy2/cache/org.springframework/spring-core/jars/spring-core-4.2.4.RELEASE.jar, file:/C:/Users/Kuba/.ivy2/cache/org.springframework/spring-beans/jars/spring-beans-4.2.4.RELEASE.jar, file:/C:/Users/Kuba/Downloads/activator-dist-1.3.12/repository/org.reflections/reflections/0.9.10/jars/reflections.jar, file:/C:/Users/Kuba/Downloads/activator-dist-1.3.12/repository/net.jodah/typetools/0.4.4/bundles/typetools.jar, file:/C:/Users/Kuba/.ivy2/cache/com.google.code.findbugs/jsr305/jars/jsr305-3.0.1.jar, file:/C:/Users/Kuba/Downloads/activator-dist-1.3.12/repository/org.apache.tomcat/tomcat-servlet-api/8.0.33/jars/tomcat-servlet-api.jar, file:/C:/Users/Kuba/.ivy2/cache/com.adrianhurt/play-bootstrap-core_2.11/jars/play-bootstrap-core_2.11-1.0-P25.jar, file:/C:/Users/Kuba/.ivy2/cache/org.webjars/bootstrap/jars/bootstrap-3.3.6.jar, file:/C:/Users/Kuba/.ivy2/cache/org.webjars/jquery/jars/jquery-2.1.4.jar}
16:45:22.816 [ForkJoinPool-8-worker-1] DEBUG c.google.inject.internal.BytecodeGen - Loading class play.filters.gzip.GzipFilter FastClass with PlayDependencyClassLoader{file:/C:/Users/Kuba/IdeaProjects/play-silhouette-seed-master/lib/connect-four.jar, file:/C:/Users/Kuba/IdeaProjects/play-silhouette-seed-master/lib/sudoku.jar, file:/C:/Users/Kuba/.ivy2/cache/org.scala-lang/scala-library/jars/scala-library-2.11.8.jar, file:/C:/Users/Kuba/Downloads/activator-dist-1.3.12/repository/com.typesafe.play/twirl-api_2.11/1.1.1/jars/twirl-api_2.11.jar, file:/C:/Users/Kuba/.ivy2/cache/org.apache.commons/commons-lang3/jars/commons-lang3-3.4.jar, file:/C:/Users/Kuba/.ivy2/cache/org.scala-lang.modules/scala-xml_2.11/bundles/scala-xml_2.11-1.0.1.jar, file:/C:/Users/Kuba/.ivy2/cache/com.typesafe.play/play-server_2.11/jars/play-server_2.11-2.5.4.jar, file:/C:/Users/Kuba/.ivy2/cache/com.typesafe.play/play_2.11/jars/play_2.11-2.5.4.jar, file:/C:/Users/Kuba/.ivy2/cache/com.typesafe.play/build-link/jars/build-link-2.5.4.jar, file:/C:/Users/Kuba/.ivy2/cache/com.typesafe.play/play-exceptions/jars/play-exceptions-2.5.4.jar, file:/C:/Users/Kuba/.ivy2/cache/com.typesafe.play/play-iteratees_2.11/jars/play-iteratees_2.11-2.5.4.jar, file:/C:/Users/Kuba/.ivy2/cache/org.scala-stm/scala-stm_2.11/jars/scala-stm_2.11-0.7.jar, file:/C:/Users/Kuba/Downloads/activator-dist-1.3.12/repository/com.typesafe/config/1.3.0/bundles/config.jar, file:/C:/Users/Kuba/.ivy2/cache/ch.qos.logback/logback-classic/jars/logback-classic-1.1.7.jar, file:/C:/Users/Kuba/.ivy2/cache/ch.qos.logback/logback-core/jars/logback-core-1.1.7.jar, file:/C:/Users/Kuba/.ivy2/cache/com.typesafe.play/play-json_2.11/jars/play-json_2.11-2.5.4.jar, file:/C:/Users/Kuba/.ivy2/cache/com.typesafe.play/play-functional_2.11/jars/play-functional_2.11-2.5.4.jar, file:/C:/Users/Kuba/.ivy2/cache/com.typesafe.play/play-datacommons_2.11/jars/play-datacommons_2.11-2.5.4.jar, file:/C:/Users/Kuba/Downloads/activator-dist-1.3.12/repository/joda-time/joda-time/2.9.2/jars/joda-time.jar, file:/C:/Users/Kuba/Downloads/activator-dist-1.3.12/repository/org.joda/joda-convert/1.8.1/jars/joda-convert.jar, file:/C:/Users/Kuba/Downloads/activator-dist-1.3.12/repository/org.scala-lang/scala-reflect/2.11.7/jars/scala-reflect.jar, file:/C:/Users/Kuba/Downloads/activator-dist-1.3.12/repository/com.fasterxml.jackson.core/jackson-core/2.7.1/bundles/jackson-core.jar, file:/C:/Users/Kuba/Downloads/activator-dist-1.3.12/repository/com.fasterxml.jackson.core/jackson-annotations/2.7.1/bundles/jackson-annotations.jar, file:/C:/Users/Kuba/Downloads/activator-dist-1.3.12/repository/com.fasterxml.jackson.core/jackson-databind/2.7.1/bundles/jackson-databind.jar, file:/C:/Users/Kuba/Downloads/activator-dist-1.3.12/repository/com.fasterxml.jackson.datatype/jackson-datatype-jdk8/2.7.1/bundles/jackson-datatype-jdk8.jar, file:/C:/Users/Kuba/Downloads/activator-dist-1.3.12/repository/com.fasterxml.jackson.datatype/jackson-datatype-jsr310/2.7.1/bundles/jackson-datatype-jsr310.jar, file:/C:/Users/Kuba/.ivy2/cache/com.typesafe.play/play-netty-utils/jars/play-netty-utils-2.5.4.jar, file:/C:/Users/Kuba/.ivy2/cache/org.slf4j/jul-to-slf4j/jars/jul-to-slf4j-1.7.19.jar, file:/C:/Users/Kuba/.ivy2/cache/org.slf4j/jcl-over-slf4j/jars/jcl-over-slf4j-1.7.19.jar, file:/C:/Users/Kuba/.ivy2/cache/com.typesafe.play/play-streams_2.11/jars/play-streams_2.11-2.5.4.jar, file:/C:/Users/Kuba/.ivy2/cache/org.reactivestreams/reactive-streams/jars/reactive-streams-1.0.0.jar, file:/C:/Users/Kuba/.ivy2/cache/com.typesafe.akka/akka-stream_2.11/jars/akka-stream_2.11-2.4.4.jar, file:/C:/Users/Kuba/.ivy2/cache/com.typesafe.akka/akka-actor_2.11/jars/akka-actor_2.11-2.4.4.jar, file:/C:/Users/Kuba/Downloads/activator-dist-1.3.12/repository/org.scala-lang.modules/scala-java8-compat_2.11/0.7.0/bundles/scala-java8-compat_2.11.jar, file:/C:/Users/Kuba/Downloads/activator-dist-1.3.12/repository/com.typesafe/ssl-config-akka_2.11/0.2.1/bundles/ssl-config-akka_2.11.jar, file:/C:/Users/Kuba/.ivy2/cache/com.typesafe/ssl-config-core_2.11/bundles/ssl-config-core_2.11-0.2.1.jar, file:/C:/Users/Kuba/.ivy2/cache/org.scala-lang.modules/scala-parser-combinators_2.11/bundles/scala-parser-combinators_2.11-1.0.4.jar, file:/C:/Users/Kuba/.ivy2/cache/com.typesafe.akka/akka-slf4j_2.11/jars/akka-slf4j_2.11-2.4.4.jar, file:/C:/Users/Kuba/.ivy2/cache/commons-codec/commons-codec/jars/commons-codec-1.10.jar, file:/C:/Users/Kuba/.ivy2/cache/xerces/xercesImpl/jars/xercesImpl-2.11.0.jar, file:/C:/Users/Kuba/.ivy2/cache/xml-apis/xml-apis/jars/xml-apis-1.4.01.jar, file:/C:/Users/Kuba/.ivy2/cache/javax.transaction/jta/jars/jta-1.1.jar, file:/C:/Users/Kuba/Downloads/activator-dist-1.3.12/repository/com.google.inject/guice/4.0/jars/guice.jar, file:/C:/Users/Kuba/.ivy2/cache/javax.inject/javax.inject/jars/javax.inject-1.jar, file:/C:/Users/Kuba/.ivy2/cache/aopalliance/aopalliance/jars/aopalliance-1.0.jar, file:/C:/Users/Kuba/Downloads/activator-dist-1.3.12/repository/com.google.inject.extensions/guice-assistedinject/4.0/jars/guice-assistedinject.jar, file:/C:/Users/Kuba/.ivy2/cache/com.typesafe.play/play-netty-server_2.11/jars/play-netty-server_2.11-2.5.4.jar, file:/C:/Users/Kuba/.ivy2/cache/com.typesafe.netty/netty-reactive-streams-http/jars/netty-reactive-streams-http-1.0.6.jar, file:/C:/Users/Kuba/.ivy2/cache/com.typesafe.netty/netty-reactive-streams/jars/netty-reactive-streams-1.0.6.jar, file:/C:/Users/Kuba/.ivy2/cache/io.netty/netty-handler/jars/netty-handler-4.0.36.Final.jar, file:/C:/Users/Kuba/.ivy2/cache/io.netty/netty-buffer/jars/netty-buffer-4.0.36.Final.jar, file:/C:/Users/Kuba/.ivy2/cache/io.netty/netty-common/jars/netty-common-4.0.36.Final.jar, file:/C:/Users/Kuba/.ivy2/cache/io.netty/netty-transport/jars/netty-transport-4.0.36.Final.jar, file:/C:/Users/Kuba/.ivy2/cache/io.netty/netty-codec/jars/netty-codec-4.0.36.Final.jar, file:/C:/Users/Kuba/.ivy2/cache/io.netty/netty-codec-http/jars/netty-codec-http-4.0.36.Final.jar, file:/C:/Users/Kuba/.ivy2/cache/io.netty/netty-transport-native-epoll/jars/netty-transport-native-epoll-4.0.36.Final-linux-x86_64.jar, file:/C:/Users/Kuba/.ivy2/cache/com.typesafe.play/play-logback_2.11/jars/play-logback_2.11-2.5.4.jar, file:/C:/Users/Kuba/.ivy2/cache/org.scala-lang/scala-swing/jars/scala-swing-2.11.0-M7.jar, file:/C:/Users/Kuba/.ivy2/cache/com.mohiva/play-silhouette_2.11/jars/play-silhouette_2.11-4.0.0.jar, file:/C:/Users/Kuba/.ivy2/cache/com.typesafe.play/play-cache_2.11/jars/play-cache_2.11-2.5.4.jar, file:/C:/Users/Kuba/Downloads/activator-dist-1.3.12/repository/net.sf.ehcache/ehcache-core/2.6.11/jars/ehcache-core.jar, file:/C:/Users/Kuba/.ivy2/cache/com.typesafe.play/play-ws_2.11/jars/play-ws_2.11-2.5.4.jar, file:/C:/Users/Kuba/.ivy2/cache/com.google.guava/guava/bundles/guava-19.0.jar, file:/C:/Users/Kuba/.ivy2/cache/org.asynchttpclient/async-http-client/jars/async-http-client-2.0.2.jar, file:/C:/Users/Kuba/.ivy2/cache/org.asynchttpclient/netty-resolver-dns/jars/netty-resolver-dns-2.0.2.jar, file:/C:/Users/Kuba/.ivy2/cache/org.asynchttpclient/netty-resolver/jars/netty-resolver-2.0.2.jar, file:/C:/Users/Kuba/.ivy2/cache/org.slf4j/slf4j-api/jars/slf4j-api-1.7.21.jar, file:/C:/Users/Kuba/.ivy2/cache/org.asynchttpclient/netty-codec-dns/jars/netty-codec-dns-2.0.2.jar, file:/C:/Users/Kuba/.ivy2/cache/org.javassist/javassist/bundles/javassist-3.20.0-GA.jar, file:/C:/Users/Kuba/.ivy2/cache/oauth.signpost/signpost-core/jars/signpost-core-1.2.1.2.jar, file:/C:/Users/Kuba/.ivy2/cache/oauth.signpost/signpost-commonshttp4/jars/signpost-commonshttp4-1.2.1.2.jar, file:/C:/Users/Kuba/.ivy2/cache/org.apache.httpcomponents/httpcore/jars/httpcore-4.0.1.jar, file:/C:/Users/Kuba/.ivy2/cache/org.apache.httpcomponents/httpclient/jars/httpclient-4.0.1.jar, file:/C:/Users/Kuba/.ivy2/cache/commons-logging/commons-logging/jars/commons-logging-1.1.1.jar, file:/C:/Users/Kuba/.ivy2/cache/com.atlassian.jwt/jwt-core/jars/jwt-core-1.5.8.jar, file:/C:/Users/Kuba/.ivy2/cache/com.nimbusds/nimbus-jose-jwt/jars/nimbus-jose-jwt-2.16.jar, file:/C:/Users/Kuba/.ivy2/cache/net.jcip/jcip-annotations/jars/jcip-annotations-1.0.jar, file:/C:/Users/Kuba/.ivy2/cache/net.minidev/json-smart/jars/json-smart-1.1.1.jar, file:/C:/Users/Kuba/.ivy2/cache/javax.mail/mail/jars/mail-1.4.7.jar, file:/C:/Users/Kuba/.ivy2/cache/org.bouncycastle/bcprov-jdk15on/jars/bcprov-jdk15on-1.51.jar, file:/C:/Users/Kuba/.ivy2/cache/org.bouncycastle/bcpkix-jdk15on/jars/bcpkix-jdk15on-1.51.jar, file:/C:/Users/Kuba/.ivy2/cache/com.atlassian.jwt/jwt-api/jars/jwt-api-1.5.8.jar, file:/C:/Users/Kuba/.ivy2/cache/com.mohiva/play-silhouette-password-bcrypt_2.11/jars/play-silhouette-password-bcrypt_2.11-4.0.0.jar, file:/C:/Users/Kuba/.ivy2/cache/de.svenkubiak/jBCrypt/bundles/jBCrypt-0.4.1.jar, file:/C:/Users/Kuba/.ivy2/cache/com.mohiva/play-silhouette-persistence_2.11/jars/play-silhouette-persistence_2.11-4.0.0.jar, file:/C:/Users/Kuba/.ivy2/cache/com.mohiva/play-silhouette-crypto-jca_2.11/jars/play-silhouette-crypto-jca_2.11-4.0.0.jar, file:/C:/Users/Kuba/.ivy2/cache/org.webjars/webjars-play_2.11/jars/webjars-play_2.11-2.5.0-2.jar, file:/C:/Users/Kuba/.ivy2/cache/org.webjars/requirejs/jars/requirejs-2.1.20.jar, file:/C:/Users/Kuba/.ivy2/cache/org.webjars/webjars-locator/jars/webjars-locator-0.31.jar, file:/C:/Users/Kuba/.ivy2/cache/org.webjars/webjars-locator-core/jars/webjars-locator-core-0.30.jar, file:/C:/Users/Kuba/.ivy2/cache/org.apache.commons/commons-compress/jars/commons-compress-1.9.jar, file:/C:/Users/Kuba/.ivy2/cache/net.codingwell/scala-guice_2.11/jars/scala-guice_2.11-4.0.1.jar, file:/C:/Users/Kuba/.ivy2/cache/com.google.inject.extensions/guice-multibindings/jars/guice-multibindings-4.0.jar, file:/C:/Users/Kuba/.ivy2/cache/com.iheart/ficus_2.11/jars/ficus_2.11-1.2.6.jar, file:/C:/Users/Kuba/.ivy2/cache/org.typelevel/macro-compat_2.11/jars/macro-compat_2.11-1.1.1.jar, file:/C:/Users/Kuba/.ivy2/cache/com.typesafe.play/play-mailer_2.11/jars/play-mailer_2.11-5.0.0.jar, file:/C:/Users/Kuba/.ivy2/cache/org.apache.commons/commons-email/jars/commons-email-1.4.jar, file:/C:/Users/Kuba/.ivy2/cache/com.sun.mail/javax.mail/jars/javax.mail-1.5.2.jar, file:/C:/Users/Kuba/.ivy2/cache/javax.activation/activation/jars/activation-1.1.1.jar, file:/C:/Users/Kuba/.ivy2/cache/com.enragedginger/akka-quartz-scheduler_2.11/jars/akka-quartz-scheduler_2.11-1.5.0-akka-2.4.x.jar, file:/C:/Users/Kuba/.ivy2/cache/org.quartz-scheduler/quartz/jars/quartz-2.2.2.jar, file:/C:/Users/Kuba/.ivy2/cache/c3p0/c3p0/jars/c3p0-0.9.1.1.jar, file:/C:/Users/Kuba/.ivy2/cache/com.adrianhurt/play-bootstrap_2.11/jars/play-bootstrap_2.11-1.0-P25-B3.jar, file:/C:/Users/Kuba/.ivy2/cache/com.typesafe.play/filters-helpers_2.11/jars/filters-helpers_2.11-2.5.4.jar, file:/C:/Users/Kuba/.ivy2/cache/com.typesafe.play/play-java_2.11/jars/play-java_2.11-2.5.4.jar, file:/C:/Users/Kuba/Downloads/activator-dist-1.3.12/repository/org.yaml/snakeyaml/1.16/bundles/snakeyaml.jar, file:/C:/Users/Kuba/Downloads/activator-dist-1.3.12/repository/org.hibernate/hibernate-validator/5.2.4.Final/jars/hibernate-validator.jar, file:/C:/Users/Kuba/Downloads/activator-dist-1.3.12/repository/javax.validation/validation-api/1.1.0.Final/jars/validation-api.jar, file:/C:/Users/Kuba/Downloads/activator-dist-1.3.12/repository/org.jboss.logging/jboss-logging/3.2.1.Final/jars/jboss-logging.jar, file:/C:/Users/Kuba/Downloads/activator-dist-1.3.12/repository/com.fasterxml/classmate/1.1.0/bundles/classmate.jar, file:/C:/Users/Kuba/Downloads/activator-dist-1.3.12/repository/javax.el/javax.el-api/3.0.0/jars/javax.el-api.jar, file:/C:/Users/Kuba/.ivy2/cache/org.springframework/spring-context/jars/spring-context-4.2.4.RELEASE.jar, file:/C:/Users/Kuba/.ivy2/cache/org.springframework/spring-core/jars/spring-core-4.2.4.RELEASE.jar, file:/C:/Users/Kuba/.ivy2/cache/org.springframework/spring-beans/jars/spring-beans-4.2.4.RELEASE.jar, file:/C:/Users/Kuba/Downloads/activator-dist-1.3.12/repository/org.reflections/reflections/0.9.10/jars/reflections.jar, file:/C:/Users/Kuba/Downloads/activator-dist-1.3.12/repository/net.jodah/typetools/0.4.4/bundles/typetools.jar, file:/C:/Users/Kuba/.ivy2/cache/com.google.code.findbugs/jsr305/jars/jsr305-3.0.1.jar, file:/C:/Users/Kuba/Downloads/activator-dist-1.3.12/repository/org.apache.tomcat/tomcat-servlet-api/8.0.33/jars/tomcat-servlet-api.jar, file:/C:/Users/Kuba/.ivy2/cache/com.adrianhurt/play-bootstrap-core_2.11/jars/play-bootstrap-core_2.11-1.0-P25.jar, file:/C:/Users/Kuba/.ivy2/cache/org.webjars/bootstrap/jars/bootstrap-3.3.6.jar, file:/C:/Users/Kuba/.ivy2/cache/org.webjars/jquery/jars/jquery-2.1.4.jar}
16:45:22.820 [ForkJoinPool-8-worker-1] DEBUG c.google.inject.internal.BytecodeGen - Loading class play.libs.Crypto FastClass with PlayDependencyClassLoader{file:/C:/Users/Kuba/IdeaProjects/play-silhouette-seed-master/lib/connect-four.jar, file:/C:/Users/Kuba/IdeaProjects/play-silhouette-seed-master/lib/sudoku.jar, file:/C:/Users/Kuba/.ivy2/cache/org.scala-lang/scala-library/jars/scala-library-2.11.8.jar, file:/C:/Users/Kuba/Downloads/activator-dist-1.3.12/repository/com.typesafe.play/twirl-api_2.11/1.1.1/jars/twirl-api_2.11.jar, file:/C:/Users/Kuba/.ivy2/cache/org.apache.commons/commons-lang3/jars/commons-lang3-3.4.jar, file:/C:/Users/Kuba/.ivy2/cache/org.scala-lang.modules/scala-xml_2.11/bundles/scala-xml_2.11-1.0.1.jar, file:/C:/Users/Kuba/.ivy2/cache/com.typesafe.play/play-server_2.11/jars/play-server_2.11-2.5.4.jar, file:/C:/Users/Kuba/.ivy2/cache/com.typesafe.play/play_2.11/jars/play_2.11-2.5.4.jar, file:/C:/Users/Kuba/.ivy2/cache/com.typesafe.play/build-link/jars/build-link-2.5.4.jar, file:/C:/Users/Kuba/.ivy2/cache/com.typesafe.play/play-exceptions/jars/play-exceptions-2.5.4.jar, file:/C:/Users/Kuba/.ivy2/cache/com.typesafe.play/play-iteratees_2.11/jars/play-iteratees_2.11-2.5.4.jar, file:/C:/Users/Kuba/.ivy2/cache/org.scala-stm/scala-stm_2.11/jars/scala-stm_2.11-0.7.jar, file:/C:/Users/Kuba/Downloads/activator-dist-1.3.12/repository/com.typesafe/config/1.3.0/bundles/config.jar, file:/C:/Users/Kuba/.ivy2/cache/ch.qos.logback/logback-classic/jars/logback-classic-1.1.7.jar, file:/C:/Users/Kuba/.ivy2/cache/ch.qos.logback/logback-core/jars/logback-core-1.1.7.jar, file:/C:/Users/Kuba/.ivy2/cache/com.typesafe.play/play-json_2.11/jars/play-json_2.11-2.5.4.jar, file:/C:/Users/Kuba/.ivy2/cache/com.typesafe.play/play-functional_2.11/jars/play-functional_2.11-2.5.4.jar, file:/C:/Users/Kuba/.ivy2/cache/com.typesafe.play/play-datacommons_2.11/jars/play-datacommons_2.11-2.5.4.jar, file:/C:/Users/Kuba/Downloads/activator-dist-1.3.12/repository/joda-time/joda-time/2.9.2/jars/joda-time.jar, file:/C:/Users/Kuba/Downloads/activator-dist-1.3.12/repository/org.joda/joda-convert/1.8.1/jars/joda-convert.jar, file:/C:/Users/Kuba/Downloads/activator-dist-1.3.12/repository/org.scala-lang/scala-reflect/2.11.7/jars/scala-reflect.jar, file:/C:/Users/Kuba/Downloads/activator-dist-1.3.12/repository/com.fasterxml.jackson.core/jackson-core/2.7.1/bundles/jackson-core.jar, file:/C:/Users/Kuba/Downloads/activator-dist-1.3.12/repository/com.fasterxml.jackson.core/jackson-annotations/2.7.1/bundles/jackson-annotations.jar, file:/C:/Users/Kuba/Downloads/activator-dist-1.3.12/repository/com.fasterxml.jackson.core/jackson-databind/2.7.1/bundles/jackson-databind.jar, file:/C:/Users/Kuba/Downloads/activator-dist-1.3.12/repository/com.fasterxml.jackson.datatype/jackson-datatype-jdk8/2.7.1/bundles/jackson-datatype-jdk8.jar, file:/C:/Users/Kuba/Downloads/activator-dist-1.3.12/repository/com.fasterxml.jackson.datatype/jackson-datatype-jsr310/2.7.1/bundles/jackson-datatype-jsr310.jar, file:/C:/Users/Kuba/.ivy2/cache/com.typesafe.play/play-netty-utils/jars/play-netty-utils-2.5.4.jar, file:/C:/Users/Kuba/.ivy2/cache/org.slf4j/jul-to-slf4j/jars/jul-to-slf4j-1.7.19.jar, file:/C:/Users/Kuba/.ivy2/cache/org.slf4j/jcl-over-slf4j/jars/jcl-over-slf4j-1.7.19.jar, file:/C:/Users/Kuba/.ivy2/cache/com.typesafe.play/play-streams_2.11/jars/play-streams_2.11-2.5.4.jar, file:/C:/Users/Kuba/.ivy2/cache/org.reactivestreams/reactive-streams/jars/reactive-streams-1.0.0.jar, file:/C:/Users/Kuba/.ivy2/cache/com.typesafe.akka/akka-stream_2.11/jars/akka-stream_2.11-2.4.4.jar, file:/C:/Users/Kuba/.ivy2/cache/com.typesafe.akka/akka-actor_2.11/jars/akka-actor_2.11-2.4.4.jar, file:/C:/Users/Kuba/Downloads/activator-dist-1.3.12/repository/org.scala-lang.modules/scala-java8-compat_2.11/0.7.0/bundles/scala-java8-compat_2.11.jar, file:/C:/Users/Kuba/Downloads/activator-dist-1.3.12/repository/com.typesafe/ssl-config-akka_2.11/0.2.1/bundles/ssl-config-akka_2.11.jar, file:/C:/Users/Kuba/.ivy2/cache/com.typesafe/ssl-config-core_2.11/bundles/ssl-config-core_2.11-0.2.1.jar, file:/C:/Users/Kuba/.ivy2/cache/org.scala-lang.modules/scala-parser-combinators_2.11/bundles/scala-parser-combinators_2.11-1.0.4.jar, file:/C:/Users/Kuba/.ivy2/cache/com.typesafe.akka/akka-slf4j_2.11/jars/akka-slf4j_2.11-2.4.4.jar, file:/C:/Users/Kuba/.ivy2/cache/commons-codec/commons-codec/jars/commons-codec-1.10.jar, file:/C:/Users/Kuba/.ivy2/cache/xerces/xercesImpl/jars/xercesImpl-2.11.0.jar, file:/C:/Users/Kuba/.ivy2/cache/xml-apis/xml-apis/jars/xml-apis-1.4.01.jar, file:/C:/Users/Kuba/.ivy2/cache/javax.transaction/jta/jars/jta-1.1.jar, file:/C:/Users/Kuba/Downloads/activator-dist-1.3.12/repository/com.google.inject/guice/4.0/jars/guice.jar, file:/C:/Users/Kuba/.ivy2/cache/javax.inject/javax.inject/jars/javax.inject-1.jar, file:/C:/Users/Kuba/.ivy2/cache/aopalliance/aopalliance/jars/aopalliance-1.0.jar, file:/C:/Users/Kuba/Downloads/activator-dist-1.3.12/repository/com.google.inject.extensions/guice-assistedinject/4.0/jars/guice-assistedinject.jar, file:/C:/Users/Kuba/.ivy2/cache/com.typesafe.play/play-netty-server_2.11/jars/play-netty-server_2.11-2.5.4.jar, file:/C:/Users/Kuba/.ivy2/cache/com.typesafe.netty/netty-reactive-streams-http/jars/netty-reactive-streams-http-1.0.6.jar, file:/C:/Users/Kuba/.ivy2/cache/com.typesafe.netty/netty-reactive-streams/jars/netty-reactive-streams-1.0.6.jar, file:/C:/Users/Kuba/.ivy2/cache/io.netty/netty-handler/jars/netty-handler-4.0.36.Final.jar, file:/C:/Users/Kuba/.ivy2/cache/io.netty/netty-buffer/jars/netty-buffer-4.0.36.Final.jar, file:/C:/Users/Kuba/.ivy2/cache/io.netty/netty-common/jars/netty-common-4.0.36.Final.jar, file:/C:/Users/Kuba/.ivy2/cache/io.netty/netty-transport/jars/netty-transport-4.0.36.Final.jar, file:/C:/Users/Kuba/.ivy2/cache/io.netty/netty-codec/jars/netty-codec-4.0.36.Final.jar, file:/C:/Users/Kuba/.ivy2/cache/io.netty/netty-codec-http/jars/netty-codec-http-4.0.36.Final.jar, file:/C:/Users/Kuba/.ivy2/cache/io.netty/netty-transport-native-epoll/jars/netty-transport-native-epoll-4.0.36.Final-linux-x86_64.jar, file:/C:/Users/Kuba/.ivy2/cache/com.typesafe.play/play-logback_2.11/jars/play-logback_2.11-2.5.4.jar, file:/C:/Users/Kuba/.ivy2/cache/org.scala-lang/scala-swing/jars/scala-swing-2.11.0-M7.jar, file:/C:/Users/Kuba/.ivy2/cache/com.mohiva/play-silhouette_2.11/jars/play-silhouette_2.11-4.0.0.jar, file:/C:/Users/Kuba/.ivy2/cache/com.typesafe.play/play-cache_2.11/jars/play-cache_2.11-2.5.4.jar, file:/C:/Users/Kuba/Downloads/activator-dist-1.3.12/repository/net.sf.ehcache/ehcache-core/2.6.11/jars/ehcache-core.jar, file:/C:/Users/Kuba/.ivy2/cache/com.typesafe.play/play-ws_2.11/jars/play-ws_2.11-2.5.4.jar, file:/C:/Users/Kuba/.ivy2/cache/com.google.guava/guava/bundles/guava-19.0.jar, file:/C:/Users/Kuba/.ivy2/cache/org.asynchttpclient/async-http-client/jars/async-http-client-2.0.2.jar, file:/C:/Users/Kuba/.ivy2/cache/org.asynchttpclient/netty-resolver-dns/jars/netty-resolver-dns-2.0.2.jar, file:/C:/Users/Kuba/.ivy2/cache/org.asynchttpclient/netty-resolver/jars/netty-resolver-2.0.2.jar, file:/C:/Users/Kuba/.ivy2/cache/org.slf4j/slf4j-api/jars/slf4j-api-1.7.21.jar, file:/C:/Users/Kuba/.ivy2/cache/org.asynchttpclient/netty-codec-dns/jars/netty-codec-dns-2.0.2.jar, file:/C:/Users/Kuba/.ivy2/cache/org.javassist/javassist/bundles/javassist-3.20.0-GA.jar, file:/C:/Users/Kuba/.ivy2/cache/oauth.signpost/signpost-core/jars/signpost-core-1.2.1.2.jar, file:/C:/Users/Kuba/.ivy2/cache/oauth.signpost/signpost-commonshttp4/jars/signpost-commonshttp4-1.2.1.2.jar, file:/C:/Users/Kuba/.ivy2/cache/org.apache.httpcomponents/httpcore/jars/httpcore-4.0.1.jar, file:/C:/Users/Kuba/.ivy2/cache/org.apache.httpcomponents/httpclient/jars/httpclient-4.0.1.jar, file:/C:/Users/Kuba/.ivy2/cache/commons-logging/commons-logging/jars/commons-logging-1.1.1.jar, file:/C:/Users/Kuba/.ivy2/cache/com.atlassian.jwt/jwt-core/jars/jwt-core-1.5.8.jar, file:/C:/Users/Kuba/.ivy2/cache/com.nimbusds/nimbus-jose-jwt/jars/nimbus-jose-jwt-2.16.jar, file:/C:/Users/Kuba/.ivy2/cache/net.jcip/jcip-annotations/jars/jcip-annotations-1.0.jar, file:/C:/Users/Kuba/.ivy2/cache/net.minidev/json-smart/jars/json-smart-1.1.1.jar, file:/C:/Users/Kuba/.ivy2/cache/javax.mail/mail/jars/mail-1.4.7.jar, file:/C:/Users/Kuba/.ivy2/cache/org.bouncycastle/bcprov-jdk15on/jars/bcprov-jdk15on-1.51.jar, file:/C:/Users/Kuba/.ivy2/cache/org.bouncycastle/bcpkix-jdk15on/jars/bcpkix-jdk15on-1.51.jar, file:/C:/Users/Kuba/.ivy2/cache/com.atlassian.jwt/jwt-api/jars/jwt-api-1.5.8.jar, file:/C:/Users/Kuba/.ivy2/cache/com.mohiva/play-silhouette-password-bcrypt_2.11/jars/play-silhouette-password-bcrypt_2.11-4.0.0.jar, file:/C:/Users/Kuba/.ivy2/cache/de.svenkubiak/jBCrypt/bundles/jBCrypt-0.4.1.jar, file:/C:/Users/Kuba/.ivy2/cache/com.mohiva/play-silhouette-persistence_2.11/jars/play-silhouette-persistence_2.11-4.0.0.jar, file:/C:/Users/Kuba/.ivy2/cache/com.mohiva/play-silhouette-crypto-jca_2.11/jars/play-silhouette-crypto-jca_2.11-4.0.0.jar, file:/C:/Users/Kuba/.ivy2/cache/org.webjars/webjars-play_2.11/jars/webjars-play_2.11-2.5.0-2.jar, file:/C:/Users/Kuba/.ivy2/cache/org.webjars/requirejs/jars/requirejs-2.1.20.jar, file:/C:/Users/Kuba/.ivy2/cache/org.webjars/webjars-locator/jars/webjars-locator-0.31.jar, file:/C:/Users/Kuba/.ivy2/cache/org.webjars/webjars-locator-core/jars/webjars-locator-core-0.30.jar, file:/C:/Users/Kuba/.ivy2/cache/org.apache.commons/commons-compress/jars/commons-compress-1.9.jar, file:/C:/Users/Kuba/.ivy2/cache/net.codingwell/scala-guice_2.11/jars/scala-guice_2.11-4.0.1.jar, file:/C:/Users/Kuba/.ivy2/cache/com.google.inject.extensions/guice-multibindings/jars/guice-multibindings-4.0.jar, file:/C:/Users/Kuba/.ivy2/cache/com.iheart/ficus_2.11/jars/ficus_2.11-1.2.6.jar, file:/C:/Users/Kuba/.ivy2/cache/org.typelevel/macro-compat_2.11/jars/macro-compat_2.11-1.1.1.jar, file:/C:/Users/Kuba/.ivy2/cache/com.typesafe.play/play-mailer_2.11/jars/play-mailer_2.11-5.0.0.jar, file:/C:/Users/Kuba/.ivy2/cache/org.apache.commons/commons-email/jars/commons-email-1.4.jar, file:/C:/Users/Kuba/.ivy2/cache/com.sun.mail/javax.mail/jars/javax.mail-1.5.2.jar, file:/C:/Users/Kuba/.ivy2/cache/javax.activation/activation/jars/activation-1.1.1.jar, file:/C:/Users/Kuba/.ivy2/cache/com.enragedginger/akka-quartz-scheduler_2.11/jars/akka-quartz-scheduler_2.11-1.5.0-akka-2.4.x.jar, file:/C:/Users/Kuba/.ivy2/cache/org.quartz-scheduler/quartz/jars/quartz-2.2.2.jar, file:/C:/Users/Kuba/.ivy2/cache/c3p0/c3p0/jars/c3p0-0.9.1.1.jar, file:/C:/Users/Kuba/.ivy2/cache/com.adrianhurt/play-bootstrap_2.11/jars/play-bootstrap_2.11-1.0-P25-B3.jar, file:/C:/Users/Kuba/.ivy2/cache/com.typesafe.play/filters-helpers_2.11/jars/filters-helpers_2.11-2.5.4.jar, file:/C:/Users/Kuba/.ivy2/cache/com.typesafe.play/play-java_2.11/jars/play-java_2.11-2.5.4.jar, file:/C:/Users/Kuba/Downloads/activator-dist-1.3.12/repository/org.yaml/snakeyaml/1.16/bundles/snakeyaml.jar, file:/C:/Users/Kuba/Downloads/activator-dist-1.3.12/repository/org.hibernate/hibernate-validator/5.2.4.Final/jars/hibernate-validator.jar, file:/C:/Users/Kuba/Downloads/activator-dist-1.3.12/repository/javax.validation/validation-api/1.1.0.Final/jars/validation-api.jar, file:/C:/Users/Kuba/Downloads/activator-dist-1.3.12/repository/org.jboss.logging/jboss-logging/3.2.1.Final/jars/jboss-logging.jar, file:/C:/Users/Kuba/Downloads/activator-dist-1.3.12/repository/com.fasterxml/classmate/1.1.0/bundles/classmate.jar, file:/C:/Users/Kuba/Downloads/activator-dist-1.3.12/repository/javax.el/javax.el-api/3.0.0/jars/javax.el-api.jar, file:/C:/Users/Kuba/.ivy2/cache/org.springframework/spring-context/jars/spring-context-4.2.4.RELEASE.jar, file:/C:/Users/Kuba/.ivy2/cache/org.springframework/spring-core/jars/spring-core-4.2.4.RELEASE.jar, file:/C:/Users/Kuba/.ivy2/cache/org.springframework/spring-beans/jars/spring-beans-4.2.4.RELEASE.jar, file:/C:/Users/Kuba/Downloads/activator-dist-1.3.12/repository/org.reflections/reflections/0.9.10/jars/reflections.jar, file:/C:/Users/Kuba/Downloads/activator-dist-1.3.12/repository/net.jodah/typetools/0.4.4/bundles/typetools.jar, file:/C:/Users/Kuba/.ivy2/cache/com.google.code.findbugs/jsr305/jars/jsr305-3.0.1.jar, file:/C:/Users/Kuba/Downloads/activator-dist-1.3.12/repository/org.apache.tomcat/tomcat-servlet-api/8.0.33/jars/tomcat-servlet-api.jar, file:/C:/Users/Kuba/.ivy2/cache/com.adrianhurt/play-bootstrap-core_2.11/jars/play-bootstrap-core_2.11-1.0-P25.jar, file:/C:/Users/Kuba/.ivy2/cache/org.webjars/bootstrap/jars/bootstrap-3.3.6.jar, file:/C:/Users/Kuba/.ivy2/cache/org.webjars/jquery/jars/jquery-2.1.4.jar}
16:45:22.826 [ForkJoinPool-8-worker-1] DEBUG c.google.inject.internal.BytecodeGen - Loading class play.i18n.MessagesApi FastClass with PlayDependencyClassLoader{file:/C:/Users/Kuba/IdeaProjects/play-silhouette-seed-master/lib/connect-four.jar, file:/C:/Users/Kuba/IdeaProjects/play-silhouette-seed-master/lib/sudoku.jar, file:/C:/Users/Kuba/.ivy2/cache/org.scala-lang/scala-library/jars/scala-library-2.11.8.jar, file:/C:/Users/Kuba/Downloads/activator-dist-1.3.12/repository/com.typesafe.play/twirl-api_2.11/1.1.1/jars/twirl-api_2.11.jar, file:/C:/Users/Kuba/.ivy2/cache/org.apache.commons/commons-lang3/jars/commons-lang3-3.4.jar, file:/C:/Users/Kuba/.ivy2/cache/org.scala-lang.modules/scala-xml_2.11/bundles/scala-xml_2.11-1.0.1.jar, file:/C:/Users/Kuba/.ivy2/cache/com.typesafe.play/play-server_2.11/jars/play-server_2.11-2.5.4.jar, file:/C:/Users/Kuba/.ivy2/cache/com.typesafe.play/play_2.11/jars/play_2.11-2.5.4.jar, file:/C:/Users/Kuba/.ivy2/cache/com.typesafe.play/build-link/jars/build-link-2.5.4.jar, file:/C:/Users/Kuba/.ivy2/cache/com.typesafe.play/play-exceptions/jars/play-exceptions-2.5.4.jar, file:/C:/Users/Kuba/.ivy2/cache/com.typesafe.play/play-iteratees_2.11/jars/play-iteratees_2.11-2.5.4.jar, file:/C:/Users/Kuba/.ivy2/cache/org.scala-stm/scala-stm_2.11/jars/scala-stm_2.11-0.7.jar, file:/C:/Users/Kuba/Downloads/activator-dist-1.3.12/repository/com.typesafe/config/1.3.0/bundles/config.jar, file:/C:/Users/Kuba/.ivy2/cache/ch.qos.logback/logback-classic/jars/logback-classic-1.1.7.jar, file:/C:/Users/Kuba/.ivy2/cache/ch.qos.logback/logback-core/jars/logback-core-1.1.7.jar, file:/C:/Users/Kuba/.ivy2/cache/com.typesafe.play/play-json_2.11/jars/play-json_2.11-2.5.4.jar, file:/C:/Users/Kuba/.ivy2/cache/com.typesafe.play/play-functional_2.11/jars/play-functional_2.11-2.5.4.jar, file:/C:/Users/Kuba/.ivy2/cache/com.typesafe.play/play-datacommons_2.11/jars/play-datacommons_2.11-2.5.4.jar, file:/C:/Users/Kuba/Downloads/activator-dist-1.3.12/repository/joda-time/joda-time/2.9.2/jars/joda-time.jar, file:/C:/Users/Kuba/Downloads/activator-dist-1.3.12/repository/org.joda/joda-convert/1.8.1/jars/joda-convert.jar, file:/C:/Users/Kuba/Downloads/activator-dist-1.3.12/repository/org.scala-lang/scala-reflect/2.11.7/jars/scala-reflect.jar, file:/C:/Users/Kuba/Downloads/activator-dist-1.3.12/repository/com.fasterxml.jackson.core/jackson-core/2.7.1/bundles/jackson-core.jar, file:/C:/Users/Kuba/Downloads/activator-dist-1.3.12/repository/com.fasterxml.jackson.core/jackson-annotations/2.7.1/bundles/jackson-annotations.jar, file:/C:/Users/Kuba/Downloads/activator-dist-1.3.12/repository/com.fasterxml.jackson.core/jackson-databind/2.7.1/bundles/jackson-databind.jar, file:/C:/Users/Kuba/Downloads/activator-dist-1.3.12/repository/com.fasterxml.jackson.datatype/jackson-datatype-jdk8/2.7.1/bundles/jackson-datatype-jdk8.jar, file:/C:/Users/Kuba/Downloads/activator-dist-1.3.12/repository/com.fasterxml.jackson.datatype/jackson-datatype-jsr310/2.7.1/bundles/jackson-datatype-jsr310.jar, file:/C:/Users/Kuba/.ivy2/cache/com.typesafe.play/play-netty-utils/jars/play-netty-utils-2.5.4.jar, file:/C:/Users/Kuba/.ivy2/cache/org.slf4j/jul-to-slf4j/jars/jul-to-slf4j-1.7.19.jar, file:/C:/Users/Kuba/.ivy2/cache/org.slf4j/jcl-over-slf4j/jars/jcl-over-slf4j-1.7.19.jar, file:/C:/Users/Kuba/.ivy2/cache/com.typesafe.play/play-streams_2.11/jars/play-streams_2.11-2.5.4.jar, file:/C:/Users/Kuba/.ivy2/cache/org.reactivestreams/reactive-streams/jars/reactive-streams-1.0.0.jar, file:/C:/Users/Kuba/.ivy2/cache/com.typesafe.akka/akka-stream_2.11/jars/akka-stream_2.11-2.4.4.jar, file:/C:/Users/Kuba/.ivy2/cache/com.typesafe.akka/akka-actor_2.11/jars/akka-actor_2.11-2.4.4.jar, file:/C:/Users/Kuba/Downloads/activator-dist-1.3.12/repository/org.scala-lang.modules/scala-java8-compat_2.11/0.7.0/bundles/scala-java8-compat_2.11.jar, file:/C:/Users/Kuba/Downloads/activator-dist-1.3.12/repository/com.typesafe/ssl-config-akka_2.11/0.2.1/bundles/ssl-config-akka_2.11.jar, file:/C:/Users/Kuba/.ivy2/cache/com.typesafe/ssl-config-core_2.11/bundles/ssl-config-core_2.11-0.2.1.jar, file:/C:/Users/Kuba/.ivy2/cache/org.scala-lang.modules/scala-parser-combinators_2.11/bundles/scala-parser-combinators_2.11-1.0.4.jar, file:/C:/Users/Kuba/.ivy2/cache/com.typesafe.akka/akka-slf4j_2.11/jars/akka-slf4j_2.11-2.4.4.jar, file:/C:/Users/Kuba/.ivy2/cache/commons-codec/commons-codec/jars/commons-codec-1.10.jar, file:/C:/Users/Kuba/.ivy2/cache/xerces/xercesImpl/jars/xercesImpl-2.11.0.jar, file:/C:/Users/Kuba/.ivy2/cache/xml-apis/xml-apis/jars/xml-apis-1.4.01.jar, file:/C:/Users/Kuba/.ivy2/cache/javax.transaction/jta/jars/jta-1.1.jar, file:/C:/Users/Kuba/Downloads/activator-dist-1.3.12/repository/com.google.inject/guice/4.0/jars/guice.jar, file:/C:/Users/Kuba/.ivy2/cache/javax.inject/javax.inject/jars/javax.inject-1.jar, file:/C:/Users/Kuba/.ivy2/cache/aopalliance/aopalliance/jars/aopalliance-1.0.jar, file:/C:/Users/Kuba/Downloads/activator-dist-1.3.12/repository/com.google.inject.extensions/guice-assistedinject/4.0/jars/guice-assistedinject.jar, file:/C:/Users/Kuba/.ivy2/cache/com.typesafe.play/play-netty-server_2.11/jars/play-netty-server_2.11-2.5.4.jar, file:/C:/Users/Kuba/.ivy2/cache/com.typesafe.netty/netty-reactive-streams-http/jars/netty-reactive-streams-http-1.0.6.jar, file:/C:/Users/Kuba/.ivy2/cache/com.typesafe.netty/netty-reactive-streams/jars/netty-reactive-streams-1.0.6.jar, file:/C:/Users/Kuba/.ivy2/cache/io.netty/netty-handler/jars/netty-handler-4.0.36.Final.jar, file:/C:/Users/Kuba/.ivy2/cache/io.netty/netty-buffer/jars/netty-buffer-4.0.36.Final.jar, file:/C:/Users/Kuba/.ivy2/cache/io.netty/netty-common/jars/netty-common-4.0.36.Final.jar, file:/C:/Users/Kuba/.ivy2/cache/io.netty/netty-transport/jars/netty-transport-4.0.36.Final.jar, file:/C:/Users/Kuba/.ivy2/cache/io.netty/netty-codec/jars/netty-codec-4.0.36.Final.jar, file:/C:/Users/Kuba/.ivy2/cache/io.netty/netty-codec-http/jars/netty-codec-http-4.0.36.Final.jar, file:/C:/Users/Kuba/.ivy2/cache/io.netty/netty-transport-native-epoll/jars/netty-transport-native-epoll-4.0.36.Final-linux-x86_64.jar, file:/C:/Users/Kuba/.ivy2/cache/com.typesafe.play/play-logback_2.11/jars/play-logback_2.11-2.5.4.jar, file:/C:/Users/Kuba/.ivy2/cache/org.scala-lang/scala-swing/jars/scala-swing-2.11.0-M7.jar, file:/C:/Users/Kuba/.ivy2/cache/com.mohiva/play-silhouette_2.11/jars/play-silhouette_2.11-4.0.0.jar, file:/C:/Users/Kuba/.ivy2/cache/com.typesafe.play/play-cache_2.11/jars/play-cache_2.11-2.5.4.jar, file:/C:/Users/Kuba/Downloads/activator-dist-1.3.12/repository/net.sf.ehcache/ehcache-core/2.6.11/jars/ehcache-core.jar, file:/C:/Users/Kuba/.ivy2/cache/com.typesafe.play/play-ws_2.11/jars/play-ws_2.11-2.5.4.jar, file:/C:/Users/Kuba/.ivy2/cache/com.google.guava/guava/bundles/guava-19.0.jar, file:/C:/Users/Kuba/.ivy2/cache/org.asynchttpclient/async-http-client/jars/async-http-client-2.0.2.jar, file:/C:/Users/Kuba/.ivy2/cache/org.asynchttpclient/netty-resolver-dns/jars/netty-resolver-dns-2.0.2.jar, file:/C:/Users/Kuba/.ivy2/cache/org.asynchttpclient/netty-resolver/jars/netty-resolver-2.0.2.jar, file:/C:/Users/Kuba/.ivy2/cache/org.slf4j/slf4j-api/jars/slf4j-api-1.7.21.jar, file:/C:/Users/Kuba/.ivy2/cache/org.asynchttpclient/netty-codec-dns/jars/netty-codec-dns-2.0.2.jar, file:/C:/Users/Kuba/.ivy2/cache/org.javassist/javassist/bundles/javassist-3.20.0-GA.jar, file:/C:/Users/Kuba/.ivy2/cache/oauth.signpost/signpost-core/jars/signpost-core-1.2.1.2.jar, file:/C:/Users/Kuba/.ivy2/cache/oauth.signpost/signpost-commonshttp4/jars/signpost-commonshttp4-1.2.1.2.jar, file:/C:/Users/Kuba/.ivy2/cache/org.apache.httpcomponents/httpcore/jars/httpcore-4.0.1.jar, file:/C:/Users/Kuba/.ivy2/cache/org.apache.httpcomponents/httpclient/jars/httpclient-4.0.1.jar, file:/C:/Users/Kuba/.ivy2/cache/commons-logging/commons-logging/jars/commons-logging-1.1.1.jar, file:/C:/Users/Kuba/.ivy2/cache/com.atlassian.jwt/jwt-core/jars/jwt-core-1.5.8.jar, file:/C:/Users/Kuba/.ivy2/cache/com.nimbusds/nimbus-jose-jwt/jars/nimbus-jose-jwt-2.16.jar, file:/C:/Users/Kuba/.ivy2/cache/net.jcip/jcip-annotations/jars/jcip-annotations-1.0.jar, file:/C:/Users/Kuba/.ivy2/cache/net.minidev/json-smart/jars/json-smart-1.1.1.jar, file:/C:/Users/Kuba/.ivy2/cache/javax.mail/mail/jars/mail-1.4.7.jar, file:/C:/Users/Kuba/.ivy2/cache/org.bouncycastle/bcprov-jdk15on/jars/bcprov-jdk15on-1.51.jar, file:/C:/Users/Kuba/.ivy2/cache/org.bouncycastle/bcpkix-jdk15on/jars/bcpkix-jdk15on-1.51.jar, file:/C:/Users/Kuba/.ivy2/cache/com.atlassian.jwt/jwt-api/jars/jwt-api-1.5.8.jar, file:/C:/Users/Kuba/.ivy2/cache/com.mohiva/play-silhouette-password-bcrypt_2.11/jars/play-silhouette-password-bcrypt_2.11-4.0.0.jar, file:/C:/Users/Kuba/.ivy2/cache/de.svenkubiak/jBCrypt/bundles/jBCrypt-0.4.1.jar, file:/C:/Users/Kuba/.ivy2/cache/com.mohiva/play-silhouette-persistence_2.11/jars/play-silhouette-persistence_2.11-4.0.0.jar, file:/C:/Users/Kuba/.ivy2/cache/com.mohiva/play-silhouette-crypto-jca_2.11/jars/play-silhouette-crypto-jca_2.11-4.0.0.jar, file:/C:/Users/Kuba/.ivy2/cache/org.webjars/webjars-play_2.11/jars/webjars-play_2.11-2.5.0-2.jar, file:/C:/Users/Kuba/.ivy2/cache/org.webjars/requirejs/jars/requirejs-2.1.20.jar, file:/C:/Users/Kuba/.ivy2/cache/org.webjars/webjars-locator/jars/webjars-locator-0.31.jar, file:/C:/Users/Kuba/.ivy2/cache/org.webjars/webjars-locator-core/jars/webjars-locator-core-0.30.jar, file:/C:/Users/Kuba/.ivy2/cache/org.apache.commons/commons-compress/jars/commons-compress-1.9.jar, file:/C:/Users/Kuba/.ivy2/cache/net.codingwell/scala-guice_2.11/jars/scala-guice_2.11-4.0.1.jar, file:/C:/Users/Kuba/.ivy2/cache/com.google.inject.extensions/guice-multibindings/jars/guice-multibindings-4.0.jar, file:/C:/Users/Kuba/.ivy2/cache/com.iheart/ficus_2.11/jars/ficus_2.11-1.2.6.jar, file:/C:/Users/Kuba/.ivy2/cache/org.typelevel/macro-compat_2.11/jars/macro-compat_2.11-1.1.1.jar, file:/C:/Users/Kuba/.ivy2/cache/com.typesafe.play/play-mailer_2.11/jars/play-mailer_2.11-5.0.0.jar, file:/C:/Users/Kuba/.ivy2/cache/org.apache.commons/commons-email/jars/commons-email-1.4.jar, file:/C:/Users/Kuba/.ivy2/cache/com.sun.mail/javax.mail/jars/javax.mail-1.5.2.jar, file:/C:/Users/Kuba/.ivy2/cache/javax.activation/activation/jars/activation-1.1.1.jar, file:/C:/Users/Kuba/.ivy2/cache/com.enragedginger/akka-quartz-scheduler_2.11/jars/akka-quartz-scheduler_2.11-1.5.0-akka-2.4.x.jar, file:/C:/Users/Kuba/.ivy2/cache/org.quartz-scheduler/quartz/jars/quartz-2.2.2.jar, file:/C:/Users/Kuba/.ivy2/cache/c3p0/c3p0/jars/c3p0-0.9.1.1.jar, file:/C:/Users/Kuba/.ivy2/cache/com.adrianhurt/play-bootstrap_2.11/jars/play-bootstrap_2.11-1.0-P25-B3.jar, file:/C:/Users/Kuba/.ivy2/cache/com.typesafe.play/filters-helpers_2.11/jars/filters-helpers_2.11-2.5.4.jar, file:/C:/Users/Kuba/.ivy2/cache/com.typesafe.play/play-java_2.11/jars/play-java_2.11-2.5.4.jar, file:/C:/Users/Kuba/Downloads/activator-dist-1.3.12/repository/org.yaml/snakeyaml/1.16/bundles/snakeyaml.jar, file:/C:/Users/Kuba/Downloads/activator-dist-1.3.12/repository/org.hibernate/hibernate-validator/5.2.4.Final/jars/hibernate-validator.jar, file:/C:/Users/Kuba/Downloads/activator-dist-1.3.12/repository/javax.validation/validation-api/1.1.0.Final/jars/validation-api.jar, file:/C:/Users/Kuba/Downloads/activator-dist-1.3.12/repository/org.jboss.logging/jboss-logging/3.2.1.Final/jars/jboss-logging.jar, file:/C:/Users/Kuba/Downloads/activator-dist-1.3.12/repository/com.fasterxml/classmate/1.1.0/bundles/classmate.jar, file:/C:/Users/Kuba/Downloads/activator-dist-1.3.12/repository/javax.el/javax.el-api/3.0.0/jars/javax.el-api.jar, file:/C:/Users/Kuba/.ivy2/cache/org.springframework/spring-context/jars/spring-context-4.2.4.RELEASE.jar, file:/C:/Users/Kuba/.ivy2/cache/org.springframework/spring-core/jars/spring-core-4.2.4.RELEASE.jar, file:/C:/Users/Kuba/.ivy2/cache/org.springframework/spring-beans/jars/spring-beans-4.2.4.RELEASE.jar, file:/C:/Users/Kuba/Downloads/activator-dist-1.3.12/repository/org.reflections/reflections/0.9.10/jars/reflections.jar, file:/C:/Users/Kuba/Downloads/activator-dist-1.3.12/repository/net.jodah/typetools/0.4.4/bundles/typetools.jar, file:/C:/Users/Kuba/.ivy2/cache/com.google.code.findbugs/jsr305/jars/jsr305-3.0.1.jar, file:/C:/Users/Kuba/Downloads/activator-dist-1.3.12/repository/org.apache.tomcat/tomcat-servlet-api/8.0.33/jars/tomcat-servlet-api.jar, file:/C:/Users/Kuba/.ivy2/cache/com.adrianhurt/play-bootstrap-core_2.11/jars/play-bootstrap-core_2.11-1.0-P25.jar, file:/C:/Users/Kuba/.ivy2/cache/org.webjars/bootstrap/jars/bootstrap-3.3.6.jar, file:/C:/Users/Kuba/.ivy2/cache/org.webjars/jquery/jars/jquery-2.1.4.jar}
16:45:22.831 [ForkJoinPool-8-worker-1] DEBUG c.google.inject.internal.BytecodeGen - Loading class play.data.FormFactory FastClass with PlayDependencyClassLoader{file:/C:/Users/Kuba/IdeaProjects/play-silhouette-seed-master/lib/connect-four.jar, file:/C:/Users/Kuba/IdeaProjects/play-silhouette-seed-master/lib/sudoku.jar, file:/C:/Users/Kuba/.ivy2/cache/org.scala-lang/scala-library/jars/scala-library-2.11.8.jar, file:/C:/Users/Kuba/Downloads/activator-dist-1.3.12/repository/com.typesafe.play/twirl-api_2.11/1.1.1/jars/twirl-api_2.11.jar, file:/C:/Users/Kuba/.ivy2/cache/org.apache.commons/commons-lang3/jars/commons-lang3-3.4.jar, file:/C:/Users/Kuba/.ivy2/cache/org.scala-lang.modules/scala-xml_2.11/bundles/scala-xml_2.11-1.0.1.jar, file:/C:/Users/Kuba/.ivy2/cache/com.typesafe.play/play-server_2.11/jars/play-server_2.11-2.5.4.jar, file:/C:/Users/Kuba/.ivy2/cache/com.typesafe.play/play_2.11/jars/play_2.11-2.5.4.jar, file:/C:/Users/Kuba/.ivy2/cache/com.typesafe.play/build-link/jars/build-link-2.5.4.jar, file:/C:/Users/Kuba/.ivy2/cache/com.typesafe.play/play-exceptions/jars/play-exceptions-2.5.4.jar, file:/C:/Users/Kuba/.ivy2/cache/com.typesafe.play/play-iteratees_2.11/jars/play-iteratees_2.11-2.5.4.jar, file:/C:/Users/Kuba/.ivy2/cache/org.scala-stm/scala-stm_2.11/jars/scala-stm_2.11-0.7.jar, file:/C:/Users/Kuba/Downloads/activator-dist-1.3.12/repository/com.typesafe/config/1.3.0/bundles/config.jar, file:/C:/Users/Kuba/.ivy2/cache/ch.qos.logback/logback-classic/jars/logback-classic-1.1.7.jar, file:/C:/Users/Kuba/.ivy2/cache/ch.qos.logback/logback-core/jars/logback-core-1.1.7.jar, file:/C:/Users/Kuba/.ivy2/cache/com.typesafe.play/play-json_2.11/jars/play-json_2.11-2.5.4.jar, file:/C:/Users/Kuba/.ivy2/cache/com.typesafe.play/play-functional_2.11/jars/play-functional_2.11-2.5.4.jar, file:/C:/Users/Kuba/.ivy2/cache/com.typesafe.play/play-datacommons_2.11/jars/play-datacommons_2.11-2.5.4.jar, file:/C:/Users/Kuba/Downloads/activator-dist-1.3.12/repository/joda-time/joda-time/2.9.2/jars/joda-time.jar, file:/C:/Users/Kuba/Downloads/activator-dist-1.3.12/repository/org.joda/joda-convert/1.8.1/jars/joda-convert.jar, file:/C:/Users/Kuba/Downloads/activator-dist-1.3.12/repository/org.scala-lang/scala-reflect/2.11.7/jars/scala-reflect.jar, file:/C:/Users/Kuba/Downloads/activator-dist-1.3.12/repository/com.fasterxml.jackson.core/jackson-core/2.7.1/bundles/jackson-core.jar, file:/C:/Users/Kuba/Downloads/activator-dist-1.3.12/repository/com.fasterxml.jackson.core/jackson-annotations/2.7.1/bundles/jackson-annotations.jar, file:/C:/Users/Kuba/Downloads/activator-dist-1.3.12/repository/com.fasterxml.jackson.core/jackson-databind/2.7.1/bundles/jackson-databind.jar, file:/C:/Users/Kuba/Downloads/activator-dist-1.3.12/repository/com.fasterxml.jackson.datatype/jackson-datatype-jdk8/2.7.1/bundles/jackson-datatype-jdk8.jar, file:/C:/Users/Kuba/Downloads/activator-dist-1.3.12/repository/com.fasterxml.jackson.datatype/jackson-datatype-jsr310/2.7.1/bundles/jackson-datatype-jsr310.jar, file:/C:/Users/Kuba/.ivy2/cache/com.typesafe.play/play-netty-utils/jars/play-netty-utils-2.5.4.jar, file:/C:/Users/Kuba/.ivy2/cache/org.slf4j/jul-to-slf4j/jars/jul-to-slf4j-1.7.19.jar, file:/C:/Users/Kuba/.ivy2/cache/org.slf4j/jcl-over-slf4j/jars/jcl-over-slf4j-1.7.19.jar, file:/C:/Users/Kuba/.ivy2/cache/com.typesafe.play/play-streams_2.11/jars/play-streams_2.11-2.5.4.jar, file:/C:/Users/Kuba/.ivy2/cache/org.reactivestreams/reactive-streams/jars/reactive-streams-1.0.0.jar, file:/C:/Users/Kuba/.ivy2/cache/com.typesafe.akka/akka-stream_2.11/jars/akka-stream_2.11-2.4.4.jar, file:/C:/Users/Kuba/.ivy2/cache/com.typesafe.akka/akka-actor_2.11/jars/akka-actor_2.11-2.4.4.jar, file:/C:/Users/Kuba/Downloads/activator-dist-1.3.12/repository/org.scala-lang.modules/scala-java8-compat_2.11/0.7.0/bundles/scala-java8-compat_2.11.jar, file:/C:/Users/Kuba/Downloads/activator-dist-1.3.12/repository/com.typesafe/ssl-config-akka_2.11/0.2.1/bundles/ssl-config-akka_2.11.jar, file:/C:/Users/Kuba/.ivy2/cache/com.typesafe/ssl-config-core_2.11/bundles/ssl-config-core_2.11-0.2.1.jar, file:/C:/Users/Kuba/.ivy2/cache/org.scala-lang.modules/scala-parser-combinators_2.11/bundles/scala-parser-combinators_2.11-1.0.4.jar, file:/C:/Users/Kuba/.ivy2/cache/com.typesafe.akka/akka-slf4j_2.11/jars/akka-slf4j_2.11-2.4.4.jar, file:/C:/Users/Kuba/.ivy2/cache/commons-codec/commons-codec/jars/commons-codec-1.10.jar, file:/C:/Users/Kuba/.ivy2/cache/xerces/xercesImpl/jars/xercesImpl-2.11.0.jar, file:/C:/Users/Kuba/.ivy2/cache/xml-apis/xml-apis/jars/xml-apis-1.4.01.jar, file:/C:/Users/Kuba/.ivy2/cache/javax.transaction/jta/jars/jta-1.1.jar, file:/C:/Users/Kuba/Downloads/activator-dist-1.3.12/repository/com.google.inject/guice/4.0/jars/guice.jar, file:/C:/Users/Kuba/.ivy2/cache/javax.inject/javax.inject/jars/javax.inject-1.jar, file:/C:/Users/Kuba/.ivy2/cache/aopalliance/aopalliance/jars/aopalliance-1.0.jar, file:/C:/Users/Kuba/Downloads/activator-dist-1.3.12/repository/com.google.inject.extensions/guice-assistedinject/4.0/jars/guice-assistedinject.jar, file:/C:/Users/Kuba/.ivy2/cache/com.typesafe.play/play-netty-server_2.11/jars/play-netty-server_2.11-2.5.4.jar, file:/C:/Users/Kuba/.ivy2/cache/com.typesafe.netty/netty-reactive-streams-http/jars/netty-reactive-streams-http-1.0.6.jar, file:/C:/Users/Kuba/.ivy2/cache/com.typesafe.netty/netty-reactive-streams/jars/netty-reactive-streams-1.0.6.jar, file:/C:/Users/Kuba/.ivy2/cache/io.netty/netty-handler/jars/netty-handler-4.0.36.Final.jar, file:/C:/Users/Kuba/.ivy2/cache/io.netty/netty-buffer/jars/netty-buffer-4.0.36.Final.jar, file:/C:/Users/Kuba/.ivy2/cache/io.netty/netty-common/jars/netty-common-4.0.36.Final.jar, file:/C:/Users/Kuba/.ivy2/cache/io.netty/netty-transport/jars/netty-transport-4.0.36.Final.jar, file:/C:/Users/Kuba/.ivy2/cache/io.netty/netty-codec/jars/netty-codec-4.0.36.Final.jar, file:/C:/Users/Kuba/.ivy2/cache/io.netty/netty-codec-http/jars/netty-codec-http-4.0.36.Final.jar, file:/C:/Users/Kuba/.ivy2/cache/io.netty/netty-transport-native-epoll/jars/netty-transport-native-epoll-4.0.36.Final-linux-x86_64.jar, file:/C:/Users/Kuba/.ivy2/cache/com.typesafe.play/play-logback_2.11/jars/play-logback_2.11-2.5.4.jar, file:/C:/Users/Kuba/.ivy2/cache/org.scala-lang/scala-swing/jars/scala-swing-2.11.0-M7.jar, file:/C:/Users/Kuba/.ivy2/cache/com.mohiva/play-silhouette_2.11/jars/play-silhouette_2.11-4.0.0.jar, file:/C:/Users/Kuba/.ivy2/cache/com.typesafe.play/play-cache_2.11/jars/play-cache_2.11-2.5.4.jar, file:/C:/Users/Kuba/Downloads/activator-dist-1.3.12/repository/net.sf.ehcache/ehcache-core/2.6.11/jars/ehcache-core.jar, file:/C:/Users/Kuba/.ivy2/cache/com.typesafe.play/play-ws_2.11/jars/play-ws_2.11-2.5.4.jar, file:/C:/Users/Kuba/.ivy2/cache/com.google.guava/guava/bundles/guava-19.0.jar, file:/C:/Users/Kuba/.ivy2/cache/org.asynchttpclient/async-http-client/jars/async-http-client-2.0.2.jar, file:/C:/Users/Kuba/.ivy2/cache/org.asynchttpclient/netty-resolver-dns/jars/netty-resolver-dns-2.0.2.jar, file:/C:/Users/Kuba/.ivy2/cache/org.asynchttpclient/netty-resolver/jars/netty-resolver-2.0.2.jar, file:/C:/Users/Kuba/.ivy2/cache/org.slf4j/slf4j-api/jars/slf4j-api-1.7.21.jar, file:/C:/Users/Kuba/.ivy2/cache/org.asynchttpclient/netty-codec-dns/jars/netty-codec-dns-2.0.2.jar, file:/C:/Users/Kuba/.ivy2/cache/org.javassist/javassist/bundles/javassist-3.20.0-GA.jar, file:/C:/Users/Kuba/.ivy2/cache/oauth.signpost/signpost-core/jars/signpost-core-1.2.1.2.jar, file:/C:/Users/Kuba/.ivy2/cache/oauth.signpost/signpost-commonshttp4/jars/signpost-commonshttp4-1.2.1.2.jar, file:/C:/Users/Kuba/.ivy2/cache/org.apache.httpcomponents/httpcore/jars/httpcore-4.0.1.jar, file:/C:/Users/Kuba/.ivy2/cache/org.apache.httpcomponents/httpclient/jars/httpclient-4.0.1.jar, file:/C:/Users/Kuba/.ivy2/cache/commons-logging/commons-logging/jars/commons-logging-1.1.1.jar, file:/C:/Users/Kuba/.ivy2/cache/com.atlassian.jwt/jwt-core/jars/jwt-core-1.5.8.jar, file:/C:/Users/Kuba/.ivy2/cache/com.nimbusds/nimbus-jose-jwt/jars/nimbus-jose-jwt-2.16.jar, file:/C:/Users/Kuba/.ivy2/cache/net.jcip/jcip-annotations/jars/jcip-annotations-1.0.jar, file:/C:/Users/Kuba/.ivy2/cache/net.minidev/json-smart/jars/json-smart-1.1.1.jar, file:/C:/Users/Kuba/.ivy2/cache/javax.mail/mail/jars/mail-1.4.7.jar, file:/C:/Users/Kuba/.ivy2/cache/org.bouncycastle/bcprov-jdk15on/jars/bcprov-jdk15on-1.51.jar, file:/C:/Users/Kuba/.ivy2/cache/org.bouncycastle/bcpkix-jdk15on/jars/bcpkix-jdk15on-1.51.jar, file:/C:/Users/Kuba/.ivy2/cache/com.atlassian.jwt/jwt-api/jars/jwt-api-1.5.8.jar, file:/C:/Users/Kuba/.ivy2/cache/com.mohiva/play-silhouette-password-bcrypt_2.11/jars/play-silhouette-password-bcrypt_2.11-4.0.0.jar, file:/C:/Users/Kuba/.ivy2/cache/de.svenkubiak/jBCrypt/bundles/jBCrypt-0.4.1.jar, file:/C:/Users/Kuba/.ivy2/cache/com.mohiva/play-silhouette-persistence_2.11/jars/play-silhouette-persistence_2.11-4.0.0.jar, file:/C:/Users/Kuba/.ivy2/cache/com.mohiva/play-silhouette-crypto-jca_2.11/jars/play-silhouette-crypto-jca_2.11-4.0.0.jar, file:/C:/Users/Kuba/.ivy2/cache/org.webjars/webjars-play_2.11/jars/webjars-play_2.11-2.5.0-2.jar, file:/C:/Users/Kuba/.ivy2/cache/org.webjars/requirejs/jars/requirejs-2.1.20.jar, file:/C:/Users/Kuba/.ivy2/cache/org.webjars/webjars-locator/jars/webjars-locator-0.31.jar, file:/C:/Users/Kuba/.ivy2/cache/org.webjars/webjars-locator-core/jars/webjars-locator-core-0.30.jar, file:/C:/Users/Kuba/.ivy2/cache/org.apache.commons/commons-compress/jars/commons-compress-1.9.jar, file:/C:/Users/Kuba/.ivy2/cache/net.codingwell/scala-guice_2.11/jars/scala-guice_2.11-4.0.1.jar, file:/C:/Users/Kuba/.ivy2/cache/com.google.inject.extensions/guice-multibindings/jars/guice-multibindings-4.0.jar, file:/C:/Users/Kuba/.ivy2/cache/com.iheart/ficus_2.11/jars/ficus_2.11-1.2.6.jar, file:/C:/Users/Kuba/.ivy2/cache/org.typelevel/macro-compat_2.11/jars/macro-compat_2.11-1.1.1.jar, file:/C:/Users/Kuba/.ivy2/cache/com.typesafe.play/play-mailer_2.11/jars/play-mailer_2.11-5.0.0.jar, file:/C:/Users/Kuba/.ivy2/cache/org.apache.commons/commons-email/jars/commons-email-1.4.jar, file:/C:/Users/Kuba/.ivy2/cache/com.sun.mail/javax.mail/jars/javax.mail-1.5.2.jar, file:/C:/Users/Kuba/.ivy2/cache/javax.activation/activation/jars/activation-1.1.1.jar, file:/C:/Users/Kuba/.ivy2/cache/com.enragedginger/akka-quartz-scheduler_2.11/jars/akka-quartz-scheduler_2.11-1.5.0-akka-2.4.x.jar, file:/C:/Users/Kuba/.ivy2/cache/org.quartz-scheduler/quartz/jars/quartz-2.2.2.jar, file:/C:/Users/Kuba/.ivy2/cache/c3p0/c3p0/jars/c3p0-0.9.1.1.jar, file:/C:/Users/Kuba/.ivy2/cache/com.adrianhurt/play-bootstrap_2.11/jars/play-bootstrap_2.11-1.0-P25-B3.jar, file:/C:/Users/Kuba/.ivy2/cache/com.typesafe.play/filters-helpers_2.11/jars/filters-helpers_2.11-2.5.4.jar, file:/C:/Users/Kuba/.ivy2/cache/com.typesafe.play/play-java_2.11/jars/play-java_2.11-2.5.4.jar, file:/C:/Users/Kuba/Downloads/activator-dist-1.3.12/repository/org.yaml/snakeyaml/1.16/bundles/snakeyaml.jar, file:/C:/Users/Kuba/Downloads/activator-dist-1.3.12/repository/org.hibernate/hibernate-validator/5.2.4.Final/jars/hibernate-validator.jar, file:/C:/Users/Kuba/Downloads/activator-dist-1.3.12/repository/javax.validation/validation-api/1.1.0.Final/jars/validation-api.jar, file:/C:/Users/Kuba/Downloads/activator-dist-1.3.12/repository/org.jboss.logging/jboss-logging/3.2.1.Final/jars/jboss-logging.jar, file:/C:/Users/Kuba/Downloads/activator-dist-1.3.12/repository/com.fasterxml/classmate/1.1.0/bundles/classmate.jar, file:/C:/Users/Kuba/Downloads/activator-dist-1.3.12/repository/javax.el/javax.el-api/3.0.0/jars/javax.el-api.jar, file:/C:/Users/Kuba/.ivy2/cache/org.springframework/spring-context/jars/spring-context-4.2.4.RELEASE.jar, file:/C:/Users/Kuba/.ivy2/cache/org.springframework/spring-core/jars/spring-core-4.2.4.RELEASE.jar, file:/C:/Users/Kuba/.ivy2/cache/org.springframework/spring-beans/jars/spring-beans-4.2.4.RELEASE.jar, file:/C:/Users/Kuba/Downloads/activator-dist-1.3.12/repository/org.reflections/reflections/0.9.10/jars/reflections.jar, file:/C:/Users/Kuba/Downloads/activator-dist-1.3.12/repository/net.jodah/typetools/0.4.4/bundles/typetools.jar, file:/C:/Users/Kuba/.ivy2/cache/com.google.code.findbugs/jsr305/jars/jsr305-3.0.1.jar, file:/C:/Users/Kuba/Downloads/activator-dist-1.3.12/repository/org.apache.tomcat/tomcat-servlet-api/8.0.33/jars/tomcat-servlet-api.jar, file:/C:/Users/Kuba/.ivy2/cache/com.adrianhurt/play-bootstrap-core_2.11/jars/play-bootstrap-core_2.11-1.0-P25.jar, file:/C:/Users/Kuba/.ivy2/cache/org.webjars/bootstrap/jars/bootstrap-3.3.6.jar, file:/C:/Users/Kuba/.ivy2/cache/org.webjars/jquery/jars/jquery-2.1.4.jar}
16:45:22.838 [ForkJoinPool-8-worker-1] DEBUG c.google.inject.internal.BytecodeGen - Loading class play.data.format.Formatters FastClass with PlayDependencyClassLoader{file:/C:/Users/Kuba/IdeaProjects/play-silhouette-seed-master/lib/connect-four.jar, file:/C:/Users/Kuba/IdeaProjects/play-silhouette-seed-master/lib/sudoku.jar, file:/C:/Users/Kuba/.ivy2/cache/org.scala-lang/scala-library/jars/scala-library-2.11.8.jar, file:/C:/Users/Kuba/Downloads/activator-dist-1.3.12/repository/com.typesafe.play/twirl-api_2.11/1.1.1/jars/twirl-api_2.11.jar, file:/C:/Users/Kuba/.ivy2/cache/org.apache.commons/commons-lang3/jars/commons-lang3-3.4.jar, file:/C:/Users/Kuba/.ivy2/cache/org.scala-lang.modules/scala-xml_2.11/bundles/scala-xml_2.11-1.0.1.jar, file:/C:/Users/Kuba/.ivy2/cache/com.typesafe.play/play-server_2.11/jars/play-server_2.11-2.5.4.jar, file:/C:/Users/Kuba/.ivy2/cache/com.typesafe.play/play_2.11/jars/play_2.11-2.5.4.jar, file:/C:/Users/Kuba/.ivy2/cache/com.typesafe.play/build-link/jars/build-link-2.5.4.jar, file:/C:/Users/Kuba/.ivy2/cache/com.typesafe.play/play-exceptions/jars/play-exceptions-2.5.4.jar, file:/C:/Users/Kuba/.ivy2/cache/com.typesafe.play/play-iteratees_2.11/jars/play-iteratees_2.11-2.5.4.jar, file:/C:/Users/Kuba/.ivy2/cache/org.scala-stm/scala-stm_2.11/jars/scala-stm_2.11-0.7.jar, file:/C:/Users/Kuba/Downloads/activator-dist-1.3.12/repository/com.typesafe/config/1.3.0/bundles/config.jar, file:/C:/Users/Kuba/.ivy2/cache/ch.qos.logback/logback-classic/jars/logback-classic-1.1.7.jar, file:/C:/Users/Kuba/.ivy2/cache/ch.qos.logback/logback-core/jars/logback-core-1.1.7.jar, file:/C:/Users/Kuba/.ivy2/cache/com.typesafe.play/play-json_2.11/jars/play-json_2.11-2.5.4.jar, file:/C:/Users/Kuba/.ivy2/cache/com.typesafe.play/play-functional_2.11/jars/play-functional_2.11-2.5.4.jar, file:/C:/Users/Kuba/.ivy2/cache/com.typesafe.play/play-datacommons_2.11/jars/play-datacommons_2.11-2.5.4.jar, file:/C:/Users/Kuba/Downloads/activator-dist-1.3.12/repository/joda-time/joda-time/2.9.2/jars/joda-time.jar, file:/C:/Users/Kuba/Downloads/activator-dist-1.3.12/repository/org.joda/joda-convert/1.8.1/jars/joda-convert.jar, file:/C:/Users/Kuba/Downloads/activator-dist-1.3.12/repository/org.scala-lang/scala-reflect/2.11.7/jars/scala-reflect.jar, file:/C:/Users/Kuba/Downloads/activator-dist-1.3.12/repository/com.fasterxml.jackson.core/jackson-core/2.7.1/bundles/jackson-core.jar, file:/C:/Users/Kuba/Downloads/activator-dist-1.3.12/repository/com.fasterxml.jackson.core/jackson-annotations/2.7.1/bundles/jackson-annotations.jar, file:/C:/Users/Kuba/Downloads/activator-dist-1.3.12/repository/com.fasterxml.jackson.core/jackson-databind/2.7.1/bundles/jackson-databind.jar, file:/C:/Users/Kuba/Downloads/activator-dist-1.3.12/repository/com.fasterxml.jackson.datatype/jackson-datatype-jdk8/2.7.1/bundles/jackson-datatype-jdk8.jar, file:/C:/Users/Kuba/Downloads/activator-dist-1.3.12/repository/com.fasterxml.jackson.datatype/jackson-datatype-jsr310/2.7.1/bundles/jackson-datatype-jsr310.jar, file:/C:/Users/Kuba/.ivy2/cache/com.typesafe.play/play-netty-utils/jars/play-netty-utils-2.5.4.jar, file:/C:/Users/Kuba/.ivy2/cache/org.slf4j/jul-to-slf4j/jars/jul-to-slf4j-1.7.19.jar, file:/C:/Users/Kuba/.ivy2/cache/org.slf4j/jcl-over-slf4j/jars/jcl-over-slf4j-1.7.19.jar, file:/C:/Users/Kuba/.ivy2/cache/com.typesafe.play/play-streams_2.11/jars/play-streams_2.11-2.5.4.jar, file:/C:/Users/Kuba/.ivy2/cache/org.reactivestreams/reactive-streams/jars/reactive-streams-1.0.0.jar, file:/C:/Users/Kuba/.ivy2/cache/com.typesafe.akka/akka-stream_2.11/jars/akka-stream_2.11-2.4.4.jar, file:/C:/Users/Kuba/.ivy2/cache/com.typesafe.akka/akka-actor_2.11/jars/akka-actor_2.11-2.4.4.jar, file:/C:/Users/Kuba/Downloads/activator-dist-1.3.12/repository/org.scala-lang.modules/scala-java8-compat_2.11/0.7.0/bundles/scala-java8-compat_2.11.jar, file:/C:/Users/Kuba/Downloads/activator-dist-1.3.12/repository/com.typesafe/ssl-config-akka_2.11/0.2.1/bundles/ssl-config-akka_2.11.jar, file:/C:/Users/Kuba/.ivy2/cache/com.typesafe/ssl-config-core_2.11/bundles/ssl-config-core_2.11-0.2.1.jar, file:/C:/Users/Kuba/.ivy2/cache/org.scala-lang.modules/scala-parser-combinators_2.11/bundles/scala-parser-combinators_2.11-1.0.4.jar, file:/C:/Users/Kuba/.ivy2/cache/com.typesafe.akka/akka-slf4j_2.11/jars/akka-slf4j_2.11-2.4.4.jar, file:/C:/Users/Kuba/.ivy2/cache/commons-codec/commons-codec/jars/commons-codec-1.10.jar, file:/C:/Users/Kuba/.ivy2/cache/xerces/xercesImpl/jars/xercesImpl-2.11.0.jar, file:/C:/Users/Kuba/.ivy2/cache/xml-apis/xml-apis/jars/xml-apis-1.4.01.jar, file:/C:/Users/Kuba/.ivy2/cache/javax.transaction/jta/jars/jta-1.1.jar, file:/C:/Users/Kuba/Downloads/activator-dist-1.3.12/repository/com.google.inject/guice/4.0/jars/guice.jar, file:/C:/Users/Kuba/.ivy2/cache/javax.inject/javax.inject/jars/javax.inject-1.jar, file:/C:/Users/Kuba/.ivy2/cache/aopalliance/aopalliance/jars/aopalliance-1.0.jar, file:/C:/Users/Kuba/Downloads/activator-dist-1.3.12/repository/com.google.inject.extensions/guice-assistedinject/4.0/jars/guice-assistedinject.jar, file:/C:/Users/Kuba/.ivy2/cache/com.typesafe.play/play-netty-server_2.11/jars/play-netty-server_2.11-2.5.4.jar, file:/C:/Users/Kuba/.ivy2/cache/com.typesafe.netty/netty-reactive-streams-http/jars/netty-reactive-streams-http-1.0.6.jar, file:/C:/Users/Kuba/.ivy2/cache/com.typesafe.netty/netty-reactive-streams/jars/netty-reactive-streams-1.0.6.jar, file:/C:/Users/Kuba/.ivy2/cache/io.netty/netty-handler/jars/netty-handler-4.0.36.Final.jar, file:/C:/Users/Kuba/.ivy2/cache/io.netty/netty-buffer/jars/netty-buffer-4.0.36.Final.jar, file:/C:/Users/Kuba/.ivy2/cache/io.netty/netty-common/jars/netty-common-4.0.36.Final.jar, file:/C:/Users/Kuba/.ivy2/cache/io.netty/netty-transport/jars/netty-transport-4.0.36.Final.jar, file:/C:/Users/Kuba/.ivy2/cache/io.netty/netty-codec/jars/netty-codec-4.0.36.Final.jar, file:/C:/Users/Kuba/.ivy2/cache/io.netty/netty-codec-http/jars/netty-codec-http-4.0.36.Final.jar, file:/C:/Users/Kuba/.ivy2/cache/io.netty/netty-transport-native-epoll/jars/netty-transport-native-epoll-4.0.36.Final-linux-x86_64.jar, file:/C:/Users/Kuba/.ivy2/cache/com.typesafe.play/play-logback_2.11/jars/play-logback_2.11-2.5.4.jar, file:/C:/Users/Kuba/.ivy2/cache/org.scala-lang/scala-swing/jars/scala-swing-2.11.0-M7.jar, file:/C:/Users/Kuba/.ivy2/cache/com.mohiva/play-silhouette_2.11/jars/play-silhouette_2.11-4.0.0.jar, file:/C:/Users/Kuba/.ivy2/cache/com.typesafe.play/play-cache_2.11/jars/play-cache_2.11-2.5.4.jar, file:/C:/Users/Kuba/Downloads/activator-dist-1.3.12/repository/net.sf.ehcache/ehcache-core/2.6.11/jars/ehcache-core.jar, file:/C:/Users/Kuba/.ivy2/cache/com.typesafe.play/play-ws_2.11/jars/play-ws_2.11-2.5.4.jar, file:/C:/Users/Kuba/.ivy2/cache/com.google.guava/guava/bundles/guava-19.0.jar, file:/C:/Users/Kuba/.ivy2/cache/org.asynchttpclient/async-http-client/jars/async-http-client-2.0.2.jar, file:/C:/Users/Kuba/.ivy2/cache/org.asynchttpclient/netty-resolver-dns/jars/netty-resolver-dns-2.0.2.jar, file:/C:/Users/Kuba/.ivy2/cache/org.asynchttpclient/netty-resolver/jars/netty-resolver-2.0.2.jar, file:/C:/Users/Kuba/.ivy2/cache/org.slf4j/slf4j-api/jars/slf4j-api-1.7.21.jar, file:/C:/Users/Kuba/.ivy2/cache/org.asynchttpclient/netty-codec-dns/jars/netty-codec-dns-2.0.2.jar, file:/C:/Users/Kuba/.ivy2/cache/org.javassist/javassist/bundles/javassist-3.20.0-GA.jar, file:/C:/Users/Kuba/.ivy2/cache/oauth.signpost/signpost-core/jars/signpost-core-1.2.1.2.jar, file:/C:/Users/Kuba/.ivy2/cache/oauth.signpost/signpost-commonshttp4/jars/signpost-commonshttp4-1.2.1.2.jar, file:/C:/Users/Kuba/.ivy2/cache/org.apache.httpcomponents/httpcore/jars/httpcore-4.0.1.jar, file:/C:/Users/Kuba/.ivy2/cache/org.apache.httpcomponents/httpclient/jars/httpclient-4.0.1.jar, file:/C:/Users/Kuba/.ivy2/cache/commons-logging/commons-logging/jars/commons-logging-1.1.1.jar, file:/C:/Users/Kuba/.ivy2/cache/com.atlassian.jwt/jwt-core/jars/jwt-core-1.5.8.jar, file:/C:/Users/Kuba/.ivy2/cache/com.nimbusds/nimbus-jose-jwt/jars/nimbus-jose-jwt-2.16.jar, file:/C:/Users/Kuba/.ivy2/cache/net.jcip/jcip-annotations/jars/jcip-annotations-1.0.jar, file:/C:/Users/Kuba/.ivy2/cache/net.minidev/json-smart/jars/json-smart-1.1.1.jar, file:/C:/Users/Kuba/.ivy2/cache/javax.mail/mail/jars/mail-1.4.7.jar, file:/C:/Users/Kuba/.ivy2/cache/org.bouncycastle/bcprov-jdk15on/jars/bcprov-jdk15on-1.51.jar, file:/C:/Users/Kuba/.ivy2/cache/org.bouncycastle/bcpkix-jdk15on/jars/bcpkix-jdk15on-1.51.jar, file:/C:/Users/Kuba/.ivy2/cache/com.atlassian.jwt/jwt-api/jars/jwt-api-1.5.8.jar, file:/C:/Users/Kuba/.ivy2/cache/com.mohiva/play-silhouette-password-bcrypt_2.11/jars/play-silhouette-password-bcrypt_2.11-4.0.0.jar, file:/C:/Users/Kuba/.ivy2/cache/de.svenkubiak/jBCrypt/bundles/jBCrypt-0.4.1.jar, file:/C:/Users/Kuba/.ivy2/cache/com.mohiva/play-silhouette-persistence_2.11/jars/play-silhouette-persistence_2.11-4.0.0.jar, file:/C:/Users/Kuba/.ivy2/cache/com.mohiva/play-silhouette-crypto-jca_2.11/jars/play-silhouette-crypto-jca_2.11-4.0.0.jar, file:/C:/Users/Kuba/.ivy2/cache/org.webjars/webjars-play_2.11/jars/webjars-play_2.11-2.5.0-2.jar, file:/C:/Users/Kuba/.ivy2/cache/org.webjars/requirejs/jars/requirejs-2.1.20.jar, file:/C:/Users/Kuba/.ivy2/cache/org.webjars/webjars-locator/jars/webjars-locator-0.31.jar, file:/C:/Users/Kuba/.ivy2/cache/org.webjars/webjars-locator-core/jars/webjars-locator-core-0.30.jar, file:/C:/Users/Kuba/.ivy2/cache/org.apache.commons/commons-compress/jars/commons-compress-1.9.jar, file:/C:/Users/Kuba/.ivy2/cache/net.codingwell/scala-guice_2.11/jars/scala-guice_2.11-4.0.1.jar, file:/C:/Users/Kuba/.ivy2/cache/com.google.inject.extensions/guice-multibindings/jars/guice-multibindings-4.0.jar, file:/C:/Users/Kuba/.ivy2/cache/com.iheart/ficus_2.11/jars/ficus_2.11-1.2.6.jar, file:/C:/Users/Kuba/.ivy2/cache/org.typelevel/macro-compat_2.11/jars/macro-compat_2.11-1.1.1.jar, file:/C:/Users/Kuba/.ivy2/cache/com.typesafe.play/play-mailer_2.11/jars/play-mailer_2.11-5.0.0.jar, file:/C:/Users/Kuba/.ivy2/cache/org.apache.commons/commons-email/jars/commons-email-1.4.jar, file:/C:/Users/Kuba/.ivy2/cache/com.sun.mail/javax.mail/jars/javax.mail-1.5.2.jar, file:/C:/Users/Kuba/.ivy2/cache/javax.activation/activation/jars/activation-1.1.1.jar, file:/C:/Users/Kuba/.ivy2/cache/com.enragedginger/akka-quartz-scheduler_2.11/jars/akka-quartz-scheduler_2.11-1.5.0-akka-2.4.x.jar, file:/C:/Users/Kuba/.ivy2/cache/org.quartz-scheduler/quartz/jars/quartz-2.2.2.jar, file:/C:/Users/Kuba/.ivy2/cache/c3p0/c3p0/jars/c3p0-0.9.1.1.jar, file:/C:/Users/Kuba/.ivy2/cache/com.adrianhurt/play-bootstrap_2.11/jars/play-bootstrap_2.11-1.0-P25-B3.jar, file:/C:/Users/Kuba/.ivy2/cache/com.typesafe.play/filters-helpers_2.11/jars/filters-helpers_2.11-2.5.4.jar, file:/C:/Users/Kuba/.ivy2/cache/com.typesafe.play/play-java_2.11/jars/play-java_2.11-2.5.4.jar, file:/C:/Users/Kuba/Downloads/activator-dist-1.3.12/repository/org.yaml/snakeyaml/1.16/bundles/snakeyaml.jar, file:/C:/Users/Kuba/Downloads/activator-dist-1.3.12/repository/org.hibernate/hibernate-validator/5.2.4.Final/jars/hibernate-validator.jar, file:/C:/Users/Kuba/Downloads/activator-dist-1.3.12/repository/javax.validation/validation-api/1.1.0.Final/jars/validation-api.jar, file:/C:/Users/Kuba/Downloads/activator-dist-1.3.12/repository/org.jboss.logging/jboss-logging/3.2.1.Final/jars/jboss-logging.jar, file:/C:/Users/Kuba/Downloads/activator-dist-1.3.12/repository/com.fasterxml/classmate/1.1.0/bundles/classmate.jar, file:/C:/Users/Kuba/Downloads/activator-dist-1.3.12/repository/javax.el/javax.el-api/3.0.0/jars/javax.el-api.jar, file:/C:/Users/Kuba/.ivy2/cache/org.springframework/spring-context/jars/spring-context-4.2.4.RELEASE.jar, file:/C:/Users/Kuba/.ivy2/cache/org.springframework/spring-core/jars/spring-core-4.2.4.RELEASE.jar, file:/C:/Users/Kuba/.ivy2/cache/org.springframework/spring-beans/jars/spring-beans-4.2.4.RELEASE.jar, file:/C:/Users/Kuba/Downloads/activator-dist-1.3.12/repository/org.reflections/reflections/0.9.10/jars/reflections.jar, file:/C:/Users/Kuba/Downloads/activator-dist-1.3.12/repository/net.jodah/typetools/0.4.4/bundles/typetools.jar, file:/C:/Users/Kuba/.ivy2/cache/com.google.code.findbugs/jsr305/jars/jsr305-3.0.1.jar, file:/C:/Users/Kuba/Downloads/activator-dist-1.3.12/repository/org.apache.tomcat/tomcat-servlet-api/8.0.33/jars/tomcat-servlet-api.jar, file:/C:/Users/Kuba/.ivy2/cache/com.adrianhurt/play-bootstrap-core_2.11/jars/play-bootstrap-core_2.11-1.0-P25.jar, file:/C:/Users/Kuba/.ivy2/cache/org.webjars/bootstrap/jars/bootstrap-3.3.6.jar, file:/C:/Users/Kuba/.ivy2/cache/org.webjars/jquery/jars/jquery-2.1.4.jar}
16:45:22.840 [ForkJoinPool-8-worker-1] DEBUG c.g.inject.internal.util.Stopwatch - Binding initialization: 53ms
16:45:22.840 [ForkJoinPool-8-worker-1] DEBUG c.g.inject.internal.util.Stopwatch - Binding indexing: 0ms
16:45:22.840 [ForkJoinPool-8-worker-1] DEBUG c.g.inject.internal.util.Stopwatch - Collecting injection requests: 0ms
16:45:22.841 [ForkJoinPool-8-worker-1] DEBUG c.google.inject.internal.BytecodeGen - Loading class com.mohiva.play.silhouette.api.actions.DefaultSecuredAction FastClass with PlayDependencyClassLoader{file:/C:/Users/Kuba/IdeaProjects/play-silhouette-seed-master/lib/connect-four.jar, file:/C:/Users/Kuba/IdeaProjects/play-silhouette-seed-master/lib/sudoku.jar, file:/C:/Users/Kuba/.ivy2/cache/org.scala-lang/scala-library/jars/scala-library-2.11.8.jar, file:/C:/Users/Kuba/Downloads/activator-dist-1.3.12/repository/com.typesafe.play/twirl-api_2.11/1.1.1/jars/twirl-api_2.11.jar, file:/C:/Users/Kuba/.ivy2/cache/org.apache.commons/commons-lang3/jars/commons-lang3-3.4.jar, file:/C:/Users/Kuba/.ivy2/cache/org.scala-lang.modules/scala-xml_2.11/bundles/scala-xml_2.11-1.0.1.jar, file:/C:/Users/Kuba/.ivy2/cache/com.typesafe.play/play-server_2.11/jars/play-server_2.11-2.5.4.jar, file:/C:/Users/Kuba/.ivy2/cache/com.typesafe.play/play_2.11/jars/play_2.11-2.5.4.jar, file:/C:/Users/Kuba/.ivy2/cache/com.typesafe.play/build-link/jars/build-link-2.5.4.jar, file:/C:/Users/Kuba/.ivy2/cache/com.typesafe.play/play-exceptions/jars/play-exceptions-2.5.4.jar, file:/C:/Users/Kuba/.ivy2/cache/com.typesafe.play/play-iteratees_2.11/jars/play-iteratees_2.11-2.5.4.jar, file:/C:/Users/Kuba/.ivy2/cache/org.scala-stm/scala-stm_2.11/jars/scala-stm_2.11-0.7.jar, file:/C:/Users/Kuba/Downloads/activator-dist-1.3.12/repository/com.typesafe/config/1.3.0/bundles/config.jar, file:/C:/Users/Kuba/.ivy2/cache/ch.qos.logback/logback-classic/jars/logback-classic-1.1.7.jar, file:/C:/Users/Kuba/.ivy2/cache/ch.qos.logback/logback-core/jars/logback-core-1.1.7.jar, file:/C:/Users/Kuba/.ivy2/cache/com.typesafe.play/play-json_2.11/jars/play-json_2.11-2.5.4.jar, file:/C:/Users/Kuba/.ivy2/cache/com.typesafe.play/play-functional_2.11/jars/play-functional_2.11-2.5.4.jar, file:/C:/Users/Kuba/.ivy2/cache/com.typesafe.play/play-datacommons_2.11/jars/play-datacommons_2.11-2.5.4.jar, file:/C:/Users/Kuba/Downloads/activator-dist-1.3.12/repository/joda-time/joda-time/2.9.2/jars/joda-time.jar, file:/C:/Users/Kuba/Downloads/activator-dist-1.3.12/repository/org.joda/joda-convert/1.8.1/jars/joda-convert.jar, file:/C:/Users/Kuba/Downloads/activator-dist-1.3.12/repository/org.scala-lang/scala-reflect/2.11.7/jars/scala-reflect.jar, file:/C:/Users/Kuba/Downloads/activator-dist-1.3.12/repository/com.fasterxml.jackson.core/jackson-core/2.7.1/bundles/jackson-core.jar, file:/C:/Users/Kuba/Downloads/activator-dist-1.3.12/repository/com.fasterxml.jackson.core/jackson-annotations/2.7.1/bundles/jackson-annotations.jar, file:/C:/Users/Kuba/Downloads/activator-dist-1.3.12/repository/com.fasterxml.jackson.core/jackson-databind/2.7.1/bundles/jackson-databind.jar, file:/C:/Users/Kuba/Downloads/activator-dist-1.3.12/repository/com.fasterxml.jackson.datatype/jackson-datatype-jdk8/2.7.1/bundles/jackson-datatype-jdk8.jar, file:/C:/Users/Kuba/Downloads/activator-dist-1.3.12/repository/com.fasterxml.jackson.datatype/jackson-datatype-jsr310/2.7.1/bundles/jackson-datatype-jsr310.jar, file:/C:/Users/Kuba/.ivy2/cache/com.typesafe.play/play-netty-utils/jars/play-netty-utils-2.5.4.jar, file:/C:/Users/Kuba/.ivy2/cache/org.slf4j/jul-to-slf4j/jars/jul-to-slf4j-1.7.19.jar, file:/C:/Users/Kuba/.ivy2/cache/org.slf4j/jcl-over-slf4j/jars/jcl-over-slf4j-1.7.19.jar, file:/C:/Users/Kuba/.ivy2/cache/com.typesafe.play/play-streams_2.11/jars/play-streams_2.11-2.5.4.jar, file:/C:/Users/Kuba/.ivy2/cache/org.reactivestreams/reactive-streams/jars/reactive-streams-1.0.0.jar, file:/C:/Users/Kuba/.ivy2/cache/com.typesafe.akka/akka-stream_2.11/jars/akka-stream_2.11-2.4.4.jar, file:/C:/Users/Kuba/.ivy2/cache/com.typesafe.akka/akka-actor_2.11/jars/akka-actor_2.11-2.4.4.jar, file:/C:/Users/Kuba/Downloads/activator-dist-1.3.12/repository/org.scala-lang.modules/scala-java8-compat_2.11/0.7.0/bundles/scala-java8-compat_2.11.jar, file:/C:/Users/Kuba/Downloads/activator-dist-1.3.12/repository/com.typesafe/ssl-config-akka_2.11/0.2.1/bundles/ssl-config-akka_2.11.jar, file:/C:/Users/Kuba/.ivy2/cache/com.typesafe/ssl-config-core_2.11/bundles/ssl-config-core_2.11-0.2.1.jar, file:/C:/Users/Kuba/.ivy2/cache/org.scala-lang.modules/scala-parser-combinators_2.11/bundles/scala-parser-combinators_2.11-1.0.4.jar, file:/C:/Users/Kuba/.ivy2/cache/com.typesafe.akka/akka-slf4j_2.11/jars/akka-slf4j_2.11-2.4.4.jar, file:/C:/Users/Kuba/.ivy2/cache/commons-codec/commons-codec/jars/commons-codec-1.10.jar, file:/C:/Users/Kuba/.ivy2/cache/xerces/xercesImpl/jars/xercesImpl-2.11.0.jar, file:/C:/Users/Kuba/.ivy2/cache/xml-apis/xml-apis/jars/xml-apis-1.4.01.jar, file:/C:/Users/Kuba/.ivy2/cache/javax.transaction/jta/jars/jta-1.1.jar, file:/C:/Users/Kuba/Downloads/activator-dist-1.3.12/repository/com.google.inject/guice/4.0/jars/guice.jar, file:/C:/Users/Kuba/.ivy2/cache/javax.inject/javax.inject/jars/javax.inject-1.jar, file:/C:/Users/Kuba/.ivy2/cache/aopalliance/aopalliance/jars/aopalliance-1.0.jar, file:/C:/Users/Kuba/Downloads/activator-dist-1.3.12/repository/com.google.inject.extensions/guice-assistedinject/4.0/jars/guice-assistedinject.jar, file:/C:/Users/Kuba/.ivy2/cache/com.typesafe.play/play-netty-server_2.11/jars/play-netty-server_2.11-2.5.4.jar, file:/C:/Users/Kuba/.ivy2/cache/com.typesafe.netty/netty-reactive-streams-http/jars/netty-reactive-streams-http-1.0.6.jar, file:/C:/Users/Kuba/.ivy2/cache/com.typesafe.netty/netty-reactive-streams/jars/netty-reactive-streams-1.0.6.jar, file:/C:/Users/Kuba/.ivy2/cache/io.netty/netty-handler/jars/netty-handler-4.0.36.Final.jar, file:/C:/Users/Kuba/.ivy2/cache/io.netty/netty-buffer/jars/netty-buffer-4.0.36.Final.jar, file:/C:/Users/Kuba/.ivy2/cache/io.netty/netty-common/jars/netty-common-4.0.36.Final.jar, file:/C:/Users/Kuba/.ivy2/cache/io.netty/netty-transport/jars/netty-transport-4.0.36.Final.jar, file:/C:/Users/Kuba/.ivy2/cache/io.netty/netty-codec/jars/netty-codec-4.0.36.Final.jar, file:/C:/Users/Kuba/.ivy2/cache/io.netty/netty-codec-http/jars/netty-codec-http-4.0.36.Final.jar, file:/C:/Users/Kuba/.ivy2/cache/io.netty/netty-transport-native-epoll/jars/netty-transport-native-epoll-4.0.36.Final-linux-x86_64.jar, file:/C:/Users/Kuba/.ivy2/cache/com.typesafe.play/play-logback_2.11/jars/play-logback_2.11-2.5.4.jar, file:/C:/Users/Kuba/.ivy2/cache/org.scala-lang/scala-swing/jars/scala-swing-2.11.0-M7.jar, file:/C:/Users/Kuba/.ivy2/cache/com.mohiva/play-silhouette_2.11/jars/play-silhouette_2.11-4.0.0.jar, file:/C:/Users/Kuba/.ivy2/cache/com.typesafe.play/play-cache_2.11/jars/play-cache_2.11-2.5.4.jar, file:/C:/Users/Kuba/Downloads/activator-dist-1.3.12/repository/net.sf.ehcache/ehcache-core/2.6.11/jars/ehcache-core.jar, file:/C:/Users/Kuba/.ivy2/cache/com.typesafe.play/play-ws_2.11/jars/play-ws_2.11-2.5.4.jar, file:/C:/Users/Kuba/.ivy2/cache/com.google.guava/guava/bundles/guava-19.0.jar, file:/C:/Users/Kuba/.ivy2/cache/org.asynchttpclient/async-http-client/jars/async-http-client-2.0.2.jar, file:/C:/Users/Kuba/.ivy2/cache/org.asynchttpclient/netty-resolver-dns/jars/netty-resolver-dns-2.0.2.jar, file:/C:/Users/Kuba/.ivy2/cache/org.asynchttpclient/netty-resolver/jars/netty-resolver-2.0.2.jar, file:/C:/Users/Kuba/.ivy2/cache/org.slf4j/slf4j-api/jars/slf4j-api-1.7.21.jar, file:/C:/Users/Kuba/.ivy2/cache/org.asynchttpclient/netty-codec-dns/jars/netty-codec-dns-2.0.2.jar, file:/C:/Users/Kuba/.ivy2/cache/org.javassist/javassist/bundles/javassist-3.20.0-GA.jar, file:/C:/Users/Kuba/.ivy2/cache/oauth.signpost/signpost-core/jars/signpost-core-1.2.1.2.jar, file:/C:/Users/Kuba/.ivy2/cache/oauth.signpost/signpost-commonshttp4/jars/signpost-commonshttp4-1.2.1.2.jar, file:/C:/Users/Kuba/.ivy2/cache/org.apache.httpcomponents/httpcore/jars/httpcore-4.0.1.jar, file:/C:/Users/Kuba/.ivy2/cache/org.apache.httpcomponents/httpclient/jars/httpclient-4.0.1.jar, file:/C:/Users/Kuba/.ivy2/cache/commons-logging/commons-logging/jars/commons-logging-1.1.1.jar, file:/C:/Users/Kuba/.ivy2/cache/com.atlassian.jwt/jwt-core/jars/jwt-core-1.5.8.jar, file:/C:/Users/Kuba/.ivy2/cache/com.nimbusds/nimbus-jose-jwt/jars/nimbus-jose-jwt-2.16.jar, file:/C:/Users/Kuba/.ivy2/cache/net.jcip/jcip-annotations/jars/jcip-annotations-1.0.jar, file:/C:/Users/Kuba/.ivy2/cache/net.minidev/json-smart/jars/json-smart-1.1.1.jar, file:/C:/Users/Kuba/.ivy2/cache/javax.mail/mail/jars/mail-1.4.7.jar, file:/C:/Users/Kuba/.ivy2/cache/org.bouncycastle/bcprov-jdk15on/jars/bcprov-jdk15on-1.51.jar, file:/C:/Users/Kuba/.ivy2/cache/org.bouncycastle/bcpkix-jdk15on/jars/bcpkix-jdk15on-1.51.jar, file:/C:/Users/Kuba/.ivy2/cache/com.atlassian.jwt/jwt-api/jars/jwt-api-1.5.8.jar, file:/C:/Users/Kuba/.ivy2/cache/com.mohiva/play-silhouette-password-bcrypt_2.11/jars/play-silhouette-password-bcrypt_2.11-4.0.0.jar, file:/C:/Users/Kuba/.ivy2/cache/de.svenkubiak/jBCrypt/bundles/jBCrypt-0.4.1.jar, file:/C:/Users/Kuba/.ivy2/cache/com.mohiva/play-silhouette-persistence_2.11/jars/play-silhouette-persistence_2.11-4.0.0.jar, file:/C:/Users/Kuba/.ivy2/cache/com.mohiva/play-silhouette-crypto-jca_2.11/jars/play-silhouette-crypto-jca_2.11-4.0.0.jar, file:/C:/Users/Kuba/.ivy2/cache/org.webjars/webjars-play_2.11/jars/webjars-play_2.11-2.5.0-2.jar, file:/C:/Users/Kuba/.ivy2/cache/org.webjars/requirejs/jars/requirejs-2.1.20.jar, file:/C:/Users/Kuba/.ivy2/cache/org.webjars/webjars-locator/jars/webjars-locator-0.31.jar, file:/C:/Users/Kuba/.ivy2/cache/org.webjars/webjars-locator-core/jars/webjars-locator-core-0.30.jar, file:/C:/Users/Kuba/.ivy2/cache/org.apache.commons/commons-compress/jars/commons-compress-1.9.jar, file:/C:/Users/Kuba/.ivy2/cache/net.codingwell/scala-guice_2.11/jars/scala-guice_2.11-4.0.1.jar, file:/C:/Users/Kuba/.ivy2/cache/com.google.inject.extensions/guice-multibindings/jars/guice-multibindings-4.0.jar, file:/C:/Users/Kuba/.ivy2/cache/com.iheart/ficus_2.11/jars/ficus_2.11-1.2.6.jar, file:/C:/Users/Kuba/.ivy2/cache/org.typelevel/macro-compat_2.11/jars/macro-compat_2.11-1.1.1.jar, file:/C:/Users/Kuba/.ivy2/cache/com.typesafe.play/play-mailer_2.11/jars/play-mailer_2.11-5.0.0.jar, file:/C:/Users/Kuba/.ivy2/cache/org.apache.commons/commons-email/jars/commons-email-1.4.jar, file:/C:/Users/Kuba/.ivy2/cache/com.sun.mail/javax.mail/jars/javax.mail-1.5.2.jar, file:/C:/Users/Kuba/.ivy2/cache/javax.activation/activation/jars/activation-1.1.1.jar, file:/C:/Users/Kuba/.ivy2/cache/com.enragedginger/akka-quartz-scheduler_2.11/jars/akka-quartz-scheduler_2.11-1.5.0-akka-2.4.x.jar, file:/C:/Users/Kuba/.ivy2/cache/org.quartz-scheduler/quartz/jars/quartz-2.2.2.jar, file:/C:/Users/Kuba/.ivy2/cache/c3p0/c3p0/jars/c3p0-0.9.1.1.jar, file:/C:/Users/Kuba/.ivy2/cache/com.adrianhurt/play-bootstrap_2.11/jars/play-bootstrap_2.11-1.0-P25-B3.jar, file:/C:/Users/Kuba/.ivy2/cache/com.typesafe.play/filters-helpers_2.11/jars/filters-helpers_2.11-2.5.4.jar, file:/C:/Users/Kuba/.ivy2/cache/com.typesafe.play/play-java_2.11/jars/play-java_2.11-2.5.4.jar, file:/C:/Users/Kuba/Downloads/activator-dist-1.3.12/repository/org.yaml/snakeyaml/1.16/bundles/snakeyaml.jar, file:/C:/Users/Kuba/Downloads/activator-dist-1.3.12/repository/org.hibernate/hibernate-validator/5.2.4.Final/jars/hibernate-validator.jar, file:/C:/Users/Kuba/Downloads/activator-dist-1.3.12/repository/javax.validation/validation-api/1.1.0.Final/jars/validation-api.jar, file:/C:/Users/Kuba/Downloads/activator-dist-1.3.12/repository/org.jboss.logging/jboss-logging/3.2.1.Final/jars/jboss-logging.jar, file:/C:/Users/Kuba/Downloads/activator-dist-1.3.12/repository/com.fasterxml/classmate/1.1.0/bundles/classmate.jar, file:/C:/Users/Kuba/Downloads/activator-dist-1.3.12/repository/javax.el/javax.el-api/3.0.0/jars/javax.el-api.jar, file:/C:/Users/Kuba/.ivy2/cache/org.springframework/spring-context/jars/spring-context-4.2.4.RELEASE.jar, file:/C:/Users/Kuba/.ivy2/cache/org.springframework/spring-core/jars/spring-core-4.2.4.RELEASE.jar, file:/C:/Users/Kuba/.ivy2/cache/org.springframework/spring-beans/jars/spring-beans-4.2.4.RELEASE.jar, file:/C:/Users/Kuba/Downloads/activator-dist-1.3.12/repository/org.reflections/reflections/0.9.10/jars/reflections.jar, file:/C:/Users/Kuba/Downloads/activator-dist-1.3.12/repository/net.jodah/typetools/0.4.4/bundles/typetools.jar, file:/C:/Users/Kuba/.ivy2/cache/com.google.code.findbugs/jsr305/jars/jsr305-3.0.1.jar, file:/C:/Users/Kuba/Downloads/activator-dist-1.3.12/repository/org.apache.tomcat/tomcat-servlet-api/8.0.33/jars/tomcat-servlet-api.jar, file:/C:/Users/Kuba/.ivy2/cache/com.adrianhurt/play-bootstrap-core_2.11/jars/play-bootstrap-core_2.11-1.0-P25.jar, file:/C:/Users/Kuba/.ivy2/cache/org.webjars/bootstrap/jars/bootstrap-3.3.6.jar, file:/C:/Users/Kuba/.ivy2/cache/org.webjars/jquery/jars/jquery-2.1.4.jar}
16:45:22.844 [ForkJoinPool-8-worker-1] DEBUG c.google.inject.internal.BytecodeGen - Loading class com.mohiva.play.silhouette.api.actions.DefaultSecuredRequestHandler FastClass with PlayDependencyClassLoader{file:/C:/Users/Kuba/IdeaProjects/play-silhouette-seed-master/lib/connect-four.jar, file:/C:/Users/Kuba/IdeaProjects/play-silhouette-seed-master/lib/sudoku.jar, file:/C:/Users/Kuba/.ivy2/cache/org.scala-lang/scala-library/jars/scala-library-2.11.8.jar, file:/C:/Users/Kuba/Downloads/activator-dist-1.3.12/repository/com.typesafe.play/twirl-api_2.11/1.1.1/jars/twirl-api_2.11.jar, file:/C:/Users/Kuba/.ivy2/cache/org.apache.commons/commons-lang3/jars/commons-lang3-3.4.jar, file:/C:/Users/Kuba/.ivy2/cache/org.scala-lang.modules/scala-xml_2.11/bundles/scala-xml_2.11-1.0.1.jar, file:/C:/Users/Kuba/.ivy2/cache/com.typesafe.play/play-server_2.11/jars/play-server_2.11-2.5.4.jar, file:/C:/Users/Kuba/.ivy2/cache/com.typesafe.play/play_2.11/jars/play_2.11-2.5.4.jar, file:/C:/Users/Kuba/.ivy2/cache/com.typesafe.play/build-link/jars/build-link-2.5.4.jar, file:/C:/Users/Kuba/.ivy2/cache/com.typesafe.play/play-exceptions/jars/play-exceptions-2.5.4.jar, file:/C:/Users/Kuba/.ivy2/cache/com.typesafe.play/play-iteratees_2.11/jars/play-iteratees_2.11-2.5.4.jar, file:/C:/Users/Kuba/.ivy2/cache/org.scala-stm/scala-stm_2.11/jars/scala-stm_2.11-0.7.jar, file:/C:/Users/Kuba/Downloads/activator-dist-1.3.12/repository/com.typesafe/config/1.3.0/bundles/config.jar, file:/C:/Users/Kuba/.ivy2/cache/ch.qos.logback/logback-classic/jars/logback-classic-1.1.7.jar, file:/C:/Users/Kuba/.ivy2/cache/ch.qos.logback/logback-core/jars/logback-core-1.1.7.jar, file:/C:/Users/Kuba/.ivy2/cache/com.typesafe.play/play-json_2.11/jars/play-json_2.11-2.5.4.jar, file:/C:/Users/Kuba/.ivy2/cache/com.typesafe.play/play-functional_2.11/jars/play-functional_2.11-2.5.4.jar, file:/C:/Users/Kuba/.ivy2/cache/com.typesafe.play/play-datacommons_2.11/jars/play-datacommons_2.11-2.5.4.jar, file:/C:/Users/Kuba/Downloads/activator-dist-1.3.12/repository/joda-time/joda-time/2.9.2/jars/joda-time.jar, file:/C:/Users/Kuba/Downloads/activator-dist-1.3.12/repository/org.joda/joda-convert/1.8.1/jars/joda-convert.jar, file:/C:/Users/Kuba/Downloads/activator-dist-1.3.12/repository/org.scala-lang/scala-reflect/2.11.7/jars/scala-reflect.jar, file:/C:/Users/Kuba/Downloads/activator-dist-1.3.12/repository/com.fasterxml.jackson.core/jackson-core/2.7.1/bundles/jackson-core.jar, file:/C:/Users/Kuba/Downloads/activator-dist-1.3.12/repository/com.fasterxml.jackson.core/jackson-annotations/2.7.1/bundles/jackson-annotations.jar, file:/C:/Users/Kuba/Downloads/activator-dist-1.3.12/repository/com.fasterxml.jackson.core/jackson-databind/2.7.1/bundles/jackson-databind.jar, file:/C:/Users/Kuba/Downloads/activator-dist-1.3.12/repository/com.fasterxml.jackson.datatype/jackson-datatype-jdk8/2.7.1/bundles/jackson-datatype-jdk8.jar, file:/C:/Users/Kuba/Downloads/activator-dist-1.3.12/repository/com.fasterxml.jackson.datatype/jackson-datatype-jsr310/2.7.1/bundles/jackson-datatype-jsr310.jar, file:/C:/Users/Kuba/.ivy2/cache/com.typesafe.play/play-netty-utils/jars/play-netty-utils-2.5.4.jar, file:/C:/Users/Kuba/.ivy2/cache/org.slf4j/jul-to-slf4j/jars/jul-to-slf4j-1.7.19.jar, file:/C:/Users/Kuba/.ivy2/cache/org.slf4j/jcl-over-slf4j/jars/jcl-over-slf4j-1.7.19.jar, file:/C:/Users/Kuba/.ivy2/cache/com.typesafe.play/play-streams_2.11/jars/play-streams_2.11-2.5.4.jar, file:/C:/Users/Kuba/.ivy2/cache/org.reactivestreams/reactive-streams/jars/reactive-streams-1.0.0.jar, file:/C:/Users/Kuba/.ivy2/cache/com.typesafe.akka/akka-stream_2.11/jars/akka-stream_2.11-2.4.4.jar, file:/C:/Users/Kuba/.ivy2/cache/com.typesafe.akka/akka-actor_2.11/jars/akka-actor_2.11-2.4.4.jar, file:/C:/Users/Kuba/Downloads/activator-dist-1.3.12/repository/org.scala-lang.modules/scala-java8-compat_2.11/0.7.0/bundles/scala-java8-compat_2.11.jar, file:/C:/Users/Kuba/Downloads/activator-dist-1.3.12/repository/com.typesafe/ssl-config-akka_2.11/0.2.1/bundles/ssl-config-akka_2.11.jar, file:/C:/Users/Kuba/.ivy2/cache/com.typesafe/ssl-config-core_2.11/bundles/ssl-config-core_2.11-0.2.1.jar, file:/C:/Users/Kuba/.ivy2/cache/org.scala-lang.modules/scala-parser-combinators_2.11/bundles/scala-parser-combinators_2.11-1.0.4.jar, file:/C:/Users/Kuba/.ivy2/cache/com.typesafe.akka/akka-slf4j_2.11/jars/akka-slf4j_2.11-2.4.4.jar, file:/C:/Users/Kuba/.ivy2/cache/commons-codec/commons-codec/jars/commons-codec-1.10.jar, file:/C:/Users/Kuba/.ivy2/cache/xerces/xercesImpl/jars/xercesImpl-2.11.0.jar, file:/C:/Users/Kuba/.ivy2/cache/xml-apis/xml-apis/jars/xml-apis-1.4.01.jar, file:/C:/Users/Kuba/.ivy2/cache/javax.transaction/jta/jars/jta-1.1.jar, file:/C:/Users/Kuba/Downloads/activator-dist-1.3.12/repository/com.google.inject/guice/4.0/jars/guice.jar, file:/C:/Users/Kuba/.ivy2/cache/javax.inject/javax.inject/jars/javax.inject-1.jar, file:/C:/Users/Kuba/.ivy2/cache/aopalliance/aopalliance/jars/aopalliance-1.0.jar, file:/C:/Users/Kuba/Downloads/activator-dist-1.3.12/repository/com.google.inject.extensions/guice-assistedinject/4.0/jars/guice-assistedinject.jar, file:/C:/Users/Kuba/.ivy2/cache/com.typesafe.play/play-netty-server_2.11/jars/play-netty-server_2.11-2.5.4.jar, file:/C:/Users/Kuba/.ivy2/cache/com.typesafe.netty/netty-reactive-streams-http/jars/netty-reactive-streams-http-1.0.6.jar, file:/C:/Users/Kuba/.ivy2/cache/com.typesafe.netty/netty-reactive-streams/jars/netty-reactive-streams-1.0.6.jar, file:/C:/Users/Kuba/.ivy2/cache/io.netty/netty-handler/jars/netty-handler-4.0.36.Final.jar, file:/C:/Users/Kuba/.ivy2/cache/io.netty/netty-buffer/jars/netty-buffer-4.0.36.Final.jar, file:/C:/Users/Kuba/.ivy2/cache/io.netty/netty-common/jars/netty-common-4.0.36.Final.jar, file:/C:/Users/Kuba/.ivy2/cache/io.netty/netty-transport/jars/netty-transport-4.0.36.Final.jar, file:/C:/Users/Kuba/.ivy2/cache/io.netty/netty-codec/jars/netty-codec-4.0.36.Final.jar, file:/C:/Users/Kuba/.ivy2/cache/io.netty/netty-codec-http/jars/netty-codec-http-4.0.36.Final.jar, file:/C:/Users/Kuba/.ivy2/cache/io.netty/netty-transport-native-epoll/jars/netty-transport-native-epoll-4.0.36.Final-linux-x86_64.jar, file:/C:/Users/Kuba/.ivy2/cache/com.typesafe.play/play-logback_2.11/jars/play-logback_2.11-2.5.4.jar, file:/C:/Users/Kuba/.ivy2/cache/org.scala-lang/scala-swing/jars/scala-swing-2.11.0-M7.jar, file:/C:/Users/Kuba/.ivy2/cache/com.mohiva/play-silhouette_2.11/jars/play-silhouette_2.11-4.0.0.jar, file:/C:/Users/Kuba/.ivy2/cache/com.typesafe.play/play-cache_2.11/jars/play-cache_2.11-2.5.4.jar, file:/C:/Users/Kuba/Downloads/activator-dist-1.3.12/repository/net.sf.ehcache/ehcache-core/2.6.11/jars/ehcache-core.jar, file:/C:/Users/Kuba/.ivy2/cache/com.typesafe.play/play-ws_2.11/jars/play-ws_2.11-2.5.4.jar, file:/C:/Users/Kuba/.ivy2/cache/com.google.guava/guava/bundles/guava-19.0.jar, file:/C:/Users/Kuba/.ivy2/cache/org.asynchttpclient/async-http-client/jars/async-http-client-2.0.2.jar, file:/C:/Users/Kuba/.ivy2/cache/org.asynchttpclient/netty-resolver-dns/jars/netty-resolver-dns-2.0.2.jar, file:/C:/Users/Kuba/.ivy2/cache/org.asynchttpclient/netty-resolver/jars/netty-resolver-2.0.2.jar, file:/C:/Users/Kuba/.ivy2/cache/org.slf4j/slf4j-api/jars/slf4j-api-1.7.21.jar, file:/C:/Users/Kuba/.ivy2/cache/org.asynchttpclient/netty-codec-dns/jars/netty-codec-dns-2.0.2.jar, file:/C:/Users/Kuba/.ivy2/cache/org.javassist/javassist/bundles/javassist-3.20.0-GA.jar, file:/C:/Users/Kuba/.ivy2/cache/oauth.signpost/signpost-core/jars/signpost-core-1.2.1.2.jar, file:/C:/Users/Kuba/.ivy2/cache/oauth.signpost/signpost-commonshttp4/jars/signpost-commonshttp4-1.2.1.2.jar, file:/C:/Users/Kuba/.ivy2/cache/org.apache.httpcomponents/httpcore/jars/httpcore-4.0.1.jar, file:/C:/Users/Kuba/.ivy2/cache/org.apache.httpcomponents/httpclient/jars/httpclient-4.0.1.jar, file:/C:/Users/Kuba/.ivy2/cache/commons-logging/commons-logging/jars/commons-logging-1.1.1.jar, file:/C:/Users/Kuba/.ivy2/cache/com.atlassian.jwt/jwt-core/jars/jwt-core-1.5.8.jar, file:/C:/Users/Kuba/.ivy2/cache/com.nimbusds/nimbus-jose-jwt/jars/nimbus-jose-jwt-2.16.jar, file:/C:/Users/Kuba/.ivy2/cache/net.jcip/jcip-annotations/jars/jcip-annotations-1.0.jar, file:/C:/Users/Kuba/.ivy2/cache/net.minidev/json-smart/jars/json-smart-1.1.1.jar, file:/C:/Users/Kuba/.ivy2/cache/javax.mail/mail/jars/mail-1.4.7.jar, file:/C:/Users/Kuba/.ivy2/cache/org.bouncycastle/bcprov-jdk15on/jars/bcprov-jdk15on-1.51.jar, file:/C:/Users/Kuba/.ivy2/cache/org.bouncycastle/bcpkix-jdk15on/jars/bcpkix-jdk15on-1.51.jar, file:/C:/Users/Kuba/.ivy2/cache/com.atlassian.jwt/jwt-api/jars/jwt-api-1.5.8.jar, file:/C:/Users/Kuba/.ivy2/cache/com.mohiva/play-silhouette-password-bcrypt_2.11/jars/play-silhouette-password-bcrypt_2.11-4.0.0.jar, file:/C:/Users/Kuba/.ivy2/cache/de.svenkubiak/jBCrypt/bundles/jBCrypt-0.4.1.jar, file:/C:/Users/Kuba/.ivy2/cache/com.mohiva/play-silhouette-persistence_2.11/jars/play-silhouette-persistence_2.11-4.0.0.jar, file:/C:/Users/Kuba/.ivy2/cache/com.mohiva/play-silhouette-crypto-jca_2.11/jars/play-silhouette-crypto-jca_2.11-4.0.0.jar, file:/C:/Users/Kuba/.ivy2/cache/org.webjars/webjars-play_2.11/jars/webjars-play_2.11-2.5.0-2.jar, file:/C:/Users/Kuba/.ivy2/cache/org.webjars/requirejs/jars/requirejs-2.1.20.jar, file:/C:/Users/Kuba/.ivy2/cache/org.webjars/webjars-locator/jars/webjars-locator-0.31.jar, file:/C:/Users/Kuba/.ivy2/cache/org.webjars/webjars-locator-core/jars/webjars-locator-core-0.30.jar, file:/C:/Users/Kuba/.ivy2/cache/org.apache.commons/commons-compress/jars/commons-compress-1.9.jar, file:/C:/Users/Kuba/.ivy2/cache/net.codingwell/scala-guice_2.11/jars/scala-guice_2.11-4.0.1.jar, file:/C:/Users/Kuba/.ivy2/cache/com.google.inject.extensions/guice-multibindings/jars/guice-multibindings-4.0.jar, file:/C:/Users/Kuba/.ivy2/cache/com.iheart/ficus_2.11/jars/ficus_2.11-1.2.6.jar, file:/C:/Users/Kuba/.ivy2/cache/org.typelevel/macro-compat_2.11/jars/macro-compat_2.11-1.1.1.jar, file:/C:/Users/Kuba/.ivy2/cache/com.typesafe.play/play-mailer_2.11/jars/play-mailer_2.11-5.0.0.jar, file:/C:/Users/Kuba/.ivy2/cache/org.apache.commons/commons-email/jars/commons-email-1.4.jar, file:/C:/Users/Kuba/.ivy2/cache/com.sun.mail/javax.mail/jars/javax.mail-1.5.2.jar, file:/C:/Users/Kuba/.ivy2/cache/javax.activation/activation/jars/activation-1.1.1.jar, file:/C:/Users/Kuba/.ivy2/cache/com.enragedginger/akka-quartz-scheduler_2.11/jars/akka-quartz-scheduler_2.11-1.5.0-akka-2.4.x.jar, file:/C:/Users/Kuba/.ivy2/cache/org.quartz-scheduler/quartz/jars/quartz-2.2.2.jar, file:/C:/Users/Kuba/.ivy2/cache/c3p0/c3p0/jars/c3p0-0.9.1.1.jar, file:/C:/Users/Kuba/.ivy2/cache/com.adrianhurt/play-bootstrap_2.11/jars/play-bootstrap_2.11-1.0-P25-B3.jar, file:/C:/Users/Kuba/.ivy2/cache/com.typesafe.play/filters-helpers_2.11/jars/filters-helpers_2.11-2.5.4.jar, file:/C:/Users/Kuba/.ivy2/cache/com.typesafe.play/play-java_2.11/jars/play-java_2.11-2.5.4.jar, file:/C:/Users/Kuba/Downloads/activator-dist-1.3.12/repository/org.yaml/snakeyaml/1.16/bundles/snakeyaml.jar, file:/C:/Users/Kuba/Downloads/activator-dist-1.3.12/repository/org.hibernate/hibernate-validator/5.2.4.Final/jars/hibernate-validator.jar, file:/C:/Users/Kuba/Downloads/activator-dist-1.3.12/repository/javax.validation/validation-api/1.1.0.Final/jars/validation-api.jar, file:/C:/Users/Kuba/Downloads/activator-dist-1.3.12/repository/org.jboss.logging/jboss-logging/3.2.1.Final/jars/jboss-logging.jar, file:/C:/Users/Kuba/Downloads/activator-dist-1.3.12/repository/com.fasterxml/classmate/1.1.0/bundles/classmate.jar, file:/C:/Users/Kuba/Downloads/activator-dist-1.3.12/repository/javax.el/javax.el-api/3.0.0/jars/javax.el-api.jar, file:/C:/Users/Kuba/.ivy2/cache/org.springframework/spring-context/jars/spring-context-4.2.4.RELEASE.jar, file:/C:/Users/Kuba/.ivy2/cache/org.springframework/spring-core/jars/spring-core-4.2.4.RELEASE.jar, file:/C:/Users/Kuba/.ivy2/cache/org.springframework/spring-beans/jars/spring-beans-4.2.4.RELEASE.jar, file:/C:/Users/Kuba/Downloads/activator-dist-1.3.12/repository/org.reflections/reflections/0.9.10/jars/reflections.jar, file:/C:/Users/Kuba/Downloads/activator-dist-1.3.12/repository/net.jodah/typetools/0.4.4/bundles/typetools.jar, file:/C:/Users/Kuba/.ivy2/cache/com.google.code.findbugs/jsr305/jars/jsr305-3.0.1.jar, file:/C:/Users/Kuba/Downloads/activator-dist-1.3.12/repository/org.apache.tomcat/tomcat-servlet-api/8.0.33/jars/tomcat-servlet-api.jar, file:/C:/Users/Kuba/.ivy2/cache/com.adrianhurt/play-bootstrap-core_2.11/jars/play-bootstrap-core_2.11-1.0-P25.jar, file:/C:/Users/Kuba/.ivy2/cache/org.webjars/bootstrap/jars/bootstrap-3.3.6.jar, file:/C:/Users/Kuba/.ivy2/cache/org.webjars/jquery/jars/jquery-2.1.4.jar}
16:45:22.849 [ForkJoinPool-8-worker-1] DEBUG c.google.inject.internal.BytecodeGen - Loading class play.api.libs.ws.ahc.AhcWSAPI FastClass with PlayDependencyClassLoader{file:/C:/Users/Kuba/IdeaProjects/play-silhouette-seed-master/lib/connect-four.jar, file:/C:/Users/Kuba/IdeaProjects/play-silhouette-seed-master/lib/sudoku.jar, file:/C:/Users/Kuba/.ivy2/cache/org.scala-lang/scala-library/jars/scala-library-2.11.8.jar, file:/C:/Users/Kuba/Downloads/activator-dist-1.3.12/repository/com.typesafe.play/twirl-api_2.11/1.1.1/jars/twirl-api_2.11.jar, file:/C:/Users/Kuba/.ivy2/cache/org.apache.commons/commons-lang3/jars/commons-lang3-3.4.jar, file:/C:/Users/Kuba/.ivy2/cache/org.scala-lang.modules/scala-xml_2.11/bundles/scala-xml_2.11-1.0.1.jar, file:/C:/Users/Kuba/.ivy2/cache/com.typesafe.play/play-server_2.11/jars/play-server_2.11-2.5.4.jar, file:/C:/Users/Kuba/.ivy2/cache/com.typesafe.play/play_2.11/jars/play_2.11-2.5.4.jar, file:/C:/Users/Kuba/.ivy2/cache/com.typesafe.play/build-link/jars/build-link-2.5.4.jar, file:/C:/Users/Kuba/.ivy2/cache/com.typesafe.play/play-exceptions/jars/play-exceptions-2.5.4.jar, file:/C:/Users/Kuba/.ivy2/cache/com.typesafe.play/play-iteratees_2.11/jars/play-iteratees_2.11-2.5.4.jar, file:/C:/Users/Kuba/.ivy2/cache/org.scala-stm/scala-stm_2.11/jars/scala-stm_2.11-0.7.jar, file:/C:/Users/Kuba/Downloads/activator-dist-1.3.12/repository/com.typesafe/config/1.3.0/bundles/config.jar, file:/C:/Users/Kuba/.ivy2/cache/ch.qos.logback/logback-classic/jars/logback-classic-1.1.7.jar, file:/C:/Users/Kuba/.ivy2/cache/ch.qos.logback/logback-core/jars/logback-core-1.1.7.jar, file:/C:/Users/Kuba/.ivy2/cache/com.typesafe.play/play-json_2.11/jars/play-json_2.11-2.5.4.jar, file:/C:/Users/Kuba/.ivy2/cache/com.typesafe.play/play-functional_2.11/jars/play-functional_2.11-2.5.4.jar, file:/C:/Users/Kuba/.ivy2/cache/com.typesafe.play/play-datacommons_2.11/jars/play-datacommons_2.11-2.5.4.jar, file:/C:/Users/Kuba/Downloads/activator-dist-1.3.12/repository/joda-time/joda-time/2.9.2/jars/joda-time.jar, file:/C:/Users/Kuba/Downloads/activator-dist-1.3.12/repository/org.joda/joda-convert/1.8.1/jars/joda-convert.jar, file:/C:/Users/Kuba/Downloads/activator-dist-1.3.12/repository/org.scala-lang/scala-reflect/2.11.7/jars/scala-reflect.jar, file:/C:/Users/Kuba/Downloads/activator-dist-1.3.12/repository/com.fasterxml.jackson.core/jackson-core/2.7.1/bundles/jackson-core.jar, file:/C:/Users/Kuba/Downloads/activator-dist-1.3.12/repository/com.fasterxml.jackson.core/jackson-annotations/2.7.1/bundles/jackson-annotations.jar, file:/C:/Users/Kuba/Downloads/activator-dist-1.3.12/repository/com.fasterxml.jackson.core/jackson-databind/2.7.1/bundles/jackson-databind.jar, file:/C:/Users/Kuba/Downloads/activator-dist-1.3.12/repository/com.fasterxml.jackson.datatype/jackson-datatype-jdk8/2.7.1/bundles/jackson-datatype-jdk8.jar, file:/C:/Users/Kuba/Downloads/activator-dist-1.3.12/repository/com.fasterxml.jackson.datatype/jackson-datatype-jsr310/2.7.1/bundles/jackson-datatype-jsr310.jar, file:/C:/Users/Kuba/.ivy2/cache/com.typesafe.play/play-netty-utils/jars/play-netty-utils-2.5.4.jar, file:/C:/Users/Kuba/.ivy2/cache/org.slf4j/jul-to-slf4j/jars/jul-to-slf4j-1.7.19.jar, file:/C:/Users/Kuba/.ivy2/cache/org.slf4j/jcl-over-slf4j/jars/jcl-over-slf4j-1.7.19.jar, file:/C:/Users/Kuba/.ivy2/cache/com.typesafe.play/play-streams_2.11/jars/play-streams_2.11-2.5.4.jar, file:/C:/Users/Kuba/.ivy2/cache/org.reactivestreams/reactive-streams/jars/reactive-streams-1.0.0.jar, file:/C:/Users/Kuba/.ivy2/cache/com.typesafe.akka/akka-stream_2.11/jars/akka-stream_2.11-2.4.4.jar, file:/C:/Users/Kuba/.ivy2/cache/com.typesafe.akka/akka-actor_2.11/jars/akka-actor_2.11-2.4.4.jar, file:/C:/Users/Kuba/Downloads/activator-dist-1.3.12/repository/org.scala-lang.modules/scala-java8-compat_2.11/0.7.0/bundles/scala-java8-compat_2.11.jar, file:/C:/Users/Kuba/Downloads/activator-dist-1.3.12/repository/com.typesafe/ssl-config-akka_2.11/0.2.1/bundles/ssl-config-akka_2.11.jar, file:/C:/Users/Kuba/.ivy2/cache/com.typesafe/ssl-config-core_2.11/bundles/ssl-config-core_2.11-0.2.1.jar, file:/C:/Users/Kuba/.ivy2/cache/org.scala-lang.modules/scala-parser-combinators_2.11/bundles/scala-parser-combinators_2.11-1.0.4.jar, file:/C:/Users/Kuba/.ivy2/cache/com.typesafe.akka/akka-slf4j_2.11/jars/akka-slf4j_2.11-2.4.4.jar, file:/C:/Users/Kuba/.ivy2/cache/commons-codec/commons-codec/jars/commons-codec-1.10.jar, file:/C:/Users/Kuba/.ivy2/cache/xerces/xercesImpl/jars/xercesImpl-2.11.0.jar, file:/C:/Users/Kuba/.ivy2/cache/xml-apis/xml-apis/jars/xml-apis-1.4.01.jar, file:/C:/Users/Kuba/.ivy2/cache/javax.transaction/jta/jars/jta-1.1.jar, file:/C:/Users/Kuba/Downloads/activator-dist-1.3.12/repository/com.google.inject/guice/4.0/jars/guice.jar, file:/C:/Users/Kuba/.ivy2/cache/javax.inject/javax.inject/jars/javax.inject-1.jar, file:/C:/Users/Kuba/.ivy2/cache/aopalliance/aopalliance/jars/aopalliance-1.0.jar, file:/C:/Users/Kuba/Downloads/activator-dist-1.3.12/repository/com.google.inject.extensions/guice-assistedinject/4.0/jars/guice-assistedinject.jar, file:/C:/Users/Kuba/.ivy2/cache/com.typesafe.play/play-netty-server_2.11/jars/play-netty-server_2.11-2.5.4.jar, file:/C:/Users/Kuba/.ivy2/cache/com.typesafe.netty/netty-reactive-streams-http/jars/netty-reactive-streams-http-1.0.6.jar, file:/C:/Users/Kuba/.ivy2/cache/com.typesafe.netty/netty-reactive-streams/jars/netty-reactive-streams-1.0.6.jar, file:/C:/Users/Kuba/.ivy2/cache/io.netty/netty-handler/jars/netty-handler-4.0.36.Final.jar, file:/C:/Users/Kuba/.ivy2/cache/io.netty/netty-buffer/jars/netty-buffer-4.0.36.Final.jar, file:/C:/Users/Kuba/.ivy2/cache/io.netty/netty-common/jars/netty-common-4.0.36.Final.jar, file:/C:/Users/Kuba/.ivy2/cache/io.netty/netty-transport/jars/netty-transport-4.0.36.Final.jar, file:/C:/Users/Kuba/.ivy2/cache/io.netty/netty-codec/jars/netty-codec-4.0.36.Final.jar, file:/C:/Users/Kuba/.ivy2/cache/io.netty/netty-codec-http/jars/netty-codec-http-4.0.36.Final.jar, file:/C:/Users/Kuba/.ivy2/cache/io.netty/netty-transport-native-epoll/jars/netty-transport-native-epoll-4.0.36.Final-linux-x86_64.jar, file:/C:/Users/Kuba/.ivy2/cache/com.typesafe.play/play-logback_2.11/jars/play-logback_2.11-2.5.4.jar, file:/C:/Users/Kuba/.ivy2/cache/org.scala-lang/scala-swing/jars/scala-swing-2.11.0-M7.jar, file:/C:/Users/Kuba/.ivy2/cache/com.mohiva/play-silhouette_2.11/jars/play-silhouette_2.11-4.0.0.jar, file:/C:/Users/Kuba/.ivy2/cache/com.typesafe.play/play-cache_2.11/jars/play-cache_2.11-2.5.4.jar, file:/C:/Users/Kuba/Downloads/activator-dist-1.3.12/repository/net.sf.ehcache/ehcache-core/2.6.11/jars/ehcache-core.jar, file:/C:/Users/Kuba/.ivy2/cache/com.typesafe.play/play-ws_2.11/jars/play-ws_2.11-2.5.4.jar, file:/C:/Users/Kuba/.ivy2/cache/com.google.guava/guava/bundles/guava-19.0.jar, file:/C:/Users/Kuba/.ivy2/cache/org.asynchttpclient/async-http-client/jars/async-http-client-2.0.2.jar, file:/C:/Users/Kuba/.ivy2/cache/org.asynchttpclient/netty-resolver-dns/jars/netty-resolver-dns-2.0.2.jar, file:/C:/Users/Kuba/.ivy2/cache/org.asynchttpclient/netty-resolver/jars/netty-resolver-2.0.2.jar, file:/C:/Users/Kuba/.ivy2/cache/org.slf4j/slf4j-api/jars/slf4j-api-1.7.21.jar, file:/C:/Users/Kuba/.ivy2/cache/org.asynchttpclient/netty-codec-dns/jars/netty-codec-dns-2.0.2.jar, file:/C:/Users/Kuba/.ivy2/cache/org.javassist/javassist/bundles/javassist-3.20.0-GA.jar, file:/C:/Users/Kuba/.ivy2/cache/oauth.signpost/signpost-core/jars/signpost-core-1.2.1.2.jar, file:/C:/Users/Kuba/.ivy2/cache/oauth.signpost/signpost-commonshttp4/jars/signpost-commonshttp4-1.2.1.2.jar, file:/C:/Users/Kuba/.ivy2/cache/org.apache.httpcomponents/httpcore/jars/httpcore-4.0.1.jar, file:/C:/Users/Kuba/.ivy2/cache/org.apache.httpcomponents/httpclient/jars/httpclient-4.0.1.jar, file:/C:/Users/Kuba/.ivy2/cache/commons-logging/commons-logging/jars/commons-logging-1.1.1.jar, file:/C:/Users/Kuba/.ivy2/cache/com.atlassian.jwt/jwt-core/jars/jwt-core-1.5.8.jar, file:/C:/Users/Kuba/.ivy2/cache/com.nimbusds/nimbus-jose-jwt/jars/nimbus-jose-jwt-2.16.jar, file:/C:/Users/Kuba/.ivy2/cache/net.jcip/jcip-annotations/jars/jcip-annotations-1.0.jar, file:/C:/Users/Kuba/.ivy2/cache/net.minidev/json-smart/jars/json-smart-1.1.1.jar, file:/C:/Users/Kuba/.ivy2/cache/javax.mail/mail/jars/mail-1.4.7.jar, file:/C:/Users/Kuba/.ivy2/cache/org.bouncycastle/bcprov-jdk15on/jars/bcprov-jdk15on-1.51.jar, file:/C:/Users/Kuba/.ivy2/cache/org.bouncycastle/bcpkix-jdk15on/jars/bcpkix-jdk15on-1.51.jar, file:/C:/Users/Kuba/.ivy2/cache/com.atlassian.jwt/jwt-api/jars/jwt-api-1.5.8.jar, file:/C:/Users/Kuba/.ivy2/cache/com.mohiva/play-silhouette-password-bcrypt_2.11/jars/play-silhouette-password-bcrypt_2.11-4.0.0.jar, file:/C:/Users/Kuba/.ivy2/cache/de.svenkubiak/jBCrypt/bundles/jBCrypt-0.4.1.jar, file:/C:/Users/Kuba/.ivy2/cache/com.mohiva/play-silhouette-persistence_2.11/jars/play-silhouette-persistence_2.11-4.0.0.jar, file:/C:/Users/Kuba/.ivy2/cache/com.mohiva/play-silhouette-crypto-jca_2.11/jars/play-silhouette-crypto-jca_2.11-4.0.0.jar, file:/C:/Users/Kuba/.ivy2/cache/org.webjars/webjars-play_2.11/jars/webjars-play_2.11-2.5.0-2.jar, file:/C:/Users/Kuba/.ivy2/cache/org.webjars/requirejs/jars/requirejs-2.1.20.jar, file:/C:/Users/Kuba/.ivy2/cache/org.webjars/webjars-locator/jars/webjars-locator-0.31.jar, file:/C:/Users/Kuba/.ivy2/cache/org.webjars/webjars-locator-core/jars/webjars-locator-core-0.30.jar, file:/C:/Users/Kuba/.ivy2/cache/org.apache.commons/commons-compress/jars/commons-compress-1.9.jar, file:/C:/Users/Kuba/.ivy2/cache/net.codingwell/scala-guice_2.11/jars/scala-guice_2.11-4.0.1.jar, file:/C:/Users/Kuba/.ivy2/cache/com.google.inject.extensions/guice-multibindings/jars/guice-multibindings-4.0.jar, file:/C:/Users/Kuba/.ivy2/cache/com.iheart/ficus_2.11/jars/ficus_2.11-1.2.6.jar, file:/C:/Users/Kuba/.ivy2/cache/org.typelevel/macro-compat_2.11/jars/macro-compat_2.11-1.1.1.jar, file:/C:/Users/Kuba/.ivy2/cache/com.typesafe.play/play-mailer_2.11/jars/play-mailer_2.11-5.0.0.jar, file:/C:/Users/Kuba/.ivy2/cache/org.apache.commons/commons-email/jars/commons-email-1.4.jar, file:/C:/Users/Kuba/.ivy2/cache/com.sun.mail/javax.mail/jars/javax.mail-1.5.2.jar, file:/C:/Users/Kuba/.ivy2/cache/javax.activation/activation/jars/activation-1.1.1.jar, file:/C:/Users/Kuba/.ivy2/cache/com.enragedginger/akka-quartz-scheduler_2.11/jars/akka-quartz-scheduler_2.11-1.5.0-akka-2.4.x.jar, file:/C:/Users/Kuba/.ivy2/cache/org.quartz-scheduler/quartz/jars/quartz-2.2.2.jar, file:/C:/Users/Kuba/.ivy2/cache/c3p0/c3p0/jars/c3p0-0.9.1.1.jar, file:/C:/Users/Kuba/.ivy2/cache/com.adrianhurt/play-bootstrap_2.11/jars/play-bootstrap_2.11-1.0-P25-B3.jar, file:/C:/Users/Kuba/.ivy2/cache/com.typesafe.play/filters-helpers_2.11/jars/filters-helpers_2.11-2.5.4.jar, file:/C:/Users/Kuba/.ivy2/cache/com.typesafe.play/play-java_2.11/jars/play-java_2.11-2.5.4.jar, file:/C:/Users/Kuba/Downloads/activator-dist-1.3.12/repository/org.yaml/snakeyaml/1.16/bundles/snakeyaml.jar, file:/C:/Users/Kuba/Downloads/activator-dist-1.3.12/repository/org.hibernate/hibernate-validator/5.2.4.Final/jars/hibernate-validator.jar, file:/C:/Users/Kuba/Downloads/activator-dist-1.3.12/repository/javax.validation/validation-api/1.1.0.Final/jars/validation-api.jar, file:/C:/Users/Kuba/Downloads/activator-dist-1.3.12/repository/org.jboss.logging/jboss-logging/3.2.1.Final/jars/jboss-logging.jar, file:/C:/Users/Kuba/Downloads/activator-dist-1.3.12/repository/com.fasterxml/classmate/1.1.0/bundles/classmate.jar, file:/C:/Users/Kuba/Downloads/activator-dist-1.3.12/repository/javax.el/javax.el-api/3.0.0/jars/javax.el-api.jar, file:/C:/Users/Kuba/.ivy2/cache/org.springframework/spring-context/jars/spring-context-4.2.4.RELEASE.jar, file:/C:/Users/Kuba/.ivy2/cache/org.springframework/spring-core/jars/spring-core-4.2.4.RELEASE.jar, file:/C:/Users/Kuba/.ivy2/cache/org.springframework/spring-beans/jars/spring-beans-4.2.4.RELEASE.jar, file:/C:/Users/Kuba/Downloads/activator-dist-1.3.12/repository/org.reflections/reflections/0.9.10/jars/reflections.jar, file:/C:/Users/Kuba/Downloads/activator-dist-1.3.12/repository/net.jodah/typetools/0.4.4/bundles/typetools.jar, file:/C:/Users/Kuba/.ivy2/cache/com.google.code.findbugs/jsr305/jars/jsr305-3.0.1.jar, file:/C:/Users/Kuba/Downloads/activator-dist-1.3.12/repository/org.apache.tomcat/tomcat-servlet-api/8.0.33/jars/tomcat-servlet-api.jar, file:/C:/Users/Kuba/.ivy2/cache/com.adrianhurt/play-bootstrap-core_2.11/jars/play-bootstrap-core_2.11-1.0-P25.jar, file:/C:/Users/Kuba/.ivy2/cache/org.webjars/bootstrap/jars/bootstrap-3.3.6.jar, file:/C:/Users/Kuba/.ivy2/cache/org.webjars/jquery/jars/jquery-2.1.4.jar}
16:45:22.852 [ForkJoinPool-8-worker-1] DEBUG c.google.inject.internal.BytecodeGen - Loading class play.api.libs.ws.ahc.AhcWSClientConfigParser FastClass with PlayDependencyClassLoader{file:/C:/Users/Kuba/IdeaProjects/play-silhouette-seed-master/lib/connect-four.jar, file:/C:/Users/Kuba/IdeaProjects/play-silhouette-seed-master/lib/sudoku.jar, file:/C:/Users/Kuba/.ivy2/cache/org.scala-lang/scala-library/jars/scala-library-2.11.8.jar, file:/C:/Users/Kuba/Downloads/activator-dist-1.3.12/repository/com.typesafe.play/twirl-api_2.11/1.1.1/jars/twirl-api_2.11.jar, file:/C:/Users/Kuba/.ivy2/cache/org.apache.commons/commons-lang3/jars/commons-lang3-3.4.jar, file:/C:/Users/Kuba/.ivy2/cache/org.scala-lang.modules/scala-xml_2.11/bundles/scala-xml_2.11-1.0.1.jar, file:/C:/Users/Kuba/.ivy2/cache/com.typesafe.play/play-server_2.11/jars/play-server_2.11-2.5.4.jar, file:/C:/Users/Kuba/.ivy2/cache/com.typesafe.play/play_2.11/jars/play_2.11-2.5.4.jar, file:/C:/Users/Kuba/.ivy2/cache/com.typesafe.play/build-link/jars/build-link-2.5.4.jar, file:/C:/Users/Kuba/.ivy2/cache/com.typesafe.play/play-exceptions/jars/play-exceptions-2.5.4.jar, file:/C:/Users/Kuba/.ivy2/cache/com.typesafe.play/play-iteratees_2.11/jars/play-iteratees_2.11-2.5.4.jar, file:/C:/Users/Kuba/.ivy2/cache/org.scala-stm/scala-stm_2.11/jars/scala-stm_2.11-0.7.jar, file:/C:/Users/Kuba/Downloads/activator-dist-1.3.12/repository/com.typesafe/config/1.3.0/bundles/config.jar, file:/C:/Users/Kuba/.ivy2/cache/ch.qos.logback/logback-classic/jars/logback-classic-1.1.7.jar, file:/C:/Users/Kuba/.ivy2/cache/ch.qos.logback/logback-core/jars/logback-core-1.1.7.jar, file:/C:/Users/Kuba/.ivy2/cache/com.typesafe.play/play-json_2.11/jars/play-json_2.11-2.5.4.jar, file:/C:/Users/Kuba/.ivy2/cache/com.typesafe.play/play-functional_2.11/jars/play-functional_2.11-2.5.4.jar, file:/C:/Users/Kuba/.ivy2/cache/com.typesafe.play/play-datacommons_2.11/jars/play-datacommons_2.11-2.5.4.jar, file:/C:/Users/Kuba/Downloads/activator-dist-1.3.12/repository/joda-time/joda-time/2.9.2/jars/joda-time.jar, file:/C:/Users/Kuba/Downloads/activator-dist-1.3.12/repository/org.joda/joda-convert/1.8.1/jars/joda-convert.jar, file:/C:/Users/Kuba/Downloads/activator-dist-1.3.12/repository/org.scala-lang/scala-reflect/2.11.7/jars/scala-reflect.jar, file:/C:/Users/Kuba/Downloads/activator-dist-1.3.12/repository/com.fasterxml.jackson.core/jackson-core/2.7.1/bundles/jackson-core.jar, file:/C:/Users/Kuba/Downloads/activator-dist-1.3.12/repository/com.fasterxml.jackson.core/jackson-annotations/2.7.1/bundles/jackson-annotations.jar, file:/C:/Users/Kuba/Downloads/activator-dist-1.3.12/repository/com.fasterxml.jackson.core/jackson-databind/2.7.1/bundles/jackson-databind.jar, file:/C:/Users/Kuba/Downloads/activator-dist-1.3.12/repository/com.fasterxml.jackson.datatype/jackson-datatype-jdk8/2.7.1/bundles/jackson-datatype-jdk8.jar, file:/C:/Users/Kuba/Downloads/activator-dist-1.3.12/repository/com.fasterxml.jackson.datatype/jackson-datatype-jsr310/2.7.1/bundles/jackson-datatype-jsr310.jar, file:/C:/Users/Kuba/.ivy2/cache/com.typesafe.play/play-netty-utils/jars/play-netty-utils-2.5.4.jar, file:/C:/Users/Kuba/.ivy2/cache/org.slf4j/jul-to-slf4j/jars/jul-to-slf4j-1.7.19.jar, file:/C:/Users/Kuba/.ivy2/cache/org.slf4j/jcl-over-slf4j/jars/jcl-over-slf4j-1.7.19.jar, file:/C:/Users/Kuba/.ivy2/cache/com.typesafe.play/play-streams_2.11/jars/play-streams_2.11-2.5.4.jar, file:/C:/Users/Kuba/.ivy2/cache/org.reactivestreams/reactive-streams/jars/reactive-streams-1.0.0.jar, file:/C:/Users/Kuba/.ivy2/cache/com.typesafe.akka/akka-stream_2.11/jars/akka-stream_2.11-2.4.4.jar, file:/C:/Users/Kuba/.ivy2/cache/com.typesafe.akka/akka-actor_2.11/jars/akka-actor_2.11-2.4.4.jar, file:/C:/Users/Kuba/Downloads/activator-dist-1.3.12/repository/org.scala-lang.modules/scala-java8-compat_2.11/0.7.0/bundles/scala-java8-compat_2.11.jar, file:/C:/Users/Kuba/Downloads/activator-dist-1.3.12/repository/com.typesafe/ssl-config-akka_2.11/0.2.1/bundles/ssl-config-akka_2.11.jar, file:/C:/Users/Kuba/.ivy2/cache/com.typesafe/ssl-config-core_2.11/bundles/ssl-config-core_2.11-0.2.1.jar, file:/C:/Users/Kuba/.ivy2/cache/org.scala-lang.modules/scala-parser-combinators_2.11/bundles/scala-parser-combinators_2.11-1.0.4.jar, file:/C:/Users/Kuba/.ivy2/cache/com.typesafe.akka/akka-slf4j_2.11/jars/akka-slf4j_2.11-2.4.4.jar, file:/C:/Users/Kuba/.ivy2/cache/commons-codec/commons-codec/jars/commons-codec-1.10.jar, file:/C:/Users/Kuba/.ivy2/cache/xerces/xercesImpl/jars/xercesImpl-2.11.0.jar, file:/C:/Users/Kuba/.ivy2/cache/xml-apis/xml-apis/jars/xml-apis-1.4.01.jar, file:/C:/Users/Kuba/.ivy2/cache/javax.transaction/jta/jars/jta-1.1.jar, file:/C:/Users/Kuba/Downloads/activator-dist-1.3.12/repository/com.google.inject/guice/4.0/jars/guice.jar, file:/C:/Users/Kuba/.ivy2/cache/javax.inject/javax.inject/jars/javax.inject-1.jar, file:/C:/Users/Kuba/.ivy2/cache/aopalliance/aopalliance/jars/aopalliance-1.0.jar, file:/C:/Users/Kuba/Downloads/activator-dist-1.3.12/repository/com.google.inject.extensions/guice-assistedinject/4.0/jars/guice-assistedinject.jar, file:/C:/Users/Kuba/.ivy2/cache/com.typesafe.play/play-netty-server_2.11/jars/play-netty-server_2.11-2.5.4.jar, file:/C:/Users/Kuba/.ivy2/cache/com.typesafe.netty/netty-reactive-streams-http/jars/netty-reactive-streams-http-1.0.6.jar, file:/C:/Users/Kuba/.ivy2/cache/com.typesafe.netty/netty-reactive-streams/jars/netty-reactive-streams-1.0.6.jar, file:/C:/Users/Kuba/.ivy2/cache/io.netty/netty-handler/jars/netty-handler-4.0.36.Final.jar, file:/C:/Users/Kuba/.ivy2/cache/io.netty/netty-buffer/jars/netty-buffer-4.0.36.Final.jar, file:/C:/Users/Kuba/.ivy2/cache/io.netty/netty-common/jars/netty-common-4.0.36.Final.jar, file:/C:/Users/Kuba/.ivy2/cache/io.netty/netty-transport/jars/netty-transport-4.0.36.Final.jar, file:/C:/Users/Kuba/.ivy2/cache/io.netty/netty-codec/jars/netty-codec-4.0.36.Final.jar, file:/C:/Users/Kuba/.ivy2/cache/io.netty/netty-codec-http/jars/netty-codec-http-4.0.36.Final.jar, file:/C:/Users/Kuba/.ivy2/cache/io.netty/netty-transport-native-epoll/jars/netty-transport-native-epoll-4.0.36.Final-linux-x86_64.jar, file:/C:/Users/Kuba/.ivy2/cache/com.typesafe.play/play-logback_2.11/jars/play-logback_2.11-2.5.4.jar, file:/C:/Users/Kuba/.ivy2/cache/org.scala-lang/scala-swing/jars/scala-swing-2.11.0-M7.jar, file:/C:/Users/Kuba/.ivy2/cache/com.mohiva/play-silhouette_2.11/jars/play-silhouette_2.11-4.0.0.jar, file:/C:/Users/Kuba/.ivy2/cache/com.typesafe.play/play-cache_2.11/jars/play-cache_2.11-2.5.4.jar, file:/C:/Users/Kuba/Downloads/activator-dist-1.3.12/repository/net.sf.ehcache/ehcache-core/2.6.11/jars/ehcache-core.jar, file:/C:/Users/Kuba/.ivy2/cache/com.typesafe.play/play-ws_2.11/jars/play-ws_2.11-2.5.4.jar, file:/C:/Users/Kuba/.ivy2/cache/com.google.guava/guava/bundles/guava-19.0.jar, file:/C:/Users/Kuba/.ivy2/cache/org.asynchttpclient/async-http-client/jars/async-http-client-2.0.2.jar, file:/C:/Users/Kuba/.ivy2/cache/org.asynchttpclient/netty-resolver-dns/jars/netty-resolver-dns-2.0.2.jar, file:/C:/Users/Kuba/.ivy2/cache/org.asynchttpclient/netty-resolver/jars/netty-resolver-2.0.2.jar, file:/C:/Users/Kuba/.ivy2/cache/org.slf4j/slf4j-api/jars/slf4j-api-1.7.21.jar, file:/C:/Users/Kuba/.ivy2/cache/org.asynchttpclient/netty-codec-dns/jars/netty-codec-dns-2.0.2.jar, file:/C:/Users/Kuba/.ivy2/cache/org.javassist/javassist/bundles/javassist-3.20.0-GA.jar, file:/C:/Users/Kuba/.ivy2/cache/oauth.signpost/signpost-core/jars/signpost-core-1.2.1.2.jar, file:/C:/Users/Kuba/.ivy2/cache/oauth.signpost/signpost-commonshttp4/jars/signpost-commonshttp4-1.2.1.2.jar, file:/C:/Users/Kuba/.ivy2/cache/org.apache.httpcomponents/httpcore/jars/httpcore-4.0.1.jar, file:/C:/Users/Kuba/.ivy2/cache/org.apache.httpcomponents/httpclient/jars/httpclient-4.0.1.jar, file:/C:/Users/Kuba/.ivy2/cache/commons-logging/commons-logging/jars/commons-logging-1.1.1.jar, file:/C:/Users/Kuba/.ivy2/cache/com.atlassian.jwt/jwt-core/jars/jwt-core-1.5.8.jar, file:/C:/Users/Kuba/.ivy2/cache/com.nimbusds/nimbus-jose-jwt/jars/nimbus-jose-jwt-2.16.jar, file:/C:/Users/Kuba/.ivy2/cache/net.jcip/jcip-annotations/jars/jcip-annotations-1.0.jar, file:/C:/Users/Kuba/.ivy2/cache/net.minidev/json-smart/jars/json-smart-1.1.1.jar, file:/C:/Users/Kuba/.ivy2/cache/javax.mail/mail/jars/mail-1.4.7.jar, file:/C:/Users/Kuba/.ivy2/cache/org.bouncycastle/bcprov-jdk15on/jars/bcprov-jdk15on-1.51.jar, file:/C:/Users/Kuba/.ivy2/cache/org.bouncycastle/bcpkix-jdk15on/jars/bcpkix-jdk15on-1.51.jar, file:/C:/Users/Kuba/.ivy2/cache/com.atlassian.jwt/jwt-api/jars/jwt-api-1.5.8.jar, file:/C:/Users/Kuba/.ivy2/cache/com.mohiva/play-silhouette-password-bcrypt_2.11/jars/play-silhouette-password-bcrypt_2.11-4.0.0.jar, file:/C:/Users/Kuba/.ivy2/cache/de.svenkubiak/jBCrypt/bundles/jBCrypt-0.4.1.jar, file:/C:/Users/Kuba/.ivy2/cache/com.mohiva/play-silhouette-persistence_2.11/jars/play-silhouette-persistence_2.11-4.0.0.jar, file:/C:/Users/Kuba/.ivy2/cache/com.mohiva/play-silhouette-crypto-jca_2.11/jars/play-silhouette-crypto-jca_2.11-4.0.0.jar, file:/C:/Users/Kuba/.ivy2/cache/org.webjars/webjars-play_2.11/jars/webjars-play_2.11-2.5.0-2.jar, file:/C:/Users/Kuba/.ivy2/cache/org.webjars/requirejs/jars/requirejs-2.1.20.jar, file:/C:/Users/Kuba/.ivy2/cache/org.webjars/webjars-locator/jars/webjars-locator-0.31.jar, file:/C:/Users/Kuba/.ivy2/cache/org.webjars/webjars-locator-core/jars/webjars-locator-core-0.30.jar, file:/C:/Users/Kuba/.ivy2/cache/org.apache.commons/commons-compress/jars/commons-compress-1.9.jar, file:/C:/Users/Kuba/.ivy2/cache/net.codingwell/scala-guice_2.11/jars/scala-guice_2.11-4.0.1.jar, file:/C:/Users/Kuba/.ivy2/cache/com.google.inject.extensions/guice-multibindings/jars/guice-multibindings-4.0.jar, file:/C:/Users/Kuba/.ivy2/cache/com.iheart/ficus_2.11/jars/ficus_2.11-1.2.6.jar, file:/C:/Users/Kuba/.ivy2/cache/org.typelevel/macro-compat_2.11/jars/macro-compat_2.11-1.1.1.jar, file:/C:/Users/Kuba/.ivy2/cache/com.typesafe.play/play-mailer_2.11/jars/play-mailer_2.11-5.0.0.jar, file:/C:/Users/Kuba/.ivy2/cache/org.apache.commons/commons-email/jars/commons-email-1.4.jar, file:/C:/Users/Kuba/.ivy2/cache/com.sun.mail/javax.mail/jars/javax.mail-1.5.2.jar, file:/C:/Users/Kuba/.ivy2/cache/javax.activation/activation/jars/activation-1.1.1.jar, file:/C:/Users/Kuba/.ivy2/cache/com.enragedginger/akka-quartz-scheduler_2.11/jars/akka-quartz-scheduler_2.11-1.5.0-akka-2.4.x.jar, file:/C:/Users/Kuba/.ivy2/cache/org.quartz-scheduler/quartz/jars/quartz-2.2.2.jar, file:/C:/Users/Kuba/.ivy2/cache/c3p0/c3p0/jars/c3p0-0.9.1.1.jar, file:/C:/Users/Kuba/.ivy2/cache/com.adrianhurt/play-bootstrap_2.11/jars/play-bootstrap_2.11-1.0-P25-B3.jar, file:/C:/Users/Kuba/.ivy2/cache/com.typesafe.play/filters-helpers_2.11/jars/filters-helpers_2.11-2.5.4.jar, file:/C:/Users/Kuba/.ivy2/cache/com.typesafe.play/play-java_2.11/jars/play-java_2.11-2.5.4.jar, file:/C:/Users/Kuba/Downloads/activator-dist-1.3.12/repository/org.yaml/snakeyaml/1.16/bundles/snakeyaml.jar, file:/C:/Users/Kuba/Downloads/activator-dist-1.3.12/repository/org.hibernate/hibernate-validator/5.2.4.Final/jars/hibernate-validator.jar, file:/C:/Users/Kuba/Downloads/activator-dist-1.3.12/repository/javax.validation/validation-api/1.1.0.Final/jars/validation-api.jar, file:/C:/Users/Kuba/Downloads/activator-dist-1.3.12/repository/org.jboss.logging/jboss-logging/3.2.1.Final/jars/jboss-logging.jar, file:/C:/Users/Kuba/Downloads/activator-dist-1.3.12/repository/com.fasterxml/classmate/1.1.0/bundles/classmate.jar, file:/C:/Users/Kuba/Downloads/activator-dist-1.3.12/repository/javax.el/javax.el-api/3.0.0/jars/javax.el-api.jar, file:/C:/Users/Kuba/.ivy2/cache/org.springframework/spring-context/jars/spring-context-4.2.4.RELEASE.jar, file:/C:/Users/Kuba/.ivy2/cache/org.springframework/spring-core/jars/spring-core-4.2.4.RELEASE.jar, file:/C:/Users/Kuba/.ivy2/cache/org.springframework/spring-beans/jars/spring-beans-4.2.4.RELEASE.jar, file:/C:/Users/Kuba/Downloads/activator-dist-1.3.12/repository/org.reflections/reflections/0.9.10/jars/reflections.jar, file:/C:/Users/Kuba/Downloads/activator-dist-1.3.12/repository/net.jodah/typetools/0.4.4/bundles/typetools.jar, file:/C:/Users/Kuba/.ivy2/cache/com.google.code.findbugs/jsr305/jars/jsr305-3.0.1.jar, file:/C:/Users/Kuba/Downloads/activator-dist-1.3.12/repository/org.apache.tomcat/tomcat-servlet-api/8.0.33/jars/tomcat-servlet-api.jar, file:/C:/Users/Kuba/.ivy2/cache/com.adrianhurt/play-bootstrap-core_2.11/jars/play-bootstrap-core_2.11-1.0-P25.jar, file:/C:/Users/Kuba/.ivy2/cache/org.webjars/bootstrap/jars/bootstrap-3.3.6.jar, file:/C:/Users/Kuba/.ivy2/cache/org.webjars/jquery/jars/jquery-2.1.4.jar}
16:45:22.854 [ForkJoinPool-8-worker-1] DEBUG c.google.inject.internal.BytecodeGen - Loading class play.api.libs.ws.WSConfigParser FastClass with PlayDependencyClassLoader{file:/C:/Users/Kuba/IdeaProjects/play-silhouette-seed-master/lib/connect-four.jar, file:/C:/Users/Kuba/IdeaProjects/play-silhouette-seed-master/lib/sudoku.jar, file:/C:/Users/Kuba/.ivy2/cache/org.scala-lang/scala-library/jars/scala-library-2.11.8.jar, file:/C:/Users/Kuba/Downloads/activator-dist-1.3.12/repository/com.typesafe.play/twirl-api_2.11/1.1.1/jars/twirl-api_2.11.jar, file:/C:/Users/Kuba/.ivy2/cache/org.apache.commons/commons-lang3/jars/commons-lang3-3.4.jar, file:/C:/Users/Kuba/.ivy2/cache/org.scala-lang.modules/scala-xml_2.11/bundles/scala-xml_2.11-1.0.1.jar, file:/C:/Users/Kuba/.ivy2/cache/com.typesafe.play/play-server_2.11/jars/play-server_2.11-2.5.4.jar, file:/C:/Users/Kuba/.ivy2/cache/com.typesafe.play/play_2.11/jars/play_2.11-2.5.4.jar, file:/C:/Users/Kuba/.ivy2/cache/com.typesafe.play/build-link/jars/build-link-2.5.4.jar, file:/C:/Users/Kuba/.ivy2/cache/com.typesafe.play/play-exceptions/jars/play-exceptions-2.5.4.jar, file:/C:/Users/Kuba/.ivy2/cache/com.typesafe.play/play-iteratees_2.11/jars/play-iteratees_2.11-2.5.4.jar, file:/C:/Users/Kuba/.ivy2/cache/org.scala-stm/scala-stm_2.11/jars/scala-stm_2.11-0.7.jar, file:/C:/Users/Kuba/Downloads/activator-dist-1.3.12/repository/com.typesafe/config/1.3.0/bundles/config.jar, file:/C:/Users/Kuba/.ivy2/cache/ch.qos.logback/logback-classic/jars/logback-classic-1.1.7.jar, file:/C:/Users/Kuba/.ivy2/cache/ch.qos.logback/logback-core/jars/logback-core-1.1.7.jar, file:/C:/Users/Kuba/.ivy2/cache/com.typesafe.play/play-json_2.11/jars/play-json_2.11-2.5.4.jar, file:/C:/Users/Kuba/.ivy2/cache/com.typesafe.play/play-functional_2.11/jars/play-functional_2.11-2.5.4.jar, file:/C:/Users/Kuba/.ivy2/cache/com.typesafe.play/play-datacommons_2.11/jars/play-datacommons_2.11-2.5.4.jar, file:/C:/Users/Kuba/Downloads/activator-dist-1.3.12/repository/joda-time/joda-time/2.9.2/jars/joda-time.jar, file:/C:/Users/Kuba/Downloads/activator-dist-1.3.12/repository/org.joda/joda-convert/1.8.1/jars/joda-convert.jar, file:/C:/Users/Kuba/Downloads/activator-dist-1.3.12/repository/org.scala-lang/scala-reflect/2.11.7/jars/scala-reflect.jar, file:/C:/Users/Kuba/Downloads/activator-dist-1.3.12/repository/com.fasterxml.jackson.core/jackson-core/2.7.1/bundles/jackson-core.jar, file:/C:/Users/Kuba/Downloads/activator-dist-1.3.12/repository/com.fasterxml.jackson.core/jackson-annotations/2.7.1/bundles/jackson-annotations.jar, file:/C:/Users/Kuba/Downloads/activator-dist-1.3.12/repository/com.fasterxml.jackson.core/jackson-databind/2.7.1/bundles/jackson-databind.jar, file:/C:/Users/Kuba/Downloads/activator-dist-1.3.12/repository/com.fasterxml.jackson.datatype/jackson-datatype-jdk8/2.7.1/bundles/jackson-datatype-jdk8.jar, file:/C:/Users/Kuba/Downloads/activator-dist-1.3.12/repository/com.fasterxml.jackson.datatype/jackson-datatype-jsr310/2.7.1/bundles/jackson-datatype-jsr310.jar, file:/C:/Users/Kuba/.ivy2/cache/com.typesafe.play/play-netty-utils/jars/play-netty-utils-2.5.4.jar, file:/C:/Users/Kuba/.ivy2/cache/org.slf4j/jul-to-slf4j/jars/jul-to-slf4j-1.7.19.jar, file:/C:/Users/Kuba/.ivy2/cache/org.slf4j/jcl-over-slf4j/jars/jcl-over-slf4j-1.7.19.jar, file:/C:/Users/Kuba/.ivy2/cache/com.typesafe.play/play-streams_2.11/jars/play-streams_2.11-2.5.4.jar, file:/C:/Users/Kuba/.ivy2/cache/org.reactivestreams/reactive-streams/jars/reactive-streams-1.0.0.jar, file:/C:/Users/Kuba/.ivy2/cache/com.typesafe.akka/akka-stream_2.11/jars/akka-stream_2.11-2.4.4.jar, file:/C:/Users/Kuba/.ivy2/cache/com.typesafe.akka/akka-actor_2.11/jars/akka-actor_2.11-2.4.4.jar, file:/C:/Users/Kuba/Downloads/activator-dist-1.3.12/repository/org.scala-lang.modules/scala-java8-compat_2.11/0.7.0/bundles/scala-java8-compat_2.11.jar, file:/C:/Users/Kuba/Downloads/activator-dist-1.3.12/repository/com.typesafe/ssl-config-akka_2.11/0.2.1/bundles/ssl-config-akka_2.11.jar, file:/C:/Users/Kuba/.ivy2/cache/com.typesafe/ssl-config-core_2.11/bundles/ssl-config-core_2.11-0.2.1.jar, file:/C:/Users/Kuba/.ivy2/cache/org.scala-lang.modules/scala-parser-combinators_2.11/bundles/scala-parser-combinators_2.11-1.0.4.jar, file:/C:/Users/Kuba/.ivy2/cache/com.typesafe.akka/akka-slf4j_2.11/jars/akka-slf4j_2.11-2.4.4.jar, file:/C:/Users/Kuba/.ivy2/cache/commons-codec/commons-codec/jars/commons-codec-1.10.jar, file:/C:/Users/Kuba/.ivy2/cache/xerces/xercesImpl/jars/xercesImpl-2.11.0.jar, file:/C:/Users/Kuba/.ivy2/cache/xml-apis/xml-apis/jars/xml-apis-1.4.01.jar, file:/C:/Users/Kuba/.ivy2/cache/javax.transaction/jta/jars/jta-1.1.jar, file:/C:/Users/Kuba/Downloads/activator-dist-1.3.12/repository/com.google.inject/guice/4.0/jars/guice.jar, file:/C:/Users/Kuba/.ivy2/cache/javax.inject/javax.inject/jars/javax.inject-1.jar, file:/C:/Users/Kuba/.ivy2/cache/aopalliance/aopalliance/jars/aopalliance-1.0.jar, file:/C:/Users/Kuba/Downloads/activator-dist-1.3.12/repository/com.google.inject.extensions/guice-assistedinject/4.0/jars/guice-assistedinject.jar, file:/C:/Users/Kuba/.ivy2/cache/com.typesafe.play/play-netty-server_2.11/jars/play-netty-server_2.11-2.5.4.jar, file:/C:/Users/Kuba/.ivy2/cache/com.typesafe.netty/netty-reactive-streams-http/jars/netty-reactive-streams-http-1.0.6.jar, file:/C:/Users/Kuba/.ivy2/cache/com.typesafe.netty/netty-reactive-streams/jars/netty-reactive-streams-1.0.6.jar, file:/C:/Users/Kuba/.ivy2/cache/io.netty/netty-handler/jars/netty-handler-4.0.36.Final.jar, file:/C:/Users/Kuba/.ivy2/cache/io.netty/netty-buffer/jars/netty-buffer-4.0.36.Final.jar, file:/C:/Users/Kuba/.ivy2/cache/io.netty/netty-common/jars/netty-common-4.0.36.Final.jar, file:/C:/Users/Kuba/.ivy2/cache/io.netty/netty-transport/jars/netty-transport-4.0.36.Final.jar, file:/C:/Users/Kuba/.ivy2/cache/io.netty/netty-codec/jars/netty-codec-4.0.36.Final.jar, file:/C:/Users/Kuba/.ivy2/cache/io.netty/netty-codec-http/jars/netty-codec-http-4.0.36.Final.jar, file:/C:/Users/Kuba/.ivy2/cache/io.netty/netty-transport-native-epoll/jars/netty-transport-native-epoll-4.0.36.Final-linux-x86_64.jar, file:/C:/Users/Kuba/.ivy2/cache/com.typesafe.play/play-logback_2.11/jars/play-logback_2.11-2.5.4.jar, file:/C:/Users/Kuba/.ivy2/cache/org.scala-lang/scala-swing/jars/scala-swing-2.11.0-M7.jar, file:/C:/Users/Kuba/.ivy2/cache/com.mohiva/play-silhouette_2.11/jars/play-silhouette_2.11-4.0.0.jar, file:/C:/Users/Kuba/.ivy2/cache/com.typesafe.play/play-cache_2.11/jars/play-cache_2.11-2.5.4.jar, file:/C:/Users/Kuba/Downloads/activator-dist-1.3.12/repository/net.sf.ehcache/ehcache-core/2.6.11/jars/ehcache-core.jar, file:/C:/Users/Kuba/.ivy2/cache/com.typesafe.play/play-ws_2.11/jars/play-ws_2.11-2.5.4.jar, file:/C:/Users/Kuba/.ivy2/cache/com.google.guava/guava/bundles/guava-19.0.jar, file:/C:/Users/Kuba/.ivy2/cache/org.asynchttpclient/async-http-client/jars/async-http-client-2.0.2.jar, file:/C:/Users/Kuba/.ivy2/cache/org.asynchttpclient/netty-resolver-dns/jars/netty-resolver-dns-2.0.2.jar, file:/C:/Users/Kuba/.ivy2/cache/org.asynchttpclient/netty-resolver/jars/netty-resolver-2.0.2.jar, file:/C:/Users/Kuba/.ivy2/cache/org.slf4j/slf4j-api/jars/slf4j-api-1.7.21.jar, file:/C:/Users/Kuba/.ivy2/cache/org.asynchttpclient/netty-codec-dns/jars/netty-codec-dns-2.0.2.jar, file:/C:/Users/Kuba/.ivy2/cache/org.javassist/javassist/bundles/javassist-3.20.0-GA.jar, file:/C:/Users/Kuba/.ivy2/cache/oauth.signpost/signpost-core/jars/signpost-core-1.2.1.2.jar, file:/C:/Users/Kuba/.ivy2/cache/oauth.signpost/signpost-commonshttp4/jars/signpost-commonshttp4-1.2.1.2.jar, file:/C:/Users/Kuba/.ivy2/cache/org.apache.httpcomponents/httpcore/jars/httpcore-4.0.1.jar, file:/C:/Users/Kuba/.ivy2/cache/org.apache.httpcomponents/httpclient/jars/httpclient-4.0.1.jar, file:/C:/Users/Kuba/.ivy2/cache/commons-logging/commons-logging/jars/commons-logging-1.1.1.jar, file:/C:/Users/Kuba/.ivy2/cache/com.atlassian.jwt/jwt-core/jars/jwt-core-1.5.8.jar, file:/C:/Users/Kuba/.ivy2/cache/com.nimbusds/nimbus-jose-jwt/jars/nimbus-jose-jwt-2.16.jar, file:/C:/Users/Kuba/.ivy2/cache/net.jcip/jcip-annotations/jars/jcip-annotations-1.0.jar, file:/C:/Users/Kuba/.ivy2/cache/net.minidev/json-smart/jars/json-smart-1.1.1.jar, file:/C:/Users/Kuba/.ivy2/cache/javax.mail/mail/jars/mail-1.4.7.jar, file:/C:/Users/Kuba/.ivy2/cache/org.bouncycastle/bcprov-jdk15on/jars/bcprov-jdk15on-1.51.jar, file:/C:/Users/Kuba/.ivy2/cache/org.bouncycastle/bcpkix-jdk15on/jars/bcpkix-jdk15on-1.51.jar, file:/C:/Users/Kuba/.ivy2/cache/com.atlassian.jwt/jwt-api/jars/jwt-api-1.5.8.jar, file:/C:/Users/Kuba/.ivy2/cache/com.mohiva/play-silhouette-password-bcrypt_2.11/jars/play-silhouette-password-bcrypt_2.11-4.0.0.jar, file:/C:/Users/Kuba/.ivy2/cache/de.svenkubiak/jBCrypt/bundles/jBCrypt-0.4.1.jar, file:/C:/Users/Kuba/.ivy2/cache/com.mohiva/play-silhouette-persistence_2.11/jars/play-silhouette-persistence_2.11-4.0.0.jar, file:/C:/Users/Kuba/.ivy2/cache/com.mohiva/play-silhouette-crypto-jca_2.11/jars/play-silhouette-crypto-jca_2.11-4.0.0.jar, file:/C:/Users/Kuba/.ivy2/cache/org.webjars/webjars-play_2.11/jars/webjars-play_2.11-2.5.0-2.jar, file:/C:/Users/Kuba/.ivy2/cache/org.webjars/requirejs/jars/requirejs-2.1.20.jar, file:/C:/Users/Kuba/.ivy2/cache/org.webjars/webjars-locator/jars/webjars-locator-0.31.jar, file:/C:/Users/Kuba/.ivy2/cache/org.webjars/webjars-locator-core/jars/webjars-locator-core-0.30.jar, file:/C:/Users/Kuba/.ivy2/cache/org.apache.commons/commons-compress/jars/commons-compress-1.9.jar, file:/C:/Users/Kuba/.ivy2/cache/net.codingwell/scala-guice_2.11/jars/scala-guice_2.11-4.0.1.jar, file:/C:/Users/Kuba/.ivy2/cache/com.google.inject.extensions/guice-multibindings/jars/guice-multibindings-4.0.jar, file:/C:/Users/Kuba/.ivy2/cache/com.iheart/ficus_2.11/jars/ficus_2.11-1.2.6.jar, file:/C:/Users/Kuba/.ivy2/cache/org.typelevel/macro-compat_2.11/jars/macro-compat_2.11-1.1.1.jar, file:/C:/Users/Kuba/.ivy2/cache/com.typesafe.play/play-mailer_2.11/jars/play-mailer_2.11-5.0.0.jar, file:/C:/Users/Kuba/.ivy2/cache/org.apache.commons/commons-email/jars/commons-email-1.4.jar, file:/C:/Users/Kuba/.ivy2/cache/com.sun.mail/javax.mail/jars/javax.mail-1.5.2.jar, file:/C:/Users/Kuba/.ivy2/cache/javax.activation/activation/jars/activation-1.1.1.jar, file:/C:/Users/Kuba/.ivy2/cache/com.enragedginger/akka-quartz-scheduler_2.11/jars/akka-quartz-scheduler_2.11-1.5.0-akka-2.4.x.jar, file:/C:/Users/Kuba/.ivy2/cache/org.quartz-scheduler/quartz/jars/quartz-2.2.2.jar, file:/C:/Users/Kuba/.ivy2/cache/c3p0/c3p0/jars/c3p0-0.9.1.1.jar, file:/C:/Users/Kuba/.ivy2/cache/com.adrianhurt/play-bootstrap_2.11/jars/play-bootstrap_2.11-1.0-P25-B3.jar, file:/C:/Users/Kuba/.ivy2/cache/com.typesafe.play/filters-helpers_2.11/jars/filters-helpers_2.11-2.5.4.jar, file:/C:/Users/Kuba/.ivy2/cache/com.typesafe.play/play-java_2.11/jars/play-java_2.11-2.5.4.jar, file:/C:/Users/Kuba/Downloads/activator-dist-1.3.12/repository/org.yaml/snakeyaml/1.16/bundles/snakeyaml.jar, file:/C:/Users/Kuba/Downloads/activator-dist-1.3.12/repository/org.hibernate/hibernate-validator/5.2.4.Final/jars/hibernate-validator.jar, file:/C:/Users/Kuba/Downloads/activator-dist-1.3.12/repository/javax.validation/validation-api/1.1.0.Final/jars/validation-api.jar, file:/C:/Users/Kuba/Downloads/activator-dist-1.3.12/repository/org.jboss.logging/jboss-logging/3.2.1.Final/jars/jboss-logging.jar, file:/C:/Users/Kuba/Downloads/activator-dist-1.3.12/repository/com.fasterxml/classmate/1.1.0/bundles/classmate.jar, file:/C:/Users/Kuba/Downloads/activator-dist-1.3.12/repository/javax.el/javax.el-api/3.0.0/jars/javax.el-api.jar, file:/C:/Users/Kuba/.ivy2/cache/org.springframework/spring-context/jars/spring-context-4.2.4.RELEASE.jar, file:/C:/Users/Kuba/.ivy2/cache/org.springframework/spring-core/jars/spring-core-4.2.4.RELEASE.jar, file:/C:/Users/Kuba/.ivy2/cache/org.springframework/spring-beans/jars/spring-beans-4.2.4.RELEASE.jar, file:/C:/Users/Kuba/Downloads/activator-dist-1.3.12/repository/org.reflections/reflections/0.9.10/jars/reflections.jar, file:/C:/Users/Kuba/Downloads/activator-dist-1.3.12/repository/net.jodah/typetools/0.4.4/bundles/typetools.jar, file:/C:/Users/Kuba/.ivy2/cache/com.google.code.findbugs/jsr305/jars/jsr305-3.0.1.jar, file:/C:/Users/Kuba/Downloads/activator-dist-1.3.12/repository/org.apache.tomcat/tomcat-servlet-api/8.0.33/jars/tomcat-servlet-api.jar, file:/C:/Users/Kuba/.ivy2/cache/com.adrianhurt/play-bootstrap-core_2.11/jars/play-bootstrap-core_2.11-1.0-P25.jar, file:/C:/Users/Kuba/.ivy2/cache/org.webjars/bootstrap/jars/bootstrap-3.3.6.jar, file:/C:/Users/Kuba/.ivy2/cache/org.webjars/jquery/jars/jquery-2.1.4.jar}
16:45:22.856 [ForkJoinPool-8-worker-1] DEBUG c.google.inject.internal.BytecodeGen - Loading class play.api.libs.ws.ahc.WSClientProvider FastClass with PlayDependencyClassLoader{file:/C:/Users/Kuba/IdeaProjects/play-silhouette-seed-master/lib/connect-four.jar, file:/C:/Users/Kuba/IdeaProjects/play-silhouette-seed-master/lib/sudoku.jar, file:/C:/Users/Kuba/.ivy2/cache/org.scala-lang/scala-library/jars/scala-library-2.11.8.jar, file:/C:/Users/Kuba/Downloads/activator-dist-1.3.12/repository/com.typesafe.play/twirl-api_2.11/1.1.1/jars/twirl-api_2.11.jar, file:/C:/Users/Kuba/.ivy2/cache/org.apache.commons/commons-lang3/jars/commons-lang3-3.4.jar, file:/C:/Users/Kuba/.ivy2/cache/org.scala-lang.modules/scala-xml_2.11/bundles/scala-xml_2.11-1.0.1.jar, file:/C:/Users/Kuba/.ivy2/cache/com.typesafe.play/play-server_2.11/jars/play-server_2.11-2.5.4.jar, file:/C:/Users/Kuba/.ivy2/cache/com.typesafe.play/play_2.11/jars/play_2.11-2.5.4.jar, file:/C:/Users/Kuba/.ivy2/cache/com.typesafe.play/build-link/jars/build-link-2.5.4.jar, file:/C:/Users/Kuba/.ivy2/cache/com.typesafe.play/play-exceptions/jars/play-exceptions-2.5.4.jar, file:/C:/Users/Kuba/.ivy2/cache/com.typesafe.play/play-iteratees_2.11/jars/play-iteratees_2.11-2.5.4.jar, file:/C:/Users/Kuba/.ivy2/cache/org.scala-stm/scala-stm_2.11/jars/scala-stm_2.11-0.7.jar, file:/C:/Users/Kuba/Downloads/activator-dist-1.3.12/repository/com.typesafe/config/1.3.0/bundles/config.jar, file:/C:/Users/Kuba/.ivy2/cache/ch.qos.logback/logback-classic/jars/logback-classic-1.1.7.jar, file:/C:/Users/Kuba/.ivy2/cache/ch.qos.logback/logback-core/jars/logback-core-1.1.7.jar, file:/C:/Users/Kuba/.ivy2/cache/com.typesafe.play/play-json_2.11/jars/play-json_2.11-2.5.4.jar, file:/C:/Users/Kuba/.ivy2/cache/com.typesafe.play/play-functional_2.11/jars/play-functional_2.11-2.5.4.jar, file:/C:/Users/Kuba/.ivy2/cache/com.typesafe.play/play-datacommons_2.11/jars/play-datacommons_2.11-2.5.4.jar, file:/C:/Users/Kuba/Downloads/activator-dist-1.3.12/repository/joda-time/joda-time/2.9.2/jars/joda-time.jar, file:/C:/Users/Kuba/Downloads/activator-dist-1.3.12/repository/org.joda/joda-convert/1.8.1/jars/joda-convert.jar, file:/C:/Users/Kuba/Downloads/activator-dist-1.3.12/repository/org.scala-lang/scala-reflect/2.11.7/jars/scala-reflect.jar, file:/C:/Users/Kuba/Downloads/activator-dist-1.3.12/repository/com.fasterxml.jackson.core/jackson-core/2.7.1/bundles/jackson-core.jar, file:/C:/Users/Kuba/Downloads/activator-dist-1.3.12/repository/com.fasterxml.jackson.core/jackson-annotations/2.7.1/bundles/jackson-annotations.jar, file:/C:/Users/Kuba/Downloads/activator-dist-1.3.12/repository/com.fasterxml.jackson.core/jackson-databind/2.7.1/bundles/jackson-databind.jar, file:/C:/Users/Kuba/Downloads/activator-dist-1.3.12/repository/com.fasterxml.jackson.datatype/jackson-datatype-jdk8/2.7.1/bundles/jackson-datatype-jdk8.jar, file:/C:/Users/Kuba/Downloads/activator-dist-1.3.12/repository/com.fasterxml.jackson.datatype/jackson-datatype-jsr310/2.7.1/bundles/jackson-datatype-jsr310.jar, file:/C:/Users/Kuba/.ivy2/cache/com.typesafe.play/play-netty-utils/jars/play-netty-utils-2.5.4.jar, file:/C:/Users/Kuba/.ivy2/cache/org.slf4j/jul-to-slf4j/jars/jul-to-slf4j-1.7.19.jar, file:/C:/Users/Kuba/.ivy2/cache/org.slf4j/jcl-over-slf4j/jars/jcl-over-slf4j-1.7.19.jar, file:/C:/Users/Kuba/.ivy2/cache/com.typesafe.play/play-streams_2.11/jars/play-streams_2.11-2.5.4.jar, file:/C:/Users/Kuba/.ivy2/cache/org.reactivestreams/reactive-streams/jars/reactive-streams-1.0.0.jar, file:/C:/Users/Kuba/.ivy2/cache/com.typesafe.akka/akka-stream_2.11/jars/akka-stream_2.11-2.4.4.jar, file:/C:/Users/Kuba/.ivy2/cache/com.typesafe.akka/akka-actor_2.11/jars/akka-actor_2.11-2.4.4.jar, file:/C:/Users/Kuba/Downloads/activator-dist-1.3.12/repository/org.scala-lang.modules/scala-java8-compat_2.11/0.7.0/bundles/scala-java8-compat_2.11.jar, file:/C:/Users/Kuba/Downloads/activator-dist-1.3.12/repository/com.typesafe/ssl-config-akka_2.11/0.2.1/bundles/ssl-config-akka_2.11.jar, file:/C:/Users/Kuba/.ivy2/cache/com.typesafe/ssl-config-core_2.11/bundles/ssl-config-core_2.11-0.2.1.jar, file:/C:/Users/Kuba/.ivy2/cache/org.scala-lang.modules/scala-parser-combinators_2.11/bundles/scala-parser-combinators_2.11-1.0.4.jar, file:/C:/Users/Kuba/.ivy2/cache/com.typesafe.akka/akka-slf4j_2.11/jars/akka-slf4j_2.11-2.4.4.jar, file:/C:/Users/Kuba/.ivy2/cache/commons-codec/commons-codec/jars/commons-codec-1.10.jar, file:/C:/Users/Kuba/.ivy2/cache/xerces/xercesImpl/jars/xercesImpl-2.11.0.jar, file:/C:/Users/Kuba/.ivy2/cache/xml-apis/xml-apis/jars/xml-apis-1.4.01.jar, file:/C:/Users/Kuba/.ivy2/cache/javax.transaction/jta/jars/jta-1.1.jar, file:/C:/Users/Kuba/Downloads/activator-dist-1.3.12/repository/com.google.inject/guice/4.0/jars/guice.jar, file:/C:/Users/Kuba/.ivy2/cache/javax.inject/javax.inject/jars/javax.inject-1.jar, file:/C:/Users/Kuba/.ivy2/cache/aopalliance/aopalliance/jars/aopalliance-1.0.jar, file:/C:/Users/Kuba/Downloads/activator-dist-1.3.12/repository/com.google.inject.extensions/guice-assistedinject/4.0/jars/guice-assistedinject.jar, file:/C:/Users/Kuba/.ivy2/cache/com.typesafe.play/play-netty-server_2.11/jars/play-netty-server_2.11-2.5.4.jar, file:/C:/Users/Kuba/.ivy2/cache/com.typesafe.netty/netty-reactive-streams-http/jars/netty-reactive-streams-http-1.0.6.jar, file:/C:/Users/Kuba/.ivy2/cache/com.typesafe.netty/netty-reactive-streams/jars/netty-reactive-streams-1.0.6.jar, file:/C:/Users/Kuba/.ivy2/cache/io.netty/netty-handler/jars/netty-handler-4.0.36.Final.jar, file:/C:/Users/Kuba/.ivy2/cache/io.netty/netty-buffer/jars/netty-buffer-4.0.36.Final.jar, file:/C:/Users/Kuba/.ivy2/cache/io.netty/netty-common/jars/netty-common-4.0.36.Final.jar, file:/C:/Users/Kuba/.ivy2/cache/io.netty/netty-transport/jars/netty-transport-4.0.36.Final.jar, file:/C:/Users/Kuba/.ivy2/cache/io.netty/netty-codec/jars/netty-codec-4.0.36.Final.jar, file:/C:/Users/Kuba/.ivy2/cache/io.netty/netty-codec-http/jars/netty-codec-http-4.0.36.Final.jar, file:/C:/Users/Kuba/.ivy2/cache/io.netty/netty-transport-native-epoll/jars/netty-transport-native-epoll-4.0.36.Final-linux-x86_64.jar, file:/C:/Users/Kuba/.ivy2/cache/com.typesafe.play/play-logback_2.11/jars/play-logback_2.11-2.5.4.jar, file:/C:/Users/Kuba/.ivy2/cache/org.scala-lang/scala-swing/jars/scala-swing-2.11.0-M7.jar, file:/C:/Users/Kuba/.ivy2/cache/com.mohiva/play-silhouette_2.11/jars/play-silhouette_2.11-4.0.0.jar, file:/C:/Users/Kuba/.ivy2/cache/com.typesafe.play/play-cache_2.11/jars/play-cache_2.11-2.5.4.jar, file:/C:/Users/Kuba/Downloads/activator-dist-1.3.12/repository/net.sf.ehcache/ehcache-core/2.6.11/jars/ehcache-core.jar, file:/C:/Users/Kuba/.ivy2/cache/com.typesafe.play/play-ws_2.11/jars/play-ws_2.11-2.5.4.jar, file:/C:/Users/Kuba/.ivy2/cache/com.google.guava/guava/bundles/guava-19.0.jar, file:/C:/Users/Kuba/.ivy2/cache/org.asynchttpclient/async-http-client/jars/async-http-client-2.0.2.jar, file:/C:/Users/Kuba/.ivy2/cache/org.asynchttpclient/netty-resolver-dns/jars/netty-resolver-dns-2.0.2.jar, file:/C:/Users/Kuba/.ivy2/cache/org.asynchttpclient/netty-resolver/jars/netty-resolver-2.0.2.jar, file:/C:/Users/Kuba/.ivy2/cache/org.slf4j/slf4j-api/jars/slf4j-api-1.7.21.jar, file:/C:/Users/Kuba/.ivy2/cache/org.asynchttpclient/netty-codec-dns/jars/netty-codec-dns-2.0.2.jar, file:/C:/Users/Kuba/.ivy2/cache/org.javassist/javassist/bundles/javassist-3.20.0-GA.jar, file:/C:/Users/Kuba/.ivy2/cache/oauth.signpost/signpost-core/jars/signpost-core-1.2.1.2.jar, file:/C:/Users/Kuba/.ivy2/cache/oauth.signpost/signpost-commonshttp4/jars/signpost-commonshttp4-1.2.1.2.jar, file:/C:/Users/Kuba/.ivy2/cache/org.apache.httpcomponents/httpcore/jars/httpcore-4.0.1.jar, file:/C:/Users/Kuba/.ivy2/cache/org.apache.httpcomponents/httpclient/jars/httpclient-4.0.1.jar, file:/C:/Users/Kuba/.ivy2/cache/commons-logging/commons-logging/jars/commons-logging-1.1.1.jar, file:/C:/Users/Kuba/.ivy2/cache/com.atlassian.jwt/jwt-core/jars/jwt-core-1.5.8.jar, file:/C:/Users/Kuba/.ivy2/cache/com.nimbusds/nimbus-jose-jwt/jars/nimbus-jose-jwt-2.16.jar, file:/C:/Users/Kuba/.ivy2/cache/net.jcip/jcip-annotations/jars/jcip-annotations-1.0.jar, file:/C:/Users/Kuba/.ivy2/cache/net.minidev/json-smart/jars/json-smart-1.1.1.jar, file:/C:/Users/Kuba/.ivy2/cache/javax.mail/mail/jars/mail-1.4.7.jar, file:/C:/Users/Kuba/.ivy2/cache/org.bouncycastle/bcprov-jdk15on/jars/bcprov-jdk15on-1.51.jar, file:/C:/Users/Kuba/.ivy2/cache/org.bouncycastle/bcpkix-jdk15on/jars/bcpkix-jdk15on-1.51.jar, file:/C:/Users/Kuba/.ivy2/cache/com.atlassian.jwt/jwt-api/jars/jwt-api-1.5.8.jar, file:/C:/Users/Kuba/.ivy2/cache/com.mohiva/play-silhouette-password-bcrypt_2.11/jars/play-silhouette-password-bcrypt_2.11-4.0.0.jar, file:/C:/Users/Kuba/.ivy2/cache/de.svenkubiak/jBCrypt/bundles/jBCrypt-0.4.1.jar, file:/C:/Users/Kuba/.ivy2/cache/com.mohiva/play-silhouette-persistence_2.11/jars/play-silhouette-persistence_2.11-4.0.0.jar, file:/C:/Users/Kuba/.ivy2/cache/com.mohiva/play-silhouette-crypto-jca_2.11/jars/play-silhouette-crypto-jca_2.11-4.0.0.jar, file:/C:/Users/Kuba/.ivy2/cache/org.webjars/webjars-play_2.11/jars/webjars-play_2.11-2.5.0-2.jar, file:/C:/Users/Kuba/.ivy2/cache/org.webjars/requirejs/jars/requirejs-2.1.20.jar, file:/C:/Users/Kuba/.ivy2/cache/org.webjars/webjars-locator/jars/webjars-locator-0.31.jar, file:/C:/Users/Kuba/.ivy2/cache/org.webjars/webjars-locator-core/jars/webjars-locator-core-0.30.jar, file:/C:/Users/Kuba/.ivy2/cache/org.apache.commons/commons-compress/jars/commons-compress-1.9.jar, file:/C:/Users/Kuba/.ivy2/cache/net.codingwell/scala-guice_2.11/jars/scala-guice_2.11-4.0.1.jar, file:/C:/Users/Kuba/.ivy2/cache/com.google.inject.extensions/guice-multibindings/jars/guice-multibindings-4.0.jar, file:/C:/Users/Kuba/.ivy2/cache/com.iheart/ficus_2.11/jars/ficus_2.11-1.2.6.jar, file:/C:/Users/Kuba/.ivy2/cache/org.typelevel/macro-compat_2.11/jars/macro-compat_2.11-1.1.1.jar, file:/C:/Users/Kuba/.ivy2/cache/com.typesafe.play/play-mailer_2.11/jars/play-mailer_2.11-5.0.0.jar, file:/C:/Users/Kuba/.ivy2/cache/org.apache.commons/commons-email/jars/commons-email-1.4.jar, file:/C:/Users/Kuba/.ivy2/cache/com.sun.mail/javax.mail/jars/javax.mail-1.5.2.jar, file:/C:/Users/Kuba/.ivy2/cache/javax.activation/activation/jars/activation-1.1.1.jar, file:/C:/Users/Kuba/.ivy2/cache/com.enragedginger/akka-quartz-scheduler_2.11/jars/akka-quartz-scheduler_2.11-1.5.0-akka-2.4.x.jar, file:/C:/Users/Kuba/.ivy2/cache/org.quartz-scheduler/quartz/jars/quartz-2.2.2.jar, file:/C:/Users/Kuba/.ivy2/cache/c3p0/c3p0/jars/c3p0-0.9.1.1.jar, file:/C:/Users/Kuba/.ivy2/cache/com.adrianhurt/play-bootstrap_2.11/jars/play-bootstrap_2.11-1.0-P25-B3.jar, file:/C:/Users/Kuba/.ivy2/cache/com.typesafe.play/filters-helpers_2.11/jars/filters-helpers_2.11-2.5.4.jar, file:/C:/Users/Kuba/.ivy2/cache/com.typesafe.play/play-java_2.11/jars/play-java_2.11-2.5.4.jar, file:/C:/Users/Kuba/Downloads/activator-dist-1.3.12/repository/org.yaml/snakeyaml/1.16/bundles/snakeyaml.jar, file:/C:/Users/Kuba/Downloads/activator-dist-1.3.12/repository/org.hibernate/hibernate-validator/5.2.4.Final/jars/hibernate-validator.jar, file:/C:/Users/Kuba/Downloads/activator-dist-1.3.12/repository/javax.validation/validation-api/1.1.0.Final/jars/validation-api.jar, file:/C:/Users/Kuba/Downloads/activator-dist-1.3.12/repository/org.jboss.logging/jboss-logging/3.2.1.Final/jars/jboss-logging.jar, file:/C:/Users/Kuba/Downloads/activator-dist-1.3.12/repository/com.fasterxml/classmate/1.1.0/bundles/classmate.jar, file:/C:/Users/Kuba/Downloads/activator-dist-1.3.12/repository/javax.el/javax.el-api/3.0.0/jars/javax.el-api.jar, file:/C:/Users/Kuba/.ivy2/cache/org.springframework/spring-context/jars/spring-context-4.2.4.RELEASE.jar, file:/C:/Users/Kuba/.ivy2/cache/org.springframework/spring-core/jars/spring-core-4.2.4.RELEASE.jar, file:/C:/Users/Kuba/.ivy2/cache/org.springframework/spring-beans/jars/spring-beans-4.2.4.RELEASE.jar, file:/C:/Users/Kuba/Downloads/activator-dist-1.3.12/repository/org.reflections/reflections/0.9.10/jars/reflections.jar, file:/C:/Users/Kuba/Downloads/activator-dist-1.3.12/repository/net.jodah/typetools/0.4.4/bundles/typetools.jar, file:/C:/Users/Kuba/.ivy2/cache/com.google.code.findbugs/jsr305/jars/jsr305-3.0.1.jar, file:/C:/Users/Kuba/Downloads/activator-dist-1.3.12/repository/org.apache.tomcat/tomcat-servlet-api/8.0.33/jars/tomcat-servlet-api.jar, file:/C:/Users/Kuba/.ivy2/cache/com.adrianhurt/play-bootstrap-core_2.11/jars/play-bootstrap-core_2.11-1.0-P25.jar, file:/C:/Users/Kuba/.ivy2/cache/org.webjars/bootstrap/jars/bootstrap-3.3.6.jar, file:/C:/Users/Kuba/.ivy2/cache/org.webjars/jquery/jars/jquery-2.1.4.jar}
16:45:22.857 [ForkJoinPool-8-worker-1] DEBUG c.google.inject.internal.BytecodeGen - Loading class play.filters.headers.SecurityHeadersConfigProvider FastClass with PlayDependencyClassLoader{file:/C:/Users/Kuba/IdeaProjects/play-silhouette-seed-master/lib/connect-four.jar, file:/C:/Users/Kuba/IdeaProjects/play-silhouette-seed-master/lib/sudoku.jar, file:/C:/Users/Kuba/.ivy2/cache/org.scala-lang/scala-library/jars/scala-library-2.11.8.jar, file:/C:/Users/Kuba/Downloads/activator-dist-1.3.12/repository/com.typesafe.play/twirl-api_2.11/1.1.1/jars/twirl-api_2.11.jar, file:/C:/Users/Kuba/.ivy2/cache/org.apache.commons/commons-lang3/jars/commons-lang3-3.4.jar, file:/C:/Users/Kuba/.ivy2/cache/org.scala-lang.modules/scala-xml_2.11/bundles/scala-xml_2.11-1.0.1.jar, file:/C:/Users/Kuba/.ivy2/cache/com.typesafe.play/play-server_2.11/jars/play-server_2.11-2.5.4.jar, file:/C:/Users/Kuba/.ivy2/cache/com.typesafe.play/play_2.11/jars/play_2.11-2.5.4.jar, file:/C:/Users/Kuba/.ivy2/cache/com.typesafe.play/build-link/jars/build-link-2.5.4.jar, file:/C:/Users/Kuba/.ivy2/cache/com.typesafe.play/play-exceptions/jars/play-exceptions-2.5.4.jar, file:/C:/Users/Kuba/.ivy2/cache/com.typesafe.play/play-iteratees_2.11/jars/play-iteratees_2.11-2.5.4.jar, file:/C:/Users/Kuba/.ivy2/cache/org.scala-stm/scala-stm_2.11/jars/scala-stm_2.11-0.7.jar, file:/C:/Users/Kuba/Downloads/activator-dist-1.3.12/repository/com.typesafe/config/1.3.0/bundles/config.jar, file:/C:/Users/Kuba/.ivy2/cache/ch.qos.logback/logback-classic/jars/logback-classic-1.1.7.jar, file:/C:/Users/Kuba/.ivy2/cache/ch.qos.logback/logback-core/jars/logback-core-1.1.7.jar, file:/C:/Users/Kuba/.ivy2/cache/com.typesafe.play/play-json_2.11/jars/play-json_2.11-2.5.4.jar, file:/C:/Users/Kuba/.ivy2/cache/com.typesafe.play/play-functional_2.11/jars/play-functional_2.11-2.5.4.jar, file:/C:/Users/Kuba/.ivy2/cache/com.typesafe.play/play-datacommons_2.11/jars/play-datacommons_2.11-2.5.4.jar, file:/C:/Users/Kuba/Downloads/activator-dist-1.3.12/repository/joda-time/joda-time/2.9.2/jars/joda-time.jar, file:/C:/Users/Kuba/Downloads/activator-dist-1.3.12/repository/org.joda/joda-convert/1.8.1/jars/joda-convert.jar, file:/C:/Users/Kuba/Downloads/activator-dist-1.3.12/repository/org.scala-lang/scala-reflect/2.11.7/jars/scala-reflect.jar, file:/C:/Users/Kuba/Downloads/activator-dist-1.3.12/repository/com.fasterxml.jackson.core/jackson-core/2.7.1/bundles/jackson-core.jar, file:/C:/Users/Kuba/Downloads/activator-dist-1.3.12/repository/com.fasterxml.jackson.core/jackson-annotations/2.7.1/bundles/jackson-annotations.jar, file:/C:/Users/Kuba/Downloads/activator-dist-1.3.12/repository/com.fasterxml.jackson.core/jackson-databind/2.7.1/bundles/jackson-databind.jar, file:/C:/Users/Kuba/Downloads/activator-dist-1.3.12/repository/com.fasterxml.jackson.datatype/jackson-datatype-jdk8/2.7.1/bundles/jackson-datatype-jdk8.jar, file:/C:/Users/Kuba/Downloads/activator-dist-1.3.12/repository/com.fasterxml.jackson.datatype/jackson-datatype-jsr310/2.7.1/bundles/jackson-datatype-jsr310.jar, file:/C:/Users/Kuba/.ivy2/cache/com.typesafe.play/play-netty-utils/jars/play-netty-utils-2.5.4.jar, file:/C:/Users/Kuba/.ivy2/cache/org.slf4j/jul-to-slf4j/jars/jul-to-slf4j-1.7.19.jar, file:/C:/Users/Kuba/.ivy2/cache/org.slf4j/jcl-over-slf4j/jars/jcl-over-slf4j-1.7.19.jar, file:/C:/Users/Kuba/.ivy2/cache/com.typesafe.play/play-streams_2.11/jars/play-streams_2.11-2.5.4.jar, file:/C:/Users/Kuba/.ivy2/cache/org.reactivestreams/reactive-streams/jars/reactive-streams-1.0.0.jar, file:/C:/Users/Kuba/.ivy2/cache/com.typesafe.akka/akka-stream_2.11/jars/akka-stream_2.11-2.4.4.jar, file:/C:/Users/Kuba/.ivy2/cache/com.typesafe.akka/akka-actor_2.11/jars/akka-actor_2.11-2.4.4.jar, file:/C:/Users/Kuba/Downloads/activator-dist-1.3.12/repository/org.scala-lang.modules/scala-java8-compat_2.11/0.7.0/bundles/scala-java8-compat_2.11.jar, file:/C:/Users/Kuba/Downloads/activator-dist-1.3.12/repository/com.typesafe/ssl-config-akka_2.11/0.2.1/bundles/ssl-config-akka_2.11.jar, file:/C:/Users/Kuba/.ivy2/cache/com.typesafe/ssl-config-core_2.11/bundles/ssl-config-core_2.11-0.2.1.jar, file:/C:/Users/Kuba/.ivy2/cache/org.scala-lang.modules/scala-parser-combinators_2.11/bundles/scala-parser-combinators_2.11-1.0.4.jar, file:/C:/Users/Kuba/.ivy2/cache/com.typesafe.akka/akka-slf4j_2.11/jars/akka-slf4j_2.11-2.4.4.jar, file:/C:/Users/Kuba/.ivy2/cache/commons-codec/commons-codec/jars/commons-codec-1.10.jar, file:/C:/Users/Kuba/.ivy2/cache/xerces/xercesImpl/jars/xercesImpl-2.11.0.jar, file:/C:/Users/Kuba/.ivy2/cache/xml-apis/xml-apis/jars/xml-apis-1.4.01.jar, file:/C:/Users/Kuba/.ivy2/cache/javax.transaction/jta/jars/jta-1.1.jar, file:/C:/Users/Kuba/Downloads/activator-dist-1.3.12/repository/com.google.inject/guice/4.0/jars/guice.jar, file:/C:/Users/Kuba/.ivy2/cache/javax.inject/javax.inject/jars/javax.inject-1.jar, file:/C:/Users/Kuba/.ivy2/cache/aopalliance/aopalliance/jars/aopalliance-1.0.jar, file:/C:/Users/Kuba/Downloads/activator-dist-1.3.12/repository/com.google.inject.extensions/guice-assistedinject/4.0/jars/guice-assistedinject.jar, file:/C:/Users/Kuba/.ivy2/cache/com.typesafe.play/play-netty-server_2.11/jars/play-netty-server_2.11-2.5.4.jar, file:/C:/Users/Kuba/.ivy2/cache/com.typesafe.netty/netty-reactive-streams-http/jars/netty-reactive-streams-http-1.0.6.jar, file:/C:/Users/Kuba/.ivy2/cache/com.typesafe.netty/netty-reactive-streams/jars/netty-reactive-streams-1.0.6.jar, file:/C:/Users/Kuba/.ivy2/cache/io.netty/netty-handler/jars/netty-handler-4.0.36.Final.jar, file:/C:/Users/Kuba/.ivy2/cache/io.netty/netty-buffer/jars/netty-buffer-4.0.36.Final.jar, file:/C:/Users/Kuba/.ivy2/cache/io.netty/netty-common/jars/netty-common-4.0.36.Final.jar, file:/C:/Users/Kuba/.ivy2/cache/io.netty/netty-transport/jars/netty-transport-4.0.36.Final.jar, file:/C:/Users/Kuba/.ivy2/cache/io.netty/netty-codec/jars/netty-codec-4.0.36.Final.jar, file:/C:/Users/Kuba/.ivy2/cache/io.netty/netty-codec-http/jars/netty-codec-http-4.0.36.Final.jar, file:/C:/Users/Kuba/.ivy2/cache/io.netty/netty-transport-native-epoll/jars/netty-transport-native-epoll-4.0.36.Final-linux-x86_64.jar, file:/C:/Users/Kuba/.ivy2/cache/com.typesafe.play/play-logback_2.11/jars/play-logback_2.11-2.5.4.jar, file:/C:/Users/Kuba/.ivy2/cache/org.scala-lang/scala-swing/jars/scala-swing-2.11.0-M7.jar, file:/C:/Users/Kuba/.ivy2/cache/com.mohiva/play-silhouette_2.11/jars/play-silhouette_2.11-4.0.0.jar, file:/C:/Users/Kuba/.ivy2/cache/com.typesafe.play/play-cache_2.11/jars/play-cache_2.11-2.5.4.jar, file:/C:/Users/Kuba/Downloads/activator-dist-1.3.12/repository/net.sf.ehcache/ehcache-core/2.6.11/jars/ehcache-core.jar, file:/C:/Users/Kuba/.ivy2/cache/com.typesafe.play/play-ws_2.11/jars/play-ws_2.11-2.5.4.jar, file:/C:/Users/Kuba/.ivy2/cache/com.google.guava/guava/bundles/guava-19.0.jar, file:/C:/Users/Kuba/.ivy2/cache/org.asynchttpclient/async-http-client/jars/async-http-client-2.0.2.jar, file:/C:/Users/Kuba/.ivy2/cache/org.asynchttpclient/netty-resolver-dns/jars/netty-resolver-dns-2.0.2.jar, file:/C:/Users/Kuba/.ivy2/cache/org.asynchttpclient/netty-resolver/jars/netty-resolver-2.0.2.jar, file:/C:/Users/Kuba/.ivy2/cache/org.slf4j/slf4j-api/jars/slf4j-api-1.7.21.jar, file:/C:/Users/Kuba/.ivy2/cache/org.asynchttpclient/netty-codec-dns/jars/netty-codec-dns-2.0.2.jar, file:/C:/Users/Kuba/.ivy2/cache/org.javassist/javassist/bundles/javassist-3.20.0-GA.jar, file:/C:/Users/Kuba/.ivy2/cache/oauth.signpost/signpost-core/jars/signpost-core-1.2.1.2.jar, file:/C:/Users/Kuba/.ivy2/cache/oauth.signpost/signpost-commonshttp4/jars/signpost-commonshttp4-1.2.1.2.jar, file:/C:/Users/Kuba/.ivy2/cache/org.apache.httpcomponents/httpcore/jars/httpcore-4.0.1.jar, file:/C:/Users/Kuba/.ivy2/cache/org.apache.httpcomponents/httpclient/jars/httpclient-4.0.1.jar, file:/C:/Users/Kuba/.ivy2/cache/commons-logging/commons-logging/jars/commons-logging-1.1.1.jar, file:/C:/Users/Kuba/.ivy2/cache/com.atlassian.jwt/jwt-core/jars/jwt-core-1.5.8.jar, file:/C:/Users/Kuba/.ivy2/cache/com.nimbusds/nimbus-jose-jwt/jars/nimbus-jose-jwt-2.16.jar, file:/C:/Users/Kuba/.ivy2/cache/net.jcip/jcip-annotations/jars/jcip-annotations-1.0.jar, file:/C:/Users/Kuba/.ivy2/cache/net.minidev/json-smart/jars/json-smart-1.1.1.jar, file:/C:/Users/Kuba/.ivy2/cache/javax.mail/mail/jars/mail-1.4.7.jar, file:/C:/Users/Kuba/.ivy2/cache/org.bouncycastle/bcprov-jdk15on/jars/bcprov-jdk15on-1.51.jar, file:/C:/Users/Kuba/.ivy2/cache/org.bouncycastle/bcpkix-jdk15on/jars/bcpkix-jdk15on-1.51.jar, file:/C:/Users/Kuba/.ivy2/cache/com.atlassian.jwt/jwt-api/jars/jwt-api-1.5.8.jar, file:/C:/Users/Kuba/.ivy2/cache/com.mohiva/play-silhouette-password-bcrypt_2.11/jars/play-silhouette-password-bcrypt_2.11-4.0.0.jar, file:/C:/Users/Kuba/.ivy2/cache/de.svenkubiak/jBCrypt/bundles/jBCrypt-0.4.1.jar, file:/C:/Users/Kuba/.ivy2/cache/com.mohiva/play-silhouette-persistence_2.11/jars/play-silhouette-persistence_2.11-4.0.0.jar, file:/C:/Users/Kuba/.ivy2/cache/com.mohiva/play-silhouette-crypto-jca_2.11/jars/play-silhouette-crypto-jca_2.11-4.0.0.jar, file:/C:/Users/Kuba/.ivy2/cache/org.webjars/webjars-play_2.11/jars/webjars-play_2.11-2.5.0-2.jar, file:/C:/Users/Kuba/.ivy2/cache/org.webjars/requirejs/jars/requirejs-2.1.20.jar, file:/C:/Users/Kuba/.ivy2/cache/org.webjars/webjars-locator/jars/webjars-locator-0.31.jar, file:/C:/Users/Kuba/.ivy2/cache/org.webjars/webjars-locator-core/jars/webjars-locator-core-0.30.jar, file:/C:/Users/Kuba/.ivy2/cache/org.apache.commons/commons-compress/jars/commons-compress-1.9.jar, file:/C:/Users/Kuba/.ivy2/cache/net.codingwell/scala-guice_2.11/jars/scala-guice_2.11-4.0.1.jar, file:/C:/Users/Kuba/.ivy2/cache/com.google.inject.extensions/guice-multibindings/jars/guice-multibindings-4.0.jar, file:/C:/Users/Kuba/.ivy2/cache/com.iheart/ficus_2.11/jars/ficus_2.11-1.2.6.jar, file:/C:/Users/Kuba/.ivy2/cache/org.typelevel/macro-compat_2.11/jars/macro-compat_2.11-1.1.1.jar, file:/C:/Users/Kuba/.ivy2/cache/com.typesafe.play/play-mailer_2.11/jars/play-mailer_2.11-5.0.0.jar, file:/C:/Users/Kuba/.ivy2/cache/org.apache.commons/commons-email/jars/commons-email-1.4.jar, file:/C:/Users/Kuba/.ivy2/cache/com.sun.mail/javax.mail/jars/javax.mail-1.5.2.jar, file:/C:/Users/Kuba/.ivy2/cache/javax.activation/activation/jars/activation-1.1.1.jar, file:/C:/Users/Kuba/.ivy2/cache/com.enragedginger/akka-quartz-scheduler_2.11/jars/akka-quartz-scheduler_2.11-1.5.0-akka-2.4.x.jar, file:/C:/Users/Kuba/.ivy2/cache/org.quartz-scheduler/quartz/jars/quartz-2.2.2.jar, file:/C:/Users/Kuba/.ivy2/cache/c3p0/c3p0/jars/c3p0-0.9.1.1.jar, file:/C:/Users/Kuba/.ivy2/cache/com.adrianhurt/play-bootstrap_2.11/jars/play-bootstrap_2.11-1.0-P25-B3.jar, file:/C:/Users/Kuba/.ivy2/cache/com.typesafe.play/filters-helpers_2.11/jars/filters-helpers_2.11-2.5.4.jar, file:/C:/Users/Kuba/.ivy2/cache/com.typesafe.play/play-java_2.11/jars/play-java_2.11-2.5.4.jar, file:/C:/Users/Kuba/Downloads/activator-dist-1.3.12/repository/org.yaml/snakeyaml/1.16/bundles/snakeyaml.jar, file:/C:/Users/Kuba/Downloads/activator-dist-1.3.12/repository/org.hibernate/hibernate-validator/5.2.4.Final/jars/hibernate-validator.jar, file:/C:/Users/Kuba/Downloads/activator-dist-1.3.12/repository/javax.validation/validation-api/1.1.0.Final/jars/validation-api.jar, file:/C:/Users/Kuba/Downloads/activator-dist-1.3.12/repository/org.jboss.logging/jboss-logging/3.2.1.Final/jars/jboss-logging.jar, file:/C:/Users/Kuba/Downloads/activator-dist-1.3.12/repository/com.fasterxml/classmate/1.1.0/bundles/classmate.jar, file:/C:/Users/Kuba/Downloads/activator-dist-1.3.12/repository/javax.el/javax.el-api/3.0.0/jars/javax.el-api.jar, file:/C:/Users/Kuba/.ivy2/cache/org.springframework/spring-context/jars/spring-context-4.2.4.RELEASE.jar, file:/C:/Users/Kuba/.ivy2/cache/org.springframework/spring-core/jars/spring-core-4.2.4.RELEASE.jar, file:/C:/Users/Kuba/.ivy2/cache/org.springframework/spring-beans/jars/spring-beans-4.2.4.RELEASE.jar, file:/C:/Users/Kuba/Downloads/activator-dist-1.3.12/repository/org.reflections/reflections/0.9.10/jars/reflections.jar, file:/C:/Users/Kuba/Downloads/activator-dist-1.3.12/repository/net.jodah/typetools/0.4.4/bundles/typetools.jar, file:/C:/Users/Kuba/.ivy2/cache/com.google.code.findbugs/jsr305/jars/jsr305-3.0.1.jar, file:/C:/Users/Kuba/Downloads/activator-dist-1.3.12/repository/org.apache.tomcat/tomcat-servlet-api/8.0.33/jars/tomcat-servlet-api.jar, file:/C:/Users/Kuba/.ivy2/cache/com.adrianhurt/play-bootstrap-core_2.11/jars/play-bootstrap-core_2.11-1.0-P25.jar, file:/C:/Users/Kuba/.ivy2/cache/org.webjars/bootstrap/jars/bootstrap-3.3.6.jar, file:/C:/Users/Kuba/.ivy2/cache/org.webjars/jquery/jars/jquery-2.1.4.jar}
16:45:22.859 [ForkJoinPool-8-worker-1] DEBUG c.google.inject.internal.BytecodeGen - Loading class play.filters.csrf.CSRFConfigProvider FastClass with PlayDependencyClassLoader{file:/C:/Users/Kuba/IdeaProjects/play-silhouette-seed-master/lib/connect-four.jar, file:/C:/Users/Kuba/IdeaProjects/play-silhouette-seed-master/lib/sudoku.jar, file:/C:/Users/Kuba/.ivy2/cache/org.scala-lang/scala-library/jars/scala-library-2.11.8.jar, file:/C:/Users/Kuba/Downloads/activator-dist-1.3.12/repository/com.typesafe.play/twirl-api_2.11/1.1.1/jars/twirl-api_2.11.jar, file:/C:/Users/Kuba/.ivy2/cache/org.apache.commons/commons-lang3/jars/commons-lang3-3.4.jar, file:/C:/Users/Kuba/.ivy2/cache/org.scala-lang.modules/scala-xml_2.11/bundles/scala-xml_2.11-1.0.1.jar, file:/C:/Users/Kuba/.ivy2/cache/com.typesafe.play/play-server_2.11/jars/play-server_2.11-2.5.4.jar, file:/C:/Users/Kuba/.ivy2/cache/com.typesafe.play/play_2.11/jars/play_2.11-2.5.4.jar, file:/C:/Users/Kuba/.ivy2/cache/com.typesafe.play/build-link/jars/build-link-2.5.4.jar, file:/C:/Users/Kuba/.ivy2/cache/com.typesafe.play/play-exceptions/jars/play-exceptions-2.5.4.jar, file:/C:/Users/Kuba/.ivy2/cache/com.typesafe.play/play-iteratees_2.11/jars/play-iteratees_2.11-2.5.4.jar, file:/C:/Users/Kuba/.ivy2/cache/org.scala-stm/scala-stm_2.11/jars/scala-stm_2.11-0.7.jar, file:/C:/Users/Kuba/Downloads/activator-dist-1.3.12/repository/com.typesafe/config/1.3.0/bundles/config.jar, file:/C:/Users/Kuba/.ivy2/cache/ch.qos.logback/logback-classic/jars/logback-classic-1.1.7.jar, file:/C:/Users/Kuba/.ivy2/cache/ch.qos.logback/logback-core/jars/logback-core-1.1.7.jar, file:/C:/Users/Kuba/.ivy2/cache/com.typesafe.play/play-json_2.11/jars/play-json_2.11-2.5.4.jar, file:/C:/Users/Kuba/.ivy2/cache/com.typesafe.play/play-functional_2.11/jars/play-functional_2.11-2.5.4.jar, file:/C:/Users/Kuba/.ivy2/cache/com.typesafe.play/play-datacommons_2.11/jars/play-datacommons_2.11-2.5.4.jar, file:/C:/Users/Kuba/Downloads/activator-dist-1.3.12/repository/joda-time/joda-time/2.9.2/jars/joda-time.jar, file:/C:/Users/Kuba/Downloads/activator-dist-1.3.12/repository/org.joda/joda-convert/1.8.1/jars/joda-convert.jar, file:/C:/Users/Kuba/Downloads/activator-dist-1.3.12/repository/org.scala-lang/scala-reflect/2.11.7/jars/scala-reflect.jar, file:/C:/Users/Kuba/Downloads/activator-dist-1.3.12/repository/com.fasterxml.jackson.core/jackson-core/2.7.1/bundles/jackson-core.jar, file:/C:/Users/Kuba/Downloads/activator-dist-1.3.12/repository/com.fasterxml.jackson.core/jackson-annotations/2.7.1/bundles/jackson-annotations.jar, file:/C:/Users/Kuba/Downloads/activator-dist-1.3.12/repository/com.fasterxml.jackson.core/jackson-databind/2.7.1/bundles/jackson-databind.jar, file:/C:/Users/Kuba/Downloads/activator-dist-1.3.12/repository/com.fasterxml.jackson.datatype/jackson-datatype-jdk8/2.7.1/bundles/jackson-datatype-jdk8.jar, file:/C:/Users/Kuba/Downloads/activator-dist-1.3.12/repository/com.fasterxml.jackson.datatype/jackson-datatype-jsr310/2.7.1/bundles/jackson-datatype-jsr310.jar, file:/C:/Users/Kuba/.ivy2/cache/com.typesafe.play/play-netty-utils/jars/play-netty-utils-2.5.4.jar, file:/C:/Users/Kuba/.ivy2/cache/org.slf4j/jul-to-slf4j/jars/jul-to-slf4j-1.7.19.jar, file:/C:/Users/Kuba/.ivy2/cache/org.slf4j/jcl-over-slf4j/jars/jcl-over-slf4j-1.7.19.jar, file:/C:/Users/Kuba/.ivy2/cache/com.typesafe.play/play-streams_2.11/jars/play-streams_2.11-2.5.4.jar, file:/C:/Users/Kuba/.ivy2/cache/org.reactivestreams/reactive-streams/jars/reactive-streams-1.0.0.jar, file:/C:/Users/Kuba/.ivy2/cache/com.typesafe.akka/akka-stream_2.11/jars/akka-stream_2.11-2.4.4.jar, file:/C:/Users/Kuba/.ivy2/cache/com.typesafe.akka/akka-actor_2.11/jars/akka-actor_2.11-2.4.4.jar, file:/C:/Users/Kuba/Downloads/activator-dist-1.3.12/repository/org.scala-lang.modules/scala-java8-compat_2.11/0.7.0/bundles/scala-java8-compat_2.11.jar, file:/C:/Users/Kuba/Downloads/activator-dist-1.3.12/repository/com.typesafe/ssl-config-akka_2.11/0.2.1/bundles/ssl-config-akka_2.11.jar, file:/C:/Users/Kuba/.ivy2/cache/com.typesafe/ssl-config-core_2.11/bundles/ssl-config-core_2.11-0.2.1.jar, file:/C:/Users/Kuba/.ivy2/cache/org.scala-lang.modules/scala-parser-combinators_2.11/bundles/scala-parser-combinators_2.11-1.0.4.jar, file:/C:/Users/Kuba/.ivy2/cache/com.typesafe.akka/akka-slf4j_2.11/jars/akka-slf4j_2.11-2.4.4.jar, file:/C:/Users/Kuba/.ivy2/cache/commons-codec/commons-codec/jars/commons-codec-1.10.jar, file:/C:/Users/Kuba/.ivy2/cache/xerces/xercesImpl/jars/xercesImpl-2.11.0.jar, file:/C:/Users/Kuba/.ivy2/cache/xml-apis/xml-apis/jars/xml-apis-1.4.01.jar, file:/C:/Users/Kuba/.ivy2/cache/javax.transaction/jta/jars/jta-1.1.jar, file:/C:/Users/Kuba/Downloads/activator-dist-1.3.12/repository/com.google.inject/guice/4.0/jars/guice.jar, file:/C:/Users/Kuba/.ivy2/cache/javax.inject/javax.inject/jars/javax.inject-1.jar, file:/C:/Users/Kuba/.ivy2/cache/aopalliance/aopalliance/jars/aopalliance-1.0.jar, file:/C:/Users/Kuba/Downloads/activator-dist-1.3.12/repository/com.google.inject.extensions/guice-assistedinject/4.0/jars/guice-assistedinject.jar, file:/C:/Users/Kuba/.ivy2/cache/com.typesafe.play/play-netty-server_2.11/jars/play-netty-server_2.11-2.5.4.jar, file:/C:/Users/Kuba/.ivy2/cache/com.typesafe.netty/netty-reactive-streams-http/jars/netty-reactive-streams-http-1.0.6.jar, file:/C:/Users/Kuba/.ivy2/cache/com.typesafe.netty/netty-reactive-streams/jars/netty-reactive-streams-1.0.6.jar, file:/C:/Users/Kuba/.ivy2/cache/io.netty/netty-handler/jars/netty-handler-4.0.36.Final.jar, file:/C:/Users/Kuba/.ivy2/cache/io.netty/netty-buffer/jars/netty-buffer-4.0.36.Final.jar, file:/C:/Users/Kuba/.ivy2/cache/io.netty/netty-common/jars/netty-common-4.0.36.Final.jar, file:/C:/Users/Kuba/.ivy2/cache/io.netty/netty-transport/jars/netty-transport-4.0.36.Final.jar, file:/C:/Users/Kuba/.ivy2/cache/io.netty/netty-codec/jars/netty-codec-4.0.36.Final.jar, file:/C:/Users/Kuba/.ivy2/cache/io.netty/netty-codec-http/jars/netty-codec-http-4.0.36.Final.jar, file:/C:/Users/Kuba/.ivy2/cache/io.netty/netty-transport-native-epoll/jars/netty-transport-native-epoll-4.0.36.Final-linux-x86_64.jar, file:/C:/Users/Kuba/.ivy2/cache/com.typesafe.play/play-logback_2.11/jars/play-logback_2.11-2.5.4.jar, file:/C:/Users/Kuba/.ivy2/cache/org.scala-lang/scala-swing/jars/scala-swing-2.11.0-M7.jar, file:/C:/Users/Kuba/.ivy2/cache/com.mohiva/play-silhouette_2.11/jars/play-silhouette_2.11-4.0.0.jar, file:/C:/Users/Kuba/.ivy2/cache/com.typesafe.play/play-cache_2.11/jars/play-cache_2.11-2.5.4.jar, file:/C:/Users/Kuba/Downloads/activator-dist-1.3.12/repository/net.sf.ehcache/ehcache-core/2.6.11/jars/ehcache-core.jar, file:/C:/Users/Kuba/.ivy2/cache/com.typesafe.play/play-ws_2.11/jars/play-ws_2.11-2.5.4.jar, file:/C:/Users/Kuba/.ivy2/cache/com.google.guava/guava/bundles/guava-19.0.jar, file:/C:/Users/Kuba/.ivy2/cache/org.asynchttpclient/async-http-client/jars/async-http-client-2.0.2.jar, file:/C:/Users/Kuba/.ivy2/cache/org.asynchttpclient/netty-resolver-dns/jars/netty-resolver-dns-2.0.2.jar, file:/C:/Users/Kuba/.ivy2/cache/org.asynchttpclient/netty-resolver/jars/netty-resolver-2.0.2.jar, file:/C:/Users/Kuba/.ivy2/cache/org.slf4j/slf4j-api/jars/slf4j-api-1.7.21.jar, file:/C:/Users/Kuba/.ivy2/cache/org.asynchttpclient/netty-codec-dns/jars/netty-codec-dns-2.0.2.jar, file:/C:/Users/Kuba/.ivy2/cache/org.javassist/javassist/bundles/javassist-3.20.0-GA.jar, file:/C:/Users/Kuba/.ivy2/cache/oauth.signpost/signpost-core/jars/signpost-core-1.2.1.2.jar, file:/C:/Users/Kuba/.ivy2/cache/oauth.signpost/signpost-commonshttp4/jars/signpost-commonshttp4-1.2.1.2.jar, file:/C:/Users/Kuba/.ivy2/cache/org.apache.httpcomponents/httpcore/jars/httpcore-4.0.1.jar, file:/C:/Users/Kuba/.ivy2/cache/org.apache.httpcomponents/httpclient/jars/httpclient-4.0.1.jar, file:/C:/Users/Kuba/.ivy2/cache/commons-logging/commons-logging/jars/commons-logging-1.1.1.jar, file:/C:/Users/Kuba/.ivy2/cache/com.atlassian.jwt/jwt-core/jars/jwt-core-1.5.8.jar, file:/C:/Users/Kuba/.ivy2/cache/com.nimbusds/nimbus-jose-jwt/jars/nimbus-jose-jwt-2.16.jar, file:/C:/Users/Kuba/.ivy2/cache/net.jcip/jcip-annotations/jars/jcip-annotations-1.0.jar, file:/C:/Users/Kuba/.ivy2/cache/net.minidev/json-smart/jars/json-smart-1.1.1.jar, file:/C:/Users/Kuba/.ivy2/cache/javax.mail/mail/jars/mail-1.4.7.jar, file:/C:/Users/Kuba/.ivy2/cache/org.bouncycastle/bcprov-jdk15on/jars/bcprov-jdk15on-1.51.jar, file:/C:/Users/Kuba/.ivy2/cache/org.bouncycastle/bcpkix-jdk15on/jars/bcpkix-jdk15on-1.51.jar, file:/C:/Users/Kuba/.ivy2/cache/com.atlassian.jwt/jwt-api/jars/jwt-api-1.5.8.jar, file:/C:/Users/Kuba/.ivy2/cache/com.mohiva/play-silhouette-password-bcrypt_2.11/jars/play-silhouette-password-bcrypt_2.11-4.0.0.jar, file:/C:/Users/Kuba/.ivy2/cache/de.svenkubiak/jBCrypt/bundles/jBCrypt-0.4.1.jar, file:/C:/Users/Kuba/.ivy2/cache/com.mohiva/play-silhouette-persistence_2.11/jars/play-silhouette-persistence_2.11-4.0.0.jar, file:/C:/Users/Kuba/.ivy2/cache/com.mohiva/play-silhouette-crypto-jca_2.11/jars/play-silhouette-crypto-jca_2.11-4.0.0.jar, file:/C:/Users/Kuba/.ivy2/cache/org.webjars/webjars-play_2.11/jars/webjars-play_2.11-2.5.0-2.jar, file:/C:/Users/Kuba/.ivy2/cache/org.webjars/requirejs/jars/requirejs-2.1.20.jar, file:/C:/Users/Kuba/.ivy2/cache/org.webjars/webjars-locator/jars/webjars-locator-0.31.jar, file:/C:/Users/Kuba/.ivy2/cache/org.webjars/webjars-locator-core/jars/webjars-locator-core-0.30.jar, file:/C:/Users/Kuba/.ivy2/cache/org.apache.commons/commons-compress/jars/commons-compress-1.9.jar, file:/C:/Users/Kuba/.ivy2/cache/net.codingwell/scala-guice_2.11/jars/scala-guice_2.11-4.0.1.jar, file:/C:/Users/Kuba/.ivy2/cache/com.google.inject.extensions/guice-multibindings/jars/guice-multibindings-4.0.jar, file:/C:/Users/Kuba/.ivy2/cache/com.iheart/ficus_2.11/jars/ficus_2.11-1.2.6.jar, file:/C:/Users/Kuba/.ivy2/cache/org.typelevel/macro-compat_2.11/jars/macro-compat_2.11-1.1.1.jar, file:/C:/Users/Kuba/.ivy2/cache/com.typesafe.play/play-mailer_2.11/jars/play-mailer_2.11-5.0.0.jar, file:/C:/Users/Kuba/.ivy2/cache/org.apache.commons/commons-email/jars/commons-email-1.4.jar, file:/C:/Users/Kuba/.ivy2/cache/com.sun.mail/javax.mail/jars/javax.mail-1.5.2.jar, file:/C:/Users/Kuba/.ivy2/cache/javax.activation/activation/jars/activation-1.1.1.jar, file:/C:/Users/Kuba/.ivy2/cache/com.enragedginger/akka-quartz-scheduler_2.11/jars/akka-quartz-scheduler_2.11-1.5.0-akka-2.4.x.jar, file:/C:/Users/Kuba/.ivy2/cache/org.quartz-scheduler/quartz/jars/quartz-2.2.2.jar, file:/C:/Users/Kuba/.ivy2/cache/c3p0/c3p0/jars/c3p0-0.9.1.1.jar, file:/C:/Users/Kuba/.ivy2/cache/com.adrianhurt/play-bootstrap_2.11/jars/play-bootstrap_2.11-1.0-P25-B3.jar, file:/C:/Users/Kuba/.ivy2/cache/com.typesafe.play/filters-helpers_2.11/jars/filters-helpers_2.11-2.5.4.jar, file:/C:/Users/Kuba/.ivy2/cache/com.typesafe.play/play-java_2.11/jars/play-java_2.11-2.5.4.jar, file:/C:/Users/Kuba/Downloads/activator-dist-1.3.12/repository/org.yaml/snakeyaml/1.16/bundles/snakeyaml.jar, file:/C:/Users/Kuba/Downloads/activator-dist-1.3.12/repository/org.hibernate/hibernate-validator/5.2.4.Final/jars/hibernate-validator.jar, file:/C:/Users/Kuba/Downloads/activator-dist-1.3.12/repository/javax.validation/validation-api/1.1.0.Final/jars/validation-api.jar, file:/C:/Users/Kuba/Downloads/activator-dist-1.3.12/repository/org.jboss.logging/jboss-logging/3.2.1.Final/jars/jboss-logging.jar, file:/C:/Users/Kuba/Downloads/activator-dist-1.3.12/repository/com.fasterxml/classmate/1.1.0/bundles/classmate.jar, file:/C:/Users/Kuba/Downloads/activator-dist-1.3.12/repository/javax.el/javax.el-api/3.0.0/jars/javax.el-api.jar, file:/C:/Users/Kuba/.ivy2/cache/org.springframework/spring-context/jars/spring-context-4.2.4.RELEASE.jar, file:/C:/Users/Kuba/.ivy2/cache/org.springframework/spring-core/jars/spring-core-4.2.4.RELEASE.jar, file:/C:/Users/Kuba/.ivy2/cache/org.springframework/spring-beans/jars/spring-beans-4.2.4.RELEASE.jar, file:/C:/Users/Kuba/Downloads/activator-dist-1.3.12/repository/org.reflections/reflections/0.9.10/jars/reflections.jar, file:/C:/Users/Kuba/Downloads/activator-dist-1.3.12/repository/net.jodah/typetools/0.4.4/bundles/typetools.jar, file:/C:/Users/Kuba/.ivy2/cache/com.google.code.findbugs/jsr305/jars/jsr305-3.0.1.jar, file:/C:/Users/Kuba/Downloads/activator-dist-1.3.12/repository/org.apache.tomcat/tomcat-servlet-api/8.0.33/jars/tomcat-servlet-api.jar, file:/C:/Users/Kuba/.ivy2/cache/com.adrianhurt/play-bootstrap-core_2.11/jars/play-bootstrap-core_2.11-1.0-P25.jar, file:/C:/Users/Kuba/.ivy2/cache/org.webjars/bootstrap/jars/bootstrap-3.3.6.jar, file:/C:/Users/Kuba/.ivy2/cache/org.webjars/jquery/jars/jquery-2.1.4.jar}
16:45:22.861 [ForkJoinPool-8-worker-1] DEBUG c.google.inject.internal.BytecodeGen - Loading class play.filters.csrf.CSRF$TokenProviderProvider FastClass with PlayDependencyClassLoader{file:/C:/Users/Kuba/IdeaProjects/play-silhouette-seed-master/lib/connect-four.jar, file:/C:/Users/Kuba/IdeaProjects/play-silhouette-seed-master/lib/sudoku.jar, file:/C:/Users/Kuba/.ivy2/cache/org.scala-lang/scala-library/jars/scala-library-2.11.8.jar, file:/C:/Users/Kuba/Downloads/activator-dist-1.3.12/repository/com.typesafe.play/twirl-api_2.11/1.1.1/jars/twirl-api_2.11.jar, file:/C:/Users/Kuba/.ivy2/cache/org.apache.commons/commons-lang3/jars/commons-lang3-3.4.jar, file:/C:/Users/Kuba/.ivy2/cache/org.scala-lang.modules/scala-xml_2.11/bundles/scala-xml_2.11-1.0.1.jar, file:/C:/Users/Kuba/.ivy2/cache/com.typesafe.play/play-server_2.11/jars/play-server_2.11-2.5.4.jar, file:/C:/Users/Kuba/.ivy2/cache/com.typesafe.play/play_2.11/jars/play_2.11-2.5.4.jar, file:/C:/Users/Kuba/.ivy2/cache/com.typesafe.play/build-link/jars/build-link-2.5.4.jar, file:/C:/Users/Kuba/.ivy2/cache/com.typesafe.play/play-exceptions/jars/play-exceptions-2.5.4.jar, file:/C:/Users/Kuba/.ivy2/cache/com.typesafe.play/play-iteratees_2.11/jars/play-iteratees_2.11-2.5.4.jar, file:/C:/Users/Kuba/.ivy2/cache/org.scala-stm/scala-stm_2.11/jars/scala-stm_2.11-0.7.jar, file:/C:/Users/Kuba/Downloads/activator-dist-1.3.12/repository/com.typesafe/config/1.3.0/bundles/config.jar, file:/C:/Users/Kuba/.ivy2/cache/ch.qos.logback/logback-classic/jars/logback-classic-1.1.7.jar, file:/C:/Users/Kuba/.ivy2/cache/ch.qos.logback/logback-core/jars/logback-core-1.1.7.jar, file:/C:/Users/Kuba/.ivy2/cache/com.typesafe.play/play-json_2.11/jars/play-json_2.11-2.5.4.jar, file:/C:/Users/Kuba/.ivy2/cache/com.typesafe.play/play-functional_2.11/jars/play-functional_2.11-2.5.4.jar, file:/C:/Users/Kuba/.ivy2/cache/com.typesafe.play/play-datacommons_2.11/jars/play-datacommons_2.11-2.5.4.jar, file:/C:/Users/Kuba/Downloads/activator-dist-1.3.12/repository/joda-time/joda-time/2.9.2/jars/joda-time.jar, file:/C:/Users/Kuba/Downloads/activator-dist-1.3.12/repository/org.joda/joda-convert/1.8.1/jars/joda-convert.jar, file:/C:/Users/Kuba/Downloads/activator-dist-1.3.12/repository/org.scala-lang/scala-reflect/2.11.7/jars/scala-reflect.jar, file:/C:/Users/Kuba/Downloads/activator-dist-1.3.12/repository/com.fasterxml.jackson.core/jackson-core/2.7.1/bundles/jackson-core.jar, file:/C:/Users/Kuba/Downloads/activator-dist-1.3.12/repository/com.fasterxml.jackson.core/jackson-annotations/2.7.1/bundles/jackson-annotations.jar, file:/C:/Users/Kuba/Downloads/activator-dist-1.3.12/repository/com.fasterxml.jackson.core/jackson-databind/2.7.1/bundles/jackson-databind.jar, file:/C:/Users/Kuba/Downloads/activator-dist-1.3.12/repository/com.fasterxml.jackson.datatype/jackson-datatype-jdk8/2.7.1/bundles/jackson-datatype-jdk8.jar, file:/C:/Users/Kuba/Downloads/activator-dist-1.3.12/repository/com.fasterxml.jackson.datatype/jackson-datatype-jsr310/2.7.1/bundles/jackson-datatype-jsr310.jar, file:/C:/Users/Kuba/.ivy2/cache/com.typesafe.play/play-netty-utils/jars/play-netty-utils-2.5.4.jar, file:/C:/Users/Kuba/.ivy2/cache/org.slf4j/jul-to-slf4j/jars/jul-to-slf4j-1.7.19.jar, file:/C:/Users/Kuba/.ivy2/cache/org.slf4j/jcl-over-slf4j/jars/jcl-over-slf4j-1.7.19.jar, file:/C:/Users/Kuba/.ivy2/cache/com.typesafe.play/play-streams_2.11/jars/play-streams_2.11-2.5.4.jar, file:/C:/Users/Kuba/.ivy2/cache/org.reactivestreams/reactive-streams/jars/reactive-streams-1.0.0.jar, file:/C:/Users/Kuba/.ivy2/cache/com.typesafe.akka/akka-stream_2.11/jars/akka-stream_2.11-2.4.4.jar, file:/C:/Users/Kuba/.ivy2/cache/com.typesafe.akka/akka-actor_2.11/jars/akka-actor_2.11-2.4.4.jar, file:/C:/Users/Kuba/Downloads/activator-dist-1.3.12/repository/org.scala-lang.modules/scala-java8-compat_2.11/0.7.0/bundles/scala-java8-compat_2.11.jar, file:/C:/Users/Kuba/Downloads/activator-dist-1.3.12/repository/com.typesafe/ssl-config-akka_2.11/0.2.1/bundles/ssl-config-akka_2.11.jar, file:/C:/Users/Kuba/.ivy2/cache/com.typesafe/ssl-config-core_2.11/bundles/ssl-config-core_2.11-0.2.1.jar, file:/C:/Users/Kuba/.ivy2/cache/org.scala-lang.modules/scala-parser-combinators_2.11/bundles/scala-parser-combinators_2.11-1.0.4.jar, file:/C:/Users/Kuba/.ivy2/cache/com.typesafe.akka/akka-slf4j_2.11/jars/akka-slf4j_2.11-2.4.4.jar, file:/C:/Users/Kuba/.ivy2/cache/commons-codec/commons-codec/jars/commons-codec-1.10.jar, file:/C:/Users/Kuba/.ivy2/cache/xerces/xercesImpl/jars/xercesImpl-2.11.0.jar, file:/C:/Users/Kuba/.ivy2/cache/xml-apis/xml-apis/jars/xml-apis-1.4.01.jar, file:/C:/Users/Kuba/.ivy2/cache/javax.transaction/jta/jars/jta-1.1.jar, file:/C:/Users/Kuba/Downloads/activator-dist-1.3.12/repository/com.google.inject/guice/4.0/jars/guice.jar, file:/C:/Users/Kuba/.ivy2/cache/javax.inject/javax.inject/jars/javax.inject-1.jar, file:/C:/Users/Kuba/.ivy2/cache/aopalliance/aopalliance/jars/aopalliance-1.0.jar, file:/C:/Users/Kuba/Downloads/activator-dist-1.3.12/repository/com.google.inject.extensions/guice-assistedinject/4.0/jars/guice-assistedinject.jar, file:/C:/Users/Kuba/.ivy2/cache/com.typesafe.play/play-netty-server_2.11/jars/play-netty-server_2.11-2.5.4.jar, file:/C:/Users/Kuba/.ivy2/cache/com.typesafe.netty/netty-reactive-streams-http/jars/netty-reactive-streams-http-1.0.6.jar, file:/C:/Users/Kuba/.ivy2/cache/com.typesafe.netty/netty-reactive-streams/jars/netty-reactive-streams-1.0.6.jar, file:/C:/Users/Kuba/.ivy2/cache/io.netty/netty-handler/jars/netty-handler-4.0.36.Final.jar, file:/C:/Users/Kuba/.ivy2/cache/io.netty/netty-buffer/jars/netty-buffer-4.0.36.Final.jar, file:/C:/Users/Kuba/.ivy2/cache/io.netty/netty-common/jars/netty-common-4.0.36.Final.jar, file:/C:/Users/Kuba/.ivy2/cache/io.netty/netty-transport/jars/netty-transport-4.0.36.Final.jar, file:/C:/Users/Kuba/.ivy2/cache/io.netty/netty-codec/jars/netty-codec-4.0.36.Final.jar, file:/C:/Users/Kuba/.ivy2/cache/io.netty/netty-codec-http/jars/netty-codec-http-4.0.36.Final.jar, file:/C:/Users/Kuba/.ivy2/cache/io.netty/netty-transport-native-epoll/jars/netty-transport-native-epoll-4.0.36.Final-linux-x86_64.jar, file:/C:/Users/Kuba/.ivy2/cache/com.typesafe.play/play-logback_2.11/jars/play-logback_2.11-2.5.4.jar, file:/C:/Users/Kuba/.ivy2/cache/org.scala-lang/scala-swing/jars/scala-swing-2.11.0-M7.jar, file:/C:/Users/Kuba/.ivy2/cache/com.mohiva/play-silhouette_2.11/jars/play-silhouette_2.11-4.0.0.jar, file:/C:/Users/Kuba/.ivy2/cache/com.typesafe.play/play-cache_2.11/jars/play-cache_2.11-2.5.4.jar, file:/C:/Users/Kuba/Downloads/activator-dist-1.3.12/repository/net.sf.ehcache/ehcache-core/2.6.11/jars/ehcache-core.jar, file:/C:/Users/Kuba/.ivy2/cache/com.typesafe.play/play-ws_2.11/jars/play-ws_2.11-2.5.4.jar, file:/C:/Users/Kuba/.ivy2/cache/com.google.guava/guava/bundles/guava-19.0.jar, file:/C:/Users/Kuba/.ivy2/cache/org.asynchttpclient/async-http-client/jars/async-http-client-2.0.2.jar, file:/C:/Users/Kuba/.ivy2/cache/org.asynchttpclient/netty-resolver-dns/jars/netty-resolver-dns-2.0.2.jar, file:/C:/Users/Kuba/.ivy2/cache/org.asynchttpclient/netty-resolver/jars/netty-resolver-2.0.2.jar, file:/C:/Users/Kuba/.ivy2/cache/org.slf4j/slf4j-api/jars/slf4j-api-1.7.21.jar, file:/C:/Users/Kuba/.ivy2/cache/org.asynchttpclient/netty-codec-dns/jars/netty-codec-dns-2.0.2.jar, file:/C:/Users/Kuba/.ivy2/cache/org.javassist/javassist/bundles/javassist-3.20.0-GA.jar, file:/C:/Users/Kuba/.ivy2/cache/oauth.signpost/signpost-core/jars/signpost-core-1.2.1.2.jar, file:/C:/Users/Kuba/.ivy2/cache/oauth.signpost/signpost-commonshttp4/jars/signpost-commonshttp4-1.2.1.2.jar, file:/C:/Users/Kuba/.ivy2/cache/org.apache.httpcomponents/httpcore/jars/httpcore-4.0.1.jar, file:/C:/Users/Kuba/.ivy2/cache/org.apache.httpcomponents/httpclient/jars/httpclient-4.0.1.jar, file:/C:/Users/Kuba/.ivy2/cache/commons-logging/commons-logging/jars/commons-logging-1.1.1.jar, file:/C:/Users/Kuba/.ivy2/cache/com.atlassian.jwt/jwt-core/jars/jwt-core-1.5.8.jar, file:/C:/Users/Kuba/.ivy2/cache/com.nimbusds/nimbus-jose-jwt/jars/nimbus-jose-jwt-2.16.jar, file:/C:/Users/Kuba/.ivy2/cache/net.jcip/jcip-annotations/jars/jcip-annotations-1.0.jar, file:/C:/Users/Kuba/.ivy2/cache/net.minidev/json-smart/jars/json-smart-1.1.1.jar, file:/C:/Users/Kuba/.ivy2/cache/javax.mail/mail/jars/mail-1.4.7.jar, file:/C:/Users/Kuba/.ivy2/cache/org.bouncycastle/bcprov-jdk15on/jars/bcprov-jdk15on-1.51.jar, file:/C:/Users/Kuba/.ivy2/cache/org.bouncycastle/bcpkix-jdk15on/jars/bcpkix-jdk15on-1.51.jar, file:/C:/Users/Kuba/.ivy2/cache/com.atlassian.jwt/jwt-api/jars/jwt-api-1.5.8.jar, file:/C:/Users/Kuba/.ivy2/cache/com.mohiva/play-silhouette-password-bcrypt_2.11/jars/play-silhouette-password-bcrypt_2.11-4.0.0.jar, file:/C:/Users/Kuba/.ivy2/cache/de.svenkubiak/jBCrypt/bundles/jBCrypt-0.4.1.jar, file:/C:/Users/Kuba/.ivy2/cache/com.mohiva/play-silhouette-persistence_2.11/jars/play-silhouette-persistence_2.11-4.0.0.jar, file:/C:/Users/Kuba/.ivy2/cache/com.mohiva/play-silhouette-crypto-jca_2.11/jars/play-silhouette-crypto-jca_2.11-4.0.0.jar, file:/C:/Users/Kuba/.ivy2/cache/org.webjars/webjars-play_2.11/jars/webjars-play_2.11-2.5.0-2.jar, file:/C:/Users/Kuba/.ivy2/cache/org.webjars/requirejs/jars/requirejs-2.1.20.jar, file:/C:/Users/Kuba/.ivy2/cache/org.webjars/webjars-locator/jars/webjars-locator-0.31.jar, file:/C:/Users/Kuba/.ivy2/cache/org.webjars/webjars-locator-core/jars/webjars-locator-core-0.30.jar, file:/C:/Users/Kuba/.ivy2/cache/org.apache.commons/commons-compress/jars/commons-compress-1.9.jar, file:/C:/Users/Kuba/.ivy2/cache/net.codingwell/scala-guice_2.11/jars/scala-guice_2.11-4.0.1.jar, file:/C:/Users/Kuba/.ivy2/cache/com.google.inject.extensions/guice-multibindings/jars/guice-multibindings-4.0.jar, file:/C:/Users/Kuba/.ivy2/cache/com.iheart/ficus_2.11/jars/ficus_2.11-1.2.6.jar, file:/C:/Users/Kuba/.ivy2/cache/org.typelevel/macro-compat_2.11/jars/macro-compat_2.11-1.1.1.jar, file:/C:/Users/Kuba/.ivy2/cache/com.typesafe.play/play-mailer_2.11/jars/play-mailer_2.11-5.0.0.jar, file:/C:/Users/Kuba/.ivy2/cache/org.apache.commons/commons-email/jars/commons-email-1.4.jar, file:/C:/Users/Kuba/.ivy2/cache/com.sun.mail/javax.mail/jars/javax.mail-1.5.2.jar, file:/C:/Users/Kuba/.ivy2/cache/javax.activation/activation/jars/activation-1.1.1.jar, file:/C:/Users/Kuba/.ivy2/cache/com.enragedginger/akka-quartz-scheduler_2.11/jars/akka-quartz-scheduler_2.11-1.5.0-akka-2.4.x.jar, file:/C:/Users/Kuba/.ivy2/cache/org.quartz-scheduler/quartz/jars/quartz-2.2.2.jar, file:/C:/Users/Kuba/.ivy2/cache/c3p0/c3p0/jars/c3p0-0.9.1.1.jar, file:/C:/Users/Kuba/.ivy2/cache/com.adrianhurt/play-bootstrap_2.11/jars/play-bootstrap_2.11-1.0-P25-B3.jar, file:/C:/Users/Kuba/.ivy2/cache/com.typesafe.play/filters-helpers_2.11/jars/filters-helpers_2.11-2.5.4.jar, file:/C:/Users/Kuba/.ivy2/cache/com.typesafe.play/play-java_2.11/jars/play-java_2.11-2.5.4.jar, file:/C:/Users/Kuba/Downloads/activator-dist-1.3.12/repository/org.yaml/snakeyaml/1.16/bundles/snakeyaml.jar, file:/C:/Users/Kuba/Downloads/activator-dist-1.3.12/repository/org.hibernate/hibernate-validator/5.2.4.Final/jars/hibernate-validator.jar, file:/C:/Users/Kuba/Downloads/activator-dist-1.3.12/repository/javax.validation/validation-api/1.1.0.Final/jars/validation-api.jar, file:/C:/Users/Kuba/Downloads/activator-dist-1.3.12/repository/org.jboss.logging/jboss-logging/3.2.1.Final/jars/jboss-logging.jar, file:/C:/Users/Kuba/Downloads/activator-dist-1.3.12/repository/com.fasterxml/classmate/1.1.0/bundles/classmate.jar, file:/C:/Users/Kuba/Downloads/activator-dist-1.3.12/repository/javax.el/javax.el-api/3.0.0/jars/javax.el-api.jar, file:/C:/Users/Kuba/.ivy2/cache/org.springframework/spring-context/jars/spring-context-4.2.4.RELEASE.jar, file:/C:/Users/Kuba/.ivy2/cache/org.springframework/spring-core/jars/spring-core-4.2.4.RELEASE.jar, file:/C:/Users/Kuba/.ivy2/cache/org.springframework/spring-beans/jars/spring-beans-4.2.4.RELEASE.jar, file:/C:/Users/Kuba/Downloads/activator-dist-1.3.12/repository/org.reflections/reflections/0.9.10/jars/reflections.jar, file:/C:/Users/Kuba/Downloads/activator-dist-1.3.12/repository/net.jodah/typetools/0.4.4/bundles/typetools.jar, file:/C:/Users/Kuba/.ivy2/cache/com.google.code.findbugs/jsr305/jars/jsr305-3.0.1.jar, file:/C:/Users/Kuba/Downloads/activator-dist-1.3.12/repository/org.apache.tomcat/tomcat-servlet-api/8.0.33/jars/tomcat-servlet-api.jar, file:/C:/Users/Kuba/.ivy2/cache/com.adrianhurt/play-bootstrap-core_2.11/jars/play-bootstrap-core_2.11-1.0-P25.jar, file:/C:/Users/Kuba/.ivy2/cache/org.webjars/bootstrap/jars/bootstrap-3.3.6.jar, file:/C:/Users/Kuba/.ivy2/cache/org.webjars/jquery/jars/jquery-2.1.4.jar}
16:45:22.862 [ForkJoinPool-8-worker-1] DEBUG c.google.inject.internal.BytecodeGen - Loading class play.filters.csrf.CSRF$CSRFHttpErrorHandler FastClass with PlayDependencyClassLoader{file:/C:/Users/Kuba/IdeaProjects/play-silhouette-seed-master/lib/connect-four.jar, file:/C:/Users/Kuba/IdeaProjects/play-silhouette-seed-master/lib/sudoku.jar, file:/C:/Users/Kuba/.ivy2/cache/org.scala-lang/scala-library/jars/scala-library-2.11.8.jar, file:/C:/Users/Kuba/Downloads/activator-dist-1.3.12/repository/com.typesafe.play/twirl-api_2.11/1.1.1/jars/twirl-api_2.11.jar, file:/C:/Users/Kuba/.ivy2/cache/org.apache.commons/commons-lang3/jars/commons-lang3-3.4.jar, file:/C:/Users/Kuba/.ivy2/cache/org.scala-lang.modules/scala-xml_2.11/bundles/scala-xml_2.11-1.0.1.jar, file:/C:/Users/Kuba/.ivy2/cache/com.typesafe.play/play-server_2.11/jars/play-server_2.11-2.5.4.jar, file:/C:/Users/Kuba/.ivy2/cache/com.typesafe.play/play_2.11/jars/play_2.11-2.5.4.jar, file:/C:/Users/Kuba/.ivy2/cache/com.typesafe.play/build-link/jars/build-link-2.5.4.jar, file:/C:/Users/Kuba/.ivy2/cache/com.typesafe.play/play-exceptions/jars/play-exceptions-2.5.4.jar, file:/C:/Users/Kuba/.ivy2/cache/com.typesafe.play/play-iteratees_2.11/jars/play-iteratees_2.11-2.5.4.jar, file:/C:/Users/Kuba/.ivy2/cache/org.scala-stm/scala-stm_2.11/jars/scala-stm_2.11-0.7.jar, file:/C:/Users/Kuba/Downloads/activator-dist-1.3.12/repository/com.typesafe/config/1.3.0/bundles/config.jar, file:/C:/Users/Kuba/.ivy2/cache/ch.qos.logback/logback-classic/jars/logback-classic-1.1.7.jar, file:/C:/Users/Kuba/.ivy2/cache/ch.qos.logback/logback-core/jars/logback-core-1.1.7.jar, file:/C:/Users/Kuba/.ivy2/cache/com.typesafe.play/play-json_2.11/jars/play-json_2.11-2.5.4.jar, file:/C:/Users/Kuba/.ivy2/cache/com.typesafe.play/play-functional_2.11/jars/play-functional_2.11-2.5.4.jar, file:/C:/Users/Kuba/.ivy2/cache/com.typesafe.play/play-datacommons_2.11/jars/play-datacommons_2.11-2.5.4.jar, file:/C:/Users/Kuba/Downloads/activator-dist-1.3.12/repository/joda-time/joda-time/2.9.2/jars/joda-time.jar, file:/C:/Users/Kuba/Downloads/activator-dist-1.3.12/repository/org.joda/joda-convert/1.8.1/jars/joda-convert.jar, file:/C:/Users/Kuba/Downloads/activator-dist-1.3.12/repository/org.scala-lang/scala-reflect/2.11.7/jars/scala-reflect.jar, file:/C:/Users/Kuba/Downloads/activator-dist-1.3.12/repository/com.fasterxml.jackson.core/jackson-core/2.7.1/bundles/jackson-core.jar, file:/C:/Users/Kuba/Downloads/activator-dist-1.3.12/repository/com.fasterxml.jackson.core/jackson-annotations/2.7.1/bundles/jackson-annotations.jar, file:/C:/Users/Kuba/Downloads/activator-dist-1.3.12/repository/com.fasterxml.jackson.core/jackson-databind/2.7.1/bundles/jackson-databind.jar, file:/C:/Users/Kuba/Downloads/activator-dist-1.3.12/repository/com.fasterxml.jackson.datatype/jackson-datatype-jdk8/2.7.1/bundles/jackson-datatype-jdk8.jar, file:/C:/Users/Kuba/Downloads/activator-dist-1.3.12/repository/com.fasterxml.jackson.datatype/jackson-datatype-jsr310/2.7.1/bundles/jackson-datatype-jsr310.jar, file:/C:/Users/Kuba/.ivy2/cache/com.typesafe.play/play-netty-utils/jars/play-netty-utils-2.5.4.jar, file:/C:/Users/Kuba/.ivy2/cache/org.slf4j/jul-to-slf4j/jars/jul-to-slf4j-1.7.19.jar, file:/C:/Users/Kuba/.ivy2/cache/org.slf4j/jcl-over-slf4j/jars/jcl-over-slf4j-1.7.19.jar, file:/C:/Users/Kuba/.ivy2/cache/com.typesafe.play/play-streams_2.11/jars/play-streams_2.11-2.5.4.jar, file:/C:/Users/Kuba/.ivy2/cache/org.reactivestreams/reactive-streams/jars/reactive-streams-1.0.0.jar, file:/C:/Users/Kuba/.ivy2/cache/com.typesafe.akka/akka-stream_2.11/jars/akka-stream_2.11-2.4.4.jar, file:/C:/Users/Kuba/.ivy2/cache/com.typesafe.akka/akka-actor_2.11/jars/akka-actor_2.11-2.4.4.jar, file:/C:/Users/Kuba/Downloads/activator-dist-1.3.12/repository/org.scala-lang.modules/scala-java8-compat_2.11/0.7.0/bundles/scala-java8-compat_2.11.jar, file:/C:/Users/Kuba/Downloads/activator-dist-1.3.12/repository/com.typesafe/ssl-config-akka_2.11/0.2.1/bundles/ssl-config-akka_2.11.jar, file:/C:/Users/Kuba/.ivy2/cache/com.typesafe/ssl-config-core_2.11/bundles/ssl-config-core_2.11-0.2.1.jar, file:/C:/Users/Kuba/.ivy2/cache/org.scala-lang.modules/scala-parser-combinators_2.11/bundles/scala-parser-combinators_2.11-1.0.4.jar, file:/C:/Users/Kuba/.ivy2/cache/com.typesafe.akka/akka-slf4j_2.11/jars/akka-slf4j_2.11-2.4.4.jar, file:/C:/Users/Kuba/.ivy2/cache/commons-codec/commons-codec/jars/commons-codec-1.10.jar, file:/C:/Users/Kuba/.ivy2/cache/xerces/xercesImpl/jars/xercesImpl-2.11.0.jar, file:/C:/Users/Kuba/.ivy2/cache/xml-apis/xml-apis/jars/xml-apis-1.4.01.jar, file:/C:/Users/Kuba/.ivy2/cache/javax.transaction/jta/jars/jta-1.1.jar, file:/C:/Users/Kuba/Downloads/activator-dist-1.3.12/repository/com.google.inject/guice/4.0/jars/guice.jar, file:/C:/Users/Kuba/.ivy2/cache/javax.inject/javax.inject/jars/javax.inject-1.jar, file:/C:/Users/Kuba/.ivy2/cache/aopalliance/aopalliance/jars/aopalliance-1.0.jar, file:/C:/Users/Kuba/Downloads/activator-dist-1.3.12/repository/com.google.inject.extensions/guice-assistedinject/4.0/jars/guice-assistedinject.jar, file:/C:/Users/Kuba/.ivy2/cache/com.typesafe.play/play-netty-server_2.11/jars/play-netty-server_2.11-2.5.4.jar, file:/C:/Users/Kuba/.ivy2/cache/com.typesafe.netty/netty-reactive-streams-http/jars/netty-reactive-streams-http-1.0.6.jar, file:/C:/Users/Kuba/.ivy2/cache/com.typesafe.netty/netty-reactive-streams/jars/netty-reactive-streams-1.0.6.jar, file:/C:/Users/Kuba/.ivy2/cache/io.netty/netty-handler/jars/netty-handler-4.0.36.Final.jar, file:/C:/Users/Kuba/.ivy2/cache/io.netty/netty-buffer/jars/netty-buffer-4.0.36.Final.jar, file:/C:/Users/Kuba/.ivy2/cache/io.netty/netty-common/jars/netty-common-4.0.36.Final.jar, file:/C:/Users/Kuba/.ivy2/cache/io.netty/netty-transport/jars/netty-transport-4.0.36.Final.jar, file:/C:/Users/Kuba/.ivy2/cache/io.netty/netty-codec/jars/netty-codec-4.0.36.Final.jar, file:/C:/Users/Kuba/.ivy2/cache/io.netty/netty-codec-http/jars/netty-codec-http-4.0.36.Final.jar, file:/C:/Users/Kuba/.ivy2/cache/io.netty/netty-transport-native-epoll/jars/netty-transport-native-epoll-4.0.36.Final-linux-x86_64.jar, file:/C:/Users/Kuba/.ivy2/cache/com.typesafe.play/play-logback_2.11/jars/play-logback_2.11-2.5.4.jar, file:/C:/Users/Kuba/.ivy2/cache/org.scala-lang/scala-swing/jars/scala-swing-2.11.0-M7.jar, file:/C:/Users/Kuba/.ivy2/cache/com.mohiva/play-silhouette_2.11/jars/play-silhouette_2.11-4.0.0.jar, file:/C:/Users/Kuba/.ivy2/cache/com.typesafe.play/play-cache_2.11/jars/play-cache_2.11-2.5.4.jar, file:/C:/Users/Kuba/Downloads/activator-dist-1.3.12/repository/net.sf.ehcache/ehcache-core/2.6.11/jars/ehcache-core.jar, file:/C:/Users/Kuba/.ivy2/cache/com.typesafe.play/play-ws_2.11/jars/play-ws_2.11-2.5.4.jar, file:/C:/Users/Kuba/.ivy2/cache/com.google.guava/guava/bundles/guava-19.0.jar, file:/C:/Users/Kuba/.ivy2/cache/org.asynchttpclient/async-http-client/jars/async-http-client-2.0.2.jar, file:/C:/Users/Kuba/.ivy2/cache/org.asynchttpclient/netty-resolver-dns/jars/netty-resolver-dns-2.0.2.jar, file:/C:/Users/Kuba/.ivy2/cache/org.asynchttpclient/netty-resolver/jars/netty-resolver-2.0.2.jar, file:/C:/Users/Kuba/.ivy2/cache/org.slf4j/slf4j-api/jars/slf4j-api-1.7.21.jar, file:/C:/Users/Kuba/.ivy2/cache/org.asynchttpclient/netty-codec-dns/jars/netty-codec-dns-2.0.2.jar, file:/C:/Users/Kuba/.ivy2/cache/org.javassist/javassist/bundles/javassist-3.20.0-GA.jar, file:/C:/Users/Kuba/.ivy2/cache/oauth.signpost/signpost-core/jars/signpost-core-1.2.1.2.jar, file:/C:/Users/Kuba/.ivy2/cache/oauth.signpost/signpost-commonshttp4/jars/signpost-commonshttp4-1.2.1.2.jar, file:/C:/Users/Kuba/.ivy2/cache/org.apache.httpcomponents/httpcore/jars/httpcore-4.0.1.jar, file:/C:/Users/Kuba/.ivy2/cache/org.apache.httpcomponents/httpclient/jars/httpclient-4.0.1.jar, file:/C:/Users/Kuba/.ivy2/cache/commons-logging/commons-logging/jars/commons-logging-1.1.1.jar, file:/C:/Users/Kuba/.ivy2/cache/com.atlassian.jwt/jwt-core/jars/jwt-core-1.5.8.jar, file:/C:/Users/Kuba/.ivy2/cache/com.nimbusds/nimbus-jose-jwt/jars/nimbus-jose-jwt-2.16.jar, file:/C:/Users/Kuba/.ivy2/cache/net.jcip/jcip-annotations/jars/jcip-annotations-1.0.jar, file:/C:/Users/Kuba/.ivy2/cache/net.minidev/json-smart/jars/json-smart-1.1.1.jar, file:/C:/Users/Kuba/.ivy2/cache/javax.mail/mail/jars/mail-1.4.7.jar, file:/C:/Users/Kuba/.ivy2/cache/org.bouncycastle/bcprov-jdk15on/jars/bcprov-jdk15on-1.51.jar, file:/C:/Users/Kuba/.ivy2/cache/org.bouncycastle/bcpkix-jdk15on/jars/bcpkix-jdk15on-1.51.jar, file:/C:/Users/Kuba/.ivy2/cache/com.atlassian.jwt/jwt-api/jars/jwt-api-1.5.8.jar, file:/C:/Users/Kuba/.ivy2/cache/com.mohiva/play-silhouette-password-bcrypt_2.11/jars/play-silhouette-password-bcrypt_2.11-4.0.0.jar, file:/C:/Users/Kuba/.ivy2/cache/de.svenkubiak/jBCrypt/bundles/jBCrypt-0.4.1.jar, file:/C:/Users/Kuba/.ivy2/cache/com.mohiva/play-silhouette-persistence_2.11/jars/play-silhouette-persistence_2.11-4.0.0.jar, file:/C:/Users/Kuba/.ivy2/cache/com.mohiva/play-silhouette-crypto-jca_2.11/jars/play-silhouette-crypto-jca_2.11-4.0.0.jar, file:/C:/Users/Kuba/.ivy2/cache/org.webjars/webjars-play_2.11/jars/webjars-play_2.11-2.5.0-2.jar, file:/C:/Users/Kuba/.ivy2/cache/org.webjars/requirejs/jars/requirejs-2.1.20.jar, file:/C:/Users/Kuba/.ivy2/cache/org.webjars/webjars-locator/jars/webjars-locator-0.31.jar, file:/C:/Users/Kuba/.ivy2/cache/org.webjars/webjars-locator-core/jars/webjars-locator-core-0.30.jar, file:/C:/Users/Kuba/.ivy2/cache/org.apache.commons/commons-compress/jars/commons-compress-1.9.jar, file:/C:/Users/Kuba/.ivy2/cache/net.codingwell/scala-guice_2.11/jars/scala-guice_2.11-4.0.1.jar, file:/C:/Users/Kuba/.ivy2/cache/com.google.inject.extensions/guice-multibindings/jars/guice-multibindings-4.0.jar, file:/C:/Users/Kuba/.ivy2/cache/com.iheart/ficus_2.11/jars/ficus_2.11-1.2.6.jar, file:/C:/Users/Kuba/.ivy2/cache/org.typelevel/macro-compat_2.11/jars/macro-compat_2.11-1.1.1.jar, file:/C:/Users/Kuba/.ivy2/cache/com.typesafe.play/play-mailer_2.11/jars/play-mailer_2.11-5.0.0.jar, file:/C:/Users/Kuba/.ivy2/cache/org.apache.commons/commons-email/jars/commons-email-1.4.jar, file:/C:/Users/Kuba/.ivy2/cache/com.sun.mail/javax.mail/jars/javax.mail-1.5.2.jar, file:/C:/Users/Kuba/.ivy2/cache/javax.activation/activation/jars/activation-1.1.1.jar, file:/C:/Users/Kuba/.ivy2/cache/com.enragedginger/akka-quartz-scheduler_2.11/jars/akka-quartz-scheduler_2.11-1.5.0-akka-2.4.x.jar, file:/C:/Users/Kuba/.ivy2/cache/org.quartz-scheduler/quartz/jars/quartz-2.2.2.jar, file:/C:/Users/Kuba/.ivy2/cache/c3p0/c3p0/jars/c3p0-0.9.1.1.jar, file:/C:/Users/Kuba/.ivy2/cache/com.adrianhurt/play-bootstrap_2.11/jars/play-bootstrap_2.11-1.0-P25-B3.jar, file:/C:/Users/Kuba/.ivy2/cache/com.typesafe.play/filters-helpers_2.11/jars/filters-helpers_2.11-2.5.4.jar, file:/C:/Users/Kuba/.ivy2/cache/com.typesafe.play/play-java_2.11/jars/play-java_2.11-2.5.4.jar, file:/C:/Users/Kuba/Downloads/activator-dist-1.3.12/repository/org.yaml/snakeyaml/1.16/bundles/snakeyaml.jar, file:/C:/Users/Kuba/Downloads/activator-dist-1.3.12/repository/org.hibernate/hibernate-validator/5.2.4.Final/jars/hibernate-validator.jar, file:/C:/Users/Kuba/Downloads/activator-dist-1.3.12/repository/javax.validation/validation-api/1.1.0.Final/jars/validation-api.jar, file:/C:/Users/Kuba/Downloads/activator-dist-1.3.12/repository/org.jboss.logging/jboss-logging/3.2.1.Final/jars/jboss-logging.jar, file:/C:/Users/Kuba/Downloads/activator-dist-1.3.12/repository/com.fasterxml/classmate/1.1.0/bundles/classmate.jar, file:/C:/Users/Kuba/Downloads/activator-dist-1.3.12/repository/javax.el/javax.el-api/3.0.0/jars/javax.el-api.jar, file:/C:/Users/Kuba/.ivy2/cache/org.springframework/spring-context/jars/spring-context-4.2.4.RELEASE.jar, file:/C:/Users/Kuba/.ivy2/cache/org.springframework/spring-core/jars/spring-core-4.2.4.RELEASE.jar, file:/C:/Users/Kuba/.ivy2/cache/org.springframework/spring-beans/jars/spring-beans-4.2.4.RELEASE.jar, file:/C:/Users/Kuba/Downloads/activator-dist-1.3.12/repository/org.reflections/reflections/0.9.10/jars/reflections.jar, file:/C:/Users/Kuba/Downloads/activator-dist-1.3.12/repository/net.jodah/typetools/0.4.4/bundles/typetools.jar, file:/C:/Users/Kuba/.ivy2/cache/com.google.code.findbugs/jsr305/jars/jsr305-3.0.1.jar, file:/C:/Users/Kuba/Downloads/activator-dist-1.3.12/repository/org.apache.tomcat/tomcat-servlet-api/8.0.33/jars/tomcat-servlet-api.jar, file:/C:/Users/Kuba/.ivy2/cache/com.adrianhurt/play-bootstrap-core_2.11/jars/play-bootstrap-core_2.11-1.0-P25.jar, file:/C:/Users/Kuba/.ivy2/cache/org.webjars/bootstrap/jars/bootstrap-3.3.6.jar, file:/C:/Users/Kuba/.ivy2/cache/org.webjars/jquery/jars/jquery-2.1.4.jar}
16:45:22.863 [ForkJoinPool-8-worker-1] DEBUG c.google.inject.internal.BytecodeGen - Loading class play.filters.csrf.CSRF$JavaCSRFErrorHandlerDelegate FastClass with PlayDependencyClassLoader{file:/C:/Users/Kuba/IdeaProjects/play-silhouette-seed-master/lib/connect-four.jar, file:/C:/Users/Kuba/IdeaProjects/play-silhouette-seed-master/lib/sudoku.jar, file:/C:/Users/Kuba/.ivy2/cache/org.scala-lang/scala-library/jars/scala-library-2.11.8.jar, file:/C:/Users/Kuba/Downloads/activator-dist-1.3.12/repository/com.typesafe.play/twirl-api_2.11/1.1.1/jars/twirl-api_2.11.jar, file:/C:/Users/Kuba/.ivy2/cache/org.apache.commons/commons-lang3/jars/commons-lang3-3.4.jar, file:/C:/Users/Kuba/.ivy2/cache/org.scala-lang.modules/scala-xml_2.11/bundles/scala-xml_2.11-1.0.1.jar, file:/C:/Users/Kuba/.ivy2/cache/com.typesafe.play/play-server_2.11/jars/play-server_2.11-2.5.4.jar, file:/C:/Users/Kuba/.ivy2/cache/com.typesafe.play/play_2.11/jars/play_2.11-2.5.4.jar, file:/C:/Users/Kuba/.ivy2/cache/com.typesafe.play/build-link/jars/build-link-2.5.4.jar, file:/C:/Users/Kuba/.ivy2/cache/com.typesafe.play/play-exceptions/jars/play-exceptions-2.5.4.jar, file:/C:/Users/Kuba/.ivy2/cache/com.typesafe.play/play-iteratees_2.11/jars/play-iteratees_2.11-2.5.4.jar, file:/C:/Users/Kuba/.ivy2/cache/org.scala-stm/scala-stm_2.11/jars/scala-stm_2.11-0.7.jar, file:/C:/Users/Kuba/Downloads/activator-dist-1.3.12/repository/com.typesafe/config/1.3.0/bundles/config.jar, file:/C:/Users/Kuba/.ivy2/cache/ch.qos.logback/logback-classic/jars/logback-classic-1.1.7.jar, file:/C:/Users/Kuba/.ivy2/cache/ch.qos.logback/logback-core/jars/logback-core-1.1.7.jar, file:/C:/Users/Kuba/.ivy2/cache/com.typesafe.play/play-json_2.11/jars/play-json_2.11-2.5.4.jar, file:/C:/Users/Kuba/.ivy2/cache/com.typesafe.play/play-functional_2.11/jars/play-functional_2.11-2.5.4.jar, file:/C:/Users/Kuba/.ivy2/cache/com.typesafe.play/play-datacommons_2.11/jars/play-datacommons_2.11-2.5.4.jar, file:/C:/Users/Kuba/Downloads/activator-dist-1.3.12/repository/joda-time/joda-time/2.9.2/jars/joda-time.jar, file:/C:/Users/Kuba/Downloads/activator-dist-1.3.12/repository/org.joda/joda-convert/1.8.1/jars/joda-convert.jar, file:/C:/Users/Kuba/Downloads/activator-dist-1.3.12/repository/org.scala-lang/scala-reflect/2.11.7/jars/scala-reflect.jar, file:/C:/Users/Kuba/Downloads/activator-dist-1.3.12/repository/com.fasterxml.jackson.core/jackson-core/2.7.1/bundles/jackson-core.jar, file:/C:/Users/Kuba/Downloads/activator-dist-1.3.12/repository/com.fasterxml.jackson.core/jackson-annotations/2.7.1/bundles/jackson-annotations.jar, file:/C:/Users/Kuba/Downloads/activator-dist-1.3.12/repository/com.fasterxml.jackson.core/jackson-databind/2.7.1/bundles/jackson-databind.jar, file:/C:/Users/Kuba/Downloads/activator-dist-1.3.12/repository/com.fasterxml.jackson.datatype/jackson-datatype-jdk8/2.7.1/bundles/jackson-datatype-jdk8.jar, file:/C:/Users/Kuba/Downloads/activator-dist-1.3.12/repository/com.fasterxml.jackson.datatype/jackson-datatype-jsr310/2.7.1/bundles/jackson-datatype-jsr310.jar, file:/C:/Users/Kuba/.ivy2/cache/com.typesafe.play/play-netty-utils/jars/play-netty-utils-2.5.4.jar, file:/C:/Users/Kuba/.ivy2/cache/org.slf4j/jul-to-slf4j/jars/jul-to-slf4j-1.7.19.jar, file:/C:/Users/Kuba/.ivy2/cache/org.slf4j/jcl-over-slf4j/jars/jcl-over-slf4j-1.7.19.jar, file:/C:/Users/Kuba/.ivy2/cache/com.typesafe.play/play-streams_2.11/jars/play-streams_2.11-2.5.4.jar, file:/C:/Users/Kuba/.ivy2/cache/org.reactivestreams/reactive-streams/jars/reactive-streams-1.0.0.jar, file:/C:/Users/Kuba/.ivy2/cache/com.typesafe.akka/akka-stream_2.11/jars/akka-stream_2.11-2.4.4.jar, file:/C:/Users/Kuba/.ivy2/cache/com.typesafe.akka/akka-actor_2.11/jars/akka-actor_2.11-2.4.4.jar, file:/C:/Users/Kuba/Downloads/activator-dist-1.3.12/repository/org.scala-lang.modules/scala-java8-compat_2.11/0.7.0/bundles/scala-java8-compat_2.11.jar, file:/C:/Users/Kuba/Downloads/activator-dist-1.3.12/repository/com.typesafe/ssl-config-akka_2.11/0.2.1/bundles/ssl-config-akka_2.11.jar, file:/C:/Users/Kuba/.ivy2/cache/com.typesafe/ssl-config-core_2.11/bundles/ssl-config-core_2.11-0.2.1.jar, file:/C:/Users/Kuba/.ivy2/cache/org.scala-lang.modules/scala-parser-combinators_2.11/bundles/scala-parser-combinators_2.11-1.0.4.jar, file:/C:/Users/Kuba/.ivy2/cache/com.typesafe.akka/akka-slf4j_2.11/jars/akka-slf4j_2.11-2.4.4.jar, file:/C:/Users/Kuba/.ivy2/cache/commons-codec/commons-codec/jars/commons-codec-1.10.jar, file:/C:/Users/Kuba/.ivy2/cache/xerces/xercesImpl/jars/xercesImpl-2.11.0.jar, file:/C:/Users/Kuba/.ivy2/cache/xml-apis/xml-apis/jars/xml-apis-1.4.01.jar, file:/C:/Users/Kuba/.ivy2/cache/javax.transaction/jta/jars/jta-1.1.jar, file:/C:/Users/Kuba/Downloads/activator-dist-1.3.12/repository/com.google.inject/guice/4.0/jars/guice.jar, file:/C:/Users/Kuba/.ivy2/cache/javax.inject/javax.inject/jars/javax.inject-1.jar, file:/C:/Users/Kuba/.ivy2/cache/aopalliance/aopalliance/jars/aopalliance-1.0.jar, file:/C:/Users/Kuba/Downloads/activator-dist-1.3.12/repository/com.google.inject.extensions/guice-assistedinject/4.0/jars/guice-assistedinject.jar, file:/C:/Users/Kuba/.ivy2/cache/com.typesafe.play/play-netty-server_2.11/jars/play-netty-server_2.11-2.5.4.jar, file:/C:/Users/Kuba/.ivy2/cache/com.typesafe.netty/netty-reactive-streams-http/jars/netty-reactive-streams-http-1.0.6.jar, file:/C:/Users/Kuba/.ivy2/cache/com.typesafe.netty/netty-reactive-streams/jars/netty-reactive-streams-1.0.6.jar, file:/C:/Users/Kuba/.ivy2/cache/io.netty/netty-handler/jars/netty-handler-4.0.36.Final.jar, file:/C:/Users/Kuba/.ivy2/cache/io.netty/netty-buffer/jars/netty-buffer-4.0.36.Final.jar, file:/C:/Users/Kuba/.ivy2/cache/io.netty/netty-common/jars/netty-common-4.0.36.Final.jar, file:/C:/Users/Kuba/.ivy2/cache/io.netty/netty-transport/jars/netty-transport-4.0.36.Final.jar, file:/C:/Users/Kuba/.ivy2/cache/io.netty/netty-codec/jars/netty-codec-4.0.36.Final.jar, file:/C:/Users/Kuba/.ivy2/cache/io.netty/netty-codec-http/jars/netty-codec-http-4.0.36.Final.jar, file:/C:/Users/Kuba/.ivy2/cache/io.netty/netty-transport-native-epoll/jars/netty-transport-native-epoll-4.0.36.Final-linux-x86_64.jar, file:/C:/Users/Kuba/.ivy2/cache/com.typesafe.play/play-logback_2.11/jars/play-logback_2.11-2.5.4.jar, file:/C:/Users/Kuba/.ivy2/cache/org.scala-lang/scala-swing/jars/scala-swing-2.11.0-M7.jar, file:/C:/Users/Kuba/.ivy2/cache/com.mohiva/play-silhouette_2.11/jars/play-silhouette_2.11-4.0.0.jar, file:/C:/Users/Kuba/.ivy2/cache/com.typesafe.play/play-cache_2.11/jars/play-cache_2.11-2.5.4.jar, file:/C:/Users/Kuba/Downloads/activator-dist-1.3.12/repository/net.sf.ehcache/ehcache-core/2.6.11/jars/ehcache-core.jar, file:/C:/Users/Kuba/.ivy2/cache/com.typesafe.play/play-ws_2.11/jars/play-ws_2.11-2.5.4.jar, file:/C:/Users/Kuba/.ivy2/cache/com.google.guava/guava/bundles/guava-19.0.jar, file:/C:/Users/Kuba/.ivy2/cache/org.asynchttpclient/async-http-client/jars/async-http-client-2.0.2.jar, file:/C:/Users/Kuba/.ivy2/cache/org.asynchttpclient/netty-resolver-dns/jars/netty-resolver-dns-2.0.2.jar, file:/C:/Users/Kuba/.ivy2/cache/org.asynchttpclient/netty-resolver/jars/netty-resolver-2.0.2.jar, file:/C:/Users/Kuba/.ivy2/cache/org.slf4j/slf4j-api/jars/slf4j-api-1.7.21.jar, file:/C:/Users/Kuba/.ivy2/cache/org.asynchttpclient/netty-codec-dns/jars/netty-codec-dns-2.0.2.jar, file:/C:/Users/Kuba/.ivy2/cache/org.javassist/javassist/bundles/javassist-3.20.0-GA.jar, file:/C:/Users/Kuba/.ivy2/cache/oauth.signpost/signpost-core/jars/signpost-core-1.2.1.2.jar, file:/C:/Users/Kuba/.ivy2/cache/oauth.signpost/signpost-commonshttp4/jars/signpost-commonshttp4-1.2.1.2.jar, file:/C:/Users/Kuba/.ivy2/cache/org.apache.httpcomponents/httpcore/jars/httpcore-4.0.1.jar, file:/C:/Users/Kuba/.ivy2/cache/org.apache.httpcomponents/httpclient/jars/httpclient-4.0.1.jar, file:/C:/Users/Kuba/.ivy2/cache/commons-logging/commons-logging/jars/commons-logging-1.1.1.jar, file:/C:/Users/Kuba/.ivy2/cache/com.atlassian.jwt/jwt-core/jars/jwt-core-1.5.8.jar, file:/C:/Users/Kuba/.ivy2/cache/com.nimbusds/nimbus-jose-jwt/jars/nimbus-jose-jwt-2.16.jar, file:/C:/Users/Kuba/.ivy2/cache/net.jcip/jcip-annotations/jars/jcip-annotations-1.0.jar, file:/C:/Users/Kuba/.ivy2/cache/net.minidev/json-smart/jars/json-smart-1.1.1.jar, file:/C:/Users/Kuba/.ivy2/cache/javax.mail/mail/jars/mail-1.4.7.jar, file:/C:/Users/Kuba/.ivy2/cache/org.bouncycastle/bcprov-jdk15on/jars/bcprov-jdk15on-1.51.jar, file:/C:/Users/Kuba/.ivy2/cache/org.bouncycastle/bcpkix-jdk15on/jars/bcpkix-jdk15on-1.51.jar, file:/C:/Users/Kuba/.ivy2/cache/com.atlassian.jwt/jwt-api/jars/jwt-api-1.5.8.jar, file:/C:/Users/Kuba/.ivy2/cache/com.mohiva/play-silhouette-password-bcrypt_2.11/jars/play-silhouette-password-bcrypt_2.11-4.0.0.jar, file:/C:/Users/Kuba/.ivy2/cache/de.svenkubiak/jBCrypt/bundles/jBCrypt-0.4.1.jar, file:/C:/Users/Kuba/.ivy2/cache/com.mohiva/play-silhouette-persistence_2.11/jars/play-silhouette-persistence_2.11-4.0.0.jar, file:/C:/Users/Kuba/.ivy2/cache/com.mohiva/play-silhouette-crypto-jca_2.11/jars/play-silhouette-crypto-jca_2.11-4.0.0.jar, file:/C:/Users/Kuba/.ivy2/cache/org.webjars/webjars-play_2.11/jars/webjars-play_2.11-2.5.0-2.jar, file:/C:/Users/Kuba/.ivy2/cache/org.webjars/requirejs/jars/requirejs-2.1.20.jar, file:/C:/Users/Kuba/.ivy2/cache/org.webjars/webjars-locator/jars/webjars-locator-0.31.jar, file:/C:/Users/Kuba/.ivy2/cache/org.webjars/webjars-locator-core/jars/webjars-locator-core-0.30.jar, file:/C:/Users/Kuba/.ivy2/cache/org.apache.commons/commons-compress/jars/commons-compress-1.9.jar, file:/C:/Users/Kuba/.ivy2/cache/net.codingwell/scala-guice_2.11/jars/scala-guice_2.11-4.0.1.jar, file:/C:/Users/Kuba/.ivy2/cache/com.google.inject.extensions/guice-multibindings/jars/guice-multibindings-4.0.jar, file:/C:/Users/Kuba/.ivy2/cache/com.iheart/ficus_2.11/jars/ficus_2.11-1.2.6.jar, file:/C:/Users/Kuba/.ivy2/cache/org.typelevel/macro-compat_2.11/jars/macro-compat_2.11-1.1.1.jar, file:/C:/Users/Kuba/.ivy2/cache/com.typesafe.play/play-mailer_2.11/jars/play-mailer_2.11-5.0.0.jar, file:/C:/Users/Kuba/.ivy2/cache/org.apache.commons/commons-email/jars/commons-email-1.4.jar, file:/C:/Users/Kuba/.ivy2/cache/com.sun.mail/javax.mail/jars/javax.mail-1.5.2.jar, file:/C:/Users/Kuba/.ivy2/cache/javax.activation/activation/jars/activation-1.1.1.jar, file:/C:/Users/Kuba/.ivy2/cache/com.enragedginger/akka-quartz-scheduler_2.11/jars/akka-quartz-scheduler_2.11-1.5.0-akka-2.4.x.jar, file:/C:/Users/Kuba/.ivy2/cache/org.quartz-scheduler/quartz/jars/quartz-2.2.2.jar, file:/C:/Users/Kuba/.ivy2/cache/c3p0/c3p0/jars/c3p0-0.9.1.1.jar, file:/C:/Users/Kuba/.ivy2/cache/com.adrianhurt/play-bootstrap_2.11/jars/play-bootstrap_2.11-1.0-P25-B3.jar, file:/C:/Users/Kuba/.ivy2/cache/com.typesafe.play/filters-helpers_2.11/jars/filters-helpers_2.11-2.5.4.jar, file:/C:/Users/Kuba/.ivy2/cache/com.typesafe.play/play-java_2.11/jars/play-java_2.11-2.5.4.jar, file:/C:/Users/Kuba/Downloads/activator-dist-1.3.12/repository/org.yaml/snakeyaml/1.16/bundles/snakeyaml.jar, file:/C:/Users/Kuba/Downloads/activator-dist-1.3.12/repository/org.hibernate/hibernate-validator/5.2.4.Final/jars/hibernate-validator.jar, file:/C:/Users/Kuba/Downloads/activator-dist-1.3.12/repository/javax.validation/validation-api/1.1.0.Final/jars/validation-api.jar, file:/C:/Users/Kuba/Downloads/activator-dist-1.3.12/repository/org.jboss.logging/jboss-logging/3.2.1.Final/jars/jboss-logging.jar, file:/C:/Users/Kuba/Downloads/activator-dist-1.3.12/repository/com.fasterxml/classmate/1.1.0/bundles/classmate.jar, file:/C:/Users/Kuba/Downloads/activator-dist-1.3.12/repository/javax.el/javax.el-api/3.0.0/jars/javax.el-api.jar, file:/C:/Users/Kuba/.ivy2/cache/org.springframework/spring-context/jars/spring-context-4.2.4.RELEASE.jar, file:/C:/Users/Kuba/.ivy2/cache/org.springframework/spring-core/jars/spring-core-4.2.4.RELEASE.jar, file:/C:/Users/Kuba/.ivy2/cache/org.springframework/spring-beans/jars/spring-beans-4.2.4.RELEASE.jar, file:/C:/Users/Kuba/Downloads/activator-dist-1.3.12/repository/org.reflections/reflections/0.9.10/jars/reflections.jar, file:/C:/Users/Kuba/Downloads/activator-dist-1.3.12/repository/net.jodah/typetools/0.4.4/bundles/typetools.jar, file:/C:/Users/Kuba/.ivy2/cache/com.google.code.findbugs/jsr305/jars/jsr305-3.0.1.jar, file:/C:/Users/Kuba/Downloads/activator-dist-1.3.12/repository/org.apache.tomcat/tomcat-servlet-api/8.0.33/jars/tomcat-servlet-api.jar, file:/C:/Users/Kuba/.ivy2/cache/com.adrianhurt/play-bootstrap-core_2.11/jars/play-bootstrap-core_2.11-1.0-P25.jar, file:/C:/Users/Kuba/.ivy2/cache/org.webjars/bootstrap/jars/bootstrap-3.3.6.jar, file:/C:/Users/Kuba/.ivy2/cache/org.webjars/jquery/jars/jquery-2.1.4.jar}
16:45:22.865 [ForkJoinPool-8-worker-1] DEBUG c.google.inject.internal.BytecodeGen - Loading class play.filters.cors.CORSConfigProvider FastClass with PlayDependencyClassLoader{file:/C:/Users/Kuba/IdeaProjects/play-silhouette-seed-master/lib/connect-four.jar, file:/C:/Users/Kuba/IdeaProjects/play-silhouette-seed-master/lib/sudoku.jar, file:/C:/Users/Kuba/.ivy2/cache/org.scala-lang/scala-library/jars/scala-library-2.11.8.jar, file:/C:/Users/Kuba/Downloads/activator-dist-1.3.12/repository/com.typesafe.play/twirl-api_2.11/1.1.1/jars/twirl-api_2.11.jar, file:/C:/Users/Kuba/.ivy2/cache/org.apache.commons/commons-lang3/jars/commons-lang3-3.4.jar, file:/C:/Users/Kuba/.ivy2/cache/org.scala-lang.modules/scala-xml_2.11/bundles/scala-xml_2.11-1.0.1.jar, file:/C:/Users/Kuba/.ivy2/cache/com.typesafe.play/play-server_2.11/jars/play-server_2.11-2.5.4.jar, file:/C:/Users/Kuba/.ivy2/cache/com.typesafe.play/play_2.11/jars/play_2.11-2.5.4.jar, file:/C:/Users/Kuba/.ivy2/cache/com.typesafe.play/build-link/jars/build-link-2.5.4.jar, file:/C:/Users/Kuba/.ivy2/cache/com.typesafe.play/play-exceptions/jars/play-exceptions-2.5.4.jar, file:/C:/Users/Kuba/.ivy2/cache/com.typesafe.play/play-iteratees_2.11/jars/play-iteratees_2.11-2.5.4.jar, file:/C:/Users/Kuba/.ivy2/cache/org.scala-stm/scala-stm_2.11/jars/scala-stm_2.11-0.7.jar, file:/C:/Users/Kuba/Downloads/activator-dist-1.3.12/repository/com.typesafe/config/1.3.0/bundles/config.jar, file:/C:/Users/Kuba/.ivy2/cache/ch.qos.logback/logback-classic/jars/logback-classic-1.1.7.jar, file:/C:/Users/Kuba/.ivy2/cache/ch.qos.logback/logback-core/jars/logback-core-1.1.7.jar, file:/C:/Users/Kuba/.ivy2/cache/com.typesafe.play/play-json_2.11/jars/play-json_2.11-2.5.4.jar, file:/C:/Users/Kuba/.ivy2/cache/com.typesafe.play/play-functional_2.11/jars/play-functional_2.11-2.5.4.jar, file:/C:/Users/Kuba/.ivy2/cache/com.typesafe.play/play-datacommons_2.11/jars/play-datacommons_2.11-2.5.4.jar, file:/C:/Users/Kuba/Downloads/activator-dist-1.3.12/repository/joda-time/joda-time/2.9.2/jars/joda-time.jar, file:/C:/Users/Kuba/Downloads/activator-dist-1.3.12/repository/org.joda/joda-convert/1.8.1/jars/joda-convert.jar, file:/C:/Users/Kuba/Downloads/activator-dist-1.3.12/repository/org.scala-lang/scala-reflect/2.11.7/jars/scala-reflect.jar, file:/C:/Users/Kuba/Downloads/activator-dist-1.3.12/repository/com.fasterxml.jackson.core/jackson-core/2.7.1/bundles/jackson-core.jar, file:/C:/Users/Kuba/Downloads/activator-dist-1.3.12/repository/com.fasterxml.jackson.core/jackson-annotations/2.7.1/bundles/jackson-annotations.jar, file:/C:/Users/Kuba/Downloads/activator-dist-1.3.12/repository/com.fasterxml.jackson.core/jackson-databind/2.7.1/bundles/jackson-databind.jar, file:/C:/Users/Kuba/Downloads/activator-dist-1.3.12/repository/com.fasterxml.jackson.datatype/jackson-datatype-jdk8/2.7.1/bundles/jackson-datatype-jdk8.jar, file:/C:/Users/Kuba/Downloads/activator-dist-1.3.12/repository/com.fasterxml.jackson.datatype/jackson-datatype-jsr310/2.7.1/bundles/jackson-datatype-jsr310.jar, file:/C:/Users/Kuba/.ivy2/cache/com.typesafe.play/play-netty-utils/jars/play-netty-utils-2.5.4.jar, file:/C:/Users/Kuba/.ivy2/cache/org.slf4j/jul-to-slf4j/jars/jul-to-slf4j-1.7.19.jar, file:/C:/Users/Kuba/.ivy2/cache/org.slf4j/jcl-over-slf4j/jars/jcl-over-slf4j-1.7.19.jar, file:/C:/Users/Kuba/.ivy2/cache/com.typesafe.play/play-streams_2.11/jars/play-streams_2.11-2.5.4.jar, file:/C:/Users/Kuba/.ivy2/cache/org.reactivestreams/reactive-streams/jars/reactive-streams-1.0.0.jar, file:/C:/Users/Kuba/.ivy2/cache/com.typesafe.akka/akka-stream_2.11/jars/akka-stream_2.11-2.4.4.jar, file:/C:/Users/Kuba/.ivy2/cache/com.typesafe.akka/akka-actor_2.11/jars/akka-actor_2.11-2.4.4.jar, file:/C:/Users/Kuba/Downloads/activator-dist-1.3.12/repository/org.scala-lang.modules/scala-java8-compat_2.11/0.7.0/bundles/scala-java8-compat_2.11.jar, file:/C:/Users/Kuba/Downloads/activator-dist-1.3.12/repository/com.typesafe/ssl-config-akka_2.11/0.2.1/bundles/ssl-config-akka_2.11.jar, file:/C:/Users/Kuba/.ivy2/cache/com.typesafe/ssl-config-core_2.11/bundles/ssl-config-core_2.11-0.2.1.jar, file:/C:/Users/Kuba/.ivy2/cache/org.scala-lang.modules/scala-parser-combinators_2.11/bundles/scala-parser-combinators_2.11-1.0.4.jar, file:/C:/Users/Kuba/.ivy2/cache/com.typesafe.akka/akka-slf4j_2.11/jars/akka-slf4j_2.11-2.4.4.jar, file:/C:/Users/Kuba/.ivy2/cache/commons-codec/commons-codec/jars/commons-codec-1.10.jar, file:/C:/Users/Kuba/.ivy2/cache/xerces/xercesImpl/jars/xercesImpl-2.11.0.jar, file:/C:/Users/Kuba/.ivy2/cache/xml-apis/xml-apis/jars/xml-apis-1.4.01.jar, file:/C:/Users/Kuba/.ivy2/cache/javax.transaction/jta/jars/jta-1.1.jar, file:/C:/Users/Kuba/Downloads/activator-dist-1.3.12/repository/com.google.inject/guice/4.0/jars/guice.jar, file:/C:/Users/Kuba/.ivy2/cache/javax.inject/javax.inject/jars/javax.inject-1.jar, file:/C:/Users/Kuba/.ivy2/cache/aopalliance/aopalliance/jars/aopalliance-1.0.jar, file:/C:/Users/Kuba/Downloads/activator-dist-1.3.12/repository/com.google.inject.extensions/guice-assistedinject/4.0/jars/guice-assistedinject.jar, file:/C:/Users/Kuba/.ivy2/cache/com.typesafe.play/play-netty-server_2.11/jars/play-netty-server_2.11-2.5.4.jar, file:/C:/Users/Kuba/.ivy2/cache/com.typesafe.netty/netty-reactive-streams-http/jars/netty-reactive-streams-http-1.0.6.jar, file:/C:/Users/Kuba/.ivy2/cache/com.typesafe.netty/netty-reactive-streams/jars/netty-reactive-streams-1.0.6.jar, file:/C:/Users/Kuba/.ivy2/cache/io.netty/netty-handler/jars/netty-handler-4.0.36.Final.jar, file:/C:/Users/Kuba/.ivy2/cache/io.netty/netty-buffer/jars/netty-buffer-4.0.36.Final.jar, file:/C:/Users/Kuba/.ivy2/cache/io.netty/netty-common/jars/netty-common-4.0.36.Final.jar, file:/C:/Users/Kuba/.ivy2/cache/io.netty/netty-transport/jars/netty-transport-4.0.36.Final.jar, file:/C:/Users/Kuba/.ivy2/cache/io.netty/netty-codec/jars/netty-codec-4.0.36.Final.jar, file:/C:/Users/Kuba/.ivy2/cache/io.netty/netty-codec-http/jars/netty-codec-http-4.0.36.Final.jar, file:/C:/Users/Kuba/.ivy2/cache/io.netty/netty-transport-native-epoll/jars/netty-transport-native-epoll-4.0.36.Final-linux-x86_64.jar, file:/C:/Users/Kuba/.ivy2/cache/com.typesafe.play/play-logback_2.11/jars/play-logback_2.11-2.5.4.jar, file:/C:/Users/Kuba/.ivy2/cache/org.scala-lang/scala-swing/jars/scala-swing-2.11.0-M7.jar, file:/C:/Users/Kuba/.ivy2/cache/com.mohiva/play-silhouette_2.11/jars/play-silhouette_2.11-4.0.0.jar, file:/C:/Users/Kuba/.ivy2/cache/com.typesafe.play/play-cache_2.11/jars/play-cache_2.11-2.5.4.jar, file:/C:/Users/Kuba/Downloads/activator-dist-1.3.12/repository/net.sf.ehcache/ehcache-core/2.6.11/jars/ehcache-core.jar, file:/C:/Users/Kuba/.ivy2/cache/com.typesafe.play/play-ws_2.11/jars/play-ws_2.11-2.5.4.jar, file:/C:/Users/Kuba/.ivy2/cache/com.google.guava/guava/bundles/guava-19.0.jar, file:/C:/Users/Kuba/.ivy2/cache/org.asynchttpclient/async-http-client/jars/async-http-client-2.0.2.jar, file:/C:/Users/Kuba/.ivy2/cache/org.asynchttpclient/netty-resolver-dns/jars/netty-resolver-dns-2.0.2.jar, file:/C:/Users/Kuba/.ivy2/cache/org.asynchttpclient/netty-resolver/jars/netty-resolver-2.0.2.jar, file:/C:/Users/Kuba/.ivy2/cache/org.slf4j/slf4j-api/jars/slf4j-api-1.7.21.jar, file:/C:/Users/Kuba/.ivy2/cache/org.asynchttpclient/netty-codec-dns/jars/netty-codec-dns-2.0.2.jar, file:/C:/Users/Kuba/.ivy2/cache/org.javassist/javassist/bundles/javassist-3.20.0-GA.jar, file:/C:/Users/Kuba/.ivy2/cache/oauth.signpost/signpost-core/jars/signpost-core-1.2.1.2.jar, file:/C:/Users/Kuba/.ivy2/cache/oauth.signpost/signpost-commonshttp4/jars/signpost-commonshttp4-1.2.1.2.jar, file:/C:/Users/Kuba/.ivy2/cache/org.apache.httpcomponents/httpcore/jars/httpcore-4.0.1.jar, file:/C:/Users/Kuba/.ivy2/cache/org.apache.httpcomponents/httpclient/jars/httpclient-4.0.1.jar, file:/C:/Users/Kuba/.ivy2/cache/commons-logging/commons-logging/jars/commons-logging-1.1.1.jar, file:/C:/Users/Kuba/.ivy2/cache/com.atlassian.jwt/jwt-core/jars/jwt-core-1.5.8.jar, file:/C:/Users/Kuba/.ivy2/cache/com.nimbusds/nimbus-jose-jwt/jars/nimbus-jose-jwt-2.16.jar, file:/C:/Users/Kuba/.ivy2/cache/net.jcip/jcip-annotations/jars/jcip-annotations-1.0.jar, file:/C:/Users/Kuba/.ivy2/cache/net.minidev/json-smart/jars/json-smart-1.1.1.jar, file:/C:/Users/Kuba/.ivy2/cache/javax.mail/mail/jars/mail-1.4.7.jar, file:/C:/Users/Kuba/.ivy2/cache/org.bouncycastle/bcprov-jdk15on/jars/bcprov-jdk15on-1.51.jar, file:/C:/Users/Kuba/.ivy2/cache/org.bouncycastle/bcpkix-jdk15on/jars/bcpkix-jdk15on-1.51.jar, file:/C:/Users/Kuba/.ivy2/cache/com.atlassian.jwt/jwt-api/jars/jwt-api-1.5.8.jar, file:/C:/Users/Kuba/.ivy2/cache/com.mohiva/play-silhouette-password-bcrypt_2.11/jars/play-silhouette-password-bcrypt_2.11-4.0.0.jar, file:/C:/Users/Kuba/.ivy2/cache/de.svenkubiak/jBCrypt/bundles/jBCrypt-0.4.1.jar, file:/C:/Users/Kuba/.ivy2/cache/com.mohiva/play-silhouette-persistence_2.11/jars/play-silhouette-persistence_2.11-4.0.0.jar, file:/C:/Users/Kuba/.ivy2/cache/com.mohiva/play-silhouette-crypto-jca_2.11/jars/play-silhouette-crypto-jca_2.11-4.0.0.jar, file:/C:/Users/Kuba/.ivy2/cache/org.webjars/webjars-play_2.11/jars/webjars-play_2.11-2.5.0-2.jar, file:/C:/Users/Kuba/.ivy2/cache/org.webjars/requirejs/jars/requirejs-2.1.20.jar, file:/C:/Users/Kuba/.ivy2/cache/org.webjars/webjars-locator/jars/webjars-locator-0.31.jar, file:/C:/Users/Kuba/.ivy2/cache/org.webjars/webjars-locator-core/jars/webjars-locator-core-0.30.jar, file:/C:/Users/Kuba/.ivy2/cache/org.apache.commons/commons-compress/jars/commons-compress-1.9.jar, file:/C:/Users/Kuba/.ivy2/cache/net.codingwell/scala-guice_2.11/jars/scala-guice_2.11-4.0.1.jar, file:/C:/Users/Kuba/.ivy2/cache/com.google.inject.extensions/guice-multibindings/jars/guice-multibindings-4.0.jar, file:/C:/Users/Kuba/.ivy2/cache/com.iheart/ficus_2.11/jars/ficus_2.11-1.2.6.jar, file:/C:/Users/Kuba/.ivy2/cache/org.typelevel/macro-compat_2.11/jars/macro-compat_2.11-1.1.1.jar, file:/C:/Users/Kuba/.ivy2/cache/com.typesafe.play/play-mailer_2.11/jars/play-mailer_2.11-5.0.0.jar, file:/C:/Users/Kuba/.ivy2/cache/org.apache.commons/commons-email/jars/commons-email-1.4.jar, file:/C:/Users/Kuba/.ivy2/cache/com.sun.mail/javax.mail/jars/javax.mail-1.5.2.jar, file:/C:/Users/Kuba/.ivy2/cache/javax.activation/activation/jars/activation-1.1.1.jar, file:/C:/Users/Kuba/.ivy2/cache/com.enragedginger/akka-quartz-scheduler_2.11/jars/akka-quartz-scheduler_2.11-1.5.0-akka-2.4.x.jar, file:/C:/Users/Kuba/.ivy2/cache/org.quartz-scheduler/quartz/jars/quartz-2.2.2.jar, file:/C:/Users/Kuba/.ivy2/cache/c3p0/c3p0/jars/c3p0-0.9.1.1.jar, file:/C:/Users/Kuba/.ivy2/cache/com.adrianhurt/play-bootstrap_2.11/jars/play-bootstrap_2.11-1.0-P25-B3.jar, file:/C:/Users/Kuba/.ivy2/cache/com.typesafe.play/filters-helpers_2.11/jars/filters-helpers_2.11-2.5.4.jar, file:/C:/Users/Kuba/.ivy2/cache/com.typesafe.play/play-java_2.11/jars/play-java_2.11-2.5.4.jar, file:/C:/Users/Kuba/Downloads/activator-dist-1.3.12/repository/org.yaml/snakeyaml/1.16/bundles/snakeyaml.jar, file:/C:/Users/Kuba/Downloads/activator-dist-1.3.12/repository/org.hibernate/hibernate-validator/5.2.4.Final/jars/hibernate-validator.jar, file:/C:/Users/Kuba/Downloads/activator-dist-1.3.12/repository/javax.validation/validation-api/1.1.0.Final/jars/validation-api.jar, file:/C:/Users/Kuba/Downloads/activator-dist-1.3.12/repository/org.jboss.logging/jboss-logging/3.2.1.Final/jars/jboss-logging.jar, file:/C:/Users/Kuba/Downloads/activator-dist-1.3.12/repository/com.fasterxml/classmate/1.1.0/bundles/classmate.jar, file:/C:/Users/Kuba/Downloads/activator-dist-1.3.12/repository/javax.el/javax.el-api/3.0.0/jars/javax.el-api.jar, file:/C:/Users/Kuba/.ivy2/cache/org.springframework/spring-context/jars/spring-context-4.2.4.RELEASE.jar, file:/C:/Users/Kuba/.ivy2/cache/org.springframework/spring-core/jars/spring-core-4.2.4.RELEASE.jar, file:/C:/Users/Kuba/.ivy2/cache/org.springframework/spring-beans/jars/spring-beans-4.2.4.RELEASE.jar, file:/C:/Users/Kuba/Downloads/activator-dist-1.3.12/repository/org.reflections/reflections/0.9.10/jars/reflections.jar, file:/C:/Users/Kuba/Downloads/activator-dist-1.3.12/repository/net.jodah/typetools/0.4.4/bundles/typetools.jar, file:/C:/Users/Kuba/.ivy2/cache/com.google.code.findbugs/jsr305/jars/jsr305-3.0.1.jar, file:/C:/Users/Kuba/Downloads/activator-dist-1.3.12/repository/org.apache.tomcat/tomcat-servlet-api/8.0.33/jars/tomcat-servlet-api.jar, file:/C:/Users/Kuba/.ivy2/cache/com.adrianhurt/play-bootstrap-core_2.11/jars/play-bootstrap-core_2.11-1.0-P25.jar, file:/C:/Users/Kuba/.ivy2/cache/org.webjars/bootstrap/jars/bootstrap-3.3.6.jar, file:/C:/Users/Kuba/.ivy2/cache/org.webjars/jquery/jars/jquery-2.1.4.jar}
16:45:22.867 [ForkJoinPool-8-worker-1] DEBUG c.google.inject.internal.BytecodeGen - Loading class play.filters.cors.CORSFilterProvider FastClass with PlayDependencyClassLoader{file:/C:/Users/Kuba/IdeaProjects/play-silhouette-seed-master/lib/connect-four.jar, file:/C:/Users/Kuba/IdeaProjects/play-silhouette-seed-master/lib/sudoku.jar, file:/C:/Users/Kuba/.ivy2/cache/org.scala-lang/scala-library/jars/scala-library-2.11.8.jar, file:/C:/Users/Kuba/Downloads/activator-dist-1.3.12/repository/com.typesafe.play/twirl-api_2.11/1.1.1/jars/twirl-api_2.11.jar, file:/C:/Users/Kuba/.ivy2/cache/org.apache.commons/commons-lang3/jars/commons-lang3-3.4.jar, file:/C:/Users/Kuba/.ivy2/cache/org.scala-lang.modules/scala-xml_2.11/bundles/scala-xml_2.11-1.0.1.jar, file:/C:/Users/Kuba/.ivy2/cache/com.typesafe.play/play-server_2.11/jars/play-server_2.11-2.5.4.jar, file:/C:/Users/Kuba/.ivy2/cache/com.typesafe.play/play_2.11/jars/play_2.11-2.5.4.jar, file:/C:/Users/Kuba/.ivy2/cache/com.typesafe.play/build-link/jars/build-link-2.5.4.jar, file:/C:/Users/Kuba/.ivy2/cache/com.typesafe.play/play-exceptions/jars/play-exceptions-2.5.4.jar, file:/C:/Users/Kuba/.ivy2/cache/com.typesafe.play/play-iteratees_2.11/jars/play-iteratees_2.11-2.5.4.jar, file:/C:/Users/Kuba/.ivy2/cache/org.scala-stm/scala-stm_2.11/jars/scala-stm_2.11-0.7.jar, file:/C:/Users/Kuba/Downloads/activator-dist-1.3.12/repository/com.typesafe/config/1.3.0/bundles/config.jar, file:/C:/Users/Kuba/.ivy2/cache/ch.qos.logback/logback-classic/jars/logback-classic-1.1.7.jar, file:/C:/Users/Kuba/.ivy2/cache/ch.qos.logback/logback-core/jars/logback-core-1.1.7.jar, file:/C:/Users/Kuba/.ivy2/cache/com.typesafe.play/play-json_2.11/jars/play-json_2.11-2.5.4.jar, file:/C:/Users/Kuba/.ivy2/cache/com.typesafe.play/play-functional_2.11/jars/play-functional_2.11-2.5.4.jar, file:/C:/Users/Kuba/.ivy2/cache/com.typesafe.play/play-datacommons_2.11/jars/play-datacommons_2.11-2.5.4.jar, file:/C:/Users/Kuba/Downloads/activator-dist-1.3.12/repository/joda-time/joda-time/2.9.2/jars/joda-time.jar, file:/C:/Users/Kuba/Downloads/activator-dist-1.3.12/repository/org.joda/joda-convert/1.8.1/jars/joda-convert.jar, file:/C:/Users/Kuba/Downloads/activator-dist-1.3.12/repository/org.scala-lang/scala-reflect/2.11.7/jars/scala-reflect.jar, file:/C:/Users/Kuba/Downloads/activator-dist-1.3.12/repository/com.fasterxml.jackson.core/jackson-core/2.7.1/bundles/jackson-core.jar, file:/C:/Users/Kuba/Downloads/activator-dist-1.3.12/repository/com.fasterxml.jackson.core/jackson-annotations/2.7.1/bundles/jackson-annotations.jar, file:/C:/Users/Kuba/Downloads/activator-dist-1.3.12/repository/com.fasterxml.jackson.core/jackson-databind/2.7.1/bundles/jackson-databind.jar, file:/C:/Users/Kuba/Downloads/activator-dist-1.3.12/repository/com.fasterxml.jackson.datatype/jackson-datatype-jdk8/2.7.1/bundles/jackson-datatype-jdk8.jar, file:/C:/Users/Kuba/Downloads/activator-dist-1.3.12/repository/com.fasterxml.jackson.datatype/jackson-datatype-jsr310/2.7.1/bundles/jackson-datatype-jsr310.jar, file:/C:/Users/Kuba/.ivy2/cache/com.typesafe.play/play-netty-utils/jars/play-netty-utils-2.5.4.jar, file:/C:/Users/Kuba/.ivy2/cache/org.slf4j/jul-to-slf4j/jars/jul-to-slf4j-1.7.19.jar, file:/C:/Users/Kuba/.ivy2/cache/org.slf4j/jcl-over-slf4j/jars/jcl-over-slf4j-1.7.19.jar, file:/C:/Users/Kuba/.ivy2/cache/com.typesafe.play/play-streams_2.11/jars/play-streams_2.11-2.5.4.jar, file:/C:/Users/Kuba/.ivy2/cache/org.reactivestreams/reactive-streams/jars/reactive-streams-1.0.0.jar, file:/C:/Users/Kuba/.ivy2/cache/com.typesafe.akka/akka-stream_2.11/jars/akka-stream_2.11-2.4.4.jar, file:/C:/Users/Kuba/.ivy2/cache/com.typesafe.akka/akka-actor_2.11/jars/akka-actor_2.11-2.4.4.jar, file:/C:/Users/Kuba/Downloads/activator-dist-1.3.12/repository/org.scala-lang.modules/scala-java8-compat_2.11/0.7.0/bundles/scala-java8-compat_2.11.jar, file:/C:/Users/Kuba/Downloads/activator-dist-1.3.12/repository/com.typesafe/ssl-config-akka_2.11/0.2.1/bundles/ssl-config-akka_2.11.jar, file:/C:/Users/Kuba/.ivy2/cache/com.typesafe/ssl-config-core_2.11/bundles/ssl-config-core_2.11-0.2.1.jar, file:/C:/Users/Kuba/.ivy2/cache/org.scala-lang.modules/scala-parser-combinators_2.11/bundles/scala-parser-combinators_2.11-1.0.4.jar, file:/C:/Users/Kuba/.ivy2/cache/com.typesafe.akka/akka-slf4j_2.11/jars/akka-slf4j_2.11-2.4.4.jar, file:/C:/Users/Kuba/.ivy2/cache/commons-codec/commons-codec/jars/commons-codec-1.10.jar, file:/C:/Users/Kuba/.ivy2/cache/xerces/xercesImpl/jars/xercesImpl-2.11.0.jar, file:/C:/Users/Kuba/.ivy2/cache/xml-apis/xml-apis/jars/xml-apis-1.4.01.jar, file:/C:/Users/Kuba/.ivy2/cache/javax.transaction/jta/jars/jta-1.1.jar, file:/C:/Users/Kuba/Downloads/activator-dist-1.3.12/repository/com.google.inject/guice/4.0/jars/guice.jar, file:/C:/Users/Kuba/.ivy2/cache/javax.inject/javax.inject/jars/javax.inject-1.jar, file:/C:/Users/Kuba/.ivy2/cache/aopalliance/aopalliance/jars/aopalliance-1.0.jar, file:/C:/Users/Kuba/Downloads/activator-dist-1.3.12/repository/com.google.inject.extensions/guice-assistedinject/4.0/jars/guice-assistedinject.jar, file:/C:/Users/Kuba/.ivy2/cache/com.typesafe.play/play-netty-server_2.11/jars/play-netty-server_2.11-2.5.4.jar, file:/C:/Users/Kuba/.ivy2/cache/com.typesafe.netty/netty-reactive-streams-http/jars/netty-reactive-streams-http-1.0.6.jar, file:/C:/Users/Kuba/.ivy2/cache/com.typesafe.netty/netty-reactive-streams/jars/netty-reactive-streams-1.0.6.jar, file:/C:/Users/Kuba/.ivy2/cache/io.netty/netty-handler/jars/netty-handler-4.0.36.Final.jar, file:/C:/Users/Kuba/.ivy2/cache/io.netty/netty-buffer/jars/netty-buffer-4.0.36.Final.jar, file:/C:/Users/Kuba/.ivy2/cache/io.netty/netty-common/jars/netty-common-4.0.36.Final.jar, file:/C:/Users/Kuba/.ivy2/cache/io.netty/netty-transport/jars/netty-transport-4.0.36.Final.jar, file:/C:/Users/Kuba/.ivy2/cache/io.netty/netty-codec/jars/netty-codec-4.0.36.Final.jar, file:/C:/Users/Kuba/.ivy2/cache/io.netty/netty-codec-http/jars/netty-codec-http-4.0.36.Final.jar, file:/C:/Users/Kuba/.ivy2/cache/io.netty/netty-transport-native-epoll/jars/netty-transport-native-epoll-4.0.36.Final-linux-x86_64.jar, file:/C:/Users/Kuba/.ivy2/cache/com.typesafe.play/play-logback_2.11/jars/play-logback_2.11-2.5.4.jar, file:/C:/Users/Kuba/.ivy2/cache/org.scala-lang/scala-swing/jars/scala-swing-2.11.0-M7.jar, file:/C:/Users/Kuba/.ivy2/cache/com.mohiva/play-silhouette_2.11/jars/play-silhouette_2.11-4.0.0.jar, file:/C:/Users/Kuba/.ivy2/cache/com.typesafe.play/play-cache_2.11/jars/play-cache_2.11-2.5.4.jar, file:/C:/Users/Kuba/Downloads/activator-dist-1.3.12/repository/net.sf.ehcache/ehcache-core/2.6.11/jars/ehcache-core.jar, file:/C:/Users/Kuba/.ivy2/cache/com.typesafe.play/play-ws_2.11/jars/play-ws_2.11-2.5.4.jar, file:/C:/Users/Kuba/.ivy2/cache/com.google.guava/guava/bundles/guava-19.0.jar, file:/C:/Users/Kuba/.ivy2/cache/org.asynchttpclient/async-http-client/jars/async-http-client-2.0.2.jar, file:/C:/Users/Kuba/.ivy2/cache/org.asynchttpclient/netty-resolver-dns/jars/netty-resolver-dns-2.0.2.jar, file:/C:/Users/Kuba/.ivy2/cache/org.asynchttpclient/netty-resolver/jars/netty-resolver-2.0.2.jar, file:/C:/Users/Kuba/.ivy2/cache/org.slf4j/slf4j-api/jars/slf4j-api-1.7.21.jar, file:/C:/Users/Kuba/.ivy2/cache/org.asynchttpclient/netty-codec-dns/jars/netty-codec-dns-2.0.2.jar, file:/C:/Users/Kuba/.ivy2/cache/org.javassist/javassist/bundles/javassist-3.20.0-GA.jar, file:/C:/Users/Kuba/.ivy2/cache/oauth.signpost/signpost-core/jars/signpost-core-1.2.1.2.jar, file:/C:/Users/Kuba/.ivy2/cache/oauth.signpost/signpost-commonshttp4/jars/signpost-commonshttp4-1.2.1.2.jar, file:/C:/Users/Kuba/.ivy2/cache/org.apache.httpcomponents/httpcore/jars/httpcore-4.0.1.jar, file:/C:/Users/Kuba/.ivy2/cache/org.apache.httpcomponents/httpclient/jars/httpclient-4.0.1.jar, file:/C:/Users/Kuba/.ivy2/cache/commons-logging/commons-logging/jars/commons-logging-1.1.1.jar, file:/C:/Users/Kuba/.ivy2/cache/com.atlassian.jwt/jwt-core/jars/jwt-core-1.5.8.jar, file:/C:/Users/Kuba/.ivy2/cache/com.nimbusds/nimbus-jose-jwt/jars/nimbus-jose-jwt-2.16.jar, file:/C:/Users/Kuba/.ivy2/cache/net.jcip/jcip-annotations/jars/jcip-annotations-1.0.jar, file:/C:/Users/Kuba/.ivy2/cache/net.minidev/json-smart/jars/json-smart-1.1.1.jar, file:/C:/Users/Kuba/.ivy2/cache/javax.mail/mail/jars/mail-1.4.7.jar, file:/C:/Users/Kuba/.ivy2/cache/org.bouncycastle/bcprov-jdk15on/jars/bcprov-jdk15on-1.51.jar, file:/C:/Users/Kuba/.ivy2/cache/org.bouncycastle/bcpkix-jdk15on/jars/bcpkix-jdk15on-1.51.jar, file:/C:/Users/Kuba/.ivy2/cache/com.atlassian.jwt/jwt-api/jars/jwt-api-1.5.8.jar, file:/C:/Users/Kuba/.ivy2/cache/com.mohiva/play-silhouette-password-bcrypt_2.11/jars/play-silhouette-password-bcrypt_2.11-4.0.0.jar, file:/C:/Users/Kuba/.ivy2/cache/de.svenkubiak/jBCrypt/bundles/jBCrypt-0.4.1.jar, file:/C:/Users/Kuba/.ivy2/cache/com.mohiva/play-silhouette-persistence_2.11/jars/play-silhouette-persistence_2.11-4.0.0.jar, file:/C:/Users/Kuba/.ivy2/cache/com.mohiva/play-silhouette-crypto-jca_2.11/jars/play-silhouette-crypto-jca_2.11-4.0.0.jar, file:/C:/Users/Kuba/.ivy2/cache/org.webjars/webjars-play_2.11/jars/webjars-play_2.11-2.5.0-2.jar, file:/C:/Users/Kuba/.ivy2/cache/org.webjars/requirejs/jars/requirejs-2.1.20.jar, file:/C:/Users/Kuba/.ivy2/cache/org.webjars/webjars-locator/jars/webjars-locator-0.31.jar, file:/C:/Users/Kuba/.ivy2/cache/org.webjars/webjars-locator-core/jars/webjars-locator-core-0.30.jar, file:/C:/Users/Kuba/.ivy2/cache/org.apache.commons/commons-compress/jars/commons-compress-1.9.jar, file:/C:/Users/Kuba/.ivy2/cache/net.codingwell/scala-guice_2.11/jars/scala-guice_2.11-4.0.1.jar, file:/C:/Users/Kuba/.ivy2/cache/com.google.inject.extensions/guice-multibindings/jars/guice-multibindings-4.0.jar, file:/C:/Users/Kuba/.ivy2/cache/com.iheart/ficus_2.11/jars/ficus_2.11-1.2.6.jar, file:/C:/Users/Kuba/.ivy2/cache/org.typelevel/macro-compat_2.11/jars/macro-compat_2.11-1.1.1.jar, file:/C:/Users/Kuba/.ivy2/cache/com.typesafe.play/play-mailer_2.11/jars/play-mailer_2.11-5.0.0.jar, file:/C:/Users/Kuba/.ivy2/cache/org.apache.commons/commons-email/jars/commons-email-1.4.jar, file:/C:/Users/Kuba/.ivy2/cache/com.sun.mail/javax.mail/jars/javax.mail-1.5.2.jar, file:/C:/Users/Kuba/.ivy2/cache/javax.activation/activation/jars/activation-1.1.1.jar, file:/C:/Users/Kuba/.ivy2/cache/com.enragedginger/akka-quartz-scheduler_2.11/jars/akka-quartz-scheduler_2.11-1.5.0-akka-2.4.x.jar, file:/C:/Users/Kuba/.ivy2/cache/org.quartz-scheduler/quartz/jars/quartz-2.2.2.jar, file:/C:/Users/Kuba/.ivy2/cache/c3p0/c3p0/jars/c3p0-0.9.1.1.jar, file:/C:/Users/Kuba/.ivy2/cache/com.adrianhurt/play-bootstrap_2.11/jars/play-bootstrap_2.11-1.0-P25-B3.jar, file:/C:/Users/Kuba/.ivy2/cache/com.typesafe.play/filters-helpers_2.11/jars/filters-helpers_2.11-2.5.4.jar, file:/C:/Users/Kuba/.ivy2/cache/com.typesafe.play/play-java_2.11/jars/play-java_2.11-2.5.4.jar, file:/C:/Users/Kuba/Downloads/activator-dist-1.3.12/repository/org.yaml/snakeyaml/1.16/bundles/snakeyaml.jar, file:/C:/Users/Kuba/Downloads/activator-dist-1.3.12/repository/org.hibernate/hibernate-validator/5.2.4.Final/jars/hibernate-validator.jar, file:/C:/Users/Kuba/Downloads/activator-dist-1.3.12/repository/javax.validation/validation-api/1.1.0.Final/jars/validation-api.jar, file:/C:/Users/Kuba/Downloads/activator-dist-1.3.12/repository/org.jboss.logging/jboss-logging/3.2.1.Final/jars/jboss-logging.jar, file:/C:/Users/Kuba/Downloads/activator-dist-1.3.12/repository/com.fasterxml/classmate/1.1.0/bundles/classmate.jar, file:/C:/Users/Kuba/Downloads/activator-dist-1.3.12/repository/javax.el/javax.el-api/3.0.0/jars/javax.el-api.jar, file:/C:/Users/Kuba/.ivy2/cache/org.springframework/spring-context/jars/spring-context-4.2.4.RELEASE.jar, file:/C:/Users/Kuba/.ivy2/cache/org.springframework/spring-core/jars/spring-core-4.2.4.RELEASE.jar, file:/C:/Users/Kuba/.ivy2/cache/org.springframework/spring-beans/jars/spring-beans-4.2.4.RELEASE.jar, file:/C:/Users/Kuba/Downloads/activator-dist-1.3.12/repository/org.reflections/reflections/0.9.10/jars/reflections.jar, file:/C:/Users/Kuba/Downloads/activator-dist-1.3.12/repository/net.jodah/typetools/0.4.4/bundles/typetools.jar, file:/C:/Users/Kuba/.ivy2/cache/com.google.code.findbugs/jsr305/jars/jsr305-3.0.1.jar, file:/C:/Users/Kuba/Downloads/activator-dist-1.3.12/repository/org.apache.tomcat/tomcat-servlet-api/8.0.33/jars/tomcat-servlet-api.jar, file:/C:/Users/Kuba/.ivy2/cache/com.adrianhurt/play-bootstrap-core_2.11/jars/play-bootstrap-core_2.11-1.0-P25.jar, file:/C:/Users/Kuba/.ivy2/cache/org.webjars/bootstrap/jars/bootstrap-3.3.6.jar, file:/C:/Users/Kuba/.ivy2/cache/org.webjars/jquery/jars/jquery-2.1.4.jar}
16:45:22.869 [ForkJoinPool-8-worker-1] DEBUG c.google.inject.internal.BytecodeGen - Loading class play.api.cache.CacheManagerProvider FastClass with PlayDependencyClassLoader{file:/C:/Users/Kuba/IdeaProjects/play-silhouette-seed-master/lib/connect-four.jar, file:/C:/Users/Kuba/IdeaProjects/play-silhouette-seed-master/lib/sudoku.jar, file:/C:/Users/Kuba/.ivy2/cache/org.scala-lang/scala-library/jars/scala-library-2.11.8.jar, file:/C:/Users/Kuba/Downloads/activator-dist-1.3.12/repository/com.typesafe.play/twirl-api_2.11/1.1.1/jars/twirl-api_2.11.jar, file:/C:/Users/Kuba/.ivy2/cache/org.apache.commons/commons-lang3/jars/commons-lang3-3.4.jar, file:/C:/Users/Kuba/.ivy2/cache/org.scala-lang.modules/scala-xml_2.11/bundles/scala-xml_2.11-1.0.1.jar, file:/C:/Users/Kuba/.ivy2/cache/com.typesafe.play/play-server_2.11/jars/play-server_2.11-2.5.4.jar, file:/C:/Users/Kuba/.ivy2/cache/com.typesafe.play/play_2.11/jars/play_2.11-2.5.4.jar, file:/C:/Users/Kuba/.ivy2/cache/com.typesafe.play/build-link/jars/build-link-2.5.4.jar, file:/C:/Users/Kuba/.ivy2/cache/com.typesafe.play/play-exceptions/jars/play-exceptions-2.5.4.jar, file:/C:/Users/Kuba/.ivy2/cache/com.typesafe.play/play-iteratees_2.11/jars/play-iteratees_2.11-2.5.4.jar, file:/C:/Users/Kuba/.ivy2/cache/org.scala-stm/scala-stm_2.11/jars/scala-stm_2.11-0.7.jar, file:/C:/Users/Kuba/Downloads/activator-dist-1.3.12/repository/com.typesafe/config/1.3.0/bundles/config.jar, file:/C:/Users/Kuba/.ivy2/cache/ch.qos.logback/logback-classic/jars/logback-classic-1.1.7.jar, file:/C:/Users/Kuba/.ivy2/cache/ch.qos.logback/logback-core/jars/logback-core-1.1.7.jar, file:/C:/Users/Kuba/.ivy2/cache/com.typesafe.play/play-json_2.11/jars/play-json_2.11-2.5.4.jar, file:/C:/Users/Kuba/.ivy2/cache/com.typesafe.play/play-functional_2.11/jars/play-functional_2.11-2.5.4.jar, file:/C:/Users/Kuba/.ivy2/cache/com.typesafe.play/play-datacommons_2.11/jars/play-datacommons_2.11-2.5.4.jar, file:/C:/Users/Kuba/Downloads/activator-dist-1.3.12/repository/joda-time/joda-time/2.9.2/jars/joda-time.jar, file:/C:/Users/Kuba/Downloads/activator-dist-1.3.12/repository/org.joda/joda-convert/1.8.1/jars/joda-convert.jar, file:/C:/Users/Kuba/Downloads/activator-dist-1.3.12/repository/org.scala-lang/scala-reflect/2.11.7/jars/scala-reflect.jar, file:/C:/Users/Kuba/Downloads/activator-dist-1.3.12/repository/com.fasterxml.jackson.core/jackson-core/2.7.1/bundles/jackson-core.jar, file:/C:/Users/Kuba/Downloads/activator-dist-1.3.12/repository/com.fasterxml.jackson.core/jackson-annotations/2.7.1/bundles/jackson-annotations.jar, file:/C:/Users/Kuba/Downloads/activator-dist-1.3.12/repository/com.fasterxml.jackson.core/jackson-databind/2.7.1/bundles/jackson-databind.jar, file:/C:/Users/Kuba/Downloads/activator-dist-1.3.12/repository/com.fasterxml.jackson.datatype/jackson-datatype-jdk8/2.7.1/bundles/jackson-datatype-jdk8.jar, file:/C:/Users/Kuba/Downloads/activator-dist-1.3.12/repository/com.fasterxml.jackson.datatype/jackson-datatype-jsr310/2.7.1/bundles/jackson-datatype-jsr310.jar, file:/C:/Users/Kuba/.ivy2/cache/com.typesafe.play/play-netty-utils/jars/play-netty-utils-2.5.4.jar, file:/C:/Users/Kuba/.ivy2/cache/org.slf4j/jul-to-slf4j/jars/jul-to-slf4j-1.7.19.jar, file:/C:/Users/Kuba/.ivy2/cache/org.slf4j/jcl-over-slf4j/jars/jcl-over-slf4j-1.7.19.jar, file:/C:/Users/Kuba/.ivy2/cache/com.typesafe.play/play-streams_2.11/jars/play-streams_2.11-2.5.4.jar, file:/C:/Users/Kuba/.ivy2/cache/org.reactivestreams/reactive-streams/jars/reactive-streams-1.0.0.jar, file:/C:/Users/Kuba/.ivy2/cache/com.typesafe.akka/akka-stream_2.11/jars/akka-stream_2.11-2.4.4.jar, file:/C:/Users/Kuba/.ivy2/cache/com.typesafe.akka/akka-actor_2.11/jars/akka-actor_2.11-2.4.4.jar, file:/C:/Users/Kuba/Downloads/activator-dist-1.3.12/repository/org.scala-lang.modules/scala-java8-compat_2.11/0.7.0/bundles/scala-java8-compat_2.11.jar, file:/C:/Users/Kuba/Downloads/activator-dist-1.3.12/repository/com.typesafe/ssl-config-akka_2.11/0.2.1/bundles/ssl-config-akka_2.11.jar, file:/C:/Users/Kuba/.ivy2/cache/com.typesafe/ssl-config-core_2.11/bundles/ssl-config-core_2.11-0.2.1.jar, file:/C:/Users/Kuba/.ivy2/cache/org.scala-lang.modules/scala-parser-combinators_2.11/bundles/scala-parser-combinators_2.11-1.0.4.jar, file:/C:/Users/Kuba/.ivy2/cache/com.typesafe.akka/akka-slf4j_2.11/jars/akka-slf4j_2.11-2.4.4.jar, file:/C:/Users/Kuba/.ivy2/cache/commons-codec/commons-codec/jars/commons-codec-1.10.jar, file:/C:/Users/Kuba/.ivy2/cache/xerces/xercesImpl/jars/xercesImpl-2.11.0.jar, file:/C:/Users/Kuba/.ivy2/cache/xml-apis/xml-apis/jars/xml-apis-1.4.01.jar, file:/C:/Users/Kuba/.ivy2/cache/javax.transaction/jta/jars/jta-1.1.jar, file:/C:/Users/Kuba/Downloads/activator-dist-1.3.12/repository/com.google.inject/guice/4.0/jars/guice.jar, file:/C:/Users/Kuba/.ivy2/cache/javax.inject/javax.inject/jars/javax.inject-1.jar, file:/C:/Users/Kuba/.ivy2/cache/aopalliance/aopalliance/jars/aopalliance-1.0.jar, file:/C:/Users/Kuba/Downloads/activator-dist-1.3.12/repository/com.google.inject.extensions/guice-assistedinject/4.0/jars/guice-assistedinject.jar, file:/C:/Users/Kuba/.ivy2/cache/com.typesafe.play/play-netty-server_2.11/jars/play-netty-server_2.11-2.5.4.jar, file:/C:/Users/Kuba/.ivy2/cache/com.typesafe.netty/netty-reactive-streams-http/jars/netty-reactive-streams-http-1.0.6.jar, file:/C:/Users/Kuba/.ivy2/cache/com.typesafe.netty/netty-reactive-streams/jars/netty-reactive-streams-1.0.6.jar, file:/C:/Users/Kuba/.ivy2/cache/io.netty/netty-handler/jars/netty-handler-4.0.36.Final.jar, file:/C:/Users/Kuba/.ivy2/cache/io.netty/netty-buffer/jars/netty-buffer-4.0.36.Final.jar, file:/C:/Users/Kuba/.ivy2/cache/io.netty/netty-common/jars/netty-common-4.0.36.Final.jar, file:/C:/Users/Kuba/.ivy2/cache/io.netty/netty-transport/jars/netty-transport-4.0.36.Final.jar, file:/C:/Users/Kuba/.ivy2/cache/io.netty/netty-codec/jars/netty-codec-4.0.36.Final.jar, file:/C:/Users/Kuba/.ivy2/cache/io.netty/netty-codec-http/jars/netty-codec-http-4.0.36.Final.jar, file:/C:/Users/Kuba/.ivy2/cache/io.netty/netty-transport-native-epoll/jars/netty-transport-native-epoll-4.0.36.Final-linux-x86_64.jar, file:/C:/Users/Kuba/.ivy2/cache/com.typesafe.play/play-logback_2.11/jars/play-logback_2.11-2.5.4.jar, file:/C:/Users/Kuba/.ivy2/cache/org.scala-lang/scala-swing/jars/scala-swing-2.11.0-M7.jar, file:/C:/Users/Kuba/.ivy2/cache/com.mohiva/play-silhouette_2.11/jars/play-silhouette_2.11-4.0.0.jar, file:/C:/Users/Kuba/.ivy2/cache/com.typesafe.play/play-cache_2.11/jars/play-cache_2.11-2.5.4.jar, file:/C:/Users/Kuba/Downloads/activator-dist-1.3.12/repository/net.sf.ehcache/ehcache-core/2.6.11/jars/ehcache-core.jar, file:/C:/Users/Kuba/.ivy2/cache/com.typesafe.play/play-ws_2.11/jars/play-ws_2.11-2.5.4.jar, file:/C:/Users/Kuba/.ivy2/cache/com.google.guava/guava/bundles/guava-19.0.jar, file:/C:/Users/Kuba/.ivy2/cache/org.asynchttpclient/async-http-client/jars/async-http-client-2.0.2.jar, file:/C:/Users/Kuba/.ivy2/cache/org.asynchttpclient/netty-resolver-dns/jars/netty-resolver-dns-2.0.2.jar, file:/C:/Users/Kuba/.ivy2/cache/org.asynchttpclient/netty-resolver/jars/netty-resolver-2.0.2.jar, file:/C:/Users/Kuba/.ivy2/cache/org.slf4j/slf4j-api/jars/slf4j-api-1.7.21.jar, file:/C:/Users/Kuba/.ivy2/cache/org.asynchttpclient/netty-codec-dns/jars/netty-codec-dns-2.0.2.jar, file:/C:/Users/Kuba/.ivy2/cache/org.javassist/javassist/bundles/javassist-3.20.0-GA.jar, file:/C:/Users/Kuba/.ivy2/cache/oauth.signpost/signpost-core/jars/signpost-core-1.2.1.2.jar, file:/C:/Users/Kuba/.ivy2/cache/oauth.signpost/signpost-commonshttp4/jars/signpost-commonshttp4-1.2.1.2.jar, file:/C:/Users/Kuba/.ivy2/cache/org.apache.httpcomponents/httpcore/jars/httpcore-4.0.1.jar, file:/C:/Users/Kuba/.ivy2/cache/org.apache.httpcomponents/httpclient/jars/httpclient-4.0.1.jar, file:/C:/Users/Kuba/.ivy2/cache/commons-logging/commons-logging/jars/commons-logging-1.1.1.jar, file:/C:/Users/Kuba/.ivy2/cache/com.atlassian.jwt/jwt-core/jars/jwt-core-1.5.8.jar, file:/C:/Users/Kuba/.ivy2/cache/com.nimbusds/nimbus-jose-jwt/jars/nimbus-jose-jwt-2.16.jar, file:/C:/Users/Kuba/.ivy2/cache/net.jcip/jcip-annotations/jars/jcip-annotations-1.0.jar, file:/C:/Users/Kuba/.ivy2/cache/net.minidev/json-smart/jars/json-smart-1.1.1.jar, file:/C:/Users/Kuba/.ivy2/cache/javax.mail/mail/jars/mail-1.4.7.jar, file:/C:/Users/Kuba/.ivy2/cache/org.bouncycastle/bcprov-jdk15on/jars/bcprov-jdk15on-1.51.jar, file:/C:/Users/Kuba/.ivy2/cache/org.bouncycastle/bcpkix-jdk15on/jars/bcpkix-jdk15on-1.51.jar, file:/C:/Users/Kuba/.ivy2/cache/com.atlassian.jwt/jwt-api/jars/jwt-api-1.5.8.jar, file:/C:/Users/Kuba/.ivy2/cache/com.mohiva/play-silhouette-password-bcrypt_2.11/jars/play-silhouette-password-bcrypt_2.11-4.0.0.jar, file:/C:/Users/Kuba/.ivy2/cache/de.svenkubiak/jBCrypt/bundles/jBCrypt-0.4.1.jar, file:/C:/Users/Kuba/.ivy2/cache/com.mohiva/play-silhouette-persistence_2.11/jars/play-silhouette-persistence_2.11-4.0.0.jar, file:/C:/Users/Kuba/.ivy2/cache/com.mohiva/play-silhouette-crypto-jca_2.11/jars/play-silhouette-crypto-jca_2.11-4.0.0.jar, file:/C:/Users/Kuba/.ivy2/cache/org.webjars/webjars-play_2.11/jars/webjars-play_2.11-2.5.0-2.jar, file:/C:/Users/Kuba/.ivy2/cache/org.webjars/requirejs/jars/requirejs-2.1.20.jar, file:/C:/Users/Kuba/.ivy2/cache/org.webjars/webjars-locator/jars/webjars-locator-0.31.jar, file:/C:/Users/Kuba/.ivy2/cache/org.webjars/webjars-locator-core/jars/webjars-locator-core-0.30.jar, file:/C:/Users/Kuba/.ivy2/cache/org.apache.commons/commons-compress/jars/commons-compress-1.9.jar, file:/C:/Users/Kuba/.ivy2/cache/net.codingwell/scala-guice_2.11/jars/scala-guice_2.11-4.0.1.jar, file:/C:/Users/Kuba/.ivy2/cache/com.google.inject.extensions/guice-multibindings/jars/guice-multibindings-4.0.jar, file:/C:/Users/Kuba/.ivy2/cache/com.iheart/ficus_2.11/jars/ficus_2.11-1.2.6.jar, file:/C:/Users/Kuba/.ivy2/cache/org.typelevel/macro-compat_2.11/jars/macro-compat_2.11-1.1.1.jar, file:/C:/Users/Kuba/.ivy2/cache/com.typesafe.play/play-mailer_2.11/jars/play-mailer_2.11-5.0.0.jar, file:/C:/Users/Kuba/.ivy2/cache/org.apache.commons/commons-email/jars/commons-email-1.4.jar, file:/C:/Users/Kuba/.ivy2/cache/com.sun.mail/javax.mail/jars/javax.mail-1.5.2.jar, file:/C:/Users/Kuba/.ivy2/cache/javax.activation/activation/jars/activation-1.1.1.jar, file:/C:/Users/Kuba/.ivy2/cache/com.enragedginger/akka-quartz-scheduler_2.11/jars/akka-quartz-scheduler_2.11-1.5.0-akka-2.4.x.jar, file:/C:/Users/Kuba/.ivy2/cache/org.quartz-scheduler/quartz/jars/quartz-2.2.2.jar, file:/C:/Users/Kuba/.ivy2/cache/c3p0/c3p0/jars/c3p0-0.9.1.1.jar, file:/C:/Users/Kuba/.ivy2/cache/com.adrianhurt/play-bootstrap_2.11/jars/play-bootstrap_2.11-1.0-P25-B3.jar, file:/C:/Users/Kuba/.ivy2/cache/com.typesafe.play/filters-helpers_2.11/jars/filters-helpers_2.11-2.5.4.jar, file:/C:/Users/Kuba/.ivy2/cache/com.typesafe.play/play-java_2.11/jars/play-java_2.11-2.5.4.jar, file:/C:/Users/Kuba/Downloads/activator-dist-1.3.12/repository/org.yaml/snakeyaml/1.16/bundles/snakeyaml.jar, file:/C:/Users/Kuba/Downloads/activator-dist-1.3.12/repository/org.hibernate/hibernate-validator/5.2.4.Final/jars/hibernate-validator.jar, file:/C:/Users/Kuba/Downloads/activator-dist-1.3.12/repository/javax.validation/validation-api/1.1.0.Final/jars/validation-api.jar, file:/C:/Users/Kuba/Downloads/activator-dist-1.3.12/repository/org.jboss.logging/jboss-logging/3.2.1.Final/jars/jboss-logging.jar, file:/C:/Users/Kuba/Downloads/activator-dist-1.3.12/repository/com.fasterxml/classmate/1.1.0/bundles/classmate.jar, file:/C:/Users/Kuba/Downloads/activator-dist-1.3.12/repository/javax.el/javax.el-api/3.0.0/jars/javax.el-api.jar, file:/C:/Users/Kuba/.ivy2/cache/org.springframework/spring-context/jars/spring-context-4.2.4.RELEASE.jar, file:/C:/Users/Kuba/.ivy2/cache/org.springframework/spring-core/jars/spring-core-4.2.4.RELEASE.jar, file:/C:/Users/Kuba/.ivy2/cache/org.springframework/spring-beans/jars/spring-beans-4.2.4.RELEASE.jar, file:/C:/Users/Kuba/Downloads/activator-dist-1.3.12/repository/org.reflections/reflections/0.9.10/jars/reflections.jar, file:/C:/Users/Kuba/Downloads/activator-dist-1.3.12/repository/net.jodah/typetools/0.4.4/bundles/typetools.jar, file:/C:/Users/Kuba/.ivy2/cache/com.google.code.findbugs/jsr305/jars/jsr305-3.0.1.jar, file:/C:/Users/Kuba/Downloads/activator-dist-1.3.12/repository/org.apache.tomcat/tomcat-servlet-api/8.0.33/jars/tomcat-servlet-api.jar, file:/C:/Users/Kuba/.ivy2/cache/com.adrianhurt/play-bootstrap-core_2.11/jars/play-bootstrap-core_2.11-1.0-P25.jar, file:/C:/Users/Kuba/.ivy2/cache/org.webjars/bootstrap/jars/bootstrap-3.3.6.jar, file:/C:/Users/Kuba/.ivy2/cache/org.webjars/jquery/jars/jquery-2.1.4.jar}
16:45:22.871 [ForkJoinPool-8-worker-1] DEBUG c.google.inject.internal.BytecodeGen - Loading class play.cache.DefaultCacheApi FastClass with PlayDependencyClassLoader{file:/C:/Users/Kuba/IdeaProjects/play-silhouette-seed-master/lib/connect-four.jar, file:/C:/Users/Kuba/IdeaProjects/play-silhouette-seed-master/lib/sudoku.jar, file:/C:/Users/Kuba/.ivy2/cache/org.scala-lang/scala-library/jars/scala-library-2.11.8.jar, file:/C:/Users/Kuba/Downloads/activator-dist-1.3.12/repository/com.typesafe.play/twirl-api_2.11/1.1.1/jars/twirl-api_2.11.jar, file:/C:/Users/Kuba/.ivy2/cache/org.apache.commons/commons-lang3/jars/commons-lang3-3.4.jar, file:/C:/Users/Kuba/.ivy2/cache/org.scala-lang.modules/scala-xml_2.11/bundles/scala-xml_2.11-1.0.1.jar, file:/C:/Users/Kuba/.ivy2/cache/com.typesafe.play/play-server_2.11/jars/play-server_2.11-2.5.4.jar, file:/C:/Users/Kuba/.ivy2/cache/com.typesafe.play/play_2.11/jars/play_2.11-2.5.4.jar, file:/C:/Users/Kuba/.ivy2/cache/com.typesafe.play/build-link/jars/build-link-2.5.4.jar, file:/C:/Users/Kuba/.ivy2/cache/com.typesafe.play/play-exceptions/jars/play-exceptions-2.5.4.jar, file:/C:/Users/Kuba/.ivy2/cache/com.typesafe.play/play-iteratees_2.11/jars/play-iteratees_2.11-2.5.4.jar, file:/C:/Users/Kuba/.ivy2/cache/org.scala-stm/scala-stm_2.11/jars/scala-stm_2.11-0.7.jar, file:/C:/Users/Kuba/Downloads/activator-dist-1.3.12/repository/com.typesafe/config/1.3.0/bundles/config.jar, file:/C:/Users/Kuba/.ivy2/cache/ch.qos.logback/logback-classic/jars/logback-classic-1.1.7.jar, file:/C:/Users/Kuba/.ivy2/cache/ch.qos.logback/logback-core/jars/logback-core-1.1.7.jar, file:/C:/Users/Kuba/.ivy2/cache/com.typesafe.play/play-json_2.11/jars/play-json_2.11-2.5.4.jar, file:/C:/Users/Kuba/.ivy2/cache/com.typesafe.play/play-functional_2.11/jars/play-functional_2.11-2.5.4.jar, file:/C:/Users/Kuba/.ivy2/cache/com.typesafe.play/play-datacommons_2.11/jars/play-datacommons_2.11-2.5.4.jar, file:/C:/Users/Kuba/Downloads/activator-dist-1.3.12/repository/joda-time/joda-time/2.9.2/jars/joda-time.jar, file:/C:/Users/Kuba/Downloads/activator-dist-1.3.12/repository/org.joda/joda-convert/1.8.1/jars/joda-convert.jar, file:/C:/Users/Kuba/Downloads/activator-dist-1.3.12/repository/org.scala-lang/scala-reflect/2.11.7/jars/scala-reflect.jar, file:/C:/Users/Kuba/Downloads/activator-dist-1.3.12/repository/com.fasterxml.jackson.core/jackson-core/2.7.1/bundles/jackson-core.jar, file:/C:/Users/Kuba/Downloads/activator-dist-1.3.12/repository/com.fasterxml.jackson.core/jackson-annotations/2.7.1/bundles/jackson-annotations.jar, file:/C:/Users/Kuba/Downloads/activator-dist-1.3.12/repository/com.fasterxml.jackson.core/jackson-databind/2.7.1/bundles/jackson-databind.jar, file:/C:/Users/Kuba/Downloads/activator-dist-1.3.12/repository/com.fasterxml.jackson.datatype/jackson-datatype-jdk8/2.7.1/bundles/jackson-datatype-jdk8.jar, file:/C:/Users/Kuba/Downloads/activator-dist-1.3.12/repository/com.fasterxml.jackson.datatype/jackson-datatype-jsr310/2.7.1/bundles/jackson-datatype-jsr310.jar, file:/C:/Users/Kuba/.ivy2/cache/com.typesafe.play/play-netty-utils/jars/play-netty-utils-2.5.4.jar, file:/C:/Users/Kuba/.ivy2/cache/org.slf4j/jul-to-slf4j/jars/jul-to-slf4j-1.7.19.jar, file:/C:/Users/Kuba/.ivy2/cache/org.slf4j/jcl-over-slf4j/jars/jcl-over-slf4j-1.7.19.jar, file:/C:/Users/Kuba/.ivy2/cache/com.typesafe.play/play-streams_2.11/jars/play-streams_2.11-2.5.4.jar, file:/C:/Users/Kuba/.ivy2/cache/org.reactivestreams/reactive-streams/jars/reactive-streams-1.0.0.jar, file:/C:/Users/Kuba/.ivy2/cache/com.typesafe.akka/akka-stream_2.11/jars/akka-stream_2.11-2.4.4.jar, file:/C:/Users/Kuba/.ivy2/cache/com.typesafe.akka/akka-actor_2.11/jars/akka-actor_2.11-2.4.4.jar, file:/C:/Users/Kuba/Downloads/activator-dist-1.3.12/repository/org.scala-lang.modules/scala-java8-compat_2.11/0.7.0/bundles/scala-java8-compat_2.11.jar, file:/C:/Users/Kuba/Downloads/activator-dist-1.3.12/repository/com.typesafe/ssl-config-akka_2.11/0.2.1/bundles/ssl-config-akka_2.11.jar, file:/C:/Users/Kuba/.ivy2/cache/com.typesafe/ssl-config-core_2.11/bundles/ssl-config-core_2.11-0.2.1.jar, file:/C:/Users/Kuba/.ivy2/cache/org.scala-lang.modules/scala-parser-combinators_2.11/bundles/scala-parser-combinators_2.11-1.0.4.jar, file:/C:/Users/Kuba/.ivy2/cache/com.typesafe.akka/akka-slf4j_2.11/jars/akka-slf4j_2.11-2.4.4.jar, file:/C:/Users/Kuba/.ivy2/cache/commons-codec/commons-codec/jars/commons-codec-1.10.jar, file:/C:/Users/Kuba/.ivy2/cache/xerces/xercesImpl/jars/xercesImpl-2.11.0.jar, file:/C:/Users/Kuba/.ivy2/cache/xml-apis/xml-apis/jars/xml-apis-1.4.01.jar, file:/C:/Users/Kuba/.ivy2/cache/javax.transaction/jta/jars/jta-1.1.jar, file:/C:/Users/Kuba/Downloads/activator-dist-1.3.12/repository/com.google.inject/guice/4.0/jars/guice.jar, file:/C:/Users/Kuba/.ivy2/cache/javax.inject/javax.inject/jars/javax.inject-1.jar, file:/C:/Users/Kuba/.ivy2/cache/aopalliance/aopalliance/jars/aopalliance-1.0.jar, file:/C:/Users/Kuba/Downloads/activator-dist-1.3.12/repository/com.google.inject.extensions/guice-assistedinject/4.0/jars/guice-assistedinject.jar, file:/C:/Users/Kuba/.ivy2/cache/com.typesafe.play/play-netty-server_2.11/jars/play-netty-server_2.11-2.5.4.jar, file:/C:/Users/Kuba/.ivy2/cache/com.typesafe.netty/netty-reactive-streams-http/jars/netty-reactive-streams-http-1.0.6.jar, file:/C:/Users/Kuba/.ivy2/cache/com.typesafe.netty/netty-reactive-streams/jars/netty-reactive-streams-1.0.6.jar, file:/C:/Users/Kuba/.ivy2/cache/io.netty/netty-handler/jars/netty-handler-4.0.36.Final.jar, file:/C:/Users/Kuba/.ivy2/cache/io.netty/netty-buffer/jars/netty-buffer-4.0.36.Final.jar, file:/C:/Users/Kuba/.ivy2/cache/io.netty/netty-common/jars/netty-common-4.0.36.Final.jar, file:/C:/Users/Kuba/.ivy2/cache/io.netty/netty-transport/jars/netty-transport-4.0.36.Final.jar, file:/C:/Users/Kuba/.ivy2/cache/io.netty/netty-codec/jars/netty-codec-4.0.36.Final.jar, file:/C:/Users/Kuba/.ivy2/cache/io.netty/netty-codec-http/jars/netty-codec-http-4.0.36.Final.jar, file:/C:/Users/Kuba/.ivy2/cache/io.netty/netty-transport-native-epoll/jars/netty-transport-native-epoll-4.0.36.Final-linux-x86_64.jar, file:/C:/Users/Kuba/.ivy2/cache/com.typesafe.play/play-logback_2.11/jars/play-logback_2.11-2.5.4.jar, file:/C:/Users/Kuba/.ivy2/cache/org.scala-lang/scala-swing/jars/scala-swing-2.11.0-M7.jar, file:/C:/Users/Kuba/.ivy2/cache/com.mohiva/play-silhouette_2.11/jars/play-silhouette_2.11-4.0.0.jar, file:/C:/Users/Kuba/.ivy2/cache/com.typesafe.play/play-cache_2.11/jars/play-cache_2.11-2.5.4.jar, file:/C:/Users/Kuba/Downloads/activator-dist-1.3.12/repository/net.sf.ehcache/ehcache-core/2.6.11/jars/ehcache-core.jar, file:/C:/Users/Kuba/.ivy2/cache/com.typesafe.play/play-ws_2.11/jars/play-ws_2.11-2.5.4.jar, file:/C:/Users/Kuba/.ivy2/cache/com.google.guava/guava/bundles/guava-19.0.jar, file:/C:/Users/Kuba/.ivy2/cache/org.asynchttpclient/async-http-client/jars/async-http-client-2.0.2.jar, file:/C:/Users/Kuba/.ivy2/cache/org.asynchttpclient/netty-resolver-dns/jars/netty-resolver-dns-2.0.2.jar, file:/C:/Users/Kuba/.ivy2/cache/org.asynchttpclient/netty-resolver/jars/netty-resolver-2.0.2.jar, file:/C:/Users/Kuba/.ivy2/cache/org.slf4j/slf4j-api/jars/slf4j-api-1.7.21.jar, file:/C:/Users/Kuba/.ivy2/cache/org.asynchttpclient/netty-codec-dns/jars/netty-codec-dns-2.0.2.jar, file:/C:/Users/Kuba/.ivy2/cache/org.javassist/javassist/bundles/javassist-3.20.0-GA.jar, file:/C:/Users/Kuba/.ivy2/cache/oauth.signpost/signpost-core/jars/signpost-core-1.2.1.2.jar, file:/C:/Users/Kuba/.ivy2/cache/oauth.signpost/signpost-commonshttp4/jars/signpost-commonshttp4-1.2.1.2.jar, file:/C:/Users/Kuba/.ivy2/cache/org.apache.httpcomponents/httpcore/jars/httpcore-4.0.1.jar, file:/C:/Users/Kuba/.ivy2/cache/org.apache.httpcomponents/httpclient/jars/httpclient-4.0.1.jar, file:/C:/Users/Kuba/.ivy2/cache/commons-logging/commons-logging/jars/commons-logging-1.1.1.jar, file:/C:/Users/Kuba/.ivy2/cache/com.atlassian.jwt/jwt-core/jars/jwt-core-1.5.8.jar, file:/C:/Users/Kuba/.ivy2/cache/com.nimbusds/nimbus-jose-jwt/jars/nimbus-jose-jwt-2.16.jar, file:/C:/Users/Kuba/.ivy2/cache/net.jcip/jcip-annotations/jars/jcip-annotations-1.0.jar, file:/C:/Users/Kuba/.ivy2/cache/net.minidev/json-smart/jars/json-smart-1.1.1.jar, file:/C:/Users/Kuba/.ivy2/cache/javax.mail/mail/jars/mail-1.4.7.jar, file:/C:/Users/Kuba/.ivy2/cache/org.bouncycastle/bcprov-jdk15on/jars/bcprov-jdk15on-1.51.jar, file:/C:/Users/Kuba/.ivy2/cache/org.bouncycastle/bcpkix-jdk15on/jars/bcpkix-jdk15on-1.51.jar, file:/C:/Users/Kuba/.ivy2/cache/com.atlassian.jwt/jwt-api/jars/jwt-api-1.5.8.jar, file:/C:/Users/Kuba/.ivy2/cache/com.mohiva/play-silhouette-password-bcrypt_2.11/jars/play-silhouette-password-bcrypt_2.11-4.0.0.jar, file:/C:/Users/Kuba/.ivy2/cache/de.svenkubiak/jBCrypt/bundles/jBCrypt-0.4.1.jar, file:/C:/Users/Kuba/.ivy2/cache/com.mohiva/play-silhouette-persistence_2.11/jars/play-silhouette-persistence_2.11-4.0.0.jar, file:/C:/Users/Kuba/.ivy2/cache/com.mohiva/play-silhouette-crypto-jca_2.11/jars/play-silhouette-crypto-jca_2.11-4.0.0.jar, file:/C:/Users/Kuba/.ivy2/cache/org.webjars/webjars-play_2.11/jars/webjars-play_2.11-2.5.0-2.jar, file:/C:/Users/Kuba/.ivy2/cache/org.webjars/requirejs/jars/requirejs-2.1.20.jar, file:/C:/Users/Kuba/.ivy2/cache/org.webjars/webjars-locator/jars/webjars-locator-0.31.jar, file:/C:/Users/Kuba/.ivy2/cache/org.webjars/webjars-locator-core/jars/webjars-locator-core-0.30.jar, file:/C:/Users/Kuba/.ivy2/cache/org.apache.commons/commons-compress/jars/commons-compress-1.9.jar, file:/C:/Users/Kuba/.ivy2/cache/net.codingwell/scala-guice_2.11/jars/scala-guice_2.11-4.0.1.jar, file:/C:/Users/Kuba/.ivy2/cache/com.google.inject.extensions/guice-multibindings/jars/guice-multibindings-4.0.jar, file:/C:/Users/Kuba/.ivy2/cache/com.iheart/ficus_2.11/jars/ficus_2.11-1.2.6.jar, file:/C:/Users/Kuba/.ivy2/cache/org.typelevel/macro-compat_2.11/jars/macro-compat_2.11-1.1.1.jar, file:/C:/Users/Kuba/.ivy2/cache/com.typesafe.play/play-mailer_2.11/jars/play-mailer_2.11-5.0.0.jar, file:/C:/Users/Kuba/.ivy2/cache/org.apache.commons/commons-email/jars/commons-email-1.4.jar, file:/C:/Users/Kuba/.ivy2/cache/com.sun.mail/javax.mail/jars/javax.mail-1.5.2.jar, file:/C:/Users/Kuba/.ivy2/cache/javax.activation/activation/jars/activation-1.1.1.jar, file:/C:/Users/Kuba/.ivy2/cache/com.enragedginger/akka-quartz-scheduler_2.11/jars/akka-quartz-scheduler_2.11-1.5.0-akka-2.4.x.jar, file:/C:/Users/Kuba/.ivy2/cache/org.quartz-scheduler/quartz/jars/quartz-2.2.2.jar, file:/C:/Users/Kuba/.ivy2/cache/c3p0/c3p0/jars/c3p0-0.9.1.1.jar, file:/C:/Users/Kuba/.ivy2/cache/com.adrianhurt/play-bootstrap_2.11/jars/play-bootstrap_2.11-1.0-P25-B3.jar, file:/C:/Users/Kuba/.ivy2/cache/com.typesafe.play/filters-helpers_2.11/jars/filters-helpers_2.11-2.5.4.jar, file:/C:/Users/Kuba/.ivy2/cache/com.typesafe.play/play-java_2.11/jars/play-java_2.11-2.5.4.jar, file:/C:/Users/Kuba/Downloads/activator-dist-1.3.12/repository/org.yaml/snakeyaml/1.16/bundles/snakeyaml.jar, file:/C:/Users/Kuba/Downloads/activator-dist-1.3.12/repository/org.hibernate/hibernate-validator/5.2.4.Final/jars/hibernate-validator.jar, file:/C:/Users/Kuba/Downloads/activator-dist-1.3.12/repository/javax.validation/validation-api/1.1.0.Final/jars/validation-api.jar, file:/C:/Users/Kuba/Downloads/activator-dist-1.3.12/repository/org.jboss.logging/jboss-logging/3.2.1.Final/jars/jboss-logging.jar, file:/C:/Users/Kuba/Downloads/activator-dist-1.3.12/repository/com.fasterxml/classmate/1.1.0/bundles/classmate.jar, file:/C:/Users/Kuba/Downloads/activator-dist-1.3.12/repository/javax.el/javax.el-api/3.0.0/jars/javax.el-api.jar, file:/C:/Users/Kuba/.ivy2/cache/org.springframework/spring-context/jars/spring-context-4.2.4.RELEASE.jar, file:/C:/Users/Kuba/.ivy2/cache/org.springframework/spring-core/jars/spring-core-4.2.4.RELEASE.jar, file:/C:/Users/Kuba/.ivy2/cache/org.springframework/spring-beans/jars/spring-beans-4.2.4.RELEASE.jar, file:/C:/Users/Kuba/Downloads/activator-dist-1.3.12/repository/org.reflections/reflections/0.9.10/jars/reflections.jar, file:/C:/Users/Kuba/Downloads/activator-dist-1.3.12/repository/net.jodah/typetools/0.4.4/bundles/typetools.jar, file:/C:/Users/Kuba/.ivy2/cache/com.google.code.findbugs/jsr305/jars/jsr305-3.0.1.jar, file:/C:/Users/Kuba/Downloads/activator-dist-1.3.12/repository/org.apache.tomcat/tomcat-servlet-api/8.0.33/jars/tomcat-servlet-api.jar, file:/C:/Users/Kuba/.ivy2/cache/com.adrianhurt/play-bootstrap-core_2.11/jars/play-bootstrap-core_2.11-1.0-P25.jar, file:/C:/Users/Kuba/.ivy2/cache/org.webjars/bootstrap/jars/bootstrap-3.3.6.jar, file:/C:/Users/Kuba/.ivy2/cache/org.webjars/jquery/jars/jquery-2.1.4.jar}
16:45:22.872 [ForkJoinPool-8-worker-1] DEBUG c.google.inject.internal.BytecodeGen - Loading class play.filters.hosts.AllowedHostsConfigProvider FastClass with PlayDependencyClassLoader{file:/C:/Users/Kuba/IdeaProjects/play-silhouette-seed-master/lib/connect-four.jar, file:/C:/Users/Kuba/IdeaProjects/play-silhouette-seed-master/lib/sudoku.jar, file:/C:/Users/Kuba/.ivy2/cache/org.scala-lang/scala-library/jars/scala-library-2.11.8.jar, file:/C:/Users/Kuba/Downloads/activator-dist-1.3.12/repository/com.typesafe.play/twirl-api_2.11/1.1.1/jars/twirl-api_2.11.jar, file:/C:/Users/Kuba/.ivy2/cache/org.apache.commons/commons-lang3/jars/commons-lang3-3.4.jar, file:/C:/Users/Kuba/.ivy2/cache/org.scala-lang.modules/scala-xml_2.11/bundles/scala-xml_2.11-1.0.1.jar, file:/C:/Users/Kuba/.ivy2/cache/com.typesafe.play/play-server_2.11/jars/play-server_2.11-2.5.4.jar, file:/C:/Users/Kuba/.ivy2/cache/com.typesafe.play/play_2.11/jars/play_2.11-2.5.4.jar, file:/C:/Users/Kuba/.ivy2/cache/com.typesafe.play/build-link/jars/build-link-2.5.4.jar, file:/C:/Users/Kuba/.ivy2/cache/com.typesafe.play/play-exceptions/jars/play-exceptions-2.5.4.jar, file:/C:/Users/Kuba/.ivy2/cache/com.typesafe.play/play-iteratees_2.11/jars/play-iteratees_2.11-2.5.4.jar, file:/C:/Users/Kuba/.ivy2/cache/org.scala-stm/scala-stm_2.11/jars/scala-stm_2.11-0.7.jar, file:/C:/Users/Kuba/Downloads/activator-dist-1.3.12/repository/com.typesafe/config/1.3.0/bundles/config.jar, file:/C:/Users/Kuba/.ivy2/cache/ch.qos.logback/logback-classic/jars/logback-classic-1.1.7.jar, file:/C:/Users/Kuba/.ivy2/cache/ch.qos.logback/logback-core/jars/logback-core-1.1.7.jar, file:/C:/Users/Kuba/.ivy2/cache/com.typesafe.play/play-json_2.11/jars/play-json_2.11-2.5.4.jar, file:/C:/Users/Kuba/.ivy2/cache/com.typesafe.play/play-functional_2.11/jars/play-functional_2.11-2.5.4.jar, file:/C:/Users/Kuba/.ivy2/cache/com.typesafe.play/play-datacommons_2.11/jars/play-datacommons_2.11-2.5.4.jar, file:/C:/Users/Kuba/Downloads/activator-dist-1.3.12/repository/joda-time/joda-time/2.9.2/jars/joda-time.jar, file:/C:/Users/Kuba/Downloads/activator-dist-1.3.12/repository/org.joda/joda-convert/1.8.1/jars/joda-convert.jar, file:/C:/Users/Kuba/Downloads/activator-dist-1.3.12/repository/org.scala-lang/scala-reflect/2.11.7/jars/scala-reflect.jar, file:/C:/Users/Kuba/Downloads/activator-dist-1.3.12/repository/com.fasterxml.jackson.core/jackson-core/2.7.1/bundles/jackson-core.jar, file:/C:/Users/Kuba/Downloads/activator-dist-1.3.12/repository/com.fasterxml.jackson.core/jackson-annotations/2.7.1/bundles/jackson-annotations.jar, file:/C:/Users/Kuba/Downloads/activator-dist-1.3.12/repository/com.fasterxml.jackson.core/jackson-databind/2.7.1/bundles/jackson-databind.jar, file:/C:/Users/Kuba/Downloads/activator-dist-1.3.12/repository/com.fasterxml.jackson.datatype/jackson-datatype-jdk8/2.7.1/bundles/jackson-datatype-jdk8.jar, file:/C:/Users/Kuba/Downloads/activator-dist-1.3.12/repository/com.fasterxml.jackson.datatype/jackson-datatype-jsr310/2.7.1/bundles/jackson-datatype-jsr310.jar, file:/C:/Users/Kuba/.ivy2/cache/com.typesafe.play/play-netty-utils/jars/play-netty-utils-2.5.4.jar, file:/C:/Users/Kuba/.ivy2/cache/org.slf4j/jul-to-slf4j/jars/jul-to-slf4j-1.7.19.jar, file:/C:/Users/Kuba/.ivy2/cache/org.slf4j/jcl-over-slf4j/jars/jcl-over-slf4j-1.7.19.jar, file:/C:/Users/Kuba/.ivy2/cache/com.typesafe.play/play-streams_2.11/jars/play-streams_2.11-2.5.4.jar, file:/C:/Users/Kuba/.ivy2/cache/org.reactivestreams/reactive-streams/jars/reactive-streams-1.0.0.jar, file:/C:/Users/Kuba/.ivy2/cache/com.typesafe.akka/akka-stream_2.11/jars/akka-stream_2.11-2.4.4.jar, file:/C:/Users/Kuba/.ivy2/cache/com.typesafe.akka/akka-actor_2.11/jars/akka-actor_2.11-2.4.4.jar, file:/C:/Users/Kuba/Downloads/activator-dist-1.3.12/repository/org.scala-lang.modules/scala-java8-compat_2.11/0.7.0/bundles/scala-java8-compat_2.11.jar, file:/C:/Users/Kuba/Downloads/activator-dist-1.3.12/repository/com.typesafe/ssl-config-akka_2.11/0.2.1/bundles/ssl-config-akka_2.11.jar, file:/C:/Users/Kuba/.ivy2/cache/com.typesafe/ssl-config-core_2.11/bundles/ssl-config-core_2.11-0.2.1.jar, file:/C:/Users/Kuba/.ivy2/cache/org.scala-lang.modules/scala-parser-combinators_2.11/bundles/scala-parser-combinators_2.11-1.0.4.jar, file:/C:/Users/Kuba/.ivy2/cache/com.typesafe.akka/akka-slf4j_2.11/jars/akka-slf4j_2.11-2.4.4.jar, file:/C:/Users/Kuba/.ivy2/cache/commons-codec/commons-codec/jars/commons-codec-1.10.jar, file:/C:/Users/Kuba/.ivy2/cache/xerces/xercesImpl/jars/xercesImpl-2.11.0.jar, file:/C:/Users/Kuba/.ivy2/cache/xml-apis/xml-apis/jars/xml-apis-1.4.01.jar, file:/C:/Users/Kuba/.ivy2/cache/javax.transaction/jta/jars/jta-1.1.jar, file:/C:/Users/Kuba/Downloads/activator-dist-1.3.12/repository/com.google.inject/guice/4.0/jars/guice.jar, file:/C:/Users/Kuba/.ivy2/cache/javax.inject/javax.inject/jars/javax.inject-1.jar, file:/C:/Users/Kuba/.ivy2/cache/aopalliance/aopalliance/jars/aopalliance-1.0.jar, file:/C:/Users/Kuba/Downloads/activator-dist-1.3.12/repository/com.google.inject.extensions/guice-assistedinject/4.0/jars/guice-assistedinject.jar, file:/C:/Users/Kuba/.ivy2/cache/com.typesafe.play/play-netty-server_2.11/jars/play-netty-server_2.11-2.5.4.jar, file:/C:/Users/Kuba/.ivy2/cache/com.typesafe.netty/netty-reactive-streams-http/jars/netty-reactive-streams-http-1.0.6.jar, file:/C:/Users/Kuba/.ivy2/cache/com.typesafe.netty/netty-reactive-streams/jars/netty-reactive-streams-1.0.6.jar, file:/C:/Users/Kuba/.ivy2/cache/io.netty/netty-handler/jars/netty-handler-4.0.36.Final.jar, file:/C:/Users/Kuba/.ivy2/cache/io.netty/netty-buffer/jars/netty-buffer-4.0.36.Final.jar, file:/C:/Users/Kuba/.ivy2/cache/io.netty/netty-common/jars/netty-common-4.0.36.Final.jar, file:/C:/Users/Kuba/.ivy2/cache/io.netty/netty-transport/jars/netty-transport-4.0.36.Final.jar, file:/C:/Users/Kuba/.ivy2/cache/io.netty/netty-codec/jars/netty-codec-4.0.36.Final.jar, file:/C:/Users/Kuba/.ivy2/cache/io.netty/netty-codec-http/jars/netty-codec-http-4.0.36.Final.jar, file:/C:/Users/Kuba/.ivy2/cache/io.netty/netty-transport-native-epoll/jars/netty-transport-native-epoll-4.0.36.Final-linux-x86_64.jar, file:/C:/Users/Kuba/.ivy2/cache/com.typesafe.play/play-logback_2.11/jars/play-logback_2.11-2.5.4.jar, file:/C:/Users/Kuba/.ivy2/cache/org.scala-lang/scala-swing/jars/scala-swing-2.11.0-M7.jar, file:/C:/Users/Kuba/.ivy2/cache/com.mohiva/play-silhouette_2.11/jars/play-silhouette_2.11-4.0.0.jar, file:/C:/Users/Kuba/.ivy2/cache/com.typesafe.play/play-cache_2.11/jars/play-cache_2.11-2.5.4.jar, file:/C:/Users/Kuba/Downloads/activator-dist-1.3.12/repository/net.sf.ehcache/ehcache-core/2.6.11/jars/ehcache-core.jar, file:/C:/Users/Kuba/.ivy2/cache/com.typesafe.play/play-ws_2.11/jars/play-ws_2.11-2.5.4.jar, file:/C:/Users/Kuba/.ivy2/cache/com.google.guava/guava/bundles/guava-19.0.jar, file:/C:/Users/Kuba/.ivy2/cache/org.asynchttpclient/async-http-client/jars/async-http-client-2.0.2.jar, file:/C:/Users/Kuba/.ivy2/cache/org.asynchttpclient/netty-resolver-dns/jars/netty-resolver-dns-2.0.2.jar, file:/C:/Users/Kuba/.ivy2/cache/org.asynchttpclient/netty-resolver/jars/netty-resolver-2.0.2.jar, file:/C:/Users/Kuba/.ivy2/cache/org.slf4j/slf4j-api/jars/slf4j-api-1.7.21.jar, file:/C:/Users/Kuba/.ivy2/cache/org.asynchttpclient/netty-codec-dns/jars/netty-codec-dns-2.0.2.jar, file:/C:/Users/Kuba/.ivy2/cache/org.javassist/javassist/bundles/javassist-3.20.0-GA.jar, file:/C:/Users/Kuba/.ivy2/cache/oauth.signpost/signpost-core/jars/signpost-core-1.2.1.2.jar, file:/C:/Users/Kuba/.ivy2/cache/oauth.signpost/signpost-commonshttp4/jars/signpost-commonshttp4-1.2.1.2.jar, file:/C:/Users/Kuba/.ivy2/cache/org.apache.httpcomponents/httpcore/jars/httpcore-4.0.1.jar, file:/C:/Users/Kuba/.ivy2/cache/org.apache.httpcomponents/httpclient/jars/httpclient-4.0.1.jar, file:/C:/Users/Kuba/.ivy2/cache/commons-logging/commons-logging/jars/commons-logging-1.1.1.jar, file:/C:/Users/Kuba/.ivy2/cache/com.atlassian.jwt/jwt-core/jars/jwt-core-1.5.8.jar, file:/C:/Users/Kuba/.ivy2/cache/com.nimbusds/nimbus-jose-jwt/jars/nimbus-jose-jwt-2.16.jar, file:/C:/Users/Kuba/.ivy2/cache/net.jcip/jcip-annotations/jars/jcip-annotations-1.0.jar, file:/C:/Users/Kuba/.ivy2/cache/net.minidev/json-smart/jars/json-smart-1.1.1.jar, file:/C:/Users/Kuba/.ivy2/cache/javax.mail/mail/jars/mail-1.4.7.jar, file:/C:/Users/Kuba/.ivy2/cache/org.bouncycastle/bcprov-jdk15on/jars/bcprov-jdk15on-1.51.jar, file:/C:/Users/Kuba/.ivy2/cache/org.bouncycastle/bcpkix-jdk15on/jars/bcpkix-jdk15on-1.51.jar, file:/C:/Users/Kuba/.ivy2/cache/com.atlassian.jwt/jwt-api/jars/jwt-api-1.5.8.jar, file:/C:/Users/Kuba/.ivy2/cache/com.mohiva/play-silhouette-password-bcrypt_2.11/jars/play-silhouette-password-bcrypt_2.11-4.0.0.jar, file:/C:/Users/Kuba/.ivy2/cache/de.svenkubiak/jBCrypt/bundles/jBCrypt-0.4.1.jar, file:/C:/Users/Kuba/.ivy2/cache/com.mohiva/play-silhouette-persistence_2.11/jars/play-silhouette-persistence_2.11-4.0.0.jar, file:/C:/Users/Kuba/.ivy2/cache/com.mohiva/play-silhouette-crypto-jca_2.11/jars/play-silhouette-crypto-jca_2.11-4.0.0.jar, file:/C:/Users/Kuba/.ivy2/cache/org.webjars/webjars-play_2.11/jars/webjars-play_2.11-2.5.0-2.jar, file:/C:/Users/Kuba/.ivy2/cache/org.webjars/requirejs/jars/requirejs-2.1.20.jar, file:/C:/Users/Kuba/.ivy2/cache/org.webjars/webjars-locator/jars/webjars-locator-0.31.jar, file:/C:/Users/Kuba/.ivy2/cache/org.webjars/webjars-locator-core/jars/webjars-locator-core-0.30.jar, file:/C:/Users/Kuba/.ivy2/cache/org.apache.commons/commons-compress/jars/commons-compress-1.9.jar, file:/C:/Users/Kuba/.ivy2/cache/net.codingwell/scala-guice_2.11/jars/scala-guice_2.11-4.0.1.jar, file:/C:/Users/Kuba/.ivy2/cache/com.google.inject.extensions/guice-multibindings/jars/guice-multibindings-4.0.jar, file:/C:/Users/Kuba/.ivy2/cache/com.iheart/ficus_2.11/jars/ficus_2.11-1.2.6.jar, file:/C:/Users/Kuba/.ivy2/cache/org.typelevel/macro-compat_2.11/jars/macro-compat_2.11-1.1.1.jar, file:/C:/Users/Kuba/.ivy2/cache/com.typesafe.play/play-mailer_2.11/jars/play-mailer_2.11-5.0.0.jar, file:/C:/Users/Kuba/.ivy2/cache/org.apache.commons/commons-email/jars/commons-email-1.4.jar, file:/C:/Users/Kuba/.ivy2/cache/com.sun.mail/javax.mail/jars/javax.mail-1.5.2.jar, file:/C:/Users/Kuba/.ivy2/cache/javax.activation/activation/jars/activation-1.1.1.jar, file:/C:/Users/Kuba/.ivy2/cache/com.enragedginger/akka-quartz-scheduler_2.11/jars/akka-quartz-scheduler_2.11-1.5.0-akka-2.4.x.jar, file:/C:/Users/Kuba/.ivy2/cache/org.quartz-scheduler/quartz/jars/quartz-2.2.2.jar, file:/C:/Users/Kuba/.ivy2/cache/c3p0/c3p0/jars/c3p0-0.9.1.1.jar, file:/C:/Users/Kuba/.ivy2/cache/com.adrianhurt/play-bootstrap_2.11/jars/play-bootstrap_2.11-1.0-P25-B3.jar, file:/C:/Users/Kuba/.ivy2/cache/com.typesafe.play/filters-helpers_2.11/jars/filters-helpers_2.11-2.5.4.jar, file:/C:/Users/Kuba/.ivy2/cache/com.typesafe.play/play-java_2.11/jars/play-java_2.11-2.5.4.jar, file:/C:/Users/Kuba/Downloads/activator-dist-1.3.12/repository/org.yaml/snakeyaml/1.16/bundles/snakeyaml.jar, file:/C:/Users/Kuba/Downloads/activator-dist-1.3.12/repository/org.hibernate/hibernate-validator/5.2.4.Final/jars/hibernate-validator.jar, file:/C:/Users/Kuba/Downloads/activator-dist-1.3.12/repository/javax.validation/validation-api/1.1.0.Final/jars/validation-api.jar, file:/C:/Users/Kuba/Downloads/activator-dist-1.3.12/repository/org.jboss.logging/jboss-logging/3.2.1.Final/jars/jboss-logging.jar, file:/C:/Users/Kuba/Downloads/activator-dist-1.3.12/repository/com.fasterxml/classmate/1.1.0/bundles/classmate.jar, file:/C:/Users/Kuba/Downloads/activator-dist-1.3.12/repository/javax.el/javax.el-api/3.0.0/jars/javax.el-api.jar, file:/C:/Users/Kuba/.ivy2/cache/org.springframework/spring-context/jars/spring-context-4.2.4.RELEASE.jar, file:/C:/Users/Kuba/.ivy2/cache/org.springframework/spring-core/jars/spring-core-4.2.4.RELEASE.jar, file:/C:/Users/Kuba/.ivy2/cache/org.springframework/spring-beans/jars/spring-beans-4.2.4.RELEASE.jar, file:/C:/Users/Kuba/Downloads/activator-dist-1.3.12/repository/org.reflections/reflections/0.9.10/jars/reflections.jar, file:/C:/Users/Kuba/Downloads/activator-dist-1.3.12/repository/net.jodah/typetools/0.4.4/bundles/typetools.jar, file:/C:/Users/Kuba/.ivy2/cache/com.google.code.findbugs/jsr305/jars/jsr305-3.0.1.jar, file:/C:/Users/Kuba/Downloads/activator-dist-1.3.12/repository/org.apache.tomcat/tomcat-servlet-api/8.0.33/jars/tomcat-servlet-api.jar, file:/C:/Users/Kuba/.ivy2/cache/com.adrianhurt/play-bootstrap-core_2.11/jars/play-bootstrap-core_2.11-1.0-P25.jar, file:/C:/Users/Kuba/.ivy2/cache/org.webjars/bootstrap/jars/bootstrap-3.3.6.jar, file:/C:/Users/Kuba/.ivy2/cache/org.webjars/jquery/jars/jquery-2.1.4.jar}
16:45:22.875 [ForkJoinPool-8-worker-1] DEBUG c.google.inject.internal.BytecodeGen - Loading class models.daos.AuthTokenDAOImpl FastClass with com.google.inject.internal.BytecodeGen$BridgeClassLoader@4c212a4a
16:45:22.877 [ForkJoinPool-8-worker-1] DEBUG c.google.inject.internal.BytecodeGen - Loading class models.services.AuthTokenServiceImpl FastClass with com.google.inject.internal.BytecodeGen$BridgeClassLoader@4c212a4a
16:45:22.880 [ForkJoinPool-8-worker-1] DEBUG c.google.inject.internal.BytecodeGen - Loading class play.api.http.HttpConfiguration$HttpConfigurationProvider FastClass with PlayDependencyClassLoader{file:/C:/Users/Kuba/IdeaProjects/play-silhouette-seed-master/lib/connect-four.jar, file:/C:/Users/Kuba/IdeaProjects/play-silhouette-seed-master/lib/sudoku.jar, file:/C:/Users/Kuba/.ivy2/cache/org.scala-lang/scala-library/jars/scala-library-2.11.8.jar, file:/C:/Users/Kuba/Downloads/activator-dist-1.3.12/repository/com.typesafe.play/twirl-api_2.11/1.1.1/jars/twirl-api_2.11.jar, file:/C:/Users/Kuba/.ivy2/cache/org.apache.commons/commons-lang3/jars/commons-lang3-3.4.jar, file:/C:/Users/Kuba/.ivy2/cache/org.scala-lang.modules/scala-xml_2.11/bundles/scala-xml_2.11-1.0.1.jar, file:/C:/Users/Kuba/.ivy2/cache/com.typesafe.play/play-server_2.11/jars/play-server_2.11-2.5.4.jar, file:/C:/Users/Kuba/.ivy2/cache/com.typesafe.play/play_2.11/jars/play_2.11-2.5.4.jar, file:/C:/Users/Kuba/.ivy2/cache/com.typesafe.play/build-link/jars/build-link-2.5.4.jar, file:/C:/Users/Kuba/.ivy2/cache/com.typesafe.play/play-exceptions/jars/play-exceptions-2.5.4.jar, file:/C:/Users/Kuba/.ivy2/cache/com.typesafe.play/play-iteratees_2.11/jars/play-iteratees_2.11-2.5.4.jar, file:/C:/Users/Kuba/.ivy2/cache/org.scala-stm/scala-stm_2.11/jars/scala-stm_2.11-0.7.jar, file:/C:/Users/Kuba/Downloads/activator-dist-1.3.12/repository/com.typesafe/config/1.3.0/bundles/config.jar, file:/C:/Users/Kuba/.ivy2/cache/ch.qos.logback/logback-classic/jars/logback-classic-1.1.7.jar, file:/C:/Users/Kuba/.ivy2/cache/ch.qos.logback/logback-core/jars/logback-core-1.1.7.jar, file:/C:/Users/Kuba/.ivy2/cache/com.typesafe.play/play-json_2.11/jars/play-json_2.11-2.5.4.jar, file:/C:/Users/Kuba/.ivy2/cache/com.typesafe.play/play-functional_2.11/jars/play-functional_2.11-2.5.4.jar, file:/C:/Users/Kuba/.ivy2/cache/com.typesafe.play/play-datacommons_2.11/jars/play-datacommons_2.11-2.5.4.jar, file:/C:/Users/Kuba/Downloads/activator-dist-1.3.12/repository/joda-time/joda-time/2.9.2/jars/joda-time.jar, file:/C:/Users/Kuba/Downloads/activator-dist-1.3.12/repository/org.joda/joda-convert/1.8.1/jars/joda-convert.jar, file:/C:/Users/Kuba/Downloads/activator-dist-1.3.12/repository/org.scala-lang/scala-reflect/2.11.7/jars/scala-reflect.jar, file:/C:/Users/Kuba/Downloads/activator-dist-1.3.12/repository/com.fasterxml.jackson.core/jackson-core/2.7.1/bundles/jackson-core.jar, file:/C:/Users/Kuba/Downloads/activator-dist-1.3.12/repository/com.fasterxml.jackson.core/jackson-annotations/2.7.1/bundles/jackson-annotations.jar, file:/C:/Users/Kuba/Downloads/activator-dist-1.3.12/repository/com.fasterxml.jackson.core/jackson-databind/2.7.1/bundles/jackson-databind.jar, file:/C:/Users/Kuba/Downloads/activator-dist-1.3.12/repository/com.fasterxml.jackson.datatype/jackson-datatype-jdk8/2.7.1/bundles/jackson-datatype-jdk8.jar, file:/C:/Users/Kuba/Downloads/activator-dist-1.3.12/repository/com.fasterxml.jackson.datatype/jackson-datatype-jsr310/2.7.1/bundles/jackson-datatype-jsr310.jar, file:/C:/Users/Kuba/.ivy2/cache/com.typesafe.play/play-netty-utils/jars/play-netty-utils-2.5.4.jar, file:/C:/Users/Kuba/.ivy2/cache/org.slf4j/jul-to-slf4j/jars/jul-to-slf4j-1.7.19.jar, file:/C:/Users/Kuba/.ivy2/cache/org.slf4j/jcl-over-slf4j/jars/jcl-over-slf4j-1.7.19.jar, file:/C:/Users/Kuba/.ivy2/cache/com.typesafe.play/play-streams_2.11/jars/play-streams_2.11-2.5.4.jar, file:/C:/Users/Kuba/.ivy2/cache/org.reactivestreams/reactive-streams/jars/reactive-streams-1.0.0.jar, file:/C:/Users/Kuba/.ivy2/cache/com.typesafe.akka/akka-stream_2.11/jars/akka-stream_2.11-2.4.4.jar, file:/C:/Users/Kuba/.ivy2/cache/com.typesafe.akka/akka-actor_2.11/jars/akka-actor_2.11-2.4.4.jar, file:/C:/Users/Kuba/Downloads/activator-dist-1.3.12/repository/org.scala-lang.modules/scala-java8-compat_2.11/0.7.0/bundles/scala-java8-compat_2.11.jar, file:/C:/Users/Kuba/Downloads/activator-dist-1.3.12/repository/com.typesafe/ssl-config-akka_2.11/0.2.1/bundles/ssl-config-akka_2.11.jar, file:/C:/Users/Kuba/.ivy2/cache/com.typesafe/ssl-config-core_2.11/bundles/ssl-config-core_2.11-0.2.1.jar, file:/C:/Users/Kuba/.ivy2/cache/org.scala-lang.modules/scala-parser-combinators_2.11/bundles/scala-parser-combinators_2.11-1.0.4.jar, file:/C:/Users/Kuba/.ivy2/cache/com.typesafe.akka/akka-slf4j_2.11/jars/akka-slf4j_2.11-2.4.4.jar, file:/C:/Users/Kuba/.ivy2/cache/commons-codec/commons-codec/jars/commons-codec-1.10.jar, file:/C:/Users/Kuba/.ivy2/cache/xerces/xercesImpl/jars/xercesImpl-2.11.0.jar, file:/C:/Users/Kuba/.ivy2/cache/xml-apis/xml-apis/jars/xml-apis-1.4.01.jar, file:/C:/Users/Kuba/.ivy2/cache/javax.transaction/jta/jars/jta-1.1.jar, file:/C:/Users/Kuba/Downloads/activator-dist-1.3.12/repository/com.google.inject/guice/4.0/jars/guice.jar, file:/C:/Users/Kuba/.ivy2/cache/javax.inject/javax.inject/jars/javax.inject-1.jar, file:/C:/Users/Kuba/.ivy2/cache/aopalliance/aopalliance/jars/aopalliance-1.0.jar, file:/C:/Users/Kuba/Downloads/activator-dist-1.3.12/repository/com.google.inject.extensions/guice-assistedinject/4.0/jars/guice-assistedinject.jar, file:/C:/Users/Kuba/.ivy2/cache/com.typesafe.play/play-netty-server_2.11/jars/play-netty-server_2.11-2.5.4.jar, file:/C:/Users/Kuba/.ivy2/cache/com.typesafe.netty/netty-reactive-streams-http/jars/netty-reactive-streams-http-1.0.6.jar, file:/C:/Users/Kuba/.ivy2/cache/com.typesafe.netty/netty-reactive-streams/jars/netty-reactive-streams-1.0.6.jar, file:/C:/Users/Kuba/.ivy2/cache/io.netty/netty-handler/jars/netty-handler-4.0.36.Final.jar, file:/C:/Users/Kuba/.ivy2/cache/io.netty/netty-buffer/jars/netty-buffer-4.0.36.Final.jar, file:/C:/Users/Kuba/.ivy2/cache/io.netty/netty-common/jars/netty-common-4.0.36.Final.jar, file:/C:/Users/Kuba/.ivy2/cache/io.netty/netty-transport/jars/netty-transport-4.0.36.Final.jar, file:/C:/Users/Kuba/.ivy2/cache/io.netty/netty-codec/jars/netty-codec-4.0.36.Final.jar, file:/C:/Users/Kuba/.ivy2/cache/io.netty/netty-codec-http/jars/netty-codec-http-4.0.36.Final.jar, file:/C:/Users/Kuba/.ivy2/cache/io.netty/netty-transport-native-epoll/jars/netty-transport-native-epoll-4.0.36.Final-linux-x86_64.jar, file:/C:/Users/Kuba/.ivy2/cache/com.typesafe.play/play-logback_2.11/jars/play-logback_2.11-2.5.4.jar, file:/C:/Users/Kuba/.ivy2/cache/org.scala-lang/scala-swing/jars/scala-swing-2.11.0-M7.jar, file:/C:/Users/Kuba/.ivy2/cache/com.mohiva/play-silhouette_2.11/jars/play-silhouette_2.11-4.0.0.jar, file:/C:/Users/Kuba/.ivy2/cache/com.typesafe.play/play-cache_2.11/jars/play-cache_2.11-2.5.4.jar, file:/C:/Users/Kuba/Downloads/activator-dist-1.3.12/repository/net.sf.ehcache/ehcache-core/2.6.11/jars/ehcache-core.jar, file:/C:/Users/Kuba/.ivy2/cache/com.typesafe.play/play-ws_2.11/jars/play-ws_2.11-2.5.4.jar, file:/C:/Users/Kuba/.ivy2/cache/com.google.guava/guava/bundles/guava-19.0.jar, file:/C:/Users/Kuba/.ivy2/cache/org.asynchttpclient/async-http-client/jars/async-http-client-2.0.2.jar, file:/C:/Users/Kuba/.ivy2/cache/org.asynchttpclient/netty-resolver-dns/jars/netty-resolver-dns-2.0.2.jar, file:/C:/Users/Kuba/.ivy2/cache/org.asynchttpclient/netty-resolver/jars/netty-resolver-2.0.2.jar, file:/C:/Users/Kuba/.ivy2/cache/org.slf4j/slf4j-api/jars/slf4j-api-1.7.21.jar, file:/C:/Users/Kuba/.ivy2/cache/org.asynchttpclient/netty-codec-dns/jars/netty-codec-dns-2.0.2.jar, file:/C:/Users/Kuba/.ivy2/cache/org.javassist/javassist/bundles/javassist-3.20.0-GA.jar, file:/C:/Users/Kuba/.ivy2/cache/oauth.signpost/signpost-core/jars/signpost-core-1.2.1.2.jar, file:/C:/Users/Kuba/.ivy2/cache/oauth.signpost/signpost-commonshttp4/jars/signpost-commonshttp4-1.2.1.2.jar, file:/C:/Users/Kuba/.ivy2/cache/org.apache.httpcomponents/httpcore/jars/httpcore-4.0.1.jar, file:/C:/Users/Kuba/.ivy2/cache/org.apache.httpcomponents/httpclient/jars/httpclient-4.0.1.jar, file:/C:/Users/Kuba/.ivy2/cache/commons-logging/commons-logging/jars/commons-logging-1.1.1.jar, file:/C:/Users/Kuba/.ivy2/cache/com.atlassian.jwt/jwt-core/jars/jwt-core-1.5.8.jar, file:/C:/Users/Kuba/.ivy2/cache/com.nimbusds/nimbus-jose-jwt/jars/nimbus-jose-jwt-2.16.jar, file:/C:/Users/Kuba/.ivy2/cache/net.jcip/jcip-annotations/jars/jcip-annotations-1.0.jar, file:/C:/Users/Kuba/.ivy2/cache/net.minidev/json-smart/jars/json-smart-1.1.1.jar, file:/C:/Users/Kuba/.ivy2/cache/javax.mail/mail/jars/mail-1.4.7.jar, file:/C:/Users/Kuba/.ivy2/cache/org.bouncycastle/bcprov-jdk15on/jars/bcprov-jdk15on-1.51.jar, file:/C:/Users/Kuba/.ivy2/cache/org.bouncycastle/bcpkix-jdk15on/jars/bcpkix-jdk15on-1.51.jar, file:/C:/Users/Kuba/.ivy2/cache/com.atlassian.jwt/jwt-api/jars/jwt-api-1.5.8.jar, file:/C:/Users/Kuba/.ivy2/cache/com.mohiva/play-silhouette-password-bcrypt_2.11/jars/play-silhouette-password-bcrypt_2.11-4.0.0.jar, file:/C:/Users/Kuba/.ivy2/cache/de.svenkubiak/jBCrypt/bundles/jBCrypt-0.4.1.jar, file:/C:/Users/Kuba/.ivy2/cache/com.mohiva/play-silhouette-persistence_2.11/jars/play-silhouette-persistence_2.11-4.0.0.jar, file:/C:/Users/Kuba/.ivy2/cache/com.mohiva/play-silhouette-crypto-jca_2.11/jars/play-silhouette-crypto-jca_2.11-4.0.0.jar, file:/C:/Users/Kuba/.ivy2/cache/org.webjars/webjars-play_2.11/jars/webjars-play_2.11-2.5.0-2.jar, file:/C:/Users/Kuba/.ivy2/cache/org.webjars/requirejs/jars/requirejs-2.1.20.jar, file:/C:/Users/Kuba/.ivy2/cache/org.webjars/webjars-locator/jars/webjars-locator-0.31.jar, file:/C:/Users/Kuba/.ivy2/cache/org.webjars/webjars-locator-core/jars/webjars-locator-core-0.30.jar, file:/C:/Users/Kuba/.ivy2/cache/org.apache.commons/commons-compress/jars/commons-compress-1.9.jar, file:/C:/Users/Kuba/.ivy2/cache/net.codingwell/scala-guice_2.11/jars/scala-guice_2.11-4.0.1.jar, file:/C:/Users/Kuba/.ivy2/cache/com.google.inject.extensions/guice-multibindings/jars/guice-multibindings-4.0.jar, file:/C:/Users/Kuba/.ivy2/cache/com.iheart/ficus_2.11/jars/ficus_2.11-1.2.6.jar, file:/C:/Users/Kuba/.ivy2/cache/org.typelevel/macro-compat_2.11/jars/macro-compat_2.11-1.1.1.jar, file:/C:/Users/Kuba/.ivy2/cache/com.typesafe.play/play-mailer_2.11/jars/play-mailer_2.11-5.0.0.jar, file:/C:/Users/Kuba/.ivy2/cache/org.apache.commons/commons-email/jars/commons-email-1.4.jar, file:/C:/Users/Kuba/.ivy2/cache/com.sun.mail/javax.mail/jars/javax.mail-1.5.2.jar, file:/C:/Users/Kuba/.ivy2/cache/javax.activation/activation/jars/activation-1.1.1.jar, file:/C:/Users/Kuba/.ivy2/cache/com.enragedginger/akka-quartz-scheduler_2.11/jars/akka-quartz-scheduler_2.11-1.5.0-akka-2.4.x.jar, file:/C:/Users/Kuba/.ivy2/cache/org.quartz-scheduler/quartz/jars/quartz-2.2.2.jar, file:/C:/Users/Kuba/.ivy2/cache/c3p0/c3p0/jars/c3p0-0.9.1.1.jar, file:/C:/Users/Kuba/.ivy2/cache/com.adrianhurt/play-bootstrap_2.11/jars/play-bootstrap_2.11-1.0-P25-B3.jar, file:/C:/Users/Kuba/.ivy2/cache/com.typesafe.play/filters-helpers_2.11/jars/filters-helpers_2.11-2.5.4.jar, file:/C:/Users/Kuba/.ivy2/cache/com.typesafe.play/play-java_2.11/jars/play-java_2.11-2.5.4.jar, file:/C:/Users/Kuba/Downloads/activator-dist-1.3.12/repository/org.yaml/snakeyaml/1.16/bundles/snakeyaml.jar, file:/C:/Users/Kuba/Downloads/activator-dist-1.3.12/repository/org.hibernate/hibernate-validator/5.2.4.Final/jars/hibernate-validator.jar, file:/C:/Users/Kuba/Downloads/activator-dist-1.3.12/repository/javax.validation/validation-api/1.1.0.Final/jars/validation-api.jar, file:/C:/Users/Kuba/Downloads/activator-dist-1.3.12/repository/org.jboss.logging/jboss-logging/3.2.1.Final/jars/jboss-logging.jar, file:/C:/Users/Kuba/Downloads/activator-dist-1.3.12/repository/com.fasterxml/classmate/1.1.0/bundles/classmate.jar, file:/C:/Users/Kuba/Downloads/activator-dist-1.3.12/repository/javax.el/javax.el-api/3.0.0/jars/javax.el-api.jar, file:/C:/Users/Kuba/.ivy2/cache/org.springframework/spring-context/jars/spring-context-4.2.4.RELEASE.jar, file:/C:/Users/Kuba/.ivy2/cache/org.springframework/spring-core/jars/spring-core-4.2.4.RELEASE.jar, file:/C:/Users/Kuba/.ivy2/cache/org.springframework/spring-beans/jars/spring-beans-4.2.4.RELEASE.jar, file:/C:/Users/Kuba/Downloads/activator-dist-1.3.12/repository/org.reflections/reflections/0.9.10/jars/reflections.jar, file:/C:/Users/Kuba/Downloads/activator-dist-1.3.12/repository/net.jodah/typetools/0.4.4/bundles/typetools.jar, file:/C:/Users/Kuba/.ivy2/cache/com.google.code.findbugs/jsr305/jars/jsr305-3.0.1.jar, file:/C:/Users/Kuba/Downloads/activator-dist-1.3.12/repository/org.apache.tomcat/tomcat-servlet-api/8.0.33/jars/tomcat-servlet-api.jar, file:/C:/Users/Kuba/.ivy2/cache/com.adrianhurt/play-bootstrap-core_2.11/jars/play-bootstrap-core_2.11-1.0-P25.jar, file:/C:/Users/Kuba/.ivy2/cache/org.webjars/bootstrap/jars/bootstrap-3.3.6.jar, file:/C:/Users/Kuba/.ivy2/cache/org.webjars/jquery/jars/jquery-2.1.4.jar}
16:45:22.883 [ForkJoinPool-8-worker-1] DEBUG c.google.inject.internal.BytecodeGen - Loading class play.api.DefaultApplication FastClass with PlayDependencyClassLoader{file:/C:/Users/Kuba/IdeaProjects/play-silhouette-seed-master/lib/connect-four.jar, file:/C:/Users/Kuba/IdeaProjects/play-silhouette-seed-master/lib/sudoku.jar, file:/C:/Users/Kuba/.ivy2/cache/org.scala-lang/scala-library/jars/scala-library-2.11.8.jar, file:/C:/Users/Kuba/Downloads/activator-dist-1.3.12/repository/com.typesafe.play/twirl-api_2.11/1.1.1/jars/twirl-api_2.11.jar, file:/C:/Users/Kuba/.ivy2/cache/org.apache.commons/commons-lang3/jars/commons-lang3-3.4.jar, file:/C:/Users/Kuba/.ivy2/cache/org.scala-lang.modules/scala-xml_2.11/bundles/scala-xml_2.11-1.0.1.jar, file:/C:/Users/Kuba/.ivy2/cache/com.typesafe.play/play-server_2.11/jars/play-server_2.11-2.5.4.jar, file:/C:/Users/Kuba/.ivy2/cache/com.typesafe.play/play_2.11/jars/play_2.11-2.5.4.jar, file:/C:/Users/Kuba/.ivy2/cache/com.typesafe.play/build-link/jars/build-link-2.5.4.jar, file:/C:/Users/Kuba/.ivy2/cache/com.typesafe.play/play-exceptions/jars/play-exceptions-2.5.4.jar, file:/C:/Users/Kuba/.ivy2/cache/com.typesafe.play/play-iteratees_2.11/jars/play-iteratees_2.11-2.5.4.jar, file:/C:/Users/Kuba/.ivy2/cache/org.scala-stm/scala-stm_2.11/jars/scala-stm_2.11-0.7.jar, file:/C:/Users/Kuba/Downloads/activator-dist-1.3.12/repository/com.typesafe/config/1.3.0/bundles/config.jar, file:/C:/Users/Kuba/.ivy2/cache/ch.qos.logback/logback-classic/jars/logback-classic-1.1.7.jar, file:/C:/Users/Kuba/.ivy2/cache/ch.qos.logback/logback-core/jars/logback-core-1.1.7.jar, file:/C:/Users/Kuba/.ivy2/cache/com.typesafe.play/play-json_2.11/jars/play-json_2.11-2.5.4.jar, file:/C:/Users/Kuba/.ivy2/cache/com.typesafe.play/play-functional_2.11/jars/play-functional_2.11-2.5.4.jar, file:/C:/Users/Kuba/.ivy2/cache/com.typesafe.play/play-datacommons_2.11/jars/play-datacommons_2.11-2.5.4.jar, file:/C:/Users/Kuba/Downloads/activator-dist-1.3.12/repository/joda-time/joda-time/2.9.2/jars/joda-time.jar, file:/C:/Users/Kuba/Downloads/activator-dist-1.3.12/repository/org.joda/joda-convert/1.8.1/jars/joda-convert.jar, file:/C:/Users/Kuba/Downloads/activator-dist-1.3.12/repository/org.scala-lang/scala-reflect/2.11.7/jars/scala-reflect.jar, file:/C:/Users/Kuba/Downloads/activator-dist-1.3.12/repository/com.fasterxml.jackson.core/jackson-core/2.7.1/bundles/jackson-core.jar, file:/C:/Users/Kuba/Downloads/activator-dist-1.3.12/repository/com.fasterxml.jackson.core/jackson-annotations/2.7.1/bundles/jackson-annotations.jar, file:/C:/Users/Kuba/Downloads/activator-dist-1.3.12/repository/com.fasterxml.jackson.core/jackson-databind/2.7.1/bundles/jackson-databind.jar, file:/C:/Users/Kuba/Downloads/activator-dist-1.3.12/repository/com.fasterxml.jackson.datatype/jackson-datatype-jdk8/2.7.1/bundles/jackson-datatype-jdk8.jar, file:/C:/Users/Kuba/Downloads/activator-dist-1.3.12/repository/com.fasterxml.jackson.datatype/jackson-datatype-jsr310/2.7.1/bundles/jackson-datatype-jsr310.jar, file:/C:/Users/Kuba/.ivy2/cache/com.typesafe.play/play-netty-utils/jars/play-netty-utils-2.5.4.jar, file:/C:/Users/Kuba/.ivy2/cache/org.slf4j/jul-to-slf4j/jars/jul-to-slf4j-1.7.19.jar, file:/C:/Users/Kuba/.ivy2/cache/org.slf4j/jcl-over-slf4j/jars/jcl-over-slf4j-1.7.19.jar, file:/C:/Users/Kuba/.ivy2/cache/com.typesafe.play/play-streams_2.11/jars/play-streams_2.11-2.5.4.jar, file:/C:/Users/Kuba/.ivy2/cache/org.reactivestreams/reactive-streams/jars/reactive-streams-1.0.0.jar, file:/C:/Users/Kuba/.ivy2/cache/com.typesafe.akka/akka-stream_2.11/jars/akka-stream_2.11-2.4.4.jar, file:/C:/Users/Kuba/.ivy2/cache/com.typesafe.akka/akka-actor_2.11/jars/akka-actor_2.11-2.4.4.jar, file:/C:/Users/Kuba/Downloads/activator-dist-1.3.12/repository/org.scala-lang.modules/scala-java8-compat_2.11/0.7.0/bundles/scala-java8-compat_2.11.jar, file:/C:/Users/Kuba/Downloads/activator-dist-1.3.12/repository/com.typesafe/ssl-config-akka_2.11/0.2.1/bundles/ssl-config-akka_2.11.jar, file:/C:/Users/Kuba/.ivy2/cache/com.typesafe/ssl-config-core_2.11/bundles/ssl-config-core_2.11-0.2.1.jar, file:/C:/Users/Kuba/.ivy2/cache/org.scala-lang.modules/scala-parser-combinators_2.11/bundles/scala-parser-combinators_2.11-1.0.4.jar, file:/C:/Users/Kuba/.ivy2/cache/com.typesafe.akka/akka-slf4j_2.11/jars/akka-slf4j_2.11-2.4.4.jar, file:/C:/Users/Kuba/.ivy2/cache/commons-codec/commons-codec/jars/commons-codec-1.10.jar, file:/C:/Users/Kuba/.ivy2/cache/xerces/xercesImpl/jars/xercesImpl-2.11.0.jar, file:/C:/Users/Kuba/.ivy2/cache/xml-apis/xml-apis/jars/xml-apis-1.4.01.jar, file:/C:/Users/Kuba/.ivy2/cache/javax.transaction/jta/jars/jta-1.1.jar, file:/C:/Users/Kuba/Downloads/activator-dist-1.3.12/repository/com.google.inject/guice/4.0/jars/guice.jar, file:/C:/Users/Kuba/.ivy2/cache/javax.inject/javax.inject/jars/javax.inject-1.jar, file:/C:/Users/Kuba/.ivy2/cache/aopalliance/aopalliance/jars/aopalliance-1.0.jar, file:/C:/Users/Kuba/Downloads/activator-dist-1.3.12/repository/com.google.inject.extensions/guice-assistedinject/4.0/jars/guice-assistedinject.jar, file:/C:/Users/Kuba/.ivy2/cache/com.typesafe.play/play-netty-server_2.11/jars/play-netty-server_2.11-2.5.4.jar, file:/C:/Users/Kuba/.ivy2/cache/com.typesafe.netty/netty-reactive-streams-http/jars/netty-reactive-streams-http-1.0.6.jar, file:/C:/Users/Kuba/.ivy2/cache/com.typesafe.netty/netty-reactive-streams/jars/netty-reactive-streams-1.0.6.jar, file:/C:/Users/Kuba/.ivy2/cache/io.netty/netty-handler/jars/netty-handler-4.0.36.Final.jar, file:/C:/Users/Kuba/.ivy2/cache/io.netty/netty-buffer/jars/netty-buffer-4.0.36.Final.jar, file:/C:/Users/Kuba/.ivy2/cache/io.netty/netty-common/jars/netty-common-4.0.36.Final.jar, file:/C:/Users/Kuba/.ivy2/cache/io.netty/netty-transport/jars/netty-transport-4.0.36.Final.jar, file:/C:/Users/Kuba/.ivy2/cache/io.netty/netty-codec/jars/netty-codec-4.0.36.Final.jar, file:/C:/Users/Kuba/.ivy2/cache/io.netty/netty-codec-http/jars/netty-codec-http-4.0.36.Final.jar, file:/C:/Users/Kuba/.ivy2/cache/io.netty/netty-transport-native-epoll/jars/netty-transport-native-epoll-4.0.36.Final-linux-x86_64.jar, file:/C:/Users/Kuba/.ivy2/cache/com.typesafe.play/play-logback_2.11/jars/play-logback_2.11-2.5.4.jar, file:/C:/Users/Kuba/.ivy2/cache/org.scala-lang/scala-swing/jars/scala-swing-2.11.0-M7.jar, file:/C:/Users/Kuba/.ivy2/cache/com.mohiva/play-silhouette_2.11/jars/play-silhouette_2.11-4.0.0.jar, file:/C:/Users/Kuba/.ivy2/cache/com.typesafe.play/play-cache_2.11/jars/play-cache_2.11-2.5.4.jar, file:/C:/Users/Kuba/Downloads/activator-dist-1.3.12/repository/net.sf.ehcache/ehcache-core/2.6.11/jars/ehcache-core.jar, file:/C:/Users/Kuba/.ivy2/cache/com.typesafe.play/play-ws_2.11/jars/play-ws_2.11-2.5.4.jar, file:/C:/Users/Kuba/.ivy2/cache/com.google.guava/guava/bundles/guava-19.0.jar, file:/C:/Users/Kuba/.ivy2/cache/org.asynchttpclient/async-http-client/jars/async-http-client-2.0.2.jar, file:/C:/Users/Kuba/.ivy2/cache/org.asynchttpclient/netty-resolver-dns/jars/netty-resolver-dns-2.0.2.jar, file:/C:/Users/Kuba/.ivy2/cache/org.asynchttpclient/netty-resolver/jars/netty-resolver-2.0.2.jar, file:/C:/Users/Kuba/.ivy2/cache/org.slf4j/slf4j-api/jars/slf4j-api-1.7.21.jar, file:/C:/Users/Kuba/.ivy2/cache/org.asynchttpclient/netty-codec-dns/jars/netty-codec-dns-2.0.2.jar, file:/C:/Users/Kuba/.ivy2/cache/org.javassist/javassist/bundles/javassist-3.20.0-GA.jar, file:/C:/Users/Kuba/.ivy2/cache/oauth.signpost/signpost-core/jars/signpost-core-1.2.1.2.jar, file:/C:/Users/Kuba/.ivy2/cache/oauth.signpost/signpost-commonshttp4/jars/signpost-commonshttp4-1.2.1.2.jar, file:/C:/Users/Kuba/.ivy2/cache/org.apache.httpcomponents/httpcore/jars/httpcore-4.0.1.jar, file:/C:/Users/Kuba/.ivy2/cache/org.apache.httpcomponents/httpclient/jars/httpclient-4.0.1.jar, file:/C:/Users/Kuba/.ivy2/cache/commons-logging/commons-logging/jars/commons-logging-1.1.1.jar, file:/C:/Users/Kuba/.ivy2/cache/com.atlassian.jwt/jwt-core/jars/jwt-core-1.5.8.jar, file:/C:/Users/Kuba/.ivy2/cache/com.nimbusds/nimbus-jose-jwt/jars/nimbus-jose-jwt-2.16.jar, file:/C:/Users/Kuba/.ivy2/cache/net.jcip/jcip-annotations/jars/jcip-annotations-1.0.jar, file:/C:/Users/Kuba/.ivy2/cache/net.minidev/json-smart/jars/json-smart-1.1.1.jar, file:/C:/Users/Kuba/.ivy2/cache/javax.mail/mail/jars/mail-1.4.7.jar, file:/C:/Users/Kuba/.ivy2/cache/org.bouncycastle/bcprov-jdk15on/jars/bcprov-jdk15on-1.51.jar, file:/C:/Users/Kuba/.ivy2/cache/org.bouncycastle/bcpkix-jdk15on/jars/bcpkix-jdk15on-1.51.jar, file:/C:/Users/Kuba/.ivy2/cache/com.atlassian.jwt/jwt-api/jars/jwt-api-1.5.8.jar, file:/C:/Users/Kuba/.ivy2/cache/com.mohiva/play-silhouette-password-bcrypt_2.11/jars/play-silhouette-password-bcrypt_2.11-4.0.0.jar, file:/C:/Users/Kuba/.ivy2/cache/de.svenkubiak/jBCrypt/bundles/jBCrypt-0.4.1.jar, file:/C:/Users/Kuba/.ivy2/cache/com.mohiva/play-silhouette-persistence_2.11/jars/play-silhouette-persistence_2.11-4.0.0.jar, file:/C:/Users/Kuba/.ivy2/cache/com.mohiva/play-silhouette-crypto-jca_2.11/jars/play-silhouette-crypto-jca_2.11-4.0.0.jar, file:/C:/Users/Kuba/.ivy2/cache/org.webjars/webjars-play_2.11/jars/webjars-play_2.11-2.5.0-2.jar, file:/C:/Users/Kuba/.ivy2/cache/org.webjars/requirejs/jars/requirejs-2.1.20.jar, file:/C:/Users/Kuba/.ivy2/cache/org.webjars/webjars-locator/jars/webjars-locator-0.31.jar, file:/C:/Users/Kuba/.ivy2/cache/org.webjars/webjars-locator-core/jars/webjars-locator-core-0.30.jar, file:/C:/Users/Kuba/.ivy2/cache/org.apache.commons/commons-compress/jars/commons-compress-1.9.jar, file:/C:/Users/Kuba/.ivy2/cache/net.codingwell/scala-guice_2.11/jars/scala-guice_2.11-4.0.1.jar, file:/C:/Users/Kuba/.ivy2/cache/com.google.inject.extensions/guice-multibindings/jars/guice-multibindings-4.0.jar, file:/C:/Users/Kuba/.ivy2/cache/com.iheart/ficus_2.11/jars/ficus_2.11-1.2.6.jar, file:/C:/Users/Kuba/.ivy2/cache/org.typelevel/macro-compat_2.11/jars/macro-compat_2.11-1.1.1.jar, file:/C:/Users/Kuba/.ivy2/cache/com.typesafe.play/play-mailer_2.11/jars/play-mailer_2.11-5.0.0.jar, file:/C:/Users/Kuba/.ivy2/cache/org.apache.commons/commons-email/jars/commons-email-1.4.jar, file:/C:/Users/Kuba/.ivy2/cache/com.sun.mail/javax.mail/jars/javax.mail-1.5.2.jar, file:/C:/Users/Kuba/.ivy2/cache/javax.activation/activation/jars/activation-1.1.1.jar, file:/C:/Users/Kuba/.ivy2/cache/com.enragedginger/akka-quartz-scheduler_2.11/jars/akka-quartz-scheduler_2.11-1.5.0-akka-2.4.x.jar, file:/C:/Users/Kuba/.ivy2/cache/org.quartz-scheduler/quartz/jars/quartz-2.2.2.jar, file:/C:/Users/Kuba/.ivy2/cache/c3p0/c3p0/jars/c3p0-0.9.1.1.jar, file:/C:/Users/Kuba/.ivy2/cache/com.adrianhurt/play-bootstrap_2.11/jars/play-bootstrap_2.11-1.0-P25-B3.jar, file:/C:/Users/Kuba/.ivy2/cache/com.typesafe.play/filters-helpers_2.11/jars/filters-helpers_2.11-2.5.4.jar, file:/C:/Users/Kuba/.ivy2/cache/com.typesafe.play/play-java_2.11/jars/play-java_2.11-2.5.4.jar, file:/C:/Users/Kuba/Downloads/activator-dist-1.3.12/repository/org.yaml/snakeyaml/1.16/bundles/snakeyaml.jar, file:/C:/Users/Kuba/Downloads/activator-dist-1.3.12/repository/org.hibernate/hibernate-validator/5.2.4.Final/jars/hibernate-validator.jar, file:/C:/Users/Kuba/Downloads/activator-dist-1.3.12/repository/javax.validation/validation-api/1.1.0.Final/jars/validation-api.jar, file:/C:/Users/Kuba/Downloads/activator-dist-1.3.12/repository/org.jboss.logging/jboss-logging/3.2.1.Final/jars/jboss-logging.jar, file:/C:/Users/Kuba/Downloads/activator-dist-1.3.12/repository/com.fasterxml/classmate/1.1.0/bundles/classmate.jar, file:/C:/Users/Kuba/Downloads/activator-dist-1.3.12/repository/javax.el/javax.el-api/3.0.0/jars/javax.el-api.jar, file:/C:/Users/Kuba/.ivy2/cache/org.springframework/spring-context/jars/spring-context-4.2.4.RELEASE.jar, file:/C:/Users/Kuba/.ivy2/cache/org.springframework/spring-core/jars/spring-core-4.2.4.RELEASE.jar, file:/C:/Users/Kuba/.ivy2/cache/org.springframework/spring-beans/jars/spring-beans-4.2.4.RELEASE.jar, file:/C:/Users/Kuba/Downloads/activator-dist-1.3.12/repository/org.reflections/reflections/0.9.10/jars/reflections.jar, file:/C:/Users/Kuba/Downloads/activator-dist-1.3.12/repository/net.jodah/typetools/0.4.4/bundles/typetools.jar, file:/C:/Users/Kuba/.ivy2/cache/com.google.code.findbugs/jsr305/jars/jsr305-3.0.1.jar, file:/C:/Users/Kuba/Downloads/activator-dist-1.3.12/repository/org.apache.tomcat/tomcat-servlet-api/8.0.33/jars/tomcat-servlet-api.jar, file:/C:/Users/Kuba/.ivy2/cache/com.adrianhurt/play-bootstrap-core_2.11/jars/play-bootstrap-core_2.11-1.0-P25.jar, file:/C:/Users/Kuba/.ivy2/cache/org.webjars/bootstrap/jars/bootstrap-3.3.6.jar, file:/C:/Users/Kuba/.ivy2/cache/org.webjars/jquery/jars/jquery-2.1.4.jar}
16:45:22.887 [ForkJoinPool-8-worker-1] DEBUG c.google.inject.internal.BytecodeGen - Loading class play.DefaultApplication FastClass with PlayDependencyClassLoader{file:/C:/Users/Kuba/IdeaProjects/play-silhouette-seed-master/lib/connect-four.jar, file:/C:/Users/Kuba/IdeaProjects/play-silhouette-seed-master/lib/sudoku.jar, file:/C:/Users/Kuba/.ivy2/cache/org.scala-lang/scala-library/jars/scala-library-2.11.8.jar, file:/C:/Users/Kuba/Downloads/activator-dist-1.3.12/repository/com.typesafe.play/twirl-api_2.11/1.1.1/jars/twirl-api_2.11.jar, file:/C:/Users/Kuba/.ivy2/cache/org.apache.commons/commons-lang3/jars/commons-lang3-3.4.jar, file:/C:/Users/Kuba/.ivy2/cache/org.scala-lang.modules/scala-xml_2.11/bundles/scala-xml_2.11-1.0.1.jar, file:/C:/Users/Kuba/.ivy2/cache/com.typesafe.play/play-server_2.11/jars/play-server_2.11-2.5.4.jar, file:/C:/Users/Kuba/.ivy2/cache/com.typesafe.play/play_2.11/jars/play_2.11-2.5.4.jar, file:/C:/Users/Kuba/.ivy2/cache/com.typesafe.play/build-link/jars/build-link-2.5.4.jar, file:/C:/Users/Kuba/.ivy2/cache/com.typesafe.play/play-exceptions/jars/play-exceptions-2.5.4.jar, file:/C:/Users/Kuba/.ivy2/cache/com.typesafe.play/play-iteratees_2.11/jars/play-iteratees_2.11-2.5.4.jar, file:/C:/Users/Kuba/.ivy2/cache/org.scala-stm/scala-stm_2.11/jars/scala-stm_2.11-0.7.jar, file:/C:/Users/Kuba/Downloads/activator-dist-1.3.12/repository/com.typesafe/config/1.3.0/bundles/config.jar, file:/C:/Users/Kuba/.ivy2/cache/ch.qos.logback/logback-classic/jars/logback-classic-1.1.7.jar, file:/C:/Users/Kuba/.ivy2/cache/ch.qos.logback/logback-core/jars/logback-core-1.1.7.jar, file:/C:/Users/Kuba/.ivy2/cache/com.typesafe.play/play-json_2.11/jars/play-json_2.11-2.5.4.jar, file:/C:/Users/Kuba/.ivy2/cache/com.typesafe.play/play-functional_2.11/jars/play-functional_2.11-2.5.4.jar, file:/C:/Users/Kuba/.ivy2/cache/com.typesafe.play/play-datacommons_2.11/jars/play-datacommons_2.11-2.5.4.jar, file:/C:/Users/Kuba/Downloads/activator-dist-1.3.12/repository/joda-time/joda-time/2.9.2/jars/joda-time.jar, file:/C:/Users/Kuba/Downloads/activator-dist-1.3.12/repository/org.joda/joda-convert/1.8.1/jars/joda-convert.jar, file:/C:/Users/Kuba/Downloads/activator-dist-1.3.12/repository/org.scala-lang/scala-reflect/2.11.7/jars/scala-reflect.jar, file:/C:/Users/Kuba/Downloads/activator-dist-1.3.12/repository/com.fasterxml.jackson.core/jackson-core/2.7.1/bundles/jackson-core.jar, file:/C:/Users/Kuba/Downloads/activator-dist-1.3.12/repository/com.fasterxml.jackson.core/jackson-annotations/2.7.1/bundles/jackson-annotations.jar, file:/C:/Users/Kuba/Downloads/activator-dist-1.3.12/repository/com.fasterxml.jackson.core/jackson-databind/2.7.1/bundles/jackson-databind.jar, file:/C:/Users/Kuba/Downloads/activator-dist-1.3.12/repository/com.fasterxml.jackson.datatype/jackson-datatype-jdk8/2.7.1/bundles/jackson-datatype-jdk8.jar, file:/C:/Users/Kuba/Downloads/activator-dist-1.3.12/repository/com.fasterxml.jackson.datatype/jackson-datatype-jsr310/2.7.1/bundles/jackson-datatype-jsr310.jar, file:/C:/Users/Kuba/.ivy2/cache/com.typesafe.play/play-netty-utils/jars/play-netty-utils-2.5.4.jar, file:/C:/Users/Kuba/.ivy2/cache/org.slf4j/jul-to-slf4j/jars/jul-to-slf4j-1.7.19.jar, file:/C:/Users/Kuba/.ivy2/cache/org.slf4j/jcl-over-slf4j/jars/jcl-over-slf4j-1.7.19.jar, file:/C:/Users/Kuba/.ivy2/cache/com.typesafe.play/play-streams_2.11/jars/play-streams_2.11-2.5.4.jar, file:/C:/Users/Kuba/.ivy2/cache/org.reactivestreams/reactive-streams/jars/reactive-streams-1.0.0.jar, file:/C:/Users/Kuba/.ivy2/cache/com.typesafe.akka/akka-stream_2.11/jars/akka-stream_2.11-2.4.4.jar, file:/C:/Users/Kuba/.ivy2/cache/com.typesafe.akka/akka-actor_2.11/jars/akka-actor_2.11-2.4.4.jar, file:/C:/Users/Kuba/Downloads/activator-dist-1.3.12/repository/org.scala-lang.modules/scala-java8-compat_2.11/0.7.0/bundles/scala-java8-compat_2.11.jar, file:/C:/Users/Kuba/Downloads/activator-dist-1.3.12/repository/com.typesafe/ssl-config-akka_2.11/0.2.1/bundles/ssl-config-akka_2.11.jar, file:/C:/Users/Kuba/.ivy2/cache/com.typesafe/ssl-config-core_2.11/bundles/ssl-config-core_2.11-0.2.1.jar, file:/C:/Users/Kuba/.ivy2/cache/org.scala-lang.modules/scala-parser-combinators_2.11/bundles/scala-parser-combinators_2.11-1.0.4.jar, file:/C:/Users/Kuba/.ivy2/cache/com.typesafe.akka/akka-slf4j_2.11/jars/akka-slf4j_2.11-2.4.4.jar, file:/C:/Users/Kuba/.ivy2/cache/commons-codec/commons-codec/jars/commons-codec-1.10.jar, file:/C:/Users/Kuba/.ivy2/cache/xerces/xercesImpl/jars/xercesImpl-2.11.0.jar, file:/C:/Users/Kuba/.ivy2/cache/xml-apis/xml-apis/jars/xml-apis-1.4.01.jar, file:/C:/Users/Kuba/.ivy2/cache/javax.transaction/jta/jars/jta-1.1.jar, file:/C:/Users/Kuba/Downloads/activator-dist-1.3.12/repository/com.google.inject/guice/4.0/jars/guice.jar, file:/C:/Users/Kuba/.ivy2/cache/javax.inject/javax.inject/jars/javax.inject-1.jar, file:/C:/Users/Kuba/.ivy2/cache/aopalliance/aopalliance/jars/aopalliance-1.0.jar, file:/C:/Users/Kuba/Downloads/activator-dist-1.3.12/repository/com.google.inject.extensions/guice-assistedinject/4.0/jars/guice-assistedinject.jar, file:/C:/Users/Kuba/.ivy2/cache/com.typesafe.play/play-netty-server_2.11/jars/play-netty-server_2.11-2.5.4.jar, file:/C:/Users/Kuba/.ivy2/cache/com.typesafe.netty/netty-reactive-streams-http/jars/netty-reactive-streams-http-1.0.6.jar, file:/C:/Users/Kuba/.ivy2/cache/com.typesafe.netty/netty-reactive-streams/jars/netty-reactive-streams-1.0.6.jar, file:/C:/Users/Kuba/.ivy2/cache/io.netty/netty-handler/jars/netty-handler-4.0.36.Final.jar, file:/C:/Users/Kuba/.ivy2/cache/io.netty/netty-buffer/jars/netty-buffer-4.0.36.Final.jar, file:/C:/Users/Kuba/.ivy2/cache/io.netty/netty-common/jars/netty-common-4.0.36.Final.jar, file:/C:/Users/Kuba/.ivy2/cache/io.netty/netty-transport/jars/netty-transport-4.0.36.Final.jar, file:/C:/Users/Kuba/.ivy2/cache/io.netty/netty-codec/jars/netty-codec-4.0.36.Final.jar, file:/C:/Users/Kuba/.ivy2/cache/io.netty/netty-codec-http/jars/netty-codec-http-4.0.36.Final.jar, file:/C:/Users/Kuba/.ivy2/cache/io.netty/netty-transport-native-epoll/jars/netty-transport-native-epoll-4.0.36.Final-linux-x86_64.jar, file:/C:/Users/Kuba/.ivy2/cache/com.typesafe.play/play-logback_2.11/jars/play-logback_2.11-2.5.4.jar, file:/C:/Users/Kuba/.ivy2/cache/org.scala-lang/scala-swing/jars/scala-swing-2.11.0-M7.jar, file:/C:/Users/Kuba/.ivy2/cache/com.mohiva/play-silhouette_2.11/jars/play-silhouette_2.11-4.0.0.jar, file:/C:/Users/Kuba/.ivy2/cache/com.typesafe.play/play-cache_2.11/jars/play-cache_2.11-2.5.4.jar, file:/C:/Users/Kuba/Downloads/activator-dist-1.3.12/repository/net.sf.ehcache/ehcache-core/2.6.11/jars/ehcache-core.jar, file:/C:/Users/Kuba/.ivy2/cache/com.typesafe.play/play-ws_2.11/jars/play-ws_2.11-2.5.4.jar, file:/C:/Users/Kuba/.ivy2/cache/com.google.guava/guava/bundles/guava-19.0.jar, file:/C:/Users/Kuba/.ivy2/cache/org.asynchttpclient/async-http-client/jars/async-http-client-2.0.2.jar, file:/C:/Users/Kuba/.ivy2/cache/org.asynchttpclient/netty-resolver-dns/jars/netty-resolver-dns-2.0.2.jar, file:/C:/Users/Kuba/.ivy2/cache/org.asynchttpclient/netty-resolver/jars/netty-resolver-2.0.2.jar, file:/C:/Users/Kuba/.ivy2/cache/org.slf4j/slf4j-api/jars/slf4j-api-1.7.21.jar, file:/C:/Users/Kuba/.ivy2/cache/org.asynchttpclient/netty-codec-dns/jars/netty-codec-dns-2.0.2.jar, file:/C:/Users/Kuba/.ivy2/cache/org.javassist/javassist/bundles/javassist-3.20.0-GA.jar, file:/C:/Users/Kuba/.ivy2/cache/oauth.signpost/signpost-core/jars/signpost-core-1.2.1.2.jar, file:/C:/Users/Kuba/.ivy2/cache/oauth.signpost/signpost-commonshttp4/jars/signpost-commonshttp4-1.2.1.2.jar, file:/C:/Users/Kuba/.ivy2/cache/org.apache.httpcomponents/httpcore/jars/httpcore-4.0.1.jar, file:/C:/Users/Kuba/.ivy2/cache/org.apache.httpcomponents/httpclient/jars/httpclient-4.0.1.jar, file:/C:/Users/Kuba/.ivy2/cache/commons-logging/commons-logging/jars/commons-logging-1.1.1.jar, file:/C:/Users/Kuba/.ivy2/cache/com.atlassian.jwt/jwt-core/jars/jwt-core-1.5.8.jar, file:/C:/Users/Kuba/.ivy2/cache/com.nimbusds/nimbus-jose-jwt/jars/nimbus-jose-jwt-2.16.jar, file:/C:/Users/Kuba/.ivy2/cache/net.jcip/jcip-annotations/jars/jcip-annotations-1.0.jar, file:/C:/Users/Kuba/.ivy2/cache/net.minidev/json-smart/jars/json-smart-1.1.1.jar, file:/C:/Users/Kuba/.ivy2/cache/javax.mail/mail/jars/mail-1.4.7.jar, file:/C:/Users/Kuba/.ivy2/cache/org.bouncycastle/bcprov-jdk15on/jars/bcprov-jdk15on-1.51.jar, file:/C:/Users/Kuba/.ivy2/cache/org.bouncycastle/bcpkix-jdk15on/jars/bcpkix-jdk15on-1.51.jar, file:/C:/Users/Kuba/.ivy2/cache/com.atlassian.jwt/jwt-api/jars/jwt-api-1.5.8.jar, file:/C:/Users/Kuba/.ivy2/cache/com.mohiva/play-silhouette-password-bcrypt_2.11/jars/play-silhouette-password-bcrypt_2.11-4.0.0.jar, file:/C:/Users/Kuba/.ivy2/cache/de.svenkubiak/jBCrypt/bundles/jBCrypt-0.4.1.jar, file:/C:/Users/Kuba/.ivy2/cache/com.mohiva/play-silhouette-persistence_2.11/jars/play-silhouette-persistence_2.11-4.0.0.jar, file:/C:/Users/Kuba/.ivy2/cache/com.mohiva/play-silhouette-crypto-jca_2.11/jars/play-silhouette-crypto-jca_2.11-4.0.0.jar, file:/C:/Users/Kuba/.ivy2/cache/org.webjars/webjars-play_2.11/jars/webjars-play_2.11-2.5.0-2.jar, file:/C:/Users/Kuba/.ivy2/cache/org.webjars/requirejs/jars/requirejs-2.1.20.jar, file:/C:/Users/Kuba/.ivy2/cache/org.webjars/webjars-locator/jars/webjars-locator-0.31.jar, file:/C:/Users/Kuba/.ivy2/cache/org.webjars/webjars-locator-core/jars/webjars-locator-core-0.30.jar, file:/C:/Users/Kuba/.ivy2/cache/org.apache.commons/commons-compress/jars/commons-compress-1.9.jar, file:/C:/Users/Kuba/.ivy2/cache/net.codingwell/scala-guice_2.11/jars/scala-guice_2.11-4.0.1.jar, file:/C:/Users/Kuba/.ivy2/cache/com.google.inject.extensions/guice-multibindings/jars/guice-multibindings-4.0.jar, file:/C:/Users/Kuba/.ivy2/cache/com.iheart/ficus_2.11/jars/ficus_2.11-1.2.6.jar, file:/C:/Users/Kuba/.ivy2/cache/org.typelevel/macro-compat_2.11/jars/macro-compat_2.11-1.1.1.jar, file:/C:/Users/Kuba/.ivy2/cache/com.typesafe.play/play-mailer_2.11/jars/play-mailer_2.11-5.0.0.jar, file:/C:/Users/Kuba/.ivy2/cache/org.apache.commons/commons-email/jars/commons-email-1.4.jar, file:/C:/Users/Kuba/.ivy2/cache/com.sun.mail/javax.mail/jars/javax.mail-1.5.2.jar, file:/C:/Users/Kuba/.ivy2/cache/javax.activation/activation/jars/activation-1.1.1.jar, file:/C:/Users/Kuba/.ivy2/cache/com.enragedginger/akka-quartz-scheduler_2.11/jars/akka-quartz-scheduler_2.11-1.5.0-akka-2.4.x.jar, file:/C:/Users/Kuba/.ivy2/cache/org.quartz-scheduler/quartz/jars/quartz-2.2.2.jar, file:/C:/Users/Kuba/.ivy2/cache/c3p0/c3p0/jars/c3p0-0.9.1.1.jar, file:/C:/Users/Kuba/.ivy2/cache/com.adrianhurt/play-bootstrap_2.11/jars/play-bootstrap_2.11-1.0-P25-B3.jar, file:/C:/Users/Kuba/.ivy2/cache/com.typesafe.play/filters-helpers_2.11/jars/filters-helpers_2.11-2.5.4.jar, file:/C:/Users/Kuba/.ivy2/cache/com.typesafe.play/play-java_2.11/jars/play-java_2.11-2.5.4.jar, file:/C:/Users/Kuba/Downloads/activator-dist-1.3.12/repository/org.yaml/snakeyaml/1.16/bundles/snakeyaml.jar, file:/C:/Users/Kuba/Downloads/activator-dist-1.3.12/repository/org.hibernate/hibernate-validator/5.2.4.Final/jars/hibernate-validator.jar, file:/C:/Users/Kuba/Downloads/activator-dist-1.3.12/repository/javax.validation/validation-api/1.1.0.Final/jars/validation-api.jar, file:/C:/Users/Kuba/Downloads/activator-dist-1.3.12/repository/org.jboss.logging/jboss-logging/3.2.1.Final/jars/jboss-logging.jar, file:/C:/Users/Kuba/Downloads/activator-dist-1.3.12/repository/com.fasterxml/classmate/1.1.0/bundles/classmate.jar, file:/C:/Users/Kuba/Downloads/activator-dist-1.3.12/repository/javax.el/javax.el-api/3.0.0/jars/javax.el-api.jar, file:/C:/Users/Kuba/.ivy2/cache/org.springframework/spring-context/jars/spring-context-4.2.4.RELEASE.jar, file:/C:/Users/Kuba/.ivy2/cache/org.springframework/spring-core/jars/spring-core-4.2.4.RELEASE.jar, file:/C:/Users/Kuba/.ivy2/cache/org.springframework/spring-beans/jars/spring-beans-4.2.4.RELEASE.jar, file:/C:/Users/Kuba/Downloads/activator-dist-1.3.12/repository/org.reflections/reflections/0.9.10/jars/reflections.jar, file:/C:/Users/Kuba/Downloads/activator-dist-1.3.12/repository/net.jodah/typetools/0.4.4/bundles/typetools.jar, file:/C:/Users/Kuba/.ivy2/cache/com.google.code.findbugs/jsr305/jars/jsr305-3.0.1.jar, file:/C:/Users/Kuba/Downloads/activator-dist-1.3.12/repository/org.apache.tomcat/tomcat-servlet-api/8.0.33/jars/tomcat-servlet-api.jar, file:/C:/Users/Kuba/.ivy2/cache/com.adrianhurt/play-bootstrap-core_2.11/jars/play-bootstrap-core_2.11-1.0-P25.jar, file:/C:/Users/Kuba/.ivy2/cache/org.webjars/bootstrap/jars/bootstrap-3.3.6.jar, file:/C:/Users/Kuba/.ivy2/cache/org.webjars/jquery/jars/jquery-2.1.4.jar}
16:45:22.890 [ForkJoinPool-8-worker-1] DEBUG c.google.inject.internal.BytecodeGen - Loading class play.api.inject.RoutesProvider FastClass with PlayDependencyClassLoader{file:/C:/Users/Kuba/IdeaProjects/play-silhouette-seed-master/lib/connect-four.jar, file:/C:/Users/Kuba/IdeaProjects/play-silhouette-seed-master/lib/sudoku.jar, file:/C:/Users/Kuba/.ivy2/cache/org.scala-lang/scala-library/jars/scala-library-2.11.8.jar, file:/C:/Users/Kuba/Downloads/activator-dist-1.3.12/repository/com.typesafe.play/twirl-api_2.11/1.1.1/jars/twirl-api_2.11.jar, file:/C:/Users/Kuba/.ivy2/cache/org.apache.commons/commons-lang3/jars/commons-lang3-3.4.jar, file:/C:/Users/Kuba/.ivy2/cache/org.scala-lang.modules/scala-xml_2.11/bundles/scala-xml_2.11-1.0.1.jar, file:/C:/Users/Kuba/.ivy2/cache/com.typesafe.play/play-server_2.11/jars/play-server_2.11-2.5.4.jar, file:/C:/Users/Kuba/.ivy2/cache/com.typesafe.play/play_2.11/jars/play_2.11-2.5.4.jar, file:/C:/Users/Kuba/.ivy2/cache/com.typesafe.play/build-link/jars/build-link-2.5.4.jar, file:/C:/Users/Kuba/.ivy2/cache/com.typesafe.play/play-exceptions/jars/play-exceptions-2.5.4.jar, file:/C:/Users/Kuba/.ivy2/cache/com.typesafe.play/play-iteratees_2.11/jars/play-iteratees_2.11-2.5.4.jar, file:/C:/Users/Kuba/.ivy2/cache/org.scala-stm/scala-stm_2.11/jars/scala-stm_2.11-0.7.jar, file:/C:/Users/Kuba/Downloads/activator-dist-1.3.12/repository/com.typesafe/config/1.3.0/bundles/config.jar, file:/C:/Users/Kuba/.ivy2/cache/ch.qos.logback/logback-classic/jars/logback-classic-1.1.7.jar, file:/C:/Users/Kuba/.ivy2/cache/ch.qos.logback/logback-core/jars/logback-core-1.1.7.jar, file:/C:/Users/Kuba/.ivy2/cache/com.typesafe.play/play-json_2.11/jars/play-json_2.11-2.5.4.jar, file:/C:/Users/Kuba/.ivy2/cache/com.typesafe.play/play-functional_2.11/jars/play-functional_2.11-2.5.4.jar, file:/C:/Users/Kuba/.ivy2/cache/com.typesafe.play/play-datacommons_2.11/jars/play-datacommons_2.11-2.5.4.jar, file:/C:/Users/Kuba/Downloads/activator-dist-1.3.12/repository/joda-time/joda-time/2.9.2/jars/joda-time.jar, file:/C:/Users/Kuba/Downloads/activator-dist-1.3.12/repository/org.joda/joda-convert/1.8.1/jars/joda-convert.jar, file:/C:/Users/Kuba/Downloads/activator-dist-1.3.12/repository/org.scala-lang/scala-reflect/2.11.7/jars/scala-reflect.jar, file:/C:/Users/Kuba/Downloads/activator-dist-1.3.12/repository/com.fasterxml.jackson.core/jackson-core/2.7.1/bundles/jackson-core.jar, file:/C:/Users/Kuba/Downloads/activator-dist-1.3.12/repository/com.fasterxml.jackson.core/jackson-annotations/2.7.1/bundles/jackson-annotations.jar, file:/C:/Users/Kuba/Downloads/activator-dist-1.3.12/repository/com.fasterxml.jackson.core/jackson-databind/2.7.1/bundles/jackson-databind.jar, file:/C:/Users/Kuba/Downloads/activator-dist-1.3.12/repository/com.fasterxml.jackson.datatype/jackson-datatype-jdk8/2.7.1/bundles/jackson-datatype-jdk8.jar, file:/C:/Users/Kuba/Downloads/activator-dist-1.3.12/repository/com.fasterxml.jackson.datatype/jackson-datatype-jsr310/2.7.1/bundles/jackson-datatype-jsr310.jar, file:/C:/Users/Kuba/.ivy2/cache/com.typesafe.play/play-netty-utils/jars/play-netty-utils-2.5.4.jar, file:/C:/Users/Kuba/.ivy2/cache/org.slf4j/jul-to-slf4j/jars/jul-to-slf4j-1.7.19.jar, file:/C:/Users/Kuba/.ivy2/cache/org.slf4j/jcl-over-slf4j/jars/jcl-over-slf4j-1.7.19.jar, file:/C:/Users/Kuba/.ivy2/cache/com.typesafe.play/play-streams_2.11/jars/play-streams_2.11-2.5.4.jar, file:/C:/Users/Kuba/.ivy2/cache/org.reactivestreams/reactive-streams/jars/reactive-streams-1.0.0.jar, file:/C:/Users/Kuba/.ivy2/cache/com.typesafe.akka/akka-stream_2.11/jars/akka-stream_2.11-2.4.4.jar, file:/C:/Users/Kuba/.ivy2/cache/com.typesafe.akka/akka-actor_2.11/jars/akka-actor_2.11-2.4.4.jar, file:/C:/Users/Kuba/Downloads/activator-dist-1.3.12/repository/org.scala-lang.modules/scala-java8-compat_2.11/0.7.0/bundles/scala-java8-compat_2.11.jar, file:/C:/Users/Kuba/Downloads/activator-dist-1.3.12/repository/com.typesafe/ssl-config-akka_2.11/0.2.1/bundles/ssl-config-akka_2.11.jar, file:/C:/Users/Kuba/.ivy2/cache/com.typesafe/ssl-config-core_2.11/bundles/ssl-config-core_2.11-0.2.1.jar, file:/C:/Users/Kuba/.ivy2/cache/org.scala-lang.modules/scala-parser-combinators_2.11/bundles/scala-parser-combinators_2.11-1.0.4.jar, file:/C:/Users/Kuba/.ivy2/cache/com.typesafe.akka/akka-slf4j_2.11/jars/akka-slf4j_2.11-2.4.4.jar, file:/C:/Users/Kuba/.ivy2/cache/commons-codec/commons-codec/jars/commons-codec-1.10.jar, file:/C:/Users/Kuba/.ivy2/cache/xerces/xercesImpl/jars/xercesImpl-2.11.0.jar, file:/C:/Users/Kuba/.ivy2/cache/xml-apis/xml-apis/jars/xml-apis-1.4.01.jar, file:/C:/Users/Kuba/.ivy2/cache/javax.transaction/jta/jars/jta-1.1.jar, file:/C:/Users/Kuba/Downloads/activator-dist-1.3.12/repository/com.google.inject/guice/4.0/jars/guice.jar, file:/C:/Users/Kuba/.ivy2/cache/javax.inject/javax.inject/jars/javax.inject-1.jar, file:/C:/Users/Kuba/.ivy2/cache/aopalliance/aopalliance/jars/aopalliance-1.0.jar, file:/C:/Users/Kuba/Downloads/activator-dist-1.3.12/repository/com.google.inject.extensions/guice-assistedinject/4.0/jars/guice-assistedinject.jar, file:/C:/Users/Kuba/.ivy2/cache/com.typesafe.play/play-netty-server_2.11/jars/play-netty-server_2.11-2.5.4.jar, file:/C:/Users/Kuba/.ivy2/cache/com.typesafe.netty/netty-reactive-streams-http/jars/netty-reactive-streams-http-1.0.6.jar, file:/C:/Users/Kuba/.ivy2/cache/com.typesafe.netty/netty-reactive-streams/jars/netty-reactive-streams-1.0.6.jar, file:/C:/Users/Kuba/.ivy2/cache/io.netty/netty-handler/jars/netty-handler-4.0.36.Final.jar, file:/C:/Users/Kuba/.ivy2/cache/io.netty/netty-buffer/jars/netty-buffer-4.0.36.Final.jar, file:/C:/Users/Kuba/.ivy2/cache/io.netty/netty-common/jars/netty-common-4.0.36.Final.jar, file:/C:/Users/Kuba/.ivy2/cache/io.netty/netty-transport/jars/netty-transport-4.0.36.Final.jar, file:/C:/Users/Kuba/.ivy2/cache/io.netty/netty-codec/jars/netty-codec-4.0.36.Final.jar, file:/C:/Users/Kuba/.ivy2/cache/io.netty/netty-codec-http/jars/netty-codec-http-4.0.36.Final.jar, file:/C:/Users/Kuba/.ivy2/cache/io.netty/netty-transport-native-epoll/jars/netty-transport-native-epoll-4.0.36.Final-linux-x86_64.jar, file:/C:/Users/Kuba/.ivy2/cache/com.typesafe.play/play-logback_2.11/jars/play-logback_2.11-2.5.4.jar, file:/C:/Users/Kuba/.ivy2/cache/org.scala-lang/scala-swing/jars/scala-swing-2.11.0-M7.jar, file:/C:/Users/Kuba/.ivy2/cache/com.mohiva/play-silhouette_2.11/jars/play-silhouette_2.11-4.0.0.jar, file:/C:/Users/Kuba/.ivy2/cache/com.typesafe.play/play-cache_2.11/jars/play-cache_2.11-2.5.4.jar, file:/C:/Users/Kuba/Downloads/activator-dist-1.3.12/repository/net.sf.ehcache/ehcache-core/2.6.11/jars/ehcache-core.jar, file:/C:/Users/Kuba/.ivy2/cache/com.typesafe.play/play-ws_2.11/jars/play-ws_2.11-2.5.4.jar, file:/C:/Users/Kuba/.ivy2/cache/com.google.guava/guava/bundles/guava-19.0.jar, file:/C:/Users/Kuba/.ivy2/cache/org.asynchttpclient/async-http-client/jars/async-http-client-2.0.2.jar, file:/C:/Users/Kuba/.ivy2/cache/org.asynchttpclient/netty-resolver-dns/jars/netty-resolver-dns-2.0.2.jar, file:/C:/Users/Kuba/.ivy2/cache/org.asynchttpclient/netty-resolver/jars/netty-resolver-2.0.2.jar, file:/C:/Users/Kuba/.ivy2/cache/org.slf4j/slf4j-api/jars/slf4j-api-1.7.21.jar, file:/C:/Users/Kuba/.ivy2/cache/org.asynchttpclient/netty-codec-dns/jars/netty-codec-dns-2.0.2.jar, file:/C:/Users/Kuba/.ivy2/cache/org.javassist/javassist/bundles/javassist-3.20.0-GA.jar, file:/C:/Users/Kuba/.ivy2/cache/oauth.signpost/signpost-core/jars/signpost-core-1.2.1.2.jar, file:/C:/Users/Kuba/.ivy2/cache/oauth.signpost/signpost-commonshttp4/jars/signpost-commonshttp4-1.2.1.2.jar, file:/C:/Users/Kuba/.ivy2/cache/org.apache.httpcomponents/httpcore/jars/httpcore-4.0.1.jar, file:/C:/Users/Kuba/.ivy2/cache/org.apache.httpcomponents/httpclient/jars/httpclient-4.0.1.jar, file:/C:/Users/Kuba/.ivy2/cache/commons-logging/commons-logging/jars/commons-logging-1.1.1.jar, file:/C:/Users/Kuba/.ivy2/cache/com.atlassian.jwt/jwt-core/jars/jwt-core-1.5.8.jar, file:/C:/Users/Kuba/.ivy2/cache/com.nimbusds/nimbus-jose-jwt/jars/nimbus-jose-jwt-2.16.jar, file:/C:/Users/Kuba/.ivy2/cache/net.jcip/jcip-annotations/jars/jcip-annotations-1.0.jar, file:/C:/Users/Kuba/.ivy2/cache/net.minidev/json-smart/jars/json-smart-1.1.1.jar, file:/C:/Users/Kuba/.ivy2/cache/javax.mail/mail/jars/mail-1.4.7.jar, file:/C:/Users/Kuba/.ivy2/cache/org.bouncycastle/bcprov-jdk15on/jars/bcprov-jdk15on-1.51.jar, file:/C:/Users/Kuba/.ivy2/cache/org.bouncycastle/bcpkix-jdk15on/jars/bcpkix-jdk15on-1.51.jar, file:/C:/Users/Kuba/.ivy2/cache/com.atlassian.jwt/jwt-api/jars/jwt-api-1.5.8.jar, file:/C:/Users/Kuba/.ivy2/cache/com.mohiva/play-silhouette-password-bcrypt_2.11/jars/play-silhouette-password-bcrypt_2.11-4.0.0.jar, file:/C:/Users/Kuba/.ivy2/cache/de.svenkubiak/jBCrypt/bundles/jBCrypt-0.4.1.jar, file:/C:/Users/Kuba/.ivy2/cache/com.mohiva/play-silhouette-persistence_2.11/jars/play-silhouette-persistence_2.11-4.0.0.jar, file:/C:/Users/Kuba/.ivy2/cache/com.mohiva/play-silhouette-crypto-jca_2.11/jars/play-silhouette-crypto-jca_2.11-4.0.0.jar, file:/C:/Users/Kuba/.ivy2/cache/org.webjars/webjars-play_2.11/jars/webjars-play_2.11-2.5.0-2.jar, file:/C:/Users/Kuba/.ivy2/cache/org.webjars/requirejs/jars/requirejs-2.1.20.jar, file:/C:/Users/Kuba/.ivy2/cache/org.webjars/webjars-locator/jars/webjars-locator-0.31.jar, file:/C:/Users/Kuba/.ivy2/cache/org.webjars/webjars-locator-core/jars/webjars-locator-core-0.30.jar, file:/C:/Users/Kuba/.ivy2/cache/org.apache.commons/commons-compress/jars/commons-compress-1.9.jar, file:/C:/Users/Kuba/.ivy2/cache/net.codingwell/scala-guice_2.11/jars/scala-guice_2.11-4.0.1.jar, file:/C:/Users/Kuba/.ivy2/cache/com.google.inject.extensions/guice-multibindings/jars/guice-multibindings-4.0.jar, file:/C:/Users/Kuba/.ivy2/cache/com.iheart/ficus_2.11/jars/ficus_2.11-1.2.6.jar, file:/C:/Users/Kuba/.ivy2/cache/org.typelevel/macro-compat_2.11/jars/macro-compat_2.11-1.1.1.jar, file:/C:/Users/Kuba/.ivy2/cache/com.typesafe.play/play-mailer_2.11/jars/play-mailer_2.11-5.0.0.jar, file:/C:/Users/Kuba/.ivy2/cache/org.apache.commons/commons-email/jars/commons-email-1.4.jar, file:/C:/Users/Kuba/.ivy2/cache/com.sun.mail/javax.mail/jars/javax.mail-1.5.2.jar, file:/C:/Users/Kuba/.ivy2/cache/javax.activation/activation/jars/activation-1.1.1.jar, file:/C:/Users/Kuba/.ivy2/cache/com.enragedginger/akka-quartz-scheduler_2.11/jars/akka-quartz-scheduler_2.11-1.5.0-akka-2.4.x.jar, file:/C:/Users/Kuba/.ivy2/cache/org.quartz-scheduler/quartz/jars/quartz-2.2.2.jar, file:/C:/Users/Kuba/.ivy2/cache/c3p0/c3p0/jars/c3p0-0.9.1.1.jar, file:/C:/Users/Kuba/.ivy2/cache/com.adrianhurt/play-bootstrap_2.11/jars/play-bootstrap_2.11-1.0-P25-B3.jar, file:/C:/Users/Kuba/.ivy2/cache/com.typesafe.play/filters-helpers_2.11/jars/filters-helpers_2.11-2.5.4.jar, file:/C:/Users/Kuba/.ivy2/cache/com.typesafe.play/play-java_2.11/jars/play-java_2.11-2.5.4.jar, file:/C:/Users/Kuba/Downloads/activator-dist-1.3.12/repository/org.yaml/snakeyaml/1.16/bundles/snakeyaml.jar, file:/C:/Users/Kuba/Downloads/activator-dist-1.3.12/repository/org.hibernate/hibernate-validator/5.2.4.Final/jars/hibernate-validator.jar, file:/C:/Users/Kuba/Downloads/activator-dist-1.3.12/repository/javax.validation/validation-api/1.1.0.Final/jars/validation-api.jar, file:/C:/Users/Kuba/Downloads/activator-dist-1.3.12/repository/org.jboss.logging/jboss-logging/3.2.1.Final/jars/jboss-logging.jar, file:/C:/Users/Kuba/Downloads/activator-dist-1.3.12/repository/com.fasterxml/classmate/1.1.0/bundles/classmate.jar, file:/C:/Users/Kuba/Downloads/activator-dist-1.3.12/repository/javax.el/javax.el-api/3.0.0/jars/javax.el-api.jar, file:/C:/Users/Kuba/.ivy2/cache/org.springframework/spring-context/jars/spring-context-4.2.4.RELEASE.jar, file:/C:/Users/Kuba/.ivy2/cache/org.springframework/spring-core/jars/spring-core-4.2.4.RELEASE.jar, file:/C:/Users/Kuba/.ivy2/cache/org.springframework/spring-beans/jars/spring-beans-4.2.4.RELEASE.jar, file:/C:/Users/Kuba/Downloads/activator-dist-1.3.12/repository/org.reflections/reflections/0.9.10/jars/reflections.jar, file:/C:/Users/Kuba/Downloads/activator-dist-1.3.12/repository/net.jodah/typetools/0.4.4/bundles/typetools.jar, file:/C:/Users/Kuba/.ivy2/cache/com.google.code.findbugs/jsr305/jars/jsr305-3.0.1.jar, file:/C:/Users/Kuba/Downloads/activator-dist-1.3.12/repository/org.apache.tomcat/tomcat-servlet-api/8.0.33/jars/tomcat-servlet-api.jar, file:/C:/Users/Kuba/.ivy2/cache/com.adrianhurt/play-bootstrap-core_2.11/jars/play-bootstrap-core_2.11-1.0-P25.jar, file:/C:/Users/Kuba/.ivy2/cache/org.webjars/bootstrap/jars/bootstrap-3.3.6.jar, file:/C:/Users/Kuba/.ivy2/cache/org.webjars/jquery/jars/jquery-2.1.4.jar}
16:45:22.892 [ForkJoinPool-8-worker-1] DEBUG c.google.inject.internal.BytecodeGen - Loading class play.core.j.JavaRouterAdapter FastClass with PlayDependencyClassLoader{file:/C:/Users/Kuba/IdeaProjects/play-silhouette-seed-master/lib/connect-four.jar, file:/C:/Users/Kuba/IdeaProjects/play-silhouette-seed-master/lib/sudoku.jar, file:/C:/Users/Kuba/.ivy2/cache/org.scala-lang/scala-library/jars/scala-library-2.11.8.jar, file:/C:/Users/Kuba/Downloads/activator-dist-1.3.12/repository/com.typesafe.play/twirl-api_2.11/1.1.1/jars/twirl-api_2.11.jar, file:/C:/Users/Kuba/.ivy2/cache/org.apache.commons/commons-lang3/jars/commons-lang3-3.4.jar, file:/C:/Users/Kuba/.ivy2/cache/org.scala-lang.modules/scala-xml_2.11/bundles/scala-xml_2.11-1.0.1.jar, file:/C:/Users/Kuba/.ivy2/cache/com.typesafe.play/play-server_2.11/jars/play-server_2.11-2.5.4.jar, file:/C:/Users/Kuba/.ivy2/cache/com.typesafe.play/play_2.11/jars/play_2.11-2.5.4.jar, file:/C:/Users/Kuba/.ivy2/cache/com.typesafe.play/build-link/jars/build-link-2.5.4.jar, file:/C:/Users/Kuba/.ivy2/cache/com.typesafe.play/play-exceptions/jars/play-exceptions-2.5.4.jar, file:/C:/Users/Kuba/.ivy2/cache/com.typesafe.play/play-iteratees_2.11/jars/play-iteratees_2.11-2.5.4.jar, file:/C:/Users/Kuba/.ivy2/cache/org.scala-stm/scala-stm_2.11/jars/scala-stm_2.11-0.7.jar, file:/C:/Users/Kuba/Downloads/activator-dist-1.3.12/repository/com.typesafe/config/1.3.0/bundles/config.jar, file:/C:/Users/Kuba/.ivy2/cache/ch.qos.logback/logback-classic/jars/logback-classic-1.1.7.jar, file:/C:/Users/Kuba/.ivy2/cache/ch.qos.logback/logback-core/jars/logback-core-1.1.7.jar, file:/C:/Users/Kuba/.ivy2/cache/com.typesafe.play/play-json_2.11/jars/play-json_2.11-2.5.4.jar, file:/C:/Users/Kuba/.ivy2/cache/com.typesafe.play/play-functional_2.11/jars/play-functional_2.11-2.5.4.jar, file:/C:/Users/Kuba/.ivy2/cache/com.typesafe.play/play-datacommons_2.11/jars/play-datacommons_2.11-2.5.4.jar, file:/C:/Users/Kuba/Downloads/activator-dist-1.3.12/repository/joda-time/joda-time/2.9.2/jars/joda-time.jar, file:/C:/Users/Kuba/Downloads/activator-dist-1.3.12/repository/org.joda/joda-convert/1.8.1/jars/joda-convert.jar, file:/C:/Users/Kuba/Downloads/activator-dist-1.3.12/repository/org.scala-lang/scala-reflect/2.11.7/jars/scala-reflect.jar, file:/C:/Users/Kuba/Downloads/activator-dist-1.3.12/repository/com.fasterxml.jackson.core/jackson-core/2.7.1/bundles/jackson-core.jar, file:/C:/Users/Kuba/Downloads/activator-dist-1.3.12/repository/com.fasterxml.jackson.core/jackson-annotations/2.7.1/bundles/jackson-annotations.jar, file:/C:/Users/Kuba/Downloads/activator-dist-1.3.12/repository/com.fasterxml.jackson.core/jackson-databind/2.7.1/bundles/jackson-databind.jar, file:/C:/Users/Kuba/Downloads/activator-dist-1.3.12/repository/com.fasterxml.jackson.datatype/jackson-datatype-jdk8/2.7.1/bundles/jackson-datatype-jdk8.jar, file:/C:/Users/Kuba/Downloads/activator-dist-1.3.12/repository/com.fasterxml.jackson.datatype/jackson-datatype-jsr310/2.7.1/bundles/jackson-datatype-jsr310.jar, file:/C:/Users/Kuba/.ivy2/cache/com.typesafe.play/play-netty-utils/jars/play-netty-utils-2.5.4.jar, file:/C:/Users/Kuba/.ivy2/cache/org.slf4j/jul-to-slf4j/jars/jul-to-slf4j-1.7.19.jar, file:/C:/Users/Kuba/.ivy2/cache/org.slf4j/jcl-over-slf4j/jars/jcl-over-slf4j-1.7.19.jar, file:/C:/Users/Kuba/.ivy2/cache/com.typesafe.play/play-streams_2.11/jars/play-streams_2.11-2.5.4.jar, file:/C:/Users/Kuba/.ivy2/cache/org.reactivestreams/reactive-streams/jars/reactive-streams-1.0.0.jar, file:/C:/Users/Kuba/.ivy2/cache/com.typesafe.akka/akka-stream_2.11/jars/akka-stream_2.11-2.4.4.jar, file:/C:/Users/Kuba/.ivy2/cache/com.typesafe.akka/akka-actor_2.11/jars/akka-actor_2.11-2.4.4.jar, file:/C:/Users/Kuba/Downloads/activator-dist-1.3.12/repository/org.scala-lang.modules/scala-java8-compat_2.11/0.7.0/bundles/scala-java8-compat_2.11.jar, file:/C:/Users/Kuba/Downloads/activator-dist-1.3.12/repository/com.typesafe/ssl-config-akka_2.11/0.2.1/bundles/ssl-config-akka_2.11.jar, file:/C:/Users/Kuba/.ivy2/cache/com.typesafe/ssl-config-core_2.11/bundles/ssl-config-core_2.11-0.2.1.jar, file:/C:/Users/Kuba/.ivy2/cache/org.scala-lang.modules/scala-parser-combinators_2.11/bundles/scala-parser-combinators_2.11-1.0.4.jar, file:/C:/Users/Kuba/.ivy2/cache/com.typesafe.akka/akka-slf4j_2.11/jars/akka-slf4j_2.11-2.4.4.jar, file:/C:/Users/Kuba/.ivy2/cache/commons-codec/commons-codec/jars/commons-codec-1.10.jar, file:/C:/Users/Kuba/.ivy2/cache/xerces/xercesImpl/jars/xercesImpl-2.11.0.jar, file:/C:/Users/Kuba/.ivy2/cache/xml-apis/xml-apis/jars/xml-apis-1.4.01.jar, file:/C:/Users/Kuba/.ivy2/cache/javax.transaction/jta/jars/jta-1.1.jar, file:/C:/Users/Kuba/Downloads/activator-dist-1.3.12/repository/com.google.inject/guice/4.0/jars/guice.jar, file:/C:/Users/Kuba/.ivy2/cache/javax.inject/javax.inject/jars/javax.inject-1.jar, file:/C:/Users/Kuba/.ivy2/cache/aopalliance/aopalliance/jars/aopalliance-1.0.jar, file:/C:/Users/Kuba/Downloads/activator-dist-1.3.12/repository/com.google.inject.extensions/guice-assistedinject/4.0/jars/guice-assistedinject.jar, file:/C:/Users/Kuba/.ivy2/cache/com.typesafe.play/play-netty-server_2.11/jars/play-netty-server_2.11-2.5.4.jar, file:/C:/Users/Kuba/.ivy2/cache/com.typesafe.netty/netty-reactive-streams-http/jars/netty-reactive-streams-http-1.0.6.jar, file:/C:/Users/Kuba/.ivy2/cache/com.typesafe.netty/netty-reactive-streams/jars/netty-reactive-streams-1.0.6.jar, file:/C:/Users/Kuba/.ivy2/cache/io.netty/netty-handler/jars/netty-handler-4.0.36.Final.jar, file:/C:/Users/Kuba/.ivy2/cache/io.netty/netty-buffer/jars/netty-buffer-4.0.36.Final.jar, file:/C:/Users/Kuba/.ivy2/cache/io.netty/netty-common/jars/netty-common-4.0.36.Final.jar, file:/C:/Users/Kuba/.ivy2/cache/io.netty/netty-transport/jars/netty-transport-4.0.36.Final.jar, file:/C:/Users/Kuba/.ivy2/cache/io.netty/netty-codec/jars/netty-codec-4.0.36.Final.jar, file:/C:/Users/Kuba/.ivy2/cache/io.netty/netty-codec-http/jars/netty-codec-http-4.0.36.Final.jar, file:/C:/Users/Kuba/.ivy2/cache/io.netty/netty-transport-native-epoll/jars/netty-transport-native-epoll-4.0.36.Final-linux-x86_64.jar, file:/C:/Users/Kuba/.ivy2/cache/com.typesafe.play/play-logback_2.11/jars/play-logback_2.11-2.5.4.jar, file:/C:/Users/Kuba/.ivy2/cache/org.scala-lang/scala-swing/jars/scala-swing-2.11.0-M7.jar, file:/C:/Users/Kuba/.ivy2/cache/com.mohiva/play-silhouette_2.11/jars/play-silhouette_2.11-4.0.0.jar, file:/C:/Users/Kuba/.ivy2/cache/com.typesafe.play/play-cache_2.11/jars/play-cache_2.11-2.5.4.jar, file:/C:/Users/Kuba/Downloads/activator-dist-1.3.12/repository/net.sf.ehcache/ehcache-core/2.6.11/jars/ehcache-core.jar, file:/C:/Users/Kuba/.ivy2/cache/com.typesafe.play/play-ws_2.11/jars/play-ws_2.11-2.5.4.jar, file:/C:/Users/Kuba/.ivy2/cache/com.google.guava/guava/bundles/guava-19.0.jar, file:/C:/Users/Kuba/.ivy2/cache/org.asynchttpclient/async-http-client/jars/async-http-client-2.0.2.jar, file:/C:/Users/Kuba/.ivy2/cache/org.asynchttpclient/netty-resolver-dns/jars/netty-resolver-dns-2.0.2.jar, file:/C:/Users/Kuba/.ivy2/cache/org.asynchttpclient/netty-resolver/jars/netty-resolver-2.0.2.jar, file:/C:/Users/Kuba/.ivy2/cache/org.slf4j/slf4j-api/jars/slf4j-api-1.7.21.jar, file:/C:/Users/Kuba/.ivy2/cache/org.asynchttpclient/netty-codec-dns/jars/netty-codec-dns-2.0.2.jar, file:/C:/Users/Kuba/.ivy2/cache/org.javassist/javassist/bundles/javassist-3.20.0-GA.jar, file:/C:/Users/Kuba/.ivy2/cache/oauth.signpost/signpost-core/jars/signpost-core-1.2.1.2.jar, file:/C:/Users/Kuba/.ivy2/cache/oauth.signpost/signpost-commonshttp4/jars/signpost-commonshttp4-1.2.1.2.jar, file:/C:/Users/Kuba/.ivy2/cache/org.apache.httpcomponents/httpcore/jars/httpcore-4.0.1.jar, file:/C:/Users/Kuba/.ivy2/cache/org.apache.httpcomponents/httpclient/jars/httpclient-4.0.1.jar, file:/C:/Users/Kuba/.ivy2/cache/commons-logging/commons-logging/jars/commons-logging-1.1.1.jar, file:/C:/Users/Kuba/.ivy2/cache/com.atlassian.jwt/jwt-core/jars/jwt-core-1.5.8.jar, file:/C:/Users/Kuba/.ivy2/cache/com.nimbusds/nimbus-jose-jwt/jars/nimbus-jose-jwt-2.16.jar, file:/C:/Users/Kuba/.ivy2/cache/net.jcip/jcip-annotations/jars/jcip-annotations-1.0.jar, file:/C:/Users/Kuba/.ivy2/cache/net.minidev/json-smart/jars/json-smart-1.1.1.jar, file:/C:/Users/Kuba/.ivy2/cache/javax.mail/mail/jars/mail-1.4.7.jar, file:/C:/Users/Kuba/.ivy2/cache/org.bouncycastle/bcprov-jdk15on/jars/bcprov-jdk15on-1.51.jar, file:/C:/Users/Kuba/.ivy2/cache/org.bouncycastle/bcpkix-jdk15on/jars/bcpkix-jdk15on-1.51.jar, file:/C:/Users/Kuba/.ivy2/cache/com.atlassian.jwt/jwt-api/jars/jwt-api-1.5.8.jar, file:/C:/Users/Kuba/.ivy2/cache/com.mohiva/play-silhouette-password-bcrypt_2.11/jars/play-silhouette-password-bcrypt_2.11-4.0.0.jar, file:/C:/Users/Kuba/.ivy2/cache/de.svenkubiak/jBCrypt/bundles/jBCrypt-0.4.1.jar, file:/C:/Users/Kuba/.ivy2/cache/com.mohiva/play-silhouette-persistence_2.11/jars/play-silhouette-persistence_2.11-4.0.0.jar, file:/C:/Users/Kuba/.ivy2/cache/com.mohiva/play-silhouette-crypto-jca_2.11/jars/play-silhouette-crypto-jca_2.11-4.0.0.jar, file:/C:/Users/Kuba/.ivy2/cache/org.webjars/webjars-play_2.11/jars/webjars-play_2.11-2.5.0-2.jar, file:/C:/Users/Kuba/.ivy2/cache/org.webjars/requirejs/jars/requirejs-2.1.20.jar, file:/C:/Users/Kuba/.ivy2/cache/org.webjars/webjars-locator/jars/webjars-locator-0.31.jar, file:/C:/Users/Kuba/.ivy2/cache/org.webjars/webjars-locator-core/jars/webjars-locator-core-0.30.jar, file:/C:/Users/Kuba/.ivy2/cache/org.apache.commons/commons-compress/jars/commons-compress-1.9.jar, file:/C:/Users/Kuba/.ivy2/cache/net.codingwell/scala-guice_2.11/jars/scala-guice_2.11-4.0.1.jar, file:/C:/Users/Kuba/.ivy2/cache/com.google.inject.extensions/guice-multibindings/jars/guice-multibindings-4.0.jar, file:/C:/Users/Kuba/.ivy2/cache/com.iheart/ficus_2.11/jars/ficus_2.11-1.2.6.jar, file:/C:/Users/Kuba/.ivy2/cache/org.typelevel/macro-compat_2.11/jars/macro-compat_2.11-1.1.1.jar, file:/C:/Users/Kuba/.ivy2/cache/com.typesafe.play/play-mailer_2.11/jars/play-mailer_2.11-5.0.0.jar, file:/C:/Users/Kuba/.ivy2/cache/org.apache.commons/commons-email/jars/commons-email-1.4.jar, file:/C:/Users/Kuba/.ivy2/cache/com.sun.mail/javax.mail/jars/javax.mail-1.5.2.jar, file:/C:/Users/Kuba/.ivy2/cache/javax.activation/activation/jars/activation-1.1.1.jar, file:/C:/Users/Kuba/.ivy2/cache/com.enragedginger/akka-quartz-scheduler_2.11/jars/akka-quartz-scheduler_2.11-1.5.0-akka-2.4.x.jar, file:/C:/Users/Kuba/.ivy2/cache/org.quartz-scheduler/quartz/jars/quartz-2.2.2.jar, file:/C:/Users/Kuba/.ivy2/cache/c3p0/c3p0/jars/c3p0-0.9.1.1.jar, file:/C:/Users/Kuba/.ivy2/cache/com.adrianhurt/play-bootstrap_2.11/jars/play-bootstrap_2.11-1.0-P25-B3.jar, file:/C:/Users/Kuba/.ivy2/cache/com.typesafe.play/filters-helpers_2.11/jars/filters-helpers_2.11-2.5.4.jar, file:/C:/Users/Kuba/.ivy2/cache/com.typesafe.play/play-java_2.11/jars/play-java_2.11-2.5.4.jar, file:/C:/Users/Kuba/Downloads/activator-dist-1.3.12/repository/org.yaml/snakeyaml/1.16/bundles/snakeyaml.jar, file:/C:/Users/Kuba/Downloads/activator-dist-1.3.12/repository/org.hibernate/hibernate-validator/5.2.4.Final/jars/hibernate-validator.jar, file:/C:/Users/Kuba/Downloads/activator-dist-1.3.12/repository/javax.validation/validation-api/1.1.0.Final/jars/validation-api.jar, file:/C:/Users/Kuba/Downloads/activator-dist-1.3.12/repository/org.jboss.logging/jboss-logging/3.2.1.Final/jars/jboss-logging.jar, file:/C:/Users/Kuba/Downloads/activator-dist-1.3.12/repository/com.fasterxml/classmate/1.1.0/bundles/classmate.jar, file:/C:/Users/Kuba/Downloads/activator-dist-1.3.12/repository/javax.el/javax.el-api/3.0.0/jars/javax.el-api.jar, file:/C:/Users/Kuba/.ivy2/cache/org.springframework/spring-context/jars/spring-context-4.2.4.RELEASE.jar, file:/C:/Users/Kuba/.ivy2/cache/org.springframework/spring-core/jars/spring-core-4.2.4.RELEASE.jar, file:/C:/Users/Kuba/.ivy2/cache/org.springframework/spring-beans/jars/spring-beans-4.2.4.RELEASE.jar, file:/C:/Users/Kuba/Downloads/activator-dist-1.3.12/repository/org.reflections/reflections/0.9.10/jars/reflections.jar, file:/C:/Users/Kuba/Downloads/activator-dist-1.3.12/repository/net.jodah/typetools/0.4.4/bundles/typetools.jar, file:/C:/Users/Kuba/.ivy2/cache/com.google.code.findbugs/jsr305/jars/jsr305-3.0.1.jar, file:/C:/Users/Kuba/Downloads/activator-dist-1.3.12/repository/org.apache.tomcat/tomcat-servlet-api/8.0.33/jars/tomcat-servlet-api.jar, file:/C:/Users/Kuba/.ivy2/cache/com.adrianhurt/play-bootstrap-core_2.11/jars/play-bootstrap-core_2.11-1.0-P25.jar, file:/C:/Users/Kuba/.ivy2/cache/org.webjars/bootstrap/jars/bootstrap-3.3.6.jar, file:/C:/Users/Kuba/.ivy2/cache/org.webjars/jquery/jars/jquery-2.1.4.jar}
16:45:22.894 [ForkJoinPool-8-worker-1] DEBUG c.google.inject.internal.BytecodeGen - Loading class play.api.libs.concurrent.ActorSystemProvider FastClass with PlayDependencyClassLoader{file:/C:/Users/Kuba/IdeaProjects/play-silhouette-seed-master/lib/connect-four.jar, file:/C:/Users/Kuba/IdeaProjects/play-silhouette-seed-master/lib/sudoku.jar, file:/C:/Users/Kuba/.ivy2/cache/org.scala-lang/scala-library/jars/scala-library-2.11.8.jar, file:/C:/Users/Kuba/Downloads/activator-dist-1.3.12/repository/com.typesafe.play/twirl-api_2.11/1.1.1/jars/twirl-api_2.11.jar, file:/C:/Users/Kuba/.ivy2/cache/org.apache.commons/commons-lang3/jars/commons-lang3-3.4.jar, file:/C:/Users/Kuba/.ivy2/cache/org.scala-lang.modules/scala-xml_2.11/bundles/scala-xml_2.11-1.0.1.jar, file:/C:/Users/Kuba/.ivy2/cache/com.typesafe.play/play-server_2.11/jars/play-server_2.11-2.5.4.jar, file:/C:/Users/Kuba/.ivy2/cache/com.typesafe.play/play_2.11/jars/play_2.11-2.5.4.jar, file:/C:/Users/Kuba/.ivy2/cache/com.typesafe.play/build-link/jars/build-link-2.5.4.jar, file:/C:/Users/Kuba/.ivy2/cache/com.typesafe.play/play-exceptions/jars/play-exceptions-2.5.4.jar, file:/C:/Users/Kuba/.ivy2/cache/com.typesafe.play/play-iteratees_2.11/jars/play-iteratees_2.11-2.5.4.jar, file:/C:/Users/Kuba/.ivy2/cache/org.scala-stm/scala-stm_2.11/jars/scala-stm_2.11-0.7.jar, file:/C:/Users/Kuba/Downloads/activator-dist-1.3.12/repository/com.typesafe/config/1.3.0/bundles/config.jar, file:/C:/Users/Kuba/.ivy2/cache/ch.qos.logback/logback-classic/jars/logback-classic-1.1.7.jar, file:/C:/Users/Kuba/.ivy2/cache/ch.qos.logback/logback-core/jars/logback-core-1.1.7.jar, file:/C:/Users/Kuba/.ivy2/cache/com.typesafe.play/play-json_2.11/jars/play-json_2.11-2.5.4.jar, file:/C:/Users/Kuba/.ivy2/cache/com.typesafe.play/play-functional_2.11/jars/play-functional_2.11-2.5.4.jar, file:/C:/Users/Kuba/.ivy2/cache/com.typesafe.play/play-datacommons_2.11/jars/play-datacommons_2.11-2.5.4.jar, file:/C:/Users/Kuba/Downloads/activator-dist-1.3.12/repository/joda-time/joda-time/2.9.2/jars/joda-time.jar, file:/C:/Users/Kuba/Downloads/activator-dist-1.3.12/repository/org.joda/joda-convert/1.8.1/jars/joda-convert.jar, file:/C:/Users/Kuba/Downloads/activator-dist-1.3.12/repository/org.scala-lang/scala-reflect/2.11.7/jars/scala-reflect.jar, file:/C:/Users/Kuba/Downloads/activator-dist-1.3.12/repository/com.fasterxml.jackson.core/jackson-core/2.7.1/bundles/jackson-core.jar, file:/C:/Users/Kuba/Downloads/activator-dist-1.3.12/repository/com.fasterxml.jackson.core/jackson-annotations/2.7.1/bundles/jackson-annotations.jar, file:/C:/Users/Kuba/Downloads/activator-dist-1.3.12/repository/com.fasterxml.jackson.core/jackson-databind/2.7.1/bundles/jackson-databind.jar, file:/C:/Users/Kuba/Downloads/activator-dist-1.3.12/repository/com.fasterxml.jackson.datatype/jackson-datatype-jdk8/2.7.1/bundles/jackson-datatype-jdk8.jar, file:/C:/Users/Kuba/Downloads/activator-dist-1.3.12/repository/com.fasterxml.jackson.datatype/jackson-datatype-jsr310/2.7.1/bundles/jackson-datatype-jsr310.jar, file:/C:/Users/Kuba/.ivy2/cache/com.typesafe.play/play-netty-utils/jars/play-netty-utils-2.5.4.jar, file:/C:/Users/Kuba/.ivy2/cache/org.slf4j/jul-to-slf4j/jars/jul-to-slf4j-1.7.19.jar, file:/C:/Users/Kuba/.ivy2/cache/org.slf4j/jcl-over-slf4j/jars/jcl-over-slf4j-1.7.19.jar, file:/C:/Users/Kuba/.ivy2/cache/com.typesafe.play/play-streams_2.11/jars/play-streams_2.11-2.5.4.jar, file:/C:/Users/Kuba/.ivy2/cache/org.reactivestreams/reactive-streams/jars/reactive-streams-1.0.0.jar, file:/C:/Users/Kuba/.ivy2/cache/com.typesafe.akka/akka-stream_2.11/jars/akka-stream_2.11-2.4.4.jar, file:/C:/Users/Kuba/.ivy2/cache/com.typesafe.akka/akka-actor_2.11/jars/akka-actor_2.11-2.4.4.jar, file:/C:/Users/Kuba/Downloads/activator-dist-1.3.12/repository/org.scala-lang.modules/scala-java8-compat_2.11/0.7.0/bundles/scala-java8-compat_2.11.jar, file:/C:/Users/Kuba/Downloads/activator-dist-1.3.12/repository/com.typesafe/ssl-config-akka_2.11/0.2.1/bundles/ssl-config-akka_2.11.jar, file:/C:/Users/Kuba/.ivy2/cache/com.typesafe/ssl-config-core_2.11/bundles/ssl-config-core_2.11-0.2.1.jar, file:/C:/Users/Kuba/.ivy2/cache/org.scala-lang.modules/scala-parser-combinators_2.11/bundles/scala-parser-combinators_2.11-1.0.4.jar, file:/C:/Users/Kuba/.ivy2/cache/com.typesafe.akka/akka-slf4j_2.11/jars/akka-slf4j_2.11-2.4.4.jar, file:/C:/Users/Kuba/.ivy2/cache/commons-codec/commons-codec/jars/commons-codec-1.10.jar, file:/C:/Users/Kuba/.ivy2/cache/xerces/xercesImpl/jars/xercesImpl-2.11.0.jar, file:/C:/Users/Kuba/.ivy2/cache/xml-apis/xml-apis/jars/xml-apis-1.4.01.jar, file:/C:/Users/Kuba/.ivy2/cache/javax.transaction/jta/jars/jta-1.1.jar, file:/C:/Users/Kuba/Downloads/activator-dist-1.3.12/repository/com.google.inject/guice/4.0/jars/guice.jar, file:/C:/Users/Kuba/.ivy2/cache/javax.inject/javax.inject/jars/javax.inject-1.jar, file:/C:/Users/Kuba/.ivy2/cache/aopalliance/aopalliance/jars/aopalliance-1.0.jar, file:/C:/Users/Kuba/Downloads/activator-dist-1.3.12/repository/com.google.inject.extensions/guice-assistedinject/4.0/jars/guice-assistedinject.jar, file:/C:/Users/Kuba/.ivy2/cache/com.typesafe.play/play-netty-server_2.11/jars/play-netty-server_2.11-2.5.4.jar, file:/C:/Users/Kuba/.ivy2/cache/com.typesafe.netty/netty-reactive-streams-http/jars/netty-reactive-streams-http-1.0.6.jar, file:/C:/Users/Kuba/.ivy2/cache/com.typesafe.netty/netty-reactive-streams/jars/netty-reactive-streams-1.0.6.jar, file:/C:/Users/Kuba/.ivy2/cache/io.netty/netty-handler/jars/netty-handler-4.0.36.Final.jar, file:/C:/Users/Kuba/.ivy2/cache/io.netty/netty-buffer/jars/netty-buffer-4.0.36.Final.jar, file:/C:/Users/Kuba/.ivy2/cache/io.netty/netty-common/jars/netty-common-4.0.36.Final.jar, file:/C:/Users/Kuba/.ivy2/cache/io.netty/netty-transport/jars/netty-transport-4.0.36.Final.jar, file:/C:/Users/Kuba/.ivy2/cache/io.netty/netty-codec/jars/netty-codec-4.0.36.Final.jar, file:/C:/Users/Kuba/.ivy2/cache/io.netty/netty-codec-http/jars/netty-codec-http-4.0.36.Final.jar, file:/C:/Users/Kuba/.ivy2/cache/io.netty/netty-transport-native-epoll/jars/netty-transport-native-epoll-4.0.36.Final-linux-x86_64.jar, file:/C:/Users/Kuba/.ivy2/cache/com.typesafe.play/play-logback_2.11/jars/play-logback_2.11-2.5.4.jar, file:/C:/Users/Kuba/.ivy2/cache/org.scala-lang/scala-swing/jars/scala-swing-2.11.0-M7.jar, file:/C:/Users/Kuba/.ivy2/cache/com.mohiva/play-silhouette_2.11/jars/play-silhouette_2.11-4.0.0.jar, file:/C:/Users/Kuba/.ivy2/cache/com.typesafe.play/play-cache_2.11/jars/play-cache_2.11-2.5.4.jar, file:/C:/Users/Kuba/Downloads/activator-dist-1.3.12/repository/net.sf.ehcache/ehcache-core/2.6.11/jars/ehcache-core.jar, file:/C:/Users/Kuba/.ivy2/cache/com.typesafe.play/play-ws_2.11/jars/play-ws_2.11-2.5.4.jar, file:/C:/Users/Kuba/.ivy2/cache/com.google.guava/guava/bundles/guava-19.0.jar, file:/C:/Users/Kuba/.ivy2/cache/org.asynchttpclient/async-http-client/jars/async-http-client-2.0.2.jar, file:/C:/Users/Kuba/.ivy2/cache/org.asynchttpclient/netty-resolver-dns/jars/netty-resolver-dns-2.0.2.jar, file:/C:/Users/Kuba/.ivy2/cache/org.asynchttpclient/netty-resolver/jars/netty-resolver-2.0.2.jar, file:/C:/Users/Kuba/.ivy2/cache/org.slf4j/slf4j-api/jars/slf4j-api-1.7.21.jar, file:/C:/Users/Kuba/.ivy2/cache/org.asynchttpclient/netty-codec-dns/jars/netty-codec-dns-2.0.2.jar, file:/C:/Users/Kuba/.ivy2/cache/org.javassist/javassist/bundles/javassist-3.20.0-GA.jar, file:/C:/Users/Kuba/.ivy2/cache/oauth.signpost/signpost-core/jars/signpost-core-1.2.1.2.jar, file:/C:/Users/Kuba/.ivy2/cache/oauth.signpost/signpost-commonshttp4/jars/signpost-commonshttp4-1.2.1.2.jar, file:/C:/Users/Kuba/.ivy2/cache/org.apache.httpcomponents/httpcore/jars/httpcore-4.0.1.jar, file:/C:/Users/Kuba/.ivy2/cache/org.apache.httpcomponents/httpclient/jars/httpclient-4.0.1.jar, file:/C:/Users/Kuba/.ivy2/cache/commons-logging/commons-logging/jars/commons-logging-1.1.1.jar, file:/C:/Users/Kuba/.ivy2/cache/com.atlassian.jwt/jwt-core/jars/jwt-core-1.5.8.jar, file:/C:/Users/Kuba/.ivy2/cache/com.nimbusds/nimbus-jose-jwt/jars/nimbus-jose-jwt-2.16.jar, file:/C:/Users/Kuba/.ivy2/cache/net.jcip/jcip-annotations/jars/jcip-annotations-1.0.jar, file:/C:/Users/Kuba/.ivy2/cache/net.minidev/json-smart/jars/json-smart-1.1.1.jar, file:/C:/Users/Kuba/.ivy2/cache/javax.mail/mail/jars/mail-1.4.7.jar, file:/C:/Users/Kuba/.ivy2/cache/org.bouncycastle/bcprov-jdk15on/jars/bcprov-jdk15on-1.51.jar, file:/C:/Users/Kuba/.ivy2/cache/org.bouncycastle/bcpkix-jdk15on/jars/bcpkix-jdk15on-1.51.jar, file:/C:/Users/Kuba/.ivy2/cache/com.atlassian.jwt/jwt-api/jars/jwt-api-1.5.8.jar, file:/C:/Users/Kuba/.ivy2/cache/com.mohiva/play-silhouette-password-bcrypt_2.11/jars/play-silhouette-password-bcrypt_2.11-4.0.0.jar, file:/C:/Users/Kuba/.ivy2/cache/de.svenkubiak/jBCrypt/bundles/jBCrypt-0.4.1.jar, file:/C:/Users/Kuba/.ivy2/cache/com.mohiva/play-silhouette-persistence_2.11/jars/play-silhouette-persistence_2.11-4.0.0.jar, file:/C:/Users/Kuba/.ivy2/cache/com.mohiva/play-silhouette-crypto-jca_2.11/jars/play-silhouette-crypto-jca_2.11-4.0.0.jar, file:/C:/Users/Kuba/.ivy2/cache/org.webjars/webjars-play_2.11/jars/webjars-play_2.11-2.5.0-2.jar, file:/C:/Users/Kuba/.ivy2/cache/org.webjars/requirejs/jars/requirejs-2.1.20.jar, file:/C:/Users/Kuba/.ivy2/cache/org.webjars/webjars-locator/jars/webjars-locator-0.31.jar, file:/C:/Users/Kuba/.ivy2/cache/org.webjars/webjars-locator-core/jars/webjars-locator-core-0.30.jar, file:/C:/Users/Kuba/.ivy2/cache/org.apache.commons/commons-compress/jars/commons-compress-1.9.jar, file:/C:/Users/Kuba/.ivy2/cache/net.codingwell/scala-guice_2.11/jars/scala-guice_2.11-4.0.1.jar, file:/C:/Users/Kuba/.ivy2/cache/com.google.inject.extensions/guice-multibindings/jars/guice-multibindings-4.0.jar, file:/C:/Users/Kuba/.ivy2/cache/com.iheart/ficus_2.11/jars/ficus_2.11-1.2.6.jar, file:/C:/Users/Kuba/.ivy2/cache/org.typelevel/macro-compat_2.11/jars/macro-compat_2.11-1.1.1.jar, file:/C:/Users/Kuba/.ivy2/cache/com.typesafe.play/play-mailer_2.11/jars/play-mailer_2.11-5.0.0.jar, file:/C:/Users/Kuba/.ivy2/cache/org.apache.commons/commons-email/jars/commons-email-1.4.jar, file:/C:/Users/Kuba/.ivy2/cache/com.sun.mail/javax.mail/jars/javax.mail-1.5.2.jar, file:/C:/Users/Kuba/.ivy2/cache/javax.activation/activation/jars/activation-1.1.1.jar, file:/C:/Users/Kuba/.ivy2/cache/com.enragedginger/akka-quartz-scheduler_2.11/jars/akka-quartz-scheduler_2.11-1.5.0-akka-2.4.x.jar, file:/C:/Users/Kuba/.ivy2/cache/org.quartz-scheduler/quartz/jars/quartz-2.2.2.jar, file:/C:/Users/Kuba/.ivy2/cache/c3p0/c3p0/jars/c3p0-0.9.1.1.jar, file:/C:/Users/Kuba/.ivy2/cache/com.adrianhurt/play-bootstrap_2.11/jars/play-bootstrap_2.11-1.0-P25-B3.jar, file:/C:/Users/Kuba/.ivy2/cache/com.typesafe.play/filters-helpers_2.11/jars/filters-helpers_2.11-2.5.4.jar, file:/C:/Users/Kuba/.ivy2/cache/com.typesafe.play/play-java_2.11/jars/play-java_2.11-2.5.4.jar, file:/C:/Users/Kuba/Downloads/activator-dist-1.3.12/repository/org.yaml/snakeyaml/1.16/bundles/snakeyaml.jar, file:/C:/Users/Kuba/Downloads/activator-dist-1.3.12/repository/org.hibernate/hibernate-validator/5.2.4.Final/jars/hibernate-validator.jar, file:/C:/Users/Kuba/Downloads/activator-dist-1.3.12/repository/javax.validation/validation-api/1.1.0.Final/jars/validation-api.jar, file:/C:/Users/Kuba/Downloads/activator-dist-1.3.12/repository/org.jboss.logging/jboss-logging/3.2.1.Final/jars/jboss-logging.jar, file:/C:/Users/Kuba/Downloads/activator-dist-1.3.12/repository/com.fasterxml/classmate/1.1.0/bundles/classmate.jar, file:/C:/Users/Kuba/Downloads/activator-dist-1.3.12/repository/javax.el/javax.el-api/3.0.0/jars/javax.el-api.jar, file:/C:/Users/Kuba/.ivy2/cache/org.springframework/spring-context/jars/spring-context-4.2.4.RELEASE.jar, file:/C:/Users/Kuba/.ivy2/cache/org.springframework/spring-core/jars/spring-core-4.2.4.RELEASE.jar, file:/C:/Users/Kuba/.ivy2/cache/org.springframework/spring-beans/jars/spring-beans-4.2.4.RELEASE.jar, file:/C:/Users/Kuba/Downloads/activator-dist-1.3.12/repository/org.reflections/reflections/0.9.10/jars/reflections.jar, file:/C:/Users/Kuba/Downloads/activator-dist-1.3.12/repository/net.jodah/typetools/0.4.4/bundles/typetools.jar, file:/C:/Users/Kuba/.ivy2/cache/com.google.code.findbugs/jsr305/jars/jsr305-3.0.1.jar, file:/C:/Users/Kuba/Downloads/activator-dist-1.3.12/repository/org.apache.tomcat/tomcat-servlet-api/8.0.33/jars/tomcat-servlet-api.jar, file:/C:/Users/Kuba/.ivy2/cache/com.adrianhurt/play-bootstrap-core_2.11/jars/play-bootstrap-core_2.11-1.0-P25.jar, file:/C:/Users/Kuba/.ivy2/cache/org.webjars/bootstrap/jars/bootstrap-3.3.6.jar, file:/C:/Users/Kuba/.ivy2/cache/org.webjars/jquery/jars/jquery-2.1.4.jar}
16:45:22.896 [ForkJoinPool-8-worker-1] DEBUG c.google.inject.internal.BytecodeGen - Loading class play.api.libs.concurrent.MaterializerProvider FastClass with PlayDependencyClassLoader{file:/C:/Users/Kuba/IdeaProjects/play-silhouette-seed-master/lib/connect-four.jar, file:/C:/Users/Kuba/IdeaProjects/play-silhouette-seed-master/lib/sudoku.jar, file:/C:/Users/Kuba/.ivy2/cache/org.scala-lang/scala-library/jars/scala-library-2.11.8.jar, file:/C:/Users/Kuba/Downloads/activator-dist-1.3.12/repository/com.typesafe.play/twirl-api_2.11/1.1.1/jars/twirl-api_2.11.jar, file:/C:/Users/Kuba/.ivy2/cache/org.apache.commons/commons-lang3/jars/commons-lang3-3.4.jar, file:/C:/Users/Kuba/.ivy2/cache/org.scala-lang.modules/scala-xml_2.11/bundles/scala-xml_2.11-1.0.1.jar, file:/C:/Users/Kuba/.ivy2/cache/com.typesafe.play/play-server_2.11/jars/play-server_2.11-2.5.4.jar, file:/C:/Users/Kuba/.ivy2/cache/com.typesafe.play/play_2.11/jars/play_2.11-2.5.4.jar, file:/C:/Users/Kuba/.ivy2/cache/com.typesafe.play/build-link/jars/build-link-2.5.4.jar, file:/C:/Users/Kuba/.ivy2/cache/com.typesafe.play/play-exceptions/jars/play-exceptions-2.5.4.jar, file:/C:/Users/Kuba/.ivy2/cache/com.typesafe.play/play-iteratees_2.11/jars/play-iteratees_2.11-2.5.4.jar, file:/C:/Users/Kuba/.ivy2/cache/org.scala-stm/scala-stm_2.11/jars/scala-stm_2.11-0.7.jar, file:/C:/Users/Kuba/Downloads/activator-dist-1.3.12/repository/com.typesafe/config/1.3.0/bundles/config.jar, file:/C:/Users/Kuba/.ivy2/cache/ch.qos.logback/logback-classic/jars/logback-classic-1.1.7.jar, file:/C:/Users/Kuba/.ivy2/cache/ch.qos.logback/logback-core/jars/logback-core-1.1.7.jar, file:/C:/Users/Kuba/.ivy2/cache/com.typesafe.play/play-json_2.11/jars/play-json_2.11-2.5.4.jar, file:/C:/Users/Kuba/.ivy2/cache/com.typesafe.play/play-functional_2.11/jars/play-functional_2.11-2.5.4.jar, file:/C:/Users/Kuba/.ivy2/cache/com.typesafe.play/play-datacommons_2.11/jars/play-datacommons_2.11-2.5.4.jar, file:/C:/Users/Kuba/Downloads/activator-dist-1.3.12/repository/joda-time/joda-time/2.9.2/jars/joda-time.jar, file:/C:/Users/Kuba/Downloads/activator-dist-1.3.12/repository/org.joda/joda-convert/1.8.1/jars/joda-convert.jar, file:/C:/Users/Kuba/Downloads/activator-dist-1.3.12/repository/org.scala-lang/scala-reflect/2.11.7/jars/scala-reflect.jar, file:/C:/Users/Kuba/Downloads/activator-dist-1.3.12/repository/com.fasterxml.jackson.core/jackson-core/2.7.1/bundles/jackson-core.jar, file:/C:/Users/Kuba/Downloads/activator-dist-1.3.12/repository/com.fasterxml.jackson.core/jackson-annotations/2.7.1/bundles/jackson-annotations.jar, file:/C:/Users/Kuba/Downloads/activator-dist-1.3.12/repository/com.fasterxml.jackson.core/jackson-databind/2.7.1/bundles/jackson-databind.jar, file:/C:/Users/Kuba/Downloads/activator-dist-1.3.12/repository/com.fasterxml.jackson.datatype/jackson-datatype-jdk8/2.7.1/bundles/jackson-datatype-jdk8.jar, file:/C:/Users/Kuba/Downloads/activator-dist-1.3.12/repository/com.fasterxml.jackson.datatype/jackson-datatype-jsr310/2.7.1/bundles/jackson-datatype-jsr310.jar, file:/C:/Users/Kuba/.ivy2/cache/com.typesafe.play/play-netty-utils/jars/play-netty-utils-2.5.4.jar, file:/C:/Users/Kuba/.ivy2/cache/org.slf4j/jul-to-slf4j/jars/jul-to-slf4j-1.7.19.jar, file:/C:/Users/Kuba/.ivy2/cache/org.slf4j/jcl-over-slf4j/jars/jcl-over-slf4j-1.7.19.jar, file:/C:/Users/Kuba/.ivy2/cache/com.typesafe.play/play-streams_2.11/jars/play-streams_2.11-2.5.4.jar, file:/C:/Users/Kuba/.ivy2/cache/org.reactivestreams/reactive-streams/jars/reactive-streams-1.0.0.jar, file:/C:/Users/Kuba/.ivy2/cache/com.typesafe.akka/akka-stream_2.11/jars/akka-stream_2.11-2.4.4.jar, file:/C:/Users/Kuba/.ivy2/cache/com.typesafe.akka/akka-actor_2.11/jars/akka-actor_2.11-2.4.4.jar, file:/C:/Users/Kuba/Downloads/activator-dist-1.3.12/repository/org.scala-lang.modules/scala-java8-compat_2.11/0.7.0/bundles/scala-java8-compat_2.11.jar, file:/C:/Users/Kuba/Downloads/activator-dist-1.3.12/repository/com.typesafe/ssl-config-akka_2.11/0.2.1/bundles/ssl-config-akka_2.11.jar, file:/C:/Users/Kuba/.ivy2/cache/com.typesafe/ssl-config-core_2.11/bundles/ssl-config-core_2.11-0.2.1.jar, file:/C:/Users/Kuba/.ivy2/cache/org.scala-lang.modules/scala-parser-combinators_2.11/bundles/scala-parser-combinators_2.11-1.0.4.jar, file:/C:/Users/Kuba/.ivy2/cache/com.typesafe.akka/akka-slf4j_2.11/jars/akka-slf4j_2.11-2.4.4.jar, file:/C:/Users/Kuba/.ivy2/cache/commons-codec/commons-codec/jars/commons-codec-1.10.jar, file:/C:/Users/Kuba/.ivy2/cache/xerces/xercesImpl/jars/xercesImpl-2.11.0.jar, file:/C:/Users/Kuba/.ivy2/cache/xml-apis/xml-apis/jars/xml-apis-1.4.01.jar, file:/C:/Users/Kuba/.ivy2/cache/javax.transaction/jta/jars/jta-1.1.jar, file:/C:/Users/Kuba/Downloads/activator-dist-1.3.12/repository/com.google.inject/guice/4.0/jars/guice.jar, file:/C:/Users/Kuba/.ivy2/cache/javax.inject/javax.inject/jars/javax.inject-1.jar, file:/C:/Users/Kuba/.ivy2/cache/aopalliance/aopalliance/jars/aopalliance-1.0.jar, file:/C:/Users/Kuba/Downloads/activator-dist-1.3.12/repository/com.google.inject.extensions/guice-assistedinject/4.0/jars/guice-assistedinject.jar, file:/C:/Users/Kuba/.ivy2/cache/com.typesafe.play/play-netty-server_2.11/jars/play-netty-server_2.11-2.5.4.jar, file:/C:/Users/Kuba/.ivy2/cache/com.typesafe.netty/netty-reactive-streams-http/jars/netty-reactive-streams-http-1.0.6.jar, file:/C:/Users/Kuba/.ivy2/cache/com.typesafe.netty/netty-reactive-streams/jars/netty-reactive-streams-1.0.6.jar, file:/C:/Users/Kuba/.ivy2/cache/io.netty/netty-handler/jars/netty-handler-4.0.36.Final.jar, file:/C:/Users/Kuba/.ivy2/cache/io.netty/netty-buffer/jars/netty-buffer-4.0.36.Final.jar, file:/C:/Users/Kuba/.ivy2/cache/io.netty/netty-common/jars/netty-common-4.0.36.Final.jar, file:/C:/Users/Kuba/.ivy2/cache/io.netty/netty-transport/jars/netty-transport-4.0.36.Final.jar, file:/C:/Users/Kuba/.ivy2/cache/io.netty/netty-codec/jars/netty-codec-4.0.36.Final.jar, file:/C:/Users/Kuba/.ivy2/cache/io.netty/netty-codec-http/jars/netty-codec-http-4.0.36.Final.jar, file:/C:/Users/Kuba/.ivy2/cache/io.netty/netty-transport-native-epoll/jars/netty-transport-native-epoll-4.0.36.Final-linux-x86_64.jar, file:/C:/Users/Kuba/.ivy2/cache/com.typesafe.play/play-logback_2.11/jars/play-logback_2.11-2.5.4.jar, file:/C:/Users/Kuba/.ivy2/cache/org.scala-lang/scala-swing/jars/scala-swing-2.11.0-M7.jar, file:/C:/Users/Kuba/.ivy2/cache/com.mohiva/play-silhouette_2.11/jars/play-silhouette_2.11-4.0.0.jar, file:/C:/Users/Kuba/.ivy2/cache/com.typesafe.play/play-cache_2.11/jars/play-cache_2.11-2.5.4.jar, file:/C:/Users/Kuba/Downloads/activator-dist-1.3.12/repository/net.sf.ehcache/ehcache-core/2.6.11/jars/ehcache-core.jar, file:/C:/Users/Kuba/.ivy2/cache/com.typesafe.play/play-ws_2.11/jars/play-ws_2.11-2.5.4.jar, file:/C:/Users/Kuba/.ivy2/cache/com.google.guava/guava/bundles/guava-19.0.jar, file:/C:/Users/Kuba/.ivy2/cache/org.asynchttpclient/async-http-client/jars/async-http-client-2.0.2.jar, file:/C:/Users/Kuba/.ivy2/cache/org.asynchttpclient/netty-resolver-dns/jars/netty-resolver-dns-2.0.2.jar, file:/C:/Users/Kuba/.ivy2/cache/org.asynchttpclient/netty-resolver/jars/netty-resolver-2.0.2.jar, file:/C:/Users/Kuba/.ivy2/cache/org.slf4j/slf4j-api/jars/slf4j-api-1.7.21.jar, file:/C:/Users/Kuba/.ivy2/cache/org.asynchttpclient/netty-codec-dns/jars/netty-codec-dns-2.0.2.jar, file:/C:/Users/Kuba/.ivy2/cache/org.javassist/javassist/bundles/javassist-3.20.0-GA.jar, file:/C:/Users/Kuba/.ivy2/cache/oauth.signpost/signpost-core/jars/signpost-core-1.2.1.2.jar, file:/C:/Users/Kuba/.ivy2/cache/oauth.signpost/signpost-commonshttp4/jars/signpost-commonshttp4-1.2.1.2.jar, file:/C:/Users/Kuba/.ivy2/cache/org.apache.httpcomponents/httpcore/jars/httpcore-4.0.1.jar, file:/C:/Users/Kuba/.ivy2/cache/org.apache.httpcomponents/httpclient/jars/httpclient-4.0.1.jar, file:/C:/Users/Kuba/.ivy2/cache/commons-logging/commons-logging/jars/commons-logging-1.1.1.jar, file:/C:/Users/Kuba/.ivy2/cache/com.atlassian.jwt/jwt-core/jars/jwt-core-1.5.8.jar, file:/C:/Users/Kuba/.ivy2/cache/com.nimbusds/nimbus-jose-jwt/jars/nimbus-jose-jwt-2.16.jar, file:/C:/Users/Kuba/.ivy2/cache/net.jcip/jcip-annotations/jars/jcip-annotations-1.0.jar, file:/C:/Users/Kuba/.ivy2/cache/net.minidev/json-smart/jars/json-smart-1.1.1.jar, file:/C:/Users/Kuba/.ivy2/cache/javax.mail/mail/jars/mail-1.4.7.jar, file:/C:/Users/Kuba/.ivy2/cache/org.bouncycastle/bcprov-jdk15on/jars/bcprov-jdk15on-1.51.jar, file:/C:/Users/Kuba/.ivy2/cache/org.bouncycastle/bcpkix-jdk15on/jars/bcpkix-jdk15on-1.51.jar, file:/C:/Users/Kuba/.ivy2/cache/com.atlassian.jwt/jwt-api/jars/jwt-api-1.5.8.jar, file:/C:/Users/Kuba/.ivy2/cache/com.mohiva/play-silhouette-password-bcrypt_2.11/jars/play-silhouette-password-bcrypt_2.11-4.0.0.jar, file:/C:/Users/Kuba/.ivy2/cache/de.svenkubiak/jBCrypt/bundles/jBCrypt-0.4.1.jar, file:/C:/Users/Kuba/.ivy2/cache/com.mohiva/play-silhouette-persistence_2.11/jars/play-silhouette-persistence_2.11-4.0.0.jar, file:/C:/Users/Kuba/.ivy2/cache/com.mohiva/play-silhouette-crypto-jca_2.11/jars/play-silhouette-crypto-jca_2.11-4.0.0.jar, file:/C:/Users/Kuba/.ivy2/cache/org.webjars/webjars-play_2.11/jars/webjars-play_2.11-2.5.0-2.jar, file:/C:/Users/Kuba/.ivy2/cache/org.webjars/requirejs/jars/requirejs-2.1.20.jar, file:/C:/Users/Kuba/.ivy2/cache/org.webjars/webjars-locator/jars/webjars-locator-0.31.jar, file:/C:/Users/Kuba/.ivy2/cache/org.webjars/webjars-locator-core/jars/webjars-locator-core-0.30.jar, file:/C:/Users/Kuba/.ivy2/cache/org.apache.commons/commons-compress/jars/commons-compress-1.9.jar, file:/C:/Users/Kuba/.ivy2/cache/net.codingwell/scala-guice_2.11/jars/scala-guice_2.11-4.0.1.jar, file:/C:/Users/Kuba/.ivy2/cache/com.google.inject.extensions/guice-multibindings/jars/guice-multibindings-4.0.jar, file:/C:/Users/Kuba/.ivy2/cache/com.iheart/ficus_2.11/jars/ficus_2.11-1.2.6.jar, file:/C:/Users/Kuba/.ivy2/cache/org.typelevel/macro-compat_2.11/jars/macro-compat_2.11-1.1.1.jar, file:/C:/Users/Kuba/.ivy2/cache/com.typesafe.play/play-mailer_2.11/jars/play-mailer_2.11-5.0.0.jar, file:/C:/Users/Kuba/.ivy2/cache/org.apache.commons/commons-email/jars/commons-email-1.4.jar, file:/C:/Users/Kuba/.ivy2/cache/com.sun.mail/javax.mail/jars/javax.mail-1.5.2.jar, file:/C:/Users/Kuba/.ivy2/cache/javax.activation/activation/jars/activation-1.1.1.jar, file:/C:/Users/Kuba/.ivy2/cache/com.enragedginger/akka-quartz-scheduler_2.11/jars/akka-quartz-scheduler_2.11-1.5.0-akka-2.4.x.jar, file:/C:/Users/Kuba/.ivy2/cache/org.quartz-scheduler/quartz/jars/quartz-2.2.2.jar, file:/C:/Users/Kuba/.ivy2/cache/c3p0/c3p0/jars/c3p0-0.9.1.1.jar, file:/C:/Users/Kuba/.ivy2/cache/com.adrianhurt/play-bootstrap_2.11/jars/play-bootstrap_2.11-1.0-P25-B3.jar, file:/C:/Users/Kuba/.ivy2/cache/com.typesafe.play/filters-helpers_2.11/jars/filters-helpers_2.11-2.5.4.jar, file:/C:/Users/Kuba/.ivy2/cache/com.typesafe.play/play-java_2.11/jars/play-java_2.11-2.5.4.jar, file:/C:/Users/Kuba/Downloads/activator-dist-1.3.12/repository/org.yaml/snakeyaml/1.16/bundles/snakeyaml.jar, file:/C:/Users/Kuba/Downloads/activator-dist-1.3.12/repository/org.hibernate/hibernate-validator/5.2.4.Final/jars/hibernate-validator.jar, file:/C:/Users/Kuba/Downloads/activator-dist-1.3.12/repository/javax.validation/validation-api/1.1.0.Final/jars/validation-api.jar, file:/C:/Users/Kuba/Downloads/activator-dist-1.3.12/repository/org.jboss.logging/jboss-logging/3.2.1.Final/jars/jboss-logging.jar, file:/C:/Users/Kuba/Downloads/activator-dist-1.3.12/repository/com.fasterxml/classmate/1.1.0/bundles/classmate.jar, file:/C:/Users/Kuba/Downloads/activator-dist-1.3.12/repository/javax.el/javax.el-api/3.0.0/jars/javax.el-api.jar, file:/C:/Users/Kuba/.ivy2/cache/org.springframework/spring-context/jars/spring-context-4.2.4.RELEASE.jar, file:/C:/Users/Kuba/.ivy2/cache/org.springframework/spring-core/jars/spring-core-4.2.4.RELEASE.jar, file:/C:/Users/Kuba/.ivy2/cache/org.springframework/spring-beans/jars/spring-beans-4.2.4.RELEASE.jar, file:/C:/Users/Kuba/Downloads/activator-dist-1.3.12/repository/org.reflections/reflections/0.9.10/jars/reflections.jar, file:/C:/Users/Kuba/Downloads/activator-dist-1.3.12/repository/net.jodah/typetools/0.4.4/bundles/typetools.jar, file:/C:/Users/Kuba/.ivy2/cache/com.google.code.findbugs/jsr305/jars/jsr305-3.0.1.jar, file:/C:/Users/Kuba/Downloads/activator-dist-1.3.12/repository/org.apache.tomcat/tomcat-servlet-api/8.0.33/jars/tomcat-servlet-api.jar, file:/C:/Users/Kuba/.ivy2/cache/com.adrianhurt/play-bootstrap-core_2.11/jars/play-bootstrap-core_2.11-1.0-P25.jar, file:/C:/Users/Kuba/.ivy2/cache/org.webjars/bootstrap/jars/bootstrap-3.3.6.jar, file:/C:/Users/Kuba/.ivy2/cache/org.webjars/jquery/jars/jquery-2.1.4.jar}
16:45:22.897 [ForkJoinPool-8-worker-1] DEBUG c.google.inject.internal.BytecodeGen - Loading class play.api.libs.concurrent.ExecutionContextProvider FastClass with PlayDependencyClassLoader{file:/C:/Users/Kuba/IdeaProjects/play-silhouette-seed-master/lib/connect-four.jar, file:/C:/Users/Kuba/IdeaProjects/play-silhouette-seed-master/lib/sudoku.jar, file:/C:/Users/Kuba/.ivy2/cache/org.scala-lang/scala-library/jars/scala-library-2.11.8.jar, file:/C:/Users/Kuba/Downloads/activator-dist-1.3.12/repository/com.typesafe.play/twirl-api_2.11/1.1.1/jars/twirl-api_2.11.jar, file:/C:/Users/Kuba/.ivy2/cache/org.apache.commons/commons-lang3/jars/commons-lang3-3.4.jar, file:/C:/Users/Kuba/.ivy2/cache/org.scala-lang.modules/scala-xml_2.11/bundles/scala-xml_2.11-1.0.1.jar, file:/C:/Users/Kuba/.ivy2/cache/com.typesafe.play/play-server_2.11/jars/play-server_2.11-2.5.4.jar, file:/C:/Users/Kuba/.ivy2/cache/com.typesafe.play/play_2.11/jars/play_2.11-2.5.4.jar, file:/C:/Users/Kuba/.ivy2/cache/com.typesafe.play/build-link/jars/build-link-2.5.4.jar, file:/C:/Users/Kuba/.ivy2/cache/com.typesafe.play/play-exceptions/jars/play-exceptions-2.5.4.jar, file:/C:/Users/Kuba/.ivy2/cache/com.typesafe.play/play-iteratees_2.11/jars/play-iteratees_2.11-2.5.4.jar, file:/C:/Users/Kuba/.ivy2/cache/org.scala-stm/scala-stm_2.11/jars/scala-stm_2.11-0.7.jar, file:/C:/Users/Kuba/Downloads/activator-dist-1.3.12/repository/com.typesafe/config/1.3.0/bundles/config.jar, file:/C:/Users/Kuba/.ivy2/cache/ch.qos.logback/logback-classic/jars/logback-classic-1.1.7.jar, file:/C:/Users/Kuba/.ivy2/cache/ch.qos.logback/logback-core/jars/logback-core-1.1.7.jar, file:/C:/Users/Kuba/.ivy2/cache/com.typesafe.play/play-json_2.11/jars/play-json_2.11-2.5.4.jar, file:/C:/Users/Kuba/.ivy2/cache/com.typesafe.play/play-functional_2.11/jars/play-functional_2.11-2.5.4.jar, file:/C:/Users/Kuba/.ivy2/cache/com.typesafe.play/play-datacommons_2.11/jars/play-datacommons_2.11-2.5.4.jar, file:/C:/Users/Kuba/Downloads/activator-dist-1.3.12/repository/joda-time/joda-time/2.9.2/jars/joda-time.jar, file:/C:/Users/Kuba/Downloads/activator-dist-1.3.12/repository/org.joda/joda-convert/1.8.1/jars/joda-convert.jar, file:/C:/Users/Kuba/Downloads/activator-dist-1.3.12/repository/org.scala-lang/scala-reflect/2.11.7/jars/scala-reflect.jar, file:/C:/Users/Kuba/Downloads/activator-dist-1.3.12/repository/com.fasterxml.jackson.core/jackson-core/2.7.1/bundles/jackson-core.jar, file:/C:/Users/Kuba/Downloads/activator-dist-1.3.12/repository/com.fasterxml.jackson.core/jackson-annotations/2.7.1/bundles/jackson-annotations.jar, file:/C:/Users/Kuba/Downloads/activator-dist-1.3.12/repository/com.fasterxml.jackson.core/jackson-databind/2.7.1/bundles/jackson-databind.jar, file:/C:/Users/Kuba/Downloads/activator-dist-1.3.12/repository/com.fasterxml.jackson.datatype/jackson-datatype-jdk8/2.7.1/bundles/jackson-datatype-jdk8.jar, file:/C:/Users/Kuba/Downloads/activator-dist-1.3.12/repository/com.fasterxml.jackson.datatype/jackson-datatype-jsr310/2.7.1/bundles/jackson-datatype-jsr310.jar, file:/C:/Users/Kuba/.ivy2/cache/com.typesafe.play/play-netty-utils/jars/play-netty-utils-2.5.4.jar, file:/C:/Users/Kuba/.ivy2/cache/org.slf4j/jul-to-slf4j/jars/jul-to-slf4j-1.7.19.jar, file:/C:/Users/Kuba/.ivy2/cache/org.slf4j/jcl-over-slf4j/jars/jcl-over-slf4j-1.7.19.jar, file:/C:/Users/Kuba/.ivy2/cache/com.typesafe.play/play-streams_2.11/jars/play-streams_2.11-2.5.4.jar, file:/C:/Users/Kuba/.ivy2/cache/org.reactivestreams/reactive-streams/jars/reactive-streams-1.0.0.jar, file:/C:/Users/Kuba/.ivy2/cache/com.typesafe.akka/akka-stream_2.11/jars/akka-stream_2.11-2.4.4.jar, file:/C:/Users/Kuba/.ivy2/cache/com.typesafe.akka/akka-actor_2.11/jars/akka-actor_2.11-2.4.4.jar, file:/C:/Users/Kuba/Downloads/activator-dist-1.3.12/repository/org.scala-lang.modules/scala-java8-compat_2.11/0.7.0/bundles/scala-java8-compat_2.11.jar, file:/C:/Users/Kuba/Downloads/activator-dist-1.3.12/repository/com.typesafe/ssl-config-akka_2.11/0.2.1/bundles/ssl-config-akka_2.11.jar, file:/C:/Users/Kuba/.ivy2/cache/com.typesafe/ssl-config-core_2.11/bundles/ssl-config-core_2.11-0.2.1.jar, file:/C:/Users/Kuba/.ivy2/cache/org.scala-lang.modules/scala-parser-combinators_2.11/bundles/scala-parser-combinators_2.11-1.0.4.jar, file:/C:/Users/Kuba/.ivy2/cache/com.typesafe.akka/akka-slf4j_2.11/jars/akka-slf4j_2.11-2.4.4.jar, file:/C:/Users/Kuba/.ivy2/cache/commons-codec/commons-codec/jars/commons-codec-1.10.jar, file:/C:/Users/Kuba/.ivy2/cache/xerces/xercesImpl/jars/xercesImpl-2.11.0.jar, file:/C:/Users/Kuba/.ivy2/cache/xml-apis/xml-apis/jars/xml-apis-1.4.01.jar, file:/C:/Users/Kuba/.ivy2/cache/javax.transaction/jta/jars/jta-1.1.jar, file:/C:/Users/Kuba/Downloads/activator-dist-1.3.12/repository/com.google.inject/guice/4.0/jars/guice.jar, file:/C:/Users/Kuba/.ivy2/cache/javax.inject/javax.inject/jars/javax.inject-1.jar, file:/C:/Users/Kuba/.ivy2/cache/aopalliance/aopalliance/jars/aopalliance-1.0.jar, file:/C:/Users/Kuba/Downloads/activator-dist-1.3.12/repository/com.google.inject.extensions/guice-assistedinject/4.0/jars/guice-assistedinject.jar, file:/C:/Users/Kuba/.ivy2/cache/com.typesafe.play/play-netty-server_2.11/jars/play-netty-server_2.11-2.5.4.jar, file:/C:/Users/Kuba/.ivy2/cache/com.typesafe.netty/netty-reactive-streams-http/jars/netty-reactive-streams-http-1.0.6.jar, file:/C:/Users/Kuba/.ivy2/cache/com.typesafe.netty/netty-reactive-streams/jars/netty-reactive-streams-1.0.6.jar, file:/C:/Users/Kuba/.ivy2/cache/io.netty/netty-handler/jars/netty-handler-4.0.36.Final.jar, file:/C:/Users/Kuba/.ivy2/cache/io.netty/netty-buffer/jars/netty-buffer-4.0.36.Final.jar, file:/C:/Users/Kuba/.ivy2/cache/io.netty/netty-common/jars/netty-common-4.0.36.Final.jar, file:/C:/Users/Kuba/.ivy2/cache/io.netty/netty-transport/jars/netty-transport-4.0.36.Final.jar, file:/C:/Users/Kuba/.ivy2/cache/io.netty/netty-codec/jars/netty-codec-4.0.36.Final.jar, file:/C:/Users/Kuba/.ivy2/cache/io.netty/netty-codec-http/jars/netty-codec-http-4.0.36.Final.jar, file:/C:/Users/Kuba/.ivy2/cache/io.netty/netty-transport-native-epoll/jars/netty-transport-native-epoll-4.0.36.Final-linux-x86_64.jar, file:/C:/Users/Kuba/.ivy2/cache/com.typesafe.play/play-logback_2.11/jars/play-logback_2.11-2.5.4.jar, file:/C:/Users/Kuba/.ivy2/cache/org.scala-lang/scala-swing/jars/scala-swing-2.11.0-M7.jar, file:/C:/Users/Kuba/.ivy2/cache/com.mohiva/play-silhouette_2.11/jars/play-silhouette_2.11-4.0.0.jar, file:/C:/Users/Kuba/.ivy2/cache/com.typesafe.play/play-cache_2.11/jars/play-cache_2.11-2.5.4.jar, file:/C:/Users/Kuba/Downloads/activator-dist-1.3.12/repository/net.sf.ehcache/ehcache-core/2.6.11/jars/ehcache-core.jar, file:/C:/Users/Kuba/.ivy2/cache/com.typesafe.play/play-ws_2.11/jars/play-ws_2.11-2.5.4.jar, file:/C:/Users/Kuba/.ivy2/cache/com.google.guava/guava/bundles/guava-19.0.jar, file:/C:/Users/Kuba/.ivy2/cache/org.asynchttpclient/async-http-client/jars/async-http-client-2.0.2.jar, file:/C:/Users/Kuba/.ivy2/cache/org.asynchttpclient/netty-resolver-dns/jars/netty-resolver-dns-2.0.2.jar, file:/C:/Users/Kuba/.ivy2/cache/org.asynchttpclient/netty-resolver/jars/netty-resolver-2.0.2.jar, file:/C:/Users/Kuba/.ivy2/cache/org.slf4j/slf4j-api/jars/slf4j-api-1.7.21.jar, file:/C:/Users/Kuba/.ivy2/cache/org.asynchttpclient/netty-codec-dns/jars/netty-codec-dns-2.0.2.jar, file:/C:/Users/Kuba/.ivy2/cache/org.javassist/javassist/bundles/javassist-3.20.0-GA.jar, file:/C:/Users/Kuba/.ivy2/cache/oauth.signpost/signpost-core/jars/signpost-core-1.2.1.2.jar, file:/C:/Users/Kuba/.ivy2/cache/oauth.signpost/signpost-commonshttp4/jars/signpost-commonshttp4-1.2.1.2.jar, file:/C:/Users/Kuba/.ivy2/cache/org.apache.httpcomponents/httpcore/jars/httpcore-4.0.1.jar, file:/C:/Users/Kuba/.ivy2/cache/org.apache.httpcomponents/httpclient/jars/httpclient-4.0.1.jar, file:/C:/Users/Kuba/.ivy2/cache/commons-logging/commons-logging/jars/commons-logging-1.1.1.jar, file:/C:/Users/Kuba/.ivy2/cache/com.atlassian.jwt/jwt-core/jars/jwt-core-1.5.8.jar, file:/C:/Users/Kuba/.ivy2/cache/com.nimbusds/nimbus-jose-jwt/jars/nimbus-jose-jwt-2.16.jar, file:/C:/Users/Kuba/.ivy2/cache/net.jcip/jcip-annotations/jars/jcip-annotations-1.0.jar, file:/C:/Users/Kuba/.ivy2/cache/net.minidev/json-smart/jars/json-smart-1.1.1.jar, file:/C:/Users/Kuba/.ivy2/cache/javax.mail/mail/jars/mail-1.4.7.jar, file:/C:/Users/Kuba/.ivy2/cache/org.bouncycastle/bcprov-jdk15on/jars/bcprov-jdk15on-1.51.jar, file:/C:/Users/Kuba/.ivy2/cache/org.bouncycastle/bcpkix-jdk15on/jars/bcpkix-jdk15on-1.51.jar, file:/C:/Users/Kuba/.ivy2/cache/com.atlassian.jwt/jwt-api/jars/jwt-api-1.5.8.jar, file:/C:/Users/Kuba/.ivy2/cache/com.mohiva/play-silhouette-password-bcrypt_2.11/jars/play-silhouette-password-bcrypt_2.11-4.0.0.jar, file:/C:/Users/Kuba/.ivy2/cache/de.svenkubiak/jBCrypt/bundles/jBCrypt-0.4.1.jar, file:/C:/Users/Kuba/.ivy2/cache/com.mohiva/play-silhouette-persistence_2.11/jars/play-silhouette-persistence_2.11-4.0.0.jar, file:/C:/Users/Kuba/.ivy2/cache/com.mohiva/play-silhouette-crypto-jca_2.11/jars/play-silhouette-crypto-jca_2.11-4.0.0.jar, file:/C:/Users/Kuba/.ivy2/cache/org.webjars/webjars-play_2.11/jars/webjars-play_2.11-2.5.0-2.jar, file:/C:/Users/Kuba/.ivy2/cache/org.webjars/requirejs/jars/requirejs-2.1.20.jar, file:/C:/Users/Kuba/.ivy2/cache/org.webjars/webjars-locator/jars/webjars-locator-0.31.jar, file:/C:/Users/Kuba/.ivy2/cache/org.webjars/webjars-locator-core/jars/webjars-locator-core-0.30.jar, file:/C:/Users/Kuba/.ivy2/cache/org.apache.commons/commons-compress/jars/commons-compress-1.9.jar, file:/C:/Users/Kuba/.ivy2/cache/net.codingwell/scala-guice_2.11/jars/scala-guice_2.11-4.0.1.jar, file:/C:/Users/Kuba/.ivy2/cache/com.google.inject.extensions/guice-multibindings/jars/guice-multibindings-4.0.jar, file:/C:/Users/Kuba/.ivy2/cache/com.iheart/ficus_2.11/jars/ficus_2.11-1.2.6.jar, file:/C:/Users/Kuba/.ivy2/cache/org.typelevel/macro-compat_2.11/jars/macro-compat_2.11-1.1.1.jar, file:/C:/Users/Kuba/.ivy2/cache/com.typesafe.play/play-mailer_2.11/jars/play-mailer_2.11-5.0.0.jar, file:/C:/Users/Kuba/.ivy2/cache/org.apache.commons/commons-email/jars/commons-email-1.4.jar, file:/C:/Users/Kuba/.ivy2/cache/com.sun.mail/javax.mail/jars/javax.mail-1.5.2.jar, file:/C:/Users/Kuba/.ivy2/cache/javax.activation/activation/jars/activation-1.1.1.jar, file:/C:/Users/Kuba/.ivy2/cache/com.enragedginger/akka-quartz-scheduler_2.11/jars/akka-quartz-scheduler_2.11-1.5.0-akka-2.4.x.jar, file:/C:/Users/Kuba/.ivy2/cache/org.quartz-scheduler/quartz/jars/quartz-2.2.2.jar, file:/C:/Users/Kuba/.ivy2/cache/c3p0/c3p0/jars/c3p0-0.9.1.1.jar, file:/C:/Users/Kuba/.ivy2/cache/com.adrianhurt/play-bootstrap_2.11/jars/play-bootstrap_2.11-1.0-P25-B3.jar, file:/C:/Users/Kuba/.ivy2/cache/com.typesafe.play/filters-helpers_2.11/jars/filters-helpers_2.11-2.5.4.jar, file:/C:/Users/Kuba/.ivy2/cache/com.typesafe.play/play-java_2.11/jars/play-java_2.11-2.5.4.jar, file:/C:/Users/Kuba/Downloads/activator-dist-1.3.12/repository/org.yaml/snakeyaml/1.16/bundles/snakeyaml.jar, file:/C:/Users/Kuba/Downloads/activator-dist-1.3.12/repository/org.hibernate/hibernate-validator/5.2.4.Final/jars/hibernate-validator.jar, file:/C:/Users/Kuba/Downloads/activator-dist-1.3.12/repository/javax.validation/validation-api/1.1.0.Final/jars/validation-api.jar, file:/C:/Users/Kuba/Downloads/activator-dist-1.3.12/repository/org.jboss.logging/jboss-logging/3.2.1.Final/jars/jboss-logging.jar, file:/C:/Users/Kuba/Downloads/activator-dist-1.3.12/repository/com.fasterxml/classmate/1.1.0/bundles/classmate.jar, file:/C:/Users/Kuba/Downloads/activator-dist-1.3.12/repository/javax.el/javax.el-api/3.0.0/jars/javax.el-api.jar, file:/C:/Users/Kuba/.ivy2/cache/org.springframework/spring-context/jars/spring-context-4.2.4.RELEASE.jar, file:/C:/Users/Kuba/.ivy2/cache/org.springframework/spring-core/jars/spring-core-4.2.4.RELEASE.jar, file:/C:/Users/Kuba/.ivy2/cache/org.springframework/spring-beans/jars/spring-beans-4.2.4.RELEASE.jar, file:/C:/Users/Kuba/Downloads/activator-dist-1.3.12/repository/org.reflections/reflections/0.9.10/jars/reflections.jar, file:/C:/Users/Kuba/Downloads/activator-dist-1.3.12/repository/net.jodah/typetools/0.4.4/bundles/typetools.jar, file:/C:/Users/Kuba/.ivy2/cache/com.google.code.findbugs/jsr305/jars/jsr305-3.0.1.jar, file:/C:/Users/Kuba/Downloads/activator-dist-1.3.12/repository/org.apache.tomcat/tomcat-servlet-api/8.0.33/jars/tomcat-servlet-api.jar, file:/C:/Users/Kuba/.ivy2/cache/com.adrianhurt/play-bootstrap-core_2.11/jars/play-bootstrap-core_2.11-1.0-P25.jar, file:/C:/Users/Kuba/.ivy2/cache/org.webjars/bootstrap/jars/bootstrap-3.3.6.jar, file:/C:/Users/Kuba/.ivy2/cache/org.webjars/jquery/jars/jquery-2.1.4.jar}
16:45:22.899 [ForkJoinPool-8-worker-1] DEBUG c.google.inject.internal.BytecodeGen - Loading class play.api.libs.crypto.CryptoConfigParser FastClass with PlayDependencyClassLoader{file:/C:/Users/Kuba/IdeaProjects/play-silhouette-seed-master/lib/connect-four.jar, file:/C:/Users/Kuba/IdeaProjects/play-silhouette-seed-master/lib/sudoku.jar, file:/C:/Users/Kuba/.ivy2/cache/org.scala-lang/scala-library/jars/scala-library-2.11.8.jar, file:/C:/Users/Kuba/Downloads/activator-dist-1.3.12/repository/com.typesafe.play/twirl-api_2.11/1.1.1/jars/twirl-api_2.11.jar, file:/C:/Users/Kuba/.ivy2/cache/org.apache.commons/commons-lang3/jars/commons-lang3-3.4.jar, file:/C:/Users/Kuba/.ivy2/cache/org.scala-lang.modules/scala-xml_2.11/bundles/scala-xml_2.11-1.0.1.jar, file:/C:/Users/Kuba/.ivy2/cache/com.typesafe.play/play-server_2.11/jars/play-server_2.11-2.5.4.jar, file:/C:/Users/Kuba/.ivy2/cache/com.typesafe.play/play_2.11/jars/play_2.11-2.5.4.jar, file:/C:/Users/Kuba/.ivy2/cache/com.typesafe.play/build-link/jars/build-link-2.5.4.jar, file:/C:/Users/Kuba/.ivy2/cache/com.typesafe.play/play-exceptions/jars/play-exceptions-2.5.4.jar, file:/C:/Users/Kuba/.ivy2/cache/com.typesafe.play/play-iteratees_2.11/jars/play-iteratees_2.11-2.5.4.jar, file:/C:/Users/Kuba/.ivy2/cache/org.scala-stm/scala-stm_2.11/jars/scala-stm_2.11-0.7.jar, file:/C:/Users/Kuba/Downloads/activator-dist-1.3.12/repository/com.typesafe/config/1.3.0/bundles/config.jar, file:/C:/Users/Kuba/.ivy2/cache/ch.qos.logback/logback-classic/jars/logback-classic-1.1.7.jar, file:/C:/Users/Kuba/.ivy2/cache/ch.qos.logback/logback-core/jars/logback-core-1.1.7.jar, file:/C:/Users/Kuba/.ivy2/cache/com.typesafe.play/play-json_2.11/jars/play-json_2.11-2.5.4.jar, file:/C:/Users/Kuba/.ivy2/cache/com.typesafe.play/play-functional_2.11/jars/play-functional_2.11-2.5.4.jar, file:/C:/Users/Kuba/.ivy2/cache/com.typesafe.play/play-datacommons_2.11/jars/play-datacommons_2.11-2.5.4.jar, file:/C:/Users/Kuba/Downloads/activator-dist-1.3.12/repository/joda-time/joda-time/2.9.2/jars/joda-time.jar, file:/C:/Users/Kuba/Downloads/activator-dist-1.3.12/repository/org.joda/joda-convert/1.8.1/jars/joda-convert.jar, file:/C:/Users/Kuba/Downloads/activator-dist-1.3.12/repository/org.scala-lang/scala-reflect/2.11.7/jars/scala-reflect.jar, file:/C:/Users/Kuba/Downloads/activator-dist-1.3.12/repository/com.fasterxml.jackson.core/jackson-core/2.7.1/bundles/jackson-core.jar, file:/C:/Users/Kuba/Downloads/activator-dist-1.3.12/repository/com.fasterxml.jackson.core/jackson-annotations/2.7.1/bundles/jackson-annotations.jar, file:/C:/Users/Kuba/Downloads/activator-dist-1.3.12/repository/com.fasterxml.jackson.core/jackson-databind/2.7.1/bundles/jackson-databind.jar, file:/C:/Users/Kuba/Downloads/activator-dist-1.3.12/repository/com.fasterxml.jackson.datatype/jackson-datatype-jdk8/2.7.1/bundles/jackson-datatype-jdk8.jar, file:/C:/Users/Kuba/Downloads/activator-dist-1.3.12/repository/com.fasterxml.jackson.datatype/jackson-datatype-jsr310/2.7.1/bundles/jackson-datatype-jsr310.jar, file:/C:/Users/Kuba/.ivy2/cache/com.typesafe.play/play-netty-utils/jars/play-netty-utils-2.5.4.jar, file:/C:/Users/Kuba/.ivy2/cache/org.slf4j/jul-to-slf4j/jars/jul-to-slf4j-1.7.19.jar, file:/C:/Users/Kuba/.ivy2/cache/org.slf4j/jcl-over-slf4j/jars/jcl-over-slf4j-1.7.19.jar, file:/C:/Users/Kuba/.ivy2/cache/com.typesafe.play/play-streams_2.11/jars/play-streams_2.11-2.5.4.jar, file:/C:/Users/Kuba/.ivy2/cache/org.reactivestreams/reactive-streams/jars/reactive-streams-1.0.0.jar, file:/C:/Users/Kuba/.ivy2/cache/com.typesafe.akka/akka-stream_2.11/jars/akka-stream_2.11-2.4.4.jar, file:/C:/Users/Kuba/.ivy2/cache/com.typesafe.akka/akka-actor_2.11/jars/akka-actor_2.11-2.4.4.jar, file:/C:/Users/Kuba/Downloads/activator-dist-1.3.12/repository/org.scala-lang.modules/scala-java8-compat_2.11/0.7.0/bundles/scala-java8-compat_2.11.jar, file:/C:/Users/Kuba/Downloads/activator-dist-1.3.12/repository/com.typesafe/ssl-config-akka_2.11/0.2.1/bundles/ssl-config-akka_2.11.jar, file:/C:/Users/Kuba/.ivy2/cache/com.typesafe/ssl-config-core_2.11/bundles/ssl-config-core_2.11-0.2.1.jar, file:/C:/Users/Kuba/.ivy2/cache/org.scala-lang.modules/scala-parser-combinators_2.11/bundles/scala-parser-combinators_2.11-1.0.4.jar, file:/C:/Users/Kuba/.ivy2/cache/com.typesafe.akka/akka-slf4j_2.11/jars/akka-slf4j_2.11-2.4.4.jar, file:/C:/Users/Kuba/.ivy2/cache/commons-codec/commons-codec/jars/commons-codec-1.10.jar, file:/C:/Users/Kuba/.ivy2/cache/xerces/xercesImpl/jars/xercesImpl-2.11.0.jar, file:/C:/Users/Kuba/.ivy2/cache/xml-apis/xml-apis/jars/xml-apis-1.4.01.jar, file:/C:/Users/Kuba/.ivy2/cache/javax.transaction/jta/jars/jta-1.1.jar, file:/C:/Users/Kuba/Downloads/activator-dist-1.3.12/repository/com.google.inject/guice/4.0/jars/guice.jar, file:/C:/Users/Kuba/.ivy2/cache/javax.inject/javax.inject/jars/javax.inject-1.jar, file:/C:/Users/Kuba/.ivy2/cache/aopalliance/aopalliance/jars/aopalliance-1.0.jar, file:/C:/Users/Kuba/Downloads/activator-dist-1.3.12/repository/com.google.inject.extensions/guice-assistedinject/4.0/jars/guice-assistedinject.jar, file:/C:/Users/Kuba/.ivy2/cache/com.typesafe.play/play-netty-server_2.11/jars/play-netty-server_2.11-2.5.4.jar, file:/C:/Users/Kuba/.ivy2/cache/com.typesafe.netty/netty-reactive-streams-http/jars/netty-reactive-streams-http-1.0.6.jar, file:/C:/Users/Kuba/.ivy2/cache/com.typesafe.netty/netty-reactive-streams/jars/netty-reactive-streams-1.0.6.jar, file:/C:/Users/Kuba/.ivy2/cache/io.netty/netty-handler/jars/netty-handler-4.0.36.Final.jar, file:/C:/Users/Kuba/.ivy2/cache/io.netty/netty-buffer/jars/netty-buffer-4.0.36.Final.jar, file:/C:/Users/Kuba/.ivy2/cache/io.netty/netty-common/jars/netty-common-4.0.36.Final.jar, file:/C:/Users/Kuba/.ivy2/cache/io.netty/netty-transport/jars/netty-transport-4.0.36.Final.jar, file:/C:/Users/Kuba/.ivy2/cache/io.netty/netty-codec/jars/netty-codec-4.0.36.Final.jar, file:/C:/Users/Kuba/.ivy2/cache/io.netty/netty-codec-http/jars/netty-codec-http-4.0.36.Final.jar, file:/C:/Users/Kuba/.ivy2/cache/io.netty/netty-transport-native-epoll/jars/netty-transport-native-epoll-4.0.36.Final-linux-x86_64.jar, file:/C:/Users/Kuba/.ivy2/cache/com.typesafe.play/play-logback_2.11/jars/play-logback_2.11-2.5.4.jar, file:/C:/Users/Kuba/.ivy2/cache/org.scala-lang/scala-swing/jars/scala-swing-2.11.0-M7.jar, file:/C:/Users/Kuba/.ivy2/cache/com.mohiva/play-silhouette_2.11/jars/play-silhouette_2.11-4.0.0.jar, file:/C:/Users/Kuba/.ivy2/cache/com.typesafe.play/play-cache_2.11/jars/play-cache_2.11-2.5.4.jar, file:/C:/Users/Kuba/Downloads/activator-dist-1.3.12/repository/net.sf.ehcache/ehcache-core/2.6.11/jars/ehcache-core.jar, file:/C:/Users/Kuba/.ivy2/cache/com.typesafe.play/play-ws_2.11/jars/play-ws_2.11-2.5.4.jar, file:/C:/Users/Kuba/.ivy2/cache/com.google.guava/guava/bundles/guava-19.0.jar, file:/C:/Users/Kuba/.ivy2/cache/org.asynchttpclient/async-http-client/jars/async-http-client-2.0.2.jar, file:/C:/Users/Kuba/.ivy2/cache/org.asynchttpclient/netty-resolver-dns/jars/netty-resolver-dns-2.0.2.jar, file:/C:/Users/Kuba/.ivy2/cache/org.asynchttpclient/netty-resolver/jars/netty-resolver-2.0.2.jar, file:/C:/Users/Kuba/.ivy2/cache/org.slf4j/slf4j-api/jars/slf4j-api-1.7.21.jar, file:/C:/Users/Kuba/.ivy2/cache/org.asynchttpclient/netty-codec-dns/jars/netty-codec-dns-2.0.2.jar, file:/C:/Users/Kuba/.ivy2/cache/org.javassist/javassist/bundles/javassist-3.20.0-GA.jar, file:/C:/Users/Kuba/.ivy2/cache/oauth.signpost/signpost-core/jars/signpost-core-1.2.1.2.jar, file:/C:/Users/Kuba/.ivy2/cache/oauth.signpost/signpost-commonshttp4/jars/signpost-commonshttp4-1.2.1.2.jar, file:/C:/Users/Kuba/.ivy2/cache/org.apache.httpcomponents/httpcore/jars/httpcore-4.0.1.jar, file:/C:/Users/Kuba/.ivy2/cache/org.apache.httpcomponents/httpclient/jars/httpclient-4.0.1.jar, file:/C:/Users/Kuba/.ivy2/cache/commons-logging/commons-logging/jars/commons-logging-1.1.1.jar, file:/C:/Users/Kuba/.ivy2/cache/com.atlassian.jwt/jwt-core/jars/jwt-core-1.5.8.jar, file:/C:/Users/Kuba/.ivy2/cache/com.nimbusds/nimbus-jose-jwt/jars/nimbus-jose-jwt-2.16.jar, file:/C:/Users/Kuba/.ivy2/cache/net.jcip/jcip-annotations/jars/jcip-annotations-1.0.jar, file:/C:/Users/Kuba/.ivy2/cache/net.minidev/json-smart/jars/json-smart-1.1.1.jar, file:/C:/Users/Kuba/.ivy2/cache/javax.mail/mail/jars/mail-1.4.7.jar, file:/C:/Users/Kuba/.ivy2/cache/org.bouncycastle/bcprov-jdk15on/jars/bcprov-jdk15on-1.51.jar, file:/C:/Users/Kuba/.ivy2/cache/org.bouncycastle/bcpkix-jdk15on/jars/bcpkix-jdk15on-1.51.jar, file:/C:/Users/Kuba/.ivy2/cache/com.atlassian.jwt/jwt-api/jars/jwt-api-1.5.8.jar, file:/C:/Users/Kuba/.ivy2/cache/com.mohiva/play-silhouette-password-bcrypt_2.11/jars/play-silhouette-password-bcrypt_2.11-4.0.0.jar, file:/C:/Users/Kuba/.ivy2/cache/de.svenkubiak/jBCrypt/bundles/jBCrypt-0.4.1.jar, file:/C:/Users/Kuba/.ivy2/cache/com.mohiva/play-silhouette-persistence_2.11/jars/play-silhouette-persistence_2.11-4.0.0.jar, file:/C:/Users/Kuba/.ivy2/cache/com.mohiva/play-silhouette-crypto-jca_2.11/jars/play-silhouette-crypto-jca_2.11-4.0.0.jar, file:/C:/Users/Kuba/.ivy2/cache/org.webjars/webjars-play_2.11/jars/webjars-play_2.11-2.5.0-2.jar, file:/C:/Users/Kuba/.ivy2/cache/org.webjars/requirejs/jars/requirejs-2.1.20.jar, file:/C:/Users/Kuba/.ivy2/cache/org.webjars/webjars-locator/jars/webjars-locator-0.31.jar, file:/C:/Users/Kuba/.ivy2/cache/org.webjars/webjars-locator-core/jars/webjars-locator-core-0.30.jar, file:/C:/Users/Kuba/.ivy2/cache/org.apache.commons/commons-compress/jars/commons-compress-1.9.jar, file:/C:/Users/Kuba/.ivy2/cache/net.codingwell/scala-guice_2.11/jars/scala-guice_2.11-4.0.1.jar, file:/C:/Users/Kuba/.ivy2/cache/com.google.inject.extensions/guice-multibindings/jars/guice-multibindings-4.0.jar, file:/C:/Users/Kuba/.ivy2/cache/com.iheart/ficus_2.11/jars/ficus_2.11-1.2.6.jar, file:/C:/Users/Kuba/.ivy2/cache/org.typelevel/macro-compat_2.11/jars/macro-compat_2.11-1.1.1.jar, file:/C:/Users/Kuba/.ivy2/cache/com.typesafe.play/play-mailer_2.11/jars/play-mailer_2.11-5.0.0.jar, file:/C:/Users/Kuba/.ivy2/cache/org.apache.commons/commons-email/jars/commons-email-1.4.jar, file:/C:/Users/Kuba/.ivy2/cache/com.sun.mail/javax.mail/jars/javax.mail-1.5.2.jar, file:/C:/Users/Kuba/.ivy2/cache/javax.activation/activation/jars/activation-1.1.1.jar, file:/C:/Users/Kuba/.ivy2/cache/com.enragedginger/akka-quartz-scheduler_2.11/jars/akka-quartz-scheduler_2.11-1.5.0-akka-2.4.x.jar, file:/C:/Users/Kuba/.ivy2/cache/org.quartz-scheduler/quartz/jars/quartz-2.2.2.jar, file:/C:/Users/Kuba/.ivy2/cache/c3p0/c3p0/jars/c3p0-0.9.1.1.jar, file:/C:/Users/Kuba/.ivy2/cache/com.adrianhurt/play-bootstrap_2.11/jars/play-bootstrap_2.11-1.0-P25-B3.jar, file:/C:/Users/Kuba/.ivy2/cache/com.typesafe.play/filters-helpers_2.11/jars/filters-helpers_2.11-2.5.4.jar, file:/C:/Users/Kuba/.ivy2/cache/com.typesafe.play/play-java_2.11/jars/play-java_2.11-2.5.4.jar, file:/C:/Users/Kuba/Downloads/activator-dist-1.3.12/repository/org.yaml/snakeyaml/1.16/bundles/snakeyaml.jar, file:/C:/Users/Kuba/Downloads/activator-dist-1.3.12/repository/org.hibernate/hibernate-validator/5.2.4.Final/jars/hibernate-validator.jar, file:/C:/Users/Kuba/Downloads/activator-dist-1.3.12/repository/javax.validation/validation-api/1.1.0.Final/jars/validation-api.jar, file:/C:/Users/Kuba/Downloads/activator-dist-1.3.12/repository/org.jboss.logging/jboss-logging/3.2.1.Final/jars/jboss-logging.jar, file:/C:/Users/Kuba/Downloads/activator-dist-1.3.12/repository/com.fasterxml/classmate/1.1.0/bundles/classmate.jar, file:/C:/Users/Kuba/Downloads/activator-dist-1.3.12/repository/javax.el/javax.el-api/3.0.0/jars/javax.el-api.jar, file:/C:/Users/Kuba/.ivy2/cache/org.springframework/spring-context/jars/spring-context-4.2.4.RELEASE.jar, file:/C:/Users/Kuba/.ivy2/cache/org.springframework/spring-core/jars/spring-core-4.2.4.RELEASE.jar, file:/C:/Users/Kuba/.ivy2/cache/org.springframework/spring-beans/jars/spring-beans-4.2.4.RELEASE.jar, file:/C:/Users/Kuba/Downloads/activator-dist-1.3.12/repository/org.reflections/reflections/0.9.10/jars/reflections.jar, file:/C:/Users/Kuba/Downloads/activator-dist-1.3.12/repository/net.jodah/typetools/0.4.4/bundles/typetools.jar, file:/C:/Users/Kuba/.ivy2/cache/com.google.code.findbugs/jsr305/jars/jsr305-3.0.1.jar, file:/C:/Users/Kuba/Downloads/activator-dist-1.3.12/repository/org.apache.tomcat/tomcat-servlet-api/8.0.33/jars/tomcat-servlet-api.jar, file:/C:/Users/Kuba/.ivy2/cache/com.adrianhurt/play-bootstrap-core_2.11/jars/play-bootstrap-core_2.11-1.0-P25.jar, file:/C:/Users/Kuba/.ivy2/cache/org.webjars/bootstrap/jars/bootstrap-3.3.6.jar, file:/C:/Users/Kuba/.ivy2/cache/org.webjars/jquery/jars/jquery-2.1.4.jar}
16:45:22.900 [ForkJoinPool-8-worker-1] DEBUG c.google.inject.internal.BytecodeGen - Loading class play.api.libs.crypto.CookieSignerProvider FastClass with PlayDependencyClassLoader{file:/C:/Users/Kuba/IdeaProjects/play-silhouette-seed-master/lib/connect-four.jar, file:/C:/Users/Kuba/IdeaProjects/play-silhouette-seed-master/lib/sudoku.jar, file:/C:/Users/Kuba/.ivy2/cache/org.scala-lang/scala-library/jars/scala-library-2.11.8.jar, file:/C:/Users/Kuba/Downloads/activator-dist-1.3.12/repository/com.typesafe.play/twirl-api_2.11/1.1.1/jars/twirl-api_2.11.jar, file:/C:/Users/Kuba/.ivy2/cache/org.apache.commons/commons-lang3/jars/commons-lang3-3.4.jar, file:/C:/Users/Kuba/.ivy2/cache/org.scala-lang.modules/scala-xml_2.11/bundles/scala-xml_2.11-1.0.1.jar, file:/C:/Users/Kuba/.ivy2/cache/com.typesafe.play/play-server_2.11/jars/play-server_2.11-2.5.4.jar, file:/C:/Users/Kuba/.ivy2/cache/com.typesafe.play/play_2.11/jars/play_2.11-2.5.4.jar, file:/C:/Users/Kuba/.ivy2/cache/com.typesafe.play/build-link/jars/build-link-2.5.4.jar, file:/C:/Users/Kuba/.ivy2/cache/com.typesafe.play/play-exceptions/jars/play-exceptions-2.5.4.jar, file:/C:/Users/Kuba/.ivy2/cache/com.typesafe.play/play-iteratees_2.11/jars/play-iteratees_2.11-2.5.4.jar, file:/C:/Users/Kuba/.ivy2/cache/org.scala-stm/scala-stm_2.11/jars/scala-stm_2.11-0.7.jar, file:/C:/Users/Kuba/Downloads/activator-dist-1.3.12/repository/com.typesafe/config/1.3.0/bundles/config.jar, file:/C:/Users/Kuba/.ivy2/cache/ch.qos.logback/logback-classic/jars/logback-classic-1.1.7.jar, file:/C:/Users/Kuba/.ivy2/cache/ch.qos.logback/logback-core/jars/logback-core-1.1.7.jar, file:/C:/Users/Kuba/.ivy2/cache/com.typesafe.play/play-json_2.11/jars/play-json_2.11-2.5.4.jar, file:/C:/Users/Kuba/.ivy2/cache/com.typesafe.play/play-functional_2.11/jars/play-functional_2.11-2.5.4.jar, file:/C:/Users/Kuba/.ivy2/cache/com.typesafe.play/play-datacommons_2.11/jars/play-datacommons_2.11-2.5.4.jar, file:/C:/Users/Kuba/Downloads/activator-dist-1.3.12/repository/joda-time/joda-time/2.9.2/jars/joda-time.jar, file:/C:/Users/Kuba/Downloads/activator-dist-1.3.12/repository/org.joda/joda-convert/1.8.1/jars/joda-convert.jar, file:/C:/Users/Kuba/Downloads/activator-dist-1.3.12/repository/org.scala-lang/scala-reflect/2.11.7/jars/scala-reflect.jar, file:/C:/Users/Kuba/Downloads/activator-dist-1.3.12/repository/com.fasterxml.jackson.core/jackson-core/2.7.1/bundles/jackson-core.jar, file:/C:/Users/Kuba/Downloads/activator-dist-1.3.12/repository/com.fasterxml.jackson.core/jackson-annotations/2.7.1/bundles/jackson-annotations.jar, file:/C:/Users/Kuba/Downloads/activator-dist-1.3.12/repository/com.fasterxml.jackson.core/jackson-databind/2.7.1/bundles/jackson-databind.jar, file:/C:/Users/Kuba/Downloads/activator-dist-1.3.12/repository/com.fasterxml.jackson.datatype/jackson-datatype-jdk8/2.7.1/bundles/jackson-datatype-jdk8.jar, file:/C:/Users/Kuba/Downloads/activator-dist-1.3.12/repository/com.fasterxml.jackson.datatype/jackson-datatype-jsr310/2.7.1/bundles/jackson-datatype-jsr310.jar, file:/C:/Users/Kuba/.ivy2/cache/com.typesafe.play/play-netty-utils/jars/play-netty-utils-2.5.4.jar, file:/C:/Users/Kuba/.ivy2/cache/org.slf4j/jul-to-slf4j/jars/jul-to-slf4j-1.7.19.jar, file:/C:/Users/Kuba/.ivy2/cache/org.slf4j/jcl-over-slf4j/jars/jcl-over-slf4j-1.7.19.jar, file:/C:/Users/Kuba/.ivy2/cache/com.typesafe.play/play-streams_2.11/jars/play-streams_2.11-2.5.4.jar, file:/C:/Users/Kuba/.ivy2/cache/org.reactivestreams/reactive-streams/jars/reactive-streams-1.0.0.jar, file:/C:/Users/Kuba/.ivy2/cache/com.typesafe.akka/akka-stream_2.11/jars/akka-stream_2.11-2.4.4.jar, file:/C:/Users/Kuba/.ivy2/cache/com.typesafe.akka/akka-actor_2.11/jars/akka-actor_2.11-2.4.4.jar, file:/C:/Users/Kuba/Downloads/activator-dist-1.3.12/repository/org.scala-lang.modules/scala-java8-compat_2.11/0.7.0/bundles/scala-java8-compat_2.11.jar, file:/C:/Users/Kuba/Downloads/activator-dist-1.3.12/repository/com.typesafe/ssl-config-akka_2.11/0.2.1/bundles/ssl-config-akka_2.11.jar, file:/C:/Users/Kuba/.ivy2/cache/com.typesafe/ssl-config-core_2.11/bundles/ssl-config-core_2.11-0.2.1.jar, file:/C:/Users/Kuba/.ivy2/cache/org.scala-lang.modules/scala-parser-combinators_2.11/bundles/scala-parser-combinators_2.11-1.0.4.jar, file:/C:/Users/Kuba/.ivy2/cache/com.typesafe.akka/akka-slf4j_2.11/jars/akka-slf4j_2.11-2.4.4.jar, file:/C:/Users/Kuba/.ivy2/cache/commons-codec/commons-codec/jars/commons-codec-1.10.jar, file:/C:/Users/Kuba/.ivy2/cache/xerces/xercesImpl/jars/xercesImpl-2.11.0.jar, file:/C:/Users/Kuba/.ivy2/cache/xml-apis/xml-apis/jars/xml-apis-1.4.01.jar, file:/C:/Users/Kuba/.ivy2/cache/javax.transaction/jta/jars/jta-1.1.jar, file:/C:/Users/Kuba/Downloads/activator-dist-1.3.12/repository/com.google.inject/guice/4.0/jars/guice.jar, file:/C:/Users/Kuba/.ivy2/cache/javax.inject/javax.inject/jars/javax.inject-1.jar, file:/C:/Users/Kuba/.ivy2/cache/aopalliance/aopalliance/jars/aopalliance-1.0.jar, file:/C:/Users/Kuba/Downloads/activator-dist-1.3.12/repository/com.google.inject.extensions/guice-assistedinject/4.0/jars/guice-assistedinject.jar, file:/C:/Users/Kuba/.ivy2/cache/com.typesafe.play/play-netty-server_2.11/jars/play-netty-server_2.11-2.5.4.jar, file:/C:/Users/Kuba/.ivy2/cache/com.typesafe.netty/netty-reactive-streams-http/jars/netty-reactive-streams-http-1.0.6.jar, file:/C:/Users/Kuba/.ivy2/cache/com.typesafe.netty/netty-reactive-streams/jars/netty-reactive-streams-1.0.6.jar, file:/C:/Users/Kuba/.ivy2/cache/io.netty/netty-handler/jars/netty-handler-4.0.36.Final.jar, file:/C:/Users/Kuba/.ivy2/cache/io.netty/netty-buffer/jars/netty-buffer-4.0.36.Final.jar, file:/C:/Users/Kuba/.ivy2/cache/io.netty/netty-common/jars/netty-common-4.0.36.Final.jar, file:/C:/Users/Kuba/.ivy2/cache/io.netty/netty-transport/jars/netty-transport-4.0.36.Final.jar, file:/C:/Users/Kuba/.ivy2/cache/io.netty/netty-codec/jars/netty-codec-4.0.36.Final.jar, file:/C:/Users/Kuba/.ivy2/cache/io.netty/netty-codec-http/jars/netty-codec-http-4.0.36.Final.jar, file:/C:/Users/Kuba/.ivy2/cache/io.netty/netty-transport-native-epoll/jars/netty-transport-native-epoll-4.0.36.Final-linux-x86_64.jar, file:/C:/Users/Kuba/.ivy2/cache/com.typesafe.play/play-logback_2.11/jars/play-logback_2.11-2.5.4.jar, file:/C:/Users/Kuba/.ivy2/cache/org.scala-lang/scala-swing/jars/scala-swing-2.11.0-M7.jar, file:/C:/Users/Kuba/.ivy2/cache/com.mohiva/play-silhouette_2.11/jars/play-silhouette_2.11-4.0.0.jar, file:/C:/Users/Kuba/.ivy2/cache/com.typesafe.play/play-cache_2.11/jars/play-cache_2.11-2.5.4.jar, file:/C:/Users/Kuba/Downloads/activator-dist-1.3.12/repository/net.sf.ehcache/ehcache-core/2.6.11/jars/ehcache-core.jar, file:/C:/Users/Kuba/.ivy2/cache/com.typesafe.play/play-ws_2.11/jars/play-ws_2.11-2.5.4.jar, file:/C:/Users/Kuba/.ivy2/cache/com.google.guava/guava/bundles/guava-19.0.jar, file:/C:/Users/Kuba/.ivy2/cache/org.asynchttpclient/async-http-client/jars/async-http-client-2.0.2.jar, file:/C:/Users/Kuba/.ivy2/cache/org.asynchttpclient/netty-resolver-dns/jars/netty-resolver-dns-2.0.2.jar, file:/C:/Users/Kuba/.ivy2/cache/org.asynchttpclient/netty-resolver/jars/netty-resolver-2.0.2.jar, file:/C:/Users/Kuba/.ivy2/cache/org.slf4j/slf4j-api/jars/slf4j-api-1.7.21.jar, file:/C:/Users/Kuba/.ivy2/cache/org.asynchttpclient/netty-codec-dns/jars/netty-codec-dns-2.0.2.jar, file:/C:/Users/Kuba/.ivy2/cache/org.javassist/javassist/bundles/javassist-3.20.0-GA.jar, file:/C:/Users/Kuba/.ivy2/cache/oauth.signpost/signpost-core/jars/signpost-core-1.2.1.2.jar, file:/C:/Users/Kuba/.ivy2/cache/oauth.signpost/signpost-commonshttp4/jars/signpost-commonshttp4-1.2.1.2.jar, file:/C:/Users/Kuba/.ivy2/cache/org.apache.httpcomponents/httpcore/jars/httpcore-4.0.1.jar, file:/C:/Users/Kuba/.ivy2/cache/org.apache.httpcomponents/httpclient/jars/httpclient-4.0.1.jar, file:/C:/Users/Kuba/.ivy2/cache/commons-logging/commons-logging/jars/commons-logging-1.1.1.jar, file:/C:/Users/Kuba/.ivy2/cache/com.atlassian.jwt/jwt-core/jars/jwt-core-1.5.8.jar, file:/C:/Users/Kuba/.ivy2/cache/com.nimbusds/nimbus-jose-jwt/jars/nimbus-jose-jwt-2.16.jar, file:/C:/Users/Kuba/.ivy2/cache/net.jcip/jcip-annotations/jars/jcip-annotations-1.0.jar, file:/C:/Users/Kuba/.ivy2/cache/net.minidev/json-smart/jars/json-smart-1.1.1.jar, file:/C:/Users/Kuba/.ivy2/cache/javax.mail/mail/jars/mail-1.4.7.jar, file:/C:/Users/Kuba/.ivy2/cache/org.bouncycastle/bcprov-jdk15on/jars/bcprov-jdk15on-1.51.jar, file:/C:/Users/Kuba/.ivy2/cache/org.bouncycastle/bcpkix-jdk15on/jars/bcpkix-jdk15on-1.51.jar, file:/C:/Users/Kuba/.ivy2/cache/com.atlassian.jwt/jwt-api/jars/jwt-api-1.5.8.jar, file:/C:/Users/Kuba/.ivy2/cache/com.mohiva/play-silhouette-password-bcrypt_2.11/jars/play-silhouette-password-bcrypt_2.11-4.0.0.jar, file:/C:/Users/Kuba/.ivy2/cache/de.svenkubiak/jBCrypt/bundles/jBCrypt-0.4.1.jar, file:/C:/Users/Kuba/.ivy2/cache/com.mohiva/play-silhouette-persistence_2.11/jars/play-silhouette-persistence_2.11-4.0.0.jar, file:/C:/Users/Kuba/.ivy2/cache/com.mohiva/play-silhouette-crypto-jca_2.11/jars/play-silhouette-crypto-jca_2.11-4.0.0.jar, file:/C:/Users/Kuba/.ivy2/cache/org.webjars/webjars-play_2.11/jars/webjars-play_2.11-2.5.0-2.jar, file:/C:/Users/Kuba/.ivy2/cache/org.webjars/requirejs/jars/requirejs-2.1.20.jar, file:/C:/Users/Kuba/.ivy2/cache/org.webjars/webjars-locator/jars/webjars-locator-0.31.jar, file:/C:/Users/Kuba/.ivy2/cache/org.webjars/webjars-locator-core/jars/webjars-locator-core-0.30.jar, file:/C:/Users/Kuba/.ivy2/cache/org.apache.commons/commons-compress/jars/commons-compress-1.9.jar, file:/C:/Users/Kuba/.ivy2/cache/net.codingwell/scala-guice_2.11/jars/scala-guice_2.11-4.0.1.jar, file:/C:/Users/Kuba/.ivy2/cache/com.google.inject.extensions/guice-multibindings/jars/guice-multibindings-4.0.jar, file:/C:/Users/Kuba/.ivy2/cache/com.iheart/ficus_2.11/jars/ficus_2.11-1.2.6.jar, file:/C:/Users/Kuba/.ivy2/cache/org.typelevel/macro-compat_2.11/jars/macro-compat_2.11-1.1.1.jar, file:/C:/Users/Kuba/.ivy2/cache/com.typesafe.play/play-mailer_2.11/jars/play-mailer_2.11-5.0.0.jar, file:/C:/Users/Kuba/.ivy2/cache/org.apache.commons/commons-email/jars/commons-email-1.4.jar, file:/C:/Users/Kuba/.ivy2/cache/com.sun.mail/javax.mail/jars/javax.mail-1.5.2.jar, file:/C:/Users/Kuba/.ivy2/cache/javax.activation/activation/jars/activation-1.1.1.jar, file:/C:/Users/Kuba/.ivy2/cache/com.enragedginger/akka-quartz-scheduler_2.11/jars/akka-quartz-scheduler_2.11-1.5.0-akka-2.4.x.jar, file:/C:/Users/Kuba/.ivy2/cache/org.quartz-scheduler/quartz/jars/quartz-2.2.2.jar, file:/C:/Users/Kuba/.ivy2/cache/c3p0/c3p0/jars/c3p0-0.9.1.1.jar, file:/C:/Users/Kuba/.ivy2/cache/com.adrianhurt/play-bootstrap_2.11/jars/play-bootstrap_2.11-1.0-P25-B3.jar, file:/C:/Users/Kuba/.ivy2/cache/com.typesafe.play/filters-helpers_2.11/jars/filters-helpers_2.11-2.5.4.jar, file:/C:/Users/Kuba/.ivy2/cache/com.typesafe.play/play-java_2.11/jars/play-java_2.11-2.5.4.jar, file:/C:/Users/Kuba/Downloads/activator-dist-1.3.12/repository/org.yaml/snakeyaml/1.16/bundles/snakeyaml.jar, file:/C:/Users/Kuba/Downloads/activator-dist-1.3.12/repository/org.hibernate/hibernate-validator/5.2.4.Final/jars/hibernate-validator.jar, file:/C:/Users/Kuba/Downloads/activator-dist-1.3.12/repository/javax.validation/validation-api/1.1.0.Final/jars/validation-api.jar, file:/C:/Users/Kuba/Downloads/activator-dist-1.3.12/repository/org.jboss.logging/jboss-logging/3.2.1.Final/jars/jboss-logging.jar, file:/C:/Users/Kuba/Downloads/activator-dist-1.3.12/repository/com.fasterxml/classmate/1.1.0/bundles/classmate.jar, file:/C:/Users/Kuba/Downloads/activator-dist-1.3.12/repository/javax.el/javax.el-api/3.0.0/jars/javax.el-api.jar, file:/C:/Users/Kuba/.ivy2/cache/org.springframework/spring-context/jars/spring-context-4.2.4.RELEASE.jar, file:/C:/Users/Kuba/.ivy2/cache/org.springframework/spring-core/jars/spring-core-4.2.4.RELEASE.jar, file:/C:/Users/Kuba/.ivy2/cache/org.springframework/spring-beans/jars/spring-beans-4.2.4.RELEASE.jar, file:/C:/Users/Kuba/Downloads/activator-dist-1.3.12/repository/org.reflections/reflections/0.9.10/jars/reflections.jar, file:/C:/Users/Kuba/Downloads/activator-dist-1.3.12/repository/net.jodah/typetools/0.4.4/bundles/typetools.jar, file:/C:/Users/Kuba/.ivy2/cache/com.google.code.findbugs/jsr305/jars/jsr305-3.0.1.jar, file:/C:/Users/Kuba/Downloads/activator-dist-1.3.12/repository/org.apache.tomcat/tomcat-servlet-api/8.0.33/jars/tomcat-servlet-api.jar, file:/C:/Users/Kuba/.ivy2/cache/com.adrianhurt/play-bootstrap-core_2.11/jars/play-bootstrap-core_2.11-1.0-P25.jar, file:/C:/Users/Kuba/.ivy2/cache/org.webjars/bootstrap/jars/bootstrap-3.3.6.jar, file:/C:/Users/Kuba/.ivy2/cache/org.webjars/jquery/jars/jquery-2.1.4.jar}
16:45:22.902 [ForkJoinPool-8-worker-1] DEBUG c.google.inject.internal.BytecodeGen - Loading class play.api.libs.crypto.CSRFTokenSignerProvider FastClass with PlayDependencyClassLoader{file:/C:/Users/Kuba/IdeaProjects/play-silhouette-seed-master/lib/connect-four.jar, file:/C:/Users/Kuba/IdeaProjects/play-silhouette-seed-master/lib/sudoku.jar, file:/C:/Users/Kuba/.ivy2/cache/org.scala-lang/scala-library/jars/scala-library-2.11.8.jar, file:/C:/Users/Kuba/Downloads/activator-dist-1.3.12/repository/com.typesafe.play/twirl-api_2.11/1.1.1/jars/twirl-api_2.11.jar, file:/C:/Users/Kuba/.ivy2/cache/org.apache.commons/commons-lang3/jars/commons-lang3-3.4.jar, file:/C:/Users/Kuba/.ivy2/cache/org.scala-lang.modules/scala-xml_2.11/bundles/scala-xml_2.11-1.0.1.jar, file:/C:/Users/Kuba/.ivy2/cache/com.typesafe.play/play-server_2.11/jars/play-server_2.11-2.5.4.jar, file:/C:/Users/Kuba/.ivy2/cache/com.typesafe.play/play_2.11/jars/play_2.11-2.5.4.jar, file:/C:/Users/Kuba/.ivy2/cache/com.typesafe.play/build-link/jars/build-link-2.5.4.jar, file:/C:/Users/Kuba/.ivy2/cache/com.typesafe.play/play-exceptions/jars/play-exceptions-2.5.4.jar, file:/C:/Users/Kuba/.ivy2/cache/com.typesafe.play/play-iteratees_2.11/jars/play-iteratees_2.11-2.5.4.jar, file:/C:/Users/Kuba/.ivy2/cache/org.scala-stm/scala-stm_2.11/jars/scala-stm_2.11-0.7.jar, file:/C:/Users/Kuba/Downloads/activator-dist-1.3.12/repository/com.typesafe/config/1.3.0/bundles/config.jar, file:/C:/Users/Kuba/.ivy2/cache/ch.qos.logback/logback-classic/jars/logback-classic-1.1.7.jar, file:/C:/Users/Kuba/.ivy2/cache/ch.qos.logback/logback-core/jars/logback-core-1.1.7.jar, file:/C:/Users/Kuba/.ivy2/cache/com.typesafe.play/play-json_2.11/jars/play-json_2.11-2.5.4.jar, file:/C:/Users/Kuba/.ivy2/cache/com.typesafe.play/play-functional_2.11/jars/play-functional_2.11-2.5.4.jar, file:/C:/Users/Kuba/.ivy2/cache/com.typesafe.play/play-datacommons_2.11/jars/play-datacommons_2.11-2.5.4.jar, file:/C:/Users/Kuba/Downloads/activator-dist-1.3.12/repository/joda-time/joda-time/2.9.2/jars/joda-time.jar, file:/C:/Users/Kuba/Downloads/activator-dist-1.3.12/repository/org.joda/joda-convert/1.8.1/jars/joda-convert.jar, file:/C:/Users/Kuba/Downloads/activator-dist-1.3.12/repository/org.scala-lang/scala-reflect/2.11.7/jars/scala-reflect.jar, file:/C:/Users/Kuba/Downloads/activator-dist-1.3.12/repository/com.fasterxml.jackson.core/jackson-core/2.7.1/bundles/jackson-core.jar, file:/C:/Users/Kuba/Downloads/activator-dist-1.3.12/repository/com.fasterxml.jackson.core/jackson-annotations/2.7.1/bundles/jackson-annotations.jar, file:/C:/Users/Kuba/Downloads/activator-dist-1.3.12/repository/com.fasterxml.jackson.core/jackson-databind/2.7.1/bundles/jackson-databind.jar, file:/C:/Users/Kuba/Downloads/activator-dist-1.3.12/repository/com.fasterxml.jackson.datatype/jackson-datatype-jdk8/2.7.1/bundles/jackson-datatype-jdk8.jar, file:/C:/Users/Kuba/Downloads/activator-dist-1.3.12/repository/com.fasterxml.jackson.datatype/jackson-datatype-jsr310/2.7.1/bundles/jackson-datatype-jsr310.jar, file:/C:/Users/Kuba/.ivy2/cache/com.typesafe.play/play-netty-utils/jars/play-netty-utils-2.5.4.jar, file:/C:/Users/Kuba/.ivy2/cache/org.slf4j/jul-to-slf4j/jars/jul-to-slf4j-1.7.19.jar, file:/C:/Users/Kuba/.ivy2/cache/org.slf4j/jcl-over-slf4j/jars/jcl-over-slf4j-1.7.19.jar, file:/C:/Users/Kuba/.ivy2/cache/com.typesafe.play/play-streams_2.11/jars/play-streams_2.11-2.5.4.jar, file:/C:/Users/Kuba/.ivy2/cache/org.reactivestreams/reactive-streams/jars/reactive-streams-1.0.0.jar, file:/C:/Users/Kuba/.ivy2/cache/com.typesafe.akka/akka-stream_2.11/jars/akka-stream_2.11-2.4.4.jar, file:/C:/Users/Kuba/.ivy2/cache/com.typesafe.akka/akka-actor_2.11/jars/akka-actor_2.11-2.4.4.jar, file:/C:/Users/Kuba/Downloads/activator-dist-1.3.12/repository/org.scala-lang.modules/scala-java8-compat_2.11/0.7.0/bundles/scala-java8-compat_2.11.jar, file:/C:/Users/Kuba/Downloads/activator-dist-1.3.12/repository/com.typesafe/ssl-config-akka_2.11/0.2.1/bundles/ssl-config-akka_2.11.jar, file:/C:/Users/Kuba/.ivy2/cache/com.typesafe/ssl-config-core_2.11/bundles/ssl-config-core_2.11-0.2.1.jar, file:/C:/Users/Kuba/.ivy2/cache/org.scala-lang.modules/scala-parser-combinators_2.11/bundles/scala-parser-combinators_2.11-1.0.4.jar, file:/C:/Users/Kuba/.ivy2/cache/com.typesafe.akka/akka-slf4j_2.11/jars/akka-slf4j_2.11-2.4.4.jar, file:/C:/Users/Kuba/.ivy2/cache/commons-codec/commons-codec/jars/commons-codec-1.10.jar, file:/C:/Users/Kuba/.ivy2/cache/xerces/xercesImpl/jars/xercesImpl-2.11.0.jar, file:/C:/Users/Kuba/.ivy2/cache/xml-apis/xml-apis/jars/xml-apis-1.4.01.jar, file:/C:/Users/Kuba/.ivy2/cache/javax.transaction/jta/jars/jta-1.1.jar, file:/C:/Users/Kuba/Downloads/activator-dist-1.3.12/repository/com.google.inject/guice/4.0/jars/guice.jar, file:/C:/Users/Kuba/.ivy2/cache/javax.inject/javax.inject/jars/javax.inject-1.jar, file:/C:/Users/Kuba/.ivy2/cache/aopalliance/aopalliance/jars/aopalliance-1.0.jar, file:/C:/Users/Kuba/Downloads/activator-dist-1.3.12/repository/com.google.inject.extensions/guice-assistedinject/4.0/jars/guice-assistedinject.jar, file:/C:/Users/Kuba/.ivy2/cache/com.typesafe.play/play-netty-server_2.11/jars/play-netty-server_2.11-2.5.4.jar, file:/C:/Users/Kuba/.ivy2/cache/com.typesafe.netty/netty-reactive-streams-http/jars/netty-reactive-streams-http-1.0.6.jar, file:/C:/Users/Kuba/.ivy2/cache/com.typesafe.netty/netty-reactive-streams/jars/netty-reactive-streams-1.0.6.jar, file:/C:/Users/Kuba/.ivy2/cache/io.netty/netty-handler/jars/netty-handler-4.0.36.Final.jar, file:/C:/Users/Kuba/.ivy2/cache/io.netty/netty-buffer/jars/netty-buffer-4.0.36.Final.jar, file:/C:/Users/Kuba/.ivy2/cache/io.netty/netty-common/jars/netty-common-4.0.36.Final.jar, file:/C:/Users/Kuba/.ivy2/cache/io.netty/netty-transport/jars/netty-transport-4.0.36.Final.jar, file:/C:/Users/Kuba/.ivy2/cache/io.netty/netty-codec/jars/netty-codec-4.0.36.Final.jar, file:/C:/Users/Kuba/.ivy2/cache/io.netty/netty-codec-http/jars/netty-codec-http-4.0.36.Final.jar, file:/C:/Users/Kuba/.ivy2/cache/io.netty/netty-transport-native-epoll/jars/netty-transport-native-epoll-4.0.36.Final-linux-x86_64.jar, file:/C:/Users/Kuba/.ivy2/cache/com.typesafe.play/play-logback_2.11/jars/play-logback_2.11-2.5.4.jar, file:/C:/Users/Kuba/.ivy2/cache/org.scala-lang/scala-swing/jars/scala-swing-2.11.0-M7.jar, file:/C:/Users/Kuba/.ivy2/cache/com.mohiva/play-silhouette_2.11/jars/play-silhouette_2.11-4.0.0.jar, file:/C:/Users/Kuba/.ivy2/cache/com.typesafe.play/play-cache_2.11/jars/play-cache_2.11-2.5.4.jar, file:/C:/Users/Kuba/Downloads/activator-dist-1.3.12/repository/net.sf.ehcache/ehcache-core/2.6.11/jars/ehcache-core.jar, file:/C:/Users/Kuba/.ivy2/cache/com.typesafe.play/play-ws_2.11/jars/play-ws_2.11-2.5.4.jar, file:/C:/Users/Kuba/.ivy2/cache/com.google.guava/guava/bundles/guava-19.0.jar, file:/C:/Users/Kuba/.ivy2/cache/org.asynchttpclient/async-http-client/jars/async-http-client-2.0.2.jar, file:/C:/Users/Kuba/.ivy2/cache/org.asynchttpclient/netty-resolver-dns/jars/netty-resolver-dns-2.0.2.jar, file:/C:/Users/Kuba/.ivy2/cache/org.asynchttpclient/netty-resolver/jars/netty-resolver-2.0.2.jar, file:/C:/Users/Kuba/.ivy2/cache/org.slf4j/slf4j-api/jars/slf4j-api-1.7.21.jar, file:/C:/Users/Kuba/.ivy2/cache/org.asynchttpclient/netty-codec-dns/jars/netty-codec-dns-2.0.2.jar, file:/C:/Users/Kuba/.ivy2/cache/org.javassist/javassist/bundles/javassist-3.20.0-GA.jar, file:/C:/Users/Kuba/.ivy2/cache/oauth.signpost/signpost-core/jars/signpost-core-1.2.1.2.jar, file:/C:/Users/Kuba/.ivy2/cache/oauth.signpost/signpost-commonshttp4/jars/signpost-commonshttp4-1.2.1.2.jar, file:/C:/Users/Kuba/.ivy2/cache/org.apache.httpcomponents/httpcore/jars/httpcore-4.0.1.jar, file:/C:/Users/Kuba/.ivy2/cache/org.apache.httpcomponents/httpclient/jars/httpclient-4.0.1.jar, file:/C:/Users/Kuba/.ivy2/cache/commons-logging/commons-logging/jars/commons-logging-1.1.1.jar, file:/C:/Users/Kuba/.ivy2/cache/com.atlassian.jwt/jwt-core/jars/jwt-core-1.5.8.jar, file:/C:/Users/Kuba/.ivy2/cache/com.nimbusds/nimbus-jose-jwt/jars/nimbus-jose-jwt-2.16.jar, file:/C:/Users/Kuba/.ivy2/cache/net.jcip/jcip-annotations/jars/jcip-annotations-1.0.jar, file:/C:/Users/Kuba/.ivy2/cache/net.minidev/json-smart/jars/json-smart-1.1.1.jar, file:/C:/Users/Kuba/.ivy2/cache/javax.mail/mail/jars/mail-1.4.7.jar, file:/C:/Users/Kuba/.ivy2/cache/org.bouncycastle/bcprov-jdk15on/jars/bcprov-jdk15on-1.51.jar, file:/C:/Users/Kuba/.ivy2/cache/org.bouncycastle/bcpkix-jdk15on/jars/bcpkix-jdk15on-1.51.jar, file:/C:/Users/Kuba/.ivy2/cache/com.atlassian.jwt/jwt-api/jars/jwt-api-1.5.8.jar, file:/C:/Users/Kuba/.ivy2/cache/com.mohiva/play-silhouette-password-bcrypt_2.11/jars/play-silhouette-password-bcrypt_2.11-4.0.0.jar, file:/C:/Users/Kuba/.ivy2/cache/de.svenkubiak/jBCrypt/bundles/jBCrypt-0.4.1.jar, file:/C:/Users/Kuba/.ivy2/cache/com.mohiva/play-silhouette-persistence_2.11/jars/play-silhouette-persistence_2.11-4.0.0.jar, file:/C:/Users/Kuba/.ivy2/cache/com.mohiva/play-silhouette-crypto-jca_2.11/jars/play-silhouette-crypto-jca_2.11-4.0.0.jar, file:/C:/Users/Kuba/.ivy2/cache/org.webjars/webjars-play_2.11/jars/webjars-play_2.11-2.5.0-2.jar, file:/C:/Users/Kuba/.ivy2/cache/org.webjars/requirejs/jars/requirejs-2.1.20.jar, file:/C:/Users/Kuba/.ivy2/cache/org.webjars/webjars-locator/jars/webjars-locator-0.31.jar, file:/C:/Users/Kuba/.ivy2/cache/org.webjars/webjars-locator-core/jars/webjars-locator-core-0.30.jar, file:/C:/Users/Kuba/.ivy2/cache/org.apache.commons/commons-compress/jars/commons-compress-1.9.jar, file:/C:/Users/Kuba/.ivy2/cache/net.codingwell/scala-guice_2.11/jars/scala-guice_2.11-4.0.1.jar, file:/C:/Users/Kuba/.ivy2/cache/com.google.inject.extensions/guice-multibindings/jars/guice-multibindings-4.0.jar, file:/C:/Users/Kuba/.ivy2/cache/com.iheart/ficus_2.11/jars/ficus_2.11-1.2.6.jar, file:/C:/Users/Kuba/.ivy2/cache/org.typelevel/macro-compat_2.11/jars/macro-compat_2.11-1.1.1.jar, file:/C:/Users/Kuba/.ivy2/cache/com.typesafe.play/play-mailer_2.11/jars/play-mailer_2.11-5.0.0.jar, file:/C:/Users/Kuba/.ivy2/cache/org.apache.commons/commons-email/jars/commons-email-1.4.jar, file:/C:/Users/Kuba/.ivy2/cache/com.sun.mail/javax.mail/jars/javax.mail-1.5.2.jar, file:/C:/Users/Kuba/.ivy2/cache/javax.activation/activation/jars/activation-1.1.1.jar, file:/C:/Users/Kuba/.ivy2/cache/com.enragedginger/akka-quartz-scheduler_2.11/jars/akka-quartz-scheduler_2.11-1.5.0-akka-2.4.x.jar, file:/C:/Users/Kuba/.ivy2/cache/org.quartz-scheduler/quartz/jars/quartz-2.2.2.jar, file:/C:/Users/Kuba/.ivy2/cache/c3p0/c3p0/jars/c3p0-0.9.1.1.jar, file:/C:/Users/Kuba/.ivy2/cache/com.adrianhurt/play-bootstrap_2.11/jars/play-bootstrap_2.11-1.0-P25-B3.jar, file:/C:/Users/Kuba/.ivy2/cache/com.typesafe.play/filters-helpers_2.11/jars/filters-helpers_2.11-2.5.4.jar, file:/C:/Users/Kuba/.ivy2/cache/com.typesafe.play/play-java_2.11/jars/play-java_2.11-2.5.4.jar, file:/C:/Users/Kuba/Downloads/activator-dist-1.3.12/repository/org.yaml/snakeyaml/1.16/bundles/snakeyaml.jar, file:/C:/Users/Kuba/Downloads/activator-dist-1.3.12/repository/org.hibernate/hibernate-validator/5.2.4.Final/jars/hibernate-validator.jar, file:/C:/Users/Kuba/Downloads/activator-dist-1.3.12/repository/javax.validation/validation-api/1.1.0.Final/jars/validation-api.jar, file:/C:/Users/Kuba/Downloads/activator-dist-1.3.12/repository/org.jboss.logging/jboss-logging/3.2.1.Final/jars/jboss-logging.jar, file:/C:/Users/Kuba/Downloads/activator-dist-1.3.12/repository/com.fasterxml/classmate/1.1.0/bundles/classmate.jar, file:/C:/Users/Kuba/Downloads/activator-dist-1.3.12/repository/javax.el/javax.el-api/3.0.0/jars/javax.el-api.jar, file:/C:/Users/Kuba/.ivy2/cache/org.springframework/spring-context/jars/spring-context-4.2.4.RELEASE.jar, file:/C:/Users/Kuba/.ivy2/cache/org.springframework/spring-core/jars/spring-core-4.2.4.RELEASE.jar, file:/C:/Users/Kuba/.ivy2/cache/org.springframework/spring-beans/jars/spring-beans-4.2.4.RELEASE.jar, file:/C:/Users/Kuba/Downloads/activator-dist-1.3.12/repository/org.reflections/reflections/0.9.10/jars/reflections.jar, file:/C:/Users/Kuba/Downloads/activator-dist-1.3.12/repository/net.jodah/typetools/0.4.4/bundles/typetools.jar, file:/C:/Users/Kuba/.ivy2/cache/com.google.code.findbugs/jsr305/jars/jsr305-3.0.1.jar, file:/C:/Users/Kuba/Downloads/activator-dist-1.3.12/repository/org.apache.tomcat/tomcat-servlet-api/8.0.33/jars/tomcat-servlet-api.jar, file:/C:/Users/Kuba/.ivy2/cache/com.adrianhurt/play-bootstrap-core_2.11/jars/play-bootstrap-core_2.11-1.0-P25.jar, file:/C:/Users/Kuba/.ivy2/cache/org.webjars/bootstrap/jars/bootstrap-3.3.6.jar, file:/C:/Users/Kuba/.ivy2/cache/org.webjars/jquery/jars/jquery-2.1.4.jar}
16:45:22.905 [ForkJoinPool-8-worker-1] DEBUG c.google.inject.internal.BytecodeGen - Loading class play.api.libs.crypto.AESCrypterProvider FastClass with PlayDependencyClassLoader{file:/C:/Users/Kuba/IdeaProjects/play-silhouette-seed-master/lib/connect-four.jar, file:/C:/Users/Kuba/IdeaProjects/play-silhouette-seed-master/lib/sudoku.jar, file:/C:/Users/Kuba/.ivy2/cache/org.scala-lang/scala-library/jars/scala-library-2.11.8.jar, file:/C:/Users/Kuba/Downloads/activator-dist-1.3.12/repository/com.typesafe.play/twirl-api_2.11/1.1.1/jars/twirl-api_2.11.jar, file:/C:/Users/Kuba/.ivy2/cache/org.apache.commons/commons-lang3/jars/commons-lang3-3.4.jar, file:/C:/Users/Kuba/.ivy2/cache/org.scala-lang.modules/scala-xml_2.11/bundles/scala-xml_2.11-1.0.1.jar, file:/C:/Users/Kuba/.ivy2/cache/com.typesafe.play/play-server_2.11/jars/play-server_2.11-2.5.4.jar, file:/C:/Users/Kuba/.ivy2/cache/com.typesafe.play/play_2.11/jars/play_2.11-2.5.4.jar, file:/C:/Users/Kuba/.ivy2/cache/com.typesafe.play/build-link/jars/build-link-2.5.4.jar, file:/C:/Users/Kuba/.ivy2/cache/com.typesafe.play/play-exceptions/jars/play-exceptions-2.5.4.jar, file:/C:/Users/Kuba/.ivy2/cache/com.typesafe.play/play-iteratees_2.11/jars/play-iteratees_2.11-2.5.4.jar, file:/C:/Users/Kuba/.ivy2/cache/org.scala-stm/scala-stm_2.11/jars/scala-stm_2.11-0.7.jar, file:/C:/Users/Kuba/Downloads/activator-dist-1.3.12/repository/com.typesafe/config/1.3.0/bundles/config.jar, file:/C:/Users/Kuba/.ivy2/cache/ch.qos.logback/logback-classic/jars/logback-classic-1.1.7.jar, file:/C:/Users/Kuba/.ivy2/cache/ch.qos.logback/logback-core/jars/logback-core-1.1.7.jar, file:/C:/Users/Kuba/.ivy2/cache/com.typesafe.play/play-json_2.11/jars/play-json_2.11-2.5.4.jar, file:/C:/Users/Kuba/.ivy2/cache/com.typesafe.play/play-functional_2.11/jars/play-functional_2.11-2.5.4.jar, file:/C:/Users/Kuba/.ivy2/cache/com.typesafe.play/play-datacommons_2.11/jars/play-datacommons_2.11-2.5.4.jar, file:/C:/Users/Kuba/Downloads/activator-dist-1.3.12/repository/joda-time/joda-time/2.9.2/jars/joda-time.jar, file:/C:/Users/Kuba/Downloads/activator-dist-1.3.12/repository/org.joda/joda-convert/1.8.1/jars/joda-convert.jar, file:/C:/Users/Kuba/Downloads/activator-dist-1.3.12/repository/org.scala-lang/scala-reflect/2.11.7/jars/scala-reflect.jar, file:/C:/Users/Kuba/Downloads/activator-dist-1.3.12/repository/com.fasterxml.jackson.core/jackson-core/2.7.1/bundles/jackson-core.jar, file:/C:/Users/Kuba/Downloads/activator-dist-1.3.12/repository/com.fasterxml.jackson.core/jackson-annotations/2.7.1/bundles/jackson-annotations.jar, file:/C:/Users/Kuba/Downloads/activator-dist-1.3.12/repository/com.fasterxml.jackson.core/jackson-databind/2.7.1/bundles/jackson-databind.jar, file:/C:/Users/Kuba/Downloads/activator-dist-1.3.12/repository/com.fasterxml.jackson.datatype/jackson-datatype-jdk8/2.7.1/bundles/jackson-datatype-jdk8.jar, file:/C:/Users/Kuba/Downloads/activator-dist-1.3.12/repository/com.fasterxml.jackson.datatype/jackson-datatype-jsr310/2.7.1/bundles/jackson-datatype-jsr310.jar, file:/C:/Users/Kuba/.ivy2/cache/com.typesafe.play/play-netty-utils/jars/play-netty-utils-2.5.4.jar, file:/C:/Users/Kuba/.ivy2/cache/org.slf4j/jul-to-slf4j/jars/jul-to-slf4j-1.7.19.jar, file:/C:/Users/Kuba/.ivy2/cache/org.slf4j/jcl-over-slf4j/jars/jcl-over-slf4j-1.7.19.jar, file:/C:/Users/Kuba/.ivy2/cache/com.typesafe.play/play-streams_2.11/jars/play-streams_2.11-2.5.4.jar, file:/C:/Users/Kuba/.ivy2/cache/org.reactivestreams/reactive-streams/jars/reactive-streams-1.0.0.jar, file:/C:/Users/Kuba/.ivy2/cache/com.typesafe.akka/akka-stream_2.11/jars/akka-stream_2.11-2.4.4.jar, file:/C:/Users/Kuba/.ivy2/cache/com.typesafe.akka/akka-actor_2.11/jars/akka-actor_2.11-2.4.4.jar, file:/C:/Users/Kuba/Downloads/activator-dist-1.3.12/repository/org.scala-lang.modules/scala-java8-compat_2.11/0.7.0/bundles/scala-java8-compat_2.11.jar, file:/C:/Users/Kuba/Downloads/activator-dist-1.3.12/repository/com.typesafe/ssl-config-akka_2.11/0.2.1/bundles/ssl-config-akka_2.11.jar, file:/C:/Users/Kuba/.ivy2/cache/com.typesafe/ssl-config-core_2.11/bundles/ssl-config-core_2.11-0.2.1.jar, file:/C:/Users/Kuba/.ivy2/cache/org.scala-lang.modules/scala-parser-combinators_2.11/bundles/scala-parser-combinators_2.11-1.0.4.jar, file:/C:/Users/Kuba/.ivy2/cache/com.typesafe.akka/akka-slf4j_2.11/jars/akka-slf4j_2.11-2.4.4.jar, file:/C:/Users/Kuba/.ivy2/cache/commons-codec/commons-codec/jars/commons-codec-1.10.jar, file:/C:/Users/Kuba/.ivy2/cache/xerces/xercesImpl/jars/xercesImpl-2.11.0.jar, file:/C:/Users/Kuba/.ivy2/cache/xml-apis/xml-apis/jars/xml-apis-1.4.01.jar, file:/C:/Users/Kuba/.ivy2/cache/javax.transaction/jta/jars/jta-1.1.jar, file:/C:/Users/Kuba/Downloads/activator-dist-1.3.12/repository/com.google.inject/guice/4.0/jars/guice.jar, file:/C:/Users/Kuba/.ivy2/cache/javax.inject/javax.inject/jars/javax.inject-1.jar, file:/C:/Users/Kuba/.ivy2/cache/aopalliance/aopalliance/jars/aopalliance-1.0.jar, file:/C:/Users/Kuba/Downloads/activator-dist-1.3.12/repository/com.google.inject.extensions/guice-assistedinject/4.0/jars/guice-assistedinject.jar, file:/C:/Users/Kuba/.ivy2/cache/com.typesafe.play/play-netty-server_2.11/jars/play-netty-server_2.11-2.5.4.jar, file:/C:/Users/Kuba/.ivy2/cache/com.typesafe.netty/netty-reactive-streams-http/jars/netty-reactive-streams-http-1.0.6.jar, file:/C:/Users/Kuba/.ivy2/cache/com.typesafe.netty/netty-reactive-streams/jars/netty-reactive-streams-1.0.6.jar, file:/C:/Users/Kuba/.ivy2/cache/io.netty/netty-handler/jars/netty-handler-4.0.36.Final.jar, file:/C:/Users/Kuba/.ivy2/cache/io.netty/netty-buffer/jars/netty-buffer-4.0.36.Final.jar, file:/C:/Users/Kuba/.ivy2/cache/io.netty/netty-common/jars/netty-common-4.0.36.Final.jar, file:/C:/Users/Kuba/.ivy2/cache/io.netty/netty-transport/jars/netty-transport-4.0.36.Final.jar, file:/C:/Users/Kuba/.ivy2/cache/io.netty/netty-codec/jars/netty-codec-4.0.36.Final.jar, file:/C:/Users/Kuba/.ivy2/cache/io.netty/netty-codec-http/jars/netty-codec-http-4.0.36.Final.jar, file:/C:/Users/Kuba/.ivy2/cache/io.netty/netty-transport-native-epoll/jars/netty-transport-native-epoll-4.0.36.Final-linux-x86_64.jar, file:/C:/Users/Kuba/.ivy2/cache/com.typesafe.play/play-logback_2.11/jars/play-logback_2.11-2.5.4.jar, file:/C:/Users/Kuba/.ivy2/cache/org.scala-lang/scala-swing/jars/scala-swing-2.11.0-M7.jar, file:/C:/Users/Kuba/.ivy2/cache/com.mohiva/play-silhouette_2.11/jars/play-silhouette_2.11-4.0.0.jar, file:/C:/Users/Kuba/.ivy2/cache/com.typesafe.play/play-cache_2.11/jars/play-cache_2.11-2.5.4.jar, file:/C:/Users/Kuba/Downloads/activator-dist-1.3.12/repository/net.sf.ehcache/ehcache-core/2.6.11/jars/ehcache-core.jar, file:/C:/Users/Kuba/.ivy2/cache/com.typesafe.play/play-ws_2.11/jars/play-ws_2.11-2.5.4.jar, file:/C:/Users/Kuba/.ivy2/cache/com.google.guava/guava/bundles/guava-19.0.jar, file:/C:/Users/Kuba/.ivy2/cache/org.asynchttpclient/async-http-client/jars/async-http-client-2.0.2.jar, file:/C:/Users/Kuba/.ivy2/cache/org.asynchttpclient/netty-resolver-dns/jars/netty-resolver-dns-2.0.2.jar, file:/C:/Users/Kuba/.ivy2/cache/org.asynchttpclient/netty-resolver/jars/netty-resolver-2.0.2.jar, file:/C:/Users/Kuba/.ivy2/cache/org.slf4j/slf4j-api/jars/slf4j-api-1.7.21.jar, file:/C:/Users/Kuba/.ivy2/cache/org.asynchttpclient/netty-codec-dns/jars/netty-codec-dns-2.0.2.jar, file:/C:/Users/Kuba/.ivy2/cache/org.javassist/javassist/bundles/javassist-3.20.0-GA.jar, file:/C:/Users/Kuba/.ivy2/cache/oauth.signpost/signpost-core/jars/signpost-core-1.2.1.2.jar, file:/C:/Users/Kuba/.ivy2/cache/oauth.signpost/signpost-commonshttp4/jars/signpost-commonshttp4-1.2.1.2.jar, file:/C:/Users/Kuba/.ivy2/cache/org.apache.httpcomponents/httpcore/jars/httpcore-4.0.1.jar, file:/C:/Users/Kuba/.ivy2/cache/org.apache.httpcomponents/httpclient/jars/httpclient-4.0.1.jar, file:/C:/Users/Kuba/.ivy2/cache/commons-logging/commons-logging/jars/commons-logging-1.1.1.jar, file:/C:/Users/Kuba/.ivy2/cache/com.atlassian.jwt/jwt-core/jars/jwt-core-1.5.8.jar, file:/C:/Users/Kuba/.ivy2/cache/com.nimbusds/nimbus-jose-jwt/jars/nimbus-jose-jwt-2.16.jar, file:/C:/Users/Kuba/.ivy2/cache/net.jcip/jcip-annotations/jars/jcip-annotations-1.0.jar, file:/C:/Users/Kuba/.ivy2/cache/net.minidev/json-smart/jars/json-smart-1.1.1.jar, file:/C:/Users/Kuba/.ivy2/cache/javax.mail/mail/jars/mail-1.4.7.jar, file:/C:/Users/Kuba/.ivy2/cache/org.bouncycastle/bcprov-jdk15on/jars/bcprov-jdk15on-1.51.jar, file:/C:/Users/Kuba/.ivy2/cache/org.bouncycastle/bcpkix-jdk15on/jars/bcpkix-jdk15on-1.51.jar, file:/C:/Users/Kuba/.ivy2/cache/com.atlassian.jwt/jwt-api/jars/jwt-api-1.5.8.jar, file:/C:/Users/Kuba/.ivy2/cache/com.mohiva/play-silhouette-password-bcrypt_2.11/jars/play-silhouette-password-bcrypt_2.11-4.0.0.jar, file:/C:/Users/Kuba/.ivy2/cache/de.svenkubiak/jBCrypt/bundles/jBCrypt-0.4.1.jar, file:/C:/Users/Kuba/.ivy2/cache/com.mohiva/play-silhouette-persistence_2.11/jars/play-silhouette-persistence_2.11-4.0.0.jar, file:/C:/Users/Kuba/.ivy2/cache/com.mohiva/play-silhouette-crypto-jca_2.11/jars/play-silhouette-crypto-jca_2.11-4.0.0.jar, file:/C:/Users/Kuba/.ivy2/cache/org.webjars/webjars-play_2.11/jars/webjars-play_2.11-2.5.0-2.jar, file:/C:/Users/Kuba/.ivy2/cache/org.webjars/requirejs/jars/requirejs-2.1.20.jar, file:/C:/Users/Kuba/.ivy2/cache/org.webjars/webjars-locator/jars/webjars-locator-0.31.jar, file:/C:/Users/Kuba/.ivy2/cache/org.webjars/webjars-locator-core/jars/webjars-locator-core-0.30.jar, file:/C:/Users/Kuba/.ivy2/cache/org.apache.commons/commons-compress/jars/commons-compress-1.9.jar, file:/C:/Users/Kuba/.ivy2/cache/net.codingwell/scala-guice_2.11/jars/scala-guice_2.11-4.0.1.jar, file:/C:/Users/Kuba/.ivy2/cache/com.google.inject.extensions/guice-multibindings/jars/guice-multibindings-4.0.jar, file:/C:/Users/Kuba/.ivy2/cache/com.iheart/ficus_2.11/jars/ficus_2.11-1.2.6.jar, file:/C:/Users/Kuba/.ivy2/cache/org.typelevel/macro-compat_2.11/jars/macro-compat_2.11-1.1.1.jar, file:/C:/Users/Kuba/.ivy2/cache/com.typesafe.play/play-mailer_2.11/jars/play-mailer_2.11-5.0.0.jar, file:/C:/Users/Kuba/.ivy2/cache/org.apache.commons/commons-email/jars/commons-email-1.4.jar, file:/C:/Users/Kuba/.ivy2/cache/com.sun.mail/javax.mail/jars/javax.mail-1.5.2.jar, file:/C:/Users/Kuba/.ivy2/cache/javax.activation/activation/jars/activation-1.1.1.jar, file:/C:/Users/Kuba/.ivy2/cache/com.enragedginger/akka-quartz-scheduler_2.11/jars/akka-quartz-scheduler_2.11-1.5.0-akka-2.4.x.jar, file:/C:/Users/Kuba/.ivy2/cache/org.quartz-scheduler/quartz/jars/quartz-2.2.2.jar, file:/C:/Users/Kuba/.ivy2/cache/c3p0/c3p0/jars/c3p0-0.9.1.1.jar, file:/C:/Users/Kuba/.ivy2/cache/com.adrianhurt/play-bootstrap_2.11/jars/play-bootstrap_2.11-1.0-P25-B3.jar, file:/C:/Users/Kuba/.ivy2/cache/com.typesafe.play/filters-helpers_2.11/jars/filters-helpers_2.11-2.5.4.jar, file:/C:/Users/Kuba/.ivy2/cache/com.typesafe.play/play-java_2.11/jars/play-java_2.11-2.5.4.jar, file:/C:/Users/Kuba/Downloads/activator-dist-1.3.12/repository/org.yaml/snakeyaml/1.16/bundles/snakeyaml.jar, file:/C:/Users/Kuba/Downloads/activator-dist-1.3.12/repository/org.hibernate/hibernate-validator/5.2.4.Final/jars/hibernate-validator.jar, file:/C:/Users/Kuba/Downloads/activator-dist-1.3.12/repository/javax.validation/validation-api/1.1.0.Final/jars/validation-api.jar, file:/C:/Users/Kuba/Downloads/activator-dist-1.3.12/repository/org.jboss.logging/jboss-logging/3.2.1.Final/jars/jboss-logging.jar, file:/C:/Users/Kuba/Downloads/activator-dist-1.3.12/repository/com.fasterxml/classmate/1.1.0/bundles/classmate.jar, file:/C:/Users/Kuba/Downloads/activator-dist-1.3.12/repository/javax.el/javax.el-api/3.0.0/jars/javax.el-api.jar, file:/C:/Users/Kuba/.ivy2/cache/org.springframework/spring-context/jars/spring-context-4.2.4.RELEASE.jar, file:/C:/Users/Kuba/.ivy2/cache/org.springframework/spring-core/jars/spring-core-4.2.4.RELEASE.jar, file:/C:/Users/Kuba/.ivy2/cache/org.springframework/spring-beans/jars/spring-beans-4.2.4.RELEASE.jar, file:/C:/Users/Kuba/Downloads/activator-dist-1.3.12/repository/org.reflections/reflections/0.9.10/jars/reflections.jar, file:/C:/Users/Kuba/Downloads/activator-dist-1.3.12/repository/net.jodah/typetools/0.4.4/bundles/typetools.jar, file:/C:/Users/Kuba/.ivy2/cache/com.google.code.findbugs/jsr305/jars/jsr305-3.0.1.jar, file:/C:/Users/Kuba/Downloads/activator-dist-1.3.12/repository/org.apache.tomcat/tomcat-servlet-api/8.0.33/jars/tomcat-servlet-api.jar, file:/C:/Users/Kuba/.ivy2/cache/com.adrianhurt/play-bootstrap-core_2.11/jars/play-bootstrap-core_2.11-1.0-P25.jar, file:/C:/Users/Kuba/.ivy2/cache/org.webjars/bootstrap/jars/bootstrap-3.3.6.jar, file:/C:/Users/Kuba/.ivy2/cache/org.webjars/jquery/jars/jquery-2.1.4.jar}
16:45:22.908 [ForkJoinPool-8-worker-1] DEBUG c.google.inject.internal.BytecodeGen - Loading class play.api.libs.Files$DefaultTemporaryFileCreator FastClass with PlayDependencyClassLoader{file:/C:/Users/Kuba/IdeaProjects/play-silhouette-seed-master/lib/connect-four.jar, file:/C:/Users/Kuba/IdeaProjects/play-silhouette-seed-master/lib/sudoku.jar, file:/C:/Users/Kuba/.ivy2/cache/org.scala-lang/scala-library/jars/scala-library-2.11.8.jar, file:/C:/Users/Kuba/Downloads/activator-dist-1.3.12/repository/com.typesafe.play/twirl-api_2.11/1.1.1/jars/twirl-api_2.11.jar, file:/C:/Users/Kuba/.ivy2/cache/org.apache.commons/commons-lang3/jars/commons-lang3-3.4.jar, file:/C:/Users/Kuba/.ivy2/cache/org.scala-lang.modules/scala-xml_2.11/bundles/scala-xml_2.11-1.0.1.jar, file:/C:/Users/Kuba/.ivy2/cache/com.typesafe.play/play-server_2.11/jars/play-server_2.11-2.5.4.jar, file:/C:/Users/Kuba/.ivy2/cache/com.typesafe.play/play_2.11/jars/play_2.11-2.5.4.jar, file:/C:/Users/Kuba/.ivy2/cache/com.typesafe.play/build-link/jars/build-link-2.5.4.jar, file:/C:/Users/Kuba/.ivy2/cache/com.typesafe.play/play-exceptions/jars/play-exceptions-2.5.4.jar, file:/C:/Users/Kuba/.ivy2/cache/com.typesafe.play/play-iteratees_2.11/jars/play-iteratees_2.11-2.5.4.jar, file:/C:/Users/Kuba/.ivy2/cache/org.scala-stm/scala-stm_2.11/jars/scala-stm_2.11-0.7.jar, file:/C:/Users/Kuba/Downloads/activator-dist-1.3.12/repository/com.typesafe/config/1.3.0/bundles/config.jar, file:/C:/Users/Kuba/.ivy2/cache/ch.qos.logback/logback-classic/jars/logback-classic-1.1.7.jar, file:/C:/Users/Kuba/.ivy2/cache/ch.qos.logback/logback-core/jars/logback-core-1.1.7.jar, file:/C:/Users/Kuba/.ivy2/cache/com.typesafe.play/play-json_2.11/jars/play-json_2.11-2.5.4.jar, file:/C:/Users/Kuba/.ivy2/cache/com.typesafe.play/play-functional_2.11/jars/play-functional_2.11-2.5.4.jar, file:/C:/Users/Kuba/.ivy2/cache/com.typesafe.play/play-datacommons_2.11/jars/play-datacommons_2.11-2.5.4.jar, file:/C:/Users/Kuba/Downloads/activator-dist-1.3.12/repository/joda-time/joda-time/2.9.2/jars/joda-time.jar, file:/C:/Users/Kuba/Downloads/activator-dist-1.3.12/repository/org.joda/joda-convert/1.8.1/jars/joda-convert.jar, file:/C:/Users/Kuba/Downloads/activator-dist-1.3.12/repository/org.scala-lang/scala-reflect/2.11.7/jars/scala-reflect.jar, file:/C:/Users/Kuba/Downloads/activator-dist-1.3.12/repository/com.fasterxml.jackson.core/jackson-core/2.7.1/bundles/jackson-core.jar, file:/C:/Users/Kuba/Downloads/activator-dist-1.3.12/repository/com.fasterxml.jackson.core/jackson-annotations/2.7.1/bundles/jackson-annotations.jar, file:/C:/Users/Kuba/Downloads/activator-dist-1.3.12/repository/com.fasterxml.jackson.core/jackson-databind/2.7.1/bundles/jackson-databind.jar, file:/C:/Users/Kuba/Downloads/activator-dist-1.3.12/repository/com.fasterxml.jackson.datatype/jackson-datatype-jdk8/2.7.1/bundles/jackson-datatype-jdk8.jar, file:/C:/Users/Kuba/Downloads/activator-dist-1.3.12/repository/com.fasterxml.jackson.datatype/jackson-datatype-jsr310/2.7.1/bundles/jackson-datatype-jsr310.jar, file:/C:/Users/Kuba/.ivy2/cache/com.typesafe.play/play-netty-utils/jars/play-netty-utils-2.5.4.jar, file:/C:/Users/Kuba/.ivy2/cache/org.slf4j/jul-to-slf4j/jars/jul-to-slf4j-1.7.19.jar, file:/C:/Users/Kuba/.ivy2/cache/org.slf4j/jcl-over-slf4j/jars/jcl-over-slf4j-1.7.19.jar, file:/C:/Users/Kuba/.ivy2/cache/com.typesafe.play/play-streams_2.11/jars/play-streams_2.11-2.5.4.jar, file:/C:/Users/Kuba/.ivy2/cache/org.reactivestreams/reactive-streams/jars/reactive-streams-1.0.0.jar, file:/C:/Users/Kuba/.ivy2/cache/com.typesafe.akka/akka-stream_2.11/jars/akka-stream_2.11-2.4.4.jar, file:/C:/Users/Kuba/.ivy2/cache/com.typesafe.akka/akka-actor_2.11/jars/akka-actor_2.11-2.4.4.jar, file:/C:/Users/Kuba/Downloads/activator-dist-1.3.12/repository/org.scala-lang.modules/scala-java8-compat_2.11/0.7.0/bundles/scala-java8-compat_2.11.jar, file:/C:/Users/Kuba/Downloads/activator-dist-1.3.12/repository/com.typesafe/ssl-config-akka_2.11/0.2.1/bundles/ssl-config-akka_2.11.jar, file:/C:/Users/Kuba/.ivy2/cache/com.typesafe/ssl-config-core_2.11/bundles/ssl-config-core_2.11-0.2.1.jar, file:/C:/Users/Kuba/.ivy2/cache/org.scala-lang.modules/scala-parser-combinators_2.11/bundles/scala-parser-combinators_2.11-1.0.4.jar, file:/C:/Users/Kuba/.ivy2/cache/com.typesafe.akka/akka-slf4j_2.11/jars/akka-slf4j_2.11-2.4.4.jar, file:/C:/Users/Kuba/.ivy2/cache/commons-codec/commons-codec/jars/commons-codec-1.10.jar, file:/C:/Users/Kuba/.ivy2/cache/xerces/xercesImpl/jars/xercesImpl-2.11.0.jar, file:/C:/Users/Kuba/.ivy2/cache/xml-apis/xml-apis/jars/xml-apis-1.4.01.jar, file:/C:/Users/Kuba/.ivy2/cache/javax.transaction/jta/jars/jta-1.1.jar, file:/C:/Users/Kuba/Downloads/activator-dist-1.3.12/repository/com.google.inject/guice/4.0/jars/guice.jar, file:/C:/Users/Kuba/.ivy2/cache/javax.inject/javax.inject/jars/javax.inject-1.jar, file:/C:/Users/Kuba/.ivy2/cache/aopalliance/aopalliance/jars/aopalliance-1.0.jar, file:/C:/Users/Kuba/Downloads/activator-dist-1.3.12/repository/com.google.inject.extensions/guice-assistedinject/4.0/jars/guice-assistedinject.jar, file:/C:/Users/Kuba/.ivy2/cache/com.typesafe.play/play-netty-server_2.11/jars/play-netty-server_2.11-2.5.4.jar, file:/C:/Users/Kuba/.ivy2/cache/com.typesafe.netty/netty-reactive-streams-http/jars/netty-reactive-streams-http-1.0.6.jar, file:/C:/Users/Kuba/.ivy2/cache/com.typesafe.netty/netty-reactive-streams/jars/netty-reactive-streams-1.0.6.jar, file:/C:/Users/Kuba/.ivy2/cache/io.netty/netty-handler/jars/netty-handler-4.0.36.Final.jar, file:/C:/Users/Kuba/.ivy2/cache/io.netty/netty-buffer/jars/netty-buffer-4.0.36.Final.jar, file:/C:/Users/Kuba/.ivy2/cache/io.netty/netty-common/jars/netty-common-4.0.36.Final.jar, file:/C:/Users/Kuba/.ivy2/cache/io.netty/netty-transport/jars/netty-transport-4.0.36.Final.jar, file:/C:/Users/Kuba/.ivy2/cache/io.netty/netty-codec/jars/netty-codec-4.0.36.Final.jar, file:/C:/Users/Kuba/.ivy2/cache/io.netty/netty-codec-http/jars/netty-codec-http-4.0.36.Final.jar, file:/C:/Users/Kuba/.ivy2/cache/io.netty/netty-transport-native-epoll/jars/netty-transport-native-epoll-4.0.36.Final-linux-x86_64.jar, file:/C:/Users/Kuba/.ivy2/cache/com.typesafe.play/play-logback_2.11/jars/play-logback_2.11-2.5.4.jar, file:/C:/Users/Kuba/.ivy2/cache/org.scala-lang/scala-swing/jars/scala-swing-2.11.0-M7.jar, file:/C:/Users/Kuba/.ivy2/cache/com.mohiva/play-silhouette_2.11/jars/play-silhouette_2.11-4.0.0.jar, file:/C:/Users/Kuba/.ivy2/cache/com.typesafe.play/play-cache_2.11/jars/play-cache_2.11-2.5.4.jar, file:/C:/Users/Kuba/Downloads/activator-dist-1.3.12/repository/net.sf.ehcache/ehcache-core/2.6.11/jars/ehcache-core.jar, file:/C:/Users/Kuba/.ivy2/cache/com.typesafe.play/play-ws_2.11/jars/play-ws_2.11-2.5.4.jar, file:/C:/Users/Kuba/.ivy2/cache/com.google.guava/guava/bundles/guava-19.0.jar, file:/C:/Users/Kuba/.ivy2/cache/org.asynchttpclient/async-http-client/jars/async-http-client-2.0.2.jar, file:/C:/Users/Kuba/.ivy2/cache/org.asynchttpclient/netty-resolver-dns/jars/netty-resolver-dns-2.0.2.jar, file:/C:/Users/Kuba/.ivy2/cache/org.asynchttpclient/netty-resolver/jars/netty-resolver-2.0.2.jar, file:/C:/Users/Kuba/.ivy2/cache/org.slf4j/slf4j-api/jars/slf4j-api-1.7.21.jar, file:/C:/Users/Kuba/.ivy2/cache/org.asynchttpclient/netty-codec-dns/jars/netty-codec-dns-2.0.2.jar, file:/C:/Users/Kuba/.ivy2/cache/org.javassist/javassist/bundles/javassist-3.20.0-GA.jar, file:/C:/Users/Kuba/.ivy2/cache/oauth.signpost/signpost-core/jars/signpost-core-1.2.1.2.jar, file:/C:/Users/Kuba/.ivy2/cache/oauth.signpost/signpost-commonshttp4/jars/signpost-commonshttp4-1.2.1.2.jar, file:/C:/Users/Kuba/.ivy2/cache/org.apache.httpcomponents/httpcore/jars/httpcore-4.0.1.jar, file:/C:/Users/Kuba/.ivy2/cache/org.apache.httpcomponents/httpclient/jars/httpclient-4.0.1.jar, file:/C:/Users/Kuba/.ivy2/cache/commons-logging/commons-logging/jars/commons-logging-1.1.1.jar, file:/C:/Users/Kuba/.ivy2/cache/com.atlassian.jwt/jwt-core/jars/jwt-core-1.5.8.jar, file:/C:/Users/Kuba/.ivy2/cache/com.nimbusds/nimbus-jose-jwt/jars/nimbus-jose-jwt-2.16.jar, file:/C:/Users/Kuba/.ivy2/cache/net.jcip/jcip-annotations/jars/jcip-annotations-1.0.jar, file:/C:/Users/Kuba/.ivy2/cache/net.minidev/json-smart/jars/json-smart-1.1.1.jar, file:/C:/Users/Kuba/.ivy2/cache/javax.mail/mail/jars/mail-1.4.7.jar, file:/C:/Users/Kuba/.ivy2/cache/org.bouncycastle/bcprov-jdk15on/jars/bcprov-jdk15on-1.51.jar, file:/C:/Users/Kuba/.ivy2/cache/org.bouncycastle/bcpkix-jdk15on/jars/bcpkix-jdk15on-1.51.jar, file:/C:/Users/Kuba/.ivy2/cache/com.atlassian.jwt/jwt-api/jars/jwt-api-1.5.8.jar, file:/C:/Users/Kuba/.ivy2/cache/com.mohiva/play-silhouette-password-bcrypt_2.11/jars/play-silhouette-password-bcrypt_2.11-4.0.0.jar, file:/C:/Users/Kuba/.ivy2/cache/de.svenkubiak/jBCrypt/bundles/jBCrypt-0.4.1.jar, file:/C:/Users/Kuba/.ivy2/cache/com.mohiva/play-silhouette-persistence_2.11/jars/play-silhouette-persistence_2.11-4.0.0.jar, file:/C:/Users/Kuba/.ivy2/cache/com.mohiva/play-silhouette-crypto-jca_2.11/jars/play-silhouette-crypto-jca_2.11-4.0.0.jar, file:/C:/Users/Kuba/.ivy2/cache/org.webjars/webjars-play_2.11/jars/webjars-play_2.11-2.5.0-2.jar, file:/C:/Users/Kuba/.ivy2/cache/org.webjars/requirejs/jars/requirejs-2.1.20.jar, file:/C:/Users/Kuba/.ivy2/cache/org.webjars/webjars-locator/jars/webjars-locator-0.31.jar, file:/C:/Users/Kuba/.ivy2/cache/org.webjars/webjars-locator-core/jars/webjars-locator-core-0.30.jar, file:/C:/Users/Kuba/.ivy2/cache/org.apache.commons/commons-compress/jars/commons-compress-1.9.jar, file:/C:/Users/Kuba/.ivy2/cache/net.codingwell/scala-guice_2.11/jars/scala-guice_2.11-4.0.1.jar, file:/C:/Users/Kuba/.ivy2/cache/com.google.inject.extensions/guice-multibindings/jars/guice-multibindings-4.0.jar, file:/C:/Users/Kuba/.ivy2/cache/com.iheart/ficus_2.11/jars/ficus_2.11-1.2.6.jar, file:/C:/Users/Kuba/.ivy2/cache/org.typelevel/macro-compat_2.11/jars/macro-compat_2.11-1.1.1.jar, file:/C:/Users/Kuba/.ivy2/cache/com.typesafe.play/play-mailer_2.11/jars/play-mailer_2.11-5.0.0.jar, file:/C:/Users/Kuba/.ivy2/cache/org.apache.commons/commons-email/jars/commons-email-1.4.jar, file:/C:/Users/Kuba/.ivy2/cache/com.sun.mail/javax.mail/jars/javax.mail-1.5.2.jar, file:/C:/Users/Kuba/.ivy2/cache/javax.activation/activation/jars/activation-1.1.1.jar, file:/C:/Users/Kuba/.ivy2/cache/com.enragedginger/akka-quartz-scheduler_2.11/jars/akka-quartz-scheduler_2.11-1.5.0-akka-2.4.x.jar, file:/C:/Users/Kuba/.ivy2/cache/org.quartz-scheduler/quartz/jars/quartz-2.2.2.jar, file:/C:/Users/Kuba/.ivy2/cache/c3p0/c3p0/jars/c3p0-0.9.1.1.jar, file:/C:/Users/Kuba/.ivy2/cache/com.adrianhurt/play-bootstrap_2.11/jars/play-bootstrap_2.11-1.0-P25-B3.jar, file:/C:/Users/Kuba/.ivy2/cache/com.typesafe.play/filters-helpers_2.11/jars/filters-helpers_2.11-2.5.4.jar, file:/C:/Users/Kuba/.ivy2/cache/com.typesafe.play/play-java_2.11/jars/play-java_2.11-2.5.4.jar, file:/C:/Users/Kuba/Downloads/activator-dist-1.3.12/repository/org.yaml/snakeyaml/1.16/bundles/snakeyaml.jar, file:/C:/Users/Kuba/Downloads/activator-dist-1.3.12/repository/org.hibernate/hibernate-validator/5.2.4.Final/jars/hibernate-validator.jar, file:/C:/Users/Kuba/Downloads/activator-dist-1.3.12/repository/javax.validation/validation-api/1.1.0.Final/jars/validation-api.jar, file:/C:/Users/Kuba/Downloads/activator-dist-1.3.12/repository/org.jboss.logging/jboss-logging/3.2.1.Final/jars/jboss-logging.jar, file:/C:/Users/Kuba/Downloads/activator-dist-1.3.12/repository/com.fasterxml/classmate/1.1.0/bundles/classmate.jar, file:/C:/Users/Kuba/Downloads/activator-dist-1.3.12/repository/javax.el/javax.el-api/3.0.0/jars/javax.el-api.jar, file:/C:/Users/Kuba/.ivy2/cache/org.springframework/spring-context/jars/spring-context-4.2.4.RELEASE.jar, file:/C:/Users/Kuba/.ivy2/cache/org.springframework/spring-core/jars/spring-core-4.2.4.RELEASE.jar, file:/C:/Users/Kuba/.ivy2/cache/org.springframework/spring-beans/jars/spring-beans-4.2.4.RELEASE.jar, file:/C:/Users/Kuba/Downloads/activator-dist-1.3.12/repository/org.reflections/reflections/0.9.10/jars/reflections.jar, file:/C:/Users/Kuba/Downloads/activator-dist-1.3.12/repository/net.jodah/typetools/0.4.4/bundles/typetools.jar, file:/C:/Users/Kuba/.ivy2/cache/com.google.code.findbugs/jsr305/jars/jsr305-3.0.1.jar, file:/C:/Users/Kuba/Downloads/activator-dist-1.3.12/repository/org.apache.tomcat/tomcat-servlet-api/8.0.33/jars/tomcat-servlet-api.jar, file:/C:/Users/Kuba/.ivy2/cache/com.adrianhurt/play-bootstrap-core_2.11/jars/play-bootstrap-core_2.11-1.0-P25.jar, file:/C:/Users/Kuba/.ivy2/cache/org.webjars/bootstrap/jars/bootstrap-3.3.6.jar, file:/C:/Users/Kuba/.ivy2/cache/org.webjars/jquery/jars/jquery-2.1.4.jar}
16:45:22.911 [ForkJoinPool-8-worker-1] DEBUG c.google.inject.internal.BytecodeGen - Loading class play.api.http.GlobalSettingsHttpErrorHandler FastClass with PlayDependencyClassLoader{file:/C:/Users/Kuba/IdeaProjects/play-silhouette-seed-master/lib/connect-four.jar, file:/C:/Users/Kuba/IdeaProjects/play-silhouette-seed-master/lib/sudoku.jar, file:/C:/Users/Kuba/.ivy2/cache/org.scala-lang/scala-library/jars/scala-library-2.11.8.jar, file:/C:/Users/Kuba/Downloads/activator-dist-1.3.12/repository/com.typesafe.play/twirl-api_2.11/1.1.1/jars/twirl-api_2.11.jar, file:/C:/Users/Kuba/.ivy2/cache/org.apache.commons/commons-lang3/jars/commons-lang3-3.4.jar, file:/C:/Users/Kuba/.ivy2/cache/org.scala-lang.modules/scala-xml_2.11/bundles/scala-xml_2.11-1.0.1.jar, file:/C:/Users/Kuba/.ivy2/cache/com.typesafe.play/play-server_2.11/jars/play-server_2.11-2.5.4.jar, file:/C:/Users/Kuba/.ivy2/cache/com.typesafe.play/play_2.11/jars/play_2.11-2.5.4.jar, file:/C:/Users/Kuba/.ivy2/cache/com.typesafe.play/build-link/jars/build-link-2.5.4.jar, file:/C:/Users/Kuba/.ivy2/cache/com.typesafe.play/play-exceptions/jars/play-exceptions-2.5.4.jar, file:/C:/Users/Kuba/.ivy2/cache/com.typesafe.play/play-iteratees_2.11/jars/play-iteratees_2.11-2.5.4.jar, file:/C:/Users/Kuba/.ivy2/cache/org.scala-stm/scala-stm_2.11/jars/scala-stm_2.11-0.7.jar, file:/C:/Users/Kuba/Downloads/activator-dist-1.3.12/repository/com.typesafe/config/1.3.0/bundles/config.jar, file:/C:/Users/Kuba/.ivy2/cache/ch.qos.logback/logback-classic/jars/logback-classic-1.1.7.jar, file:/C:/Users/Kuba/.ivy2/cache/ch.qos.logback/logback-core/jars/logback-core-1.1.7.jar, file:/C:/Users/Kuba/.ivy2/cache/com.typesafe.play/play-json_2.11/jars/play-json_2.11-2.5.4.jar, file:/C:/Users/Kuba/.ivy2/cache/com.typesafe.play/play-functional_2.11/jars/play-functional_2.11-2.5.4.jar, file:/C:/Users/Kuba/.ivy2/cache/com.typesafe.play/play-datacommons_2.11/jars/play-datacommons_2.11-2.5.4.jar, file:/C:/Users/Kuba/Downloads/activator-dist-1.3.12/repository/joda-time/joda-time/2.9.2/jars/joda-time.jar, file:/C:/Users/Kuba/Downloads/activator-dist-1.3.12/repository/org.joda/joda-convert/1.8.1/jars/joda-convert.jar, file:/C:/Users/Kuba/Downloads/activator-dist-1.3.12/repository/org.scala-lang/scala-reflect/2.11.7/jars/scala-reflect.jar, file:/C:/Users/Kuba/Downloads/activator-dist-1.3.12/repository/com.fasterxml.jackson.core/jackson-core/2.7.1/bundles/jackson-core.jar, file:/C:/Users/Kuba/Downloads/activator-dist-1.3.12/repository/com.fasterxml.jackson.core/jackson-annotations/2.7.1/bundles/jackson-annotations.jar, file:/C:/Users/Kuba/Downloads/activator-dist-1.3.12/repository/com.fasterxml.jackson.core/jackson-databind/2.7.1/bundles/jackson-databind.jar, file:/C:/Users/Kuba/Downloads/activator-dist-1.3.12/repository/com.fasterxml.jackson.datatype/jackson-datatype-jdk8/2.7.1/bundles/jackson-datatype-jdk8.jar, file:/C:/Users/Kuba/Downloads/activator-dist-1.3.12/repository/com.fasterxml.jackson.datatype/jackson-datatype-jsr310/2.7.1/bundles/jackson-datatype-jsr310.jar, file:/C:/Users/Kuba/.ivy2/cache/com.typesafe.play/play-netty-utils/jars/play-netty-utils-2.5.4.jar, file:/C:/Users/Kuba/.ivy2/cache/org.slf4j/jul-to-slf4j/jars/jul-to-slf4j-1.7.19.jar, file:/C:/Users/Kuba/.ivy2/cache/org.slf4j/jcl-over-slf4j/jars/jcl-over-slf4j-1.7.19.jar, file:/C:/Users/Kuba/.ivy2/cache/com.typesafe.play/play-streams_2.11/jars/play-streams_2.11-2.5.4.jar, file:/C:/Users/Kuba/.ivy2/cache/org.reactivestreams/reactive-streams/jars/reactive-streams-1.0.0.jar, file:/C:/Users/Kuba/.ivy2/cache/com.typesafe.akka/akka-stream_2.11/jars/akka-stream_2.11-2.4.4.jar, file:/C:/Users/Kuba/.ivy2/cache/com.typesafe.akka/akka-actor_2.11/jars/akka-actor_2.11-2.4.4.jar, file:/C:/Users/Kuba/Downloads/activator-dist-1.3.12/repository/org.scala-lang.modules/scala-java8-compat_2.11/0.7.0/bundles/scala-java8-compat_2.11.jar, file:/C:/Users/Kuba/Downloads/activator-dist-1.3.12/repository/com.typesafe/ssl-config-akka_2.11/0.2.1/bundles/ssl-config-akka_2.11.jar, file:/C:/Users/Kuba/.ivy2/cache/com.typesafe/ssl-config-core_2.11/bundles/ssl-config-core_2.11-0.2.1.jar, file:/C:/Users/Kuba/.ivy2/cache/org.scala-lang.modules/scala-parser-combinators_2.11/bundles/scala-parser-combinators_2.11-1.0.4.jar, file:/C:/Users/Kuba/.ivy2/cache/com.typesafe.akka/akka-slf4j_2.11/jars/akka-slf4j_2.11-2.4.4.jar, file:/C:/Users/Kuba/.ivy2/cache/commons-codec/commons-codec/jars/commons-codec-1.10.jar, file:/C:/Users/Kuba/.ivy2/cache/xerces/xercesImpl/jars/xercesImpl-2.11.0.jar, file:/C:/Users/Kuba/.ivy2/cache/xml-apis/xml-apis/jars/xml-apis-1.4.01.jar, file:/C:/Users/Kuba/.ivy2/cache/javax.transaction/jta/jars/jta-1.1.jar, file:/C:/Users/Kuba/Downloads/activator-dist-1.3.12/repository/com.google.inject/guice/4.0/jars/guice.jar, file:/C:/Users/Kuba/.ivy2/cache/javax.inject/javax.inject/jars/javax.inject-1.jar, file:/C:/Users/Kuba/.ivy2/cache/aopalliance/aopalliance/jars/aopalliance-1.0.jar, file:/C:/Users/Kuba/Downloads/activator-dist-1.3.12/repository/com.google.inject.extensions/guice-assistedinject/4.0/jars/guice-assistedinject.jar, file:/C:/Users/Kuba/.ivy2/cache/com.typesafe.play/play-netty-server_2.11/jars/play-netty-server_2.11-2.5.4.jar, file:/C:/Users/Kuba/.ivy2/cache/com.typesafe.netty/netty-reactive-streams-http/jars/netty-reactive-streams-http-1.0.6.jar, file:/C:/Users/Kuba/.ivy2/cache/com.typesafe.netty/netty-reactive-streams/jars/netty-reactive-streams-1.0.6.jar, file:/C:/Users/Kuba/.ivy2/cache/io.netty/netty-handler/jars/netty-handler-4.0.36.Final.jar, file:/C:/Users/Kuba/.ivy2/cache/io.netty/netty-buffer/jars/netty-buffer-4.0.36.Final.jar, file:/C:/Users/Kuba/.ivy2/cache/io.netty/netty-common/jars/netty-common-4.0.36.Final.jar, file:/C:/Users/Kuba/.ivy2/cache/io.netty/netty-transport/jars/netty-transport-4.0.36.Final.jar, file:/C:/Users/Kuba/.ivy2/cache/io.netty/netty-codec/jars/netty-codec-4.0.36.Final.jar, file:/C:/Users/Kuba/.ivy2/cache/io.netty/netty-codec-http/jars/netty-codec-http-4.0.36.Final.jar, file:/C:/Users/Kuba/.ivy2/cache/io.netty/netty-transport-native-epoll/jars/netty-transport-native-epoll-4.0.36.Final-linux-x86_64.jar, file:/C:/Users/Kuba/.ivy2/cache/com.typesafe.play/play-logback_2.11/jars/play-logback_2.11-2.5.4.jar, file:/C:/Users/Kuba/.ivy2/cache/org.scala-lang/scala-swing/jars/scala-swing-2.11.0-M7.jar, file:/C:/Users/Kuba/.ivy2/cache/com.mohiva/play-silhouette_2.11/jars/play-silhouette_2.11-4.0.0.jar, file:/C:/Users/Kuba/.ivy2/cache/com.typesafe.play/play-cache_2.11/jars/play-cache_2.11-2.5.4.jar, file:/C:/Users/Kuba/Downloads/activator-dist-1.3.12/repository/net.sf.ehcache/ehcache-core/2.6.11/jars/ehcache-core.jar, file:/C:/Users/Kuba/.ivy2/cache/com.typesafe.play/play-ws_2.11/jars/play-ws_2.11-2.5.4.jar, file:/C:/Users/Kuba/.ivy2/cache/com.google.guava/guava/bundles/guava-19.0.jar, file:/C:/Users/Kuba/.ivy2/cache/org.asynchttpclient/async-http-client/jars/async-http-client-2.0.2.jar, file:/C:/Users/Kuba/.ivy2/cache/org.asynchttpclient/netty-resolver-dns/jars/netty-resolver-dns-2.0.2.jar, file:/C:/Users/Kuba/.ivy2/cache/org.asynchttpclient/netty-resolver/jars/netty-resolver-2.0.2.jar, file:/C:/Users/Kuba/.ivy2/cache/org.slf4j/slf4j-api/jars/slf4j-api-1.7.21.jar, file:/C:/Users/Kuba/.ivy2/cache/org.asynchttpclient/netty-codec-dns/jars/netty-codec-dns-2.0.2.jar, file:/C:/Users/Kuba/.ivy2/cache/org.javassist/javassist/bundles/javassist-3.20.0-GA.jar, file:/C:/Users/Kuba/.ivy2/cache/oauth.signpost/signpost-core/jars/signpost-core-1.2.1.2.jar, file:/C:/Users/Kuba/.ivy2/cache/oauth.signpost/signpost-commonshttp4/jars/signpost-commonshttp4-1.2.1.2.jar, file:/C:/Users/Kuba/.ivy2/cache/org.apache.httpcomponents/httpcore/jars/httpcore-4.0.1.jar, file:/C:/Users/Kuba/.ivy2/cache/org.apache.httpcomponents/httpclient/jars/httpclient-4.0.1.jar, file:/C:/Users/Kuba/.ivy2/cache/commons-logging/commons-logging/jars/commons-logging-1.1.1.jar, file:/C:/Users/Kuba/.ivy2/cache/com.atlassian.jwt/jwt-core/jars/jwt-core-1.5.8.jar, file:/C:/Users/Kuba/.ivy2/cache/com.nimbusds/nimbus-jose-jwt/jars/nimbus-jose-jwt-2.16.jar, file:/C:/Users/Kuba/.ivy2/cache/net.jcip/jcip-annotations/jars/jcip-annotations-1.0.jar, file:/C:/Users/Kuba/.ivy2/cache/net.minidev/json-smart/jars/json-smart-1.1.1.jar, file:/C:/Users/Kuba/.ivy2/cache/javax.mail/mail/jars/mail-1.4.7.jar, file:/C:/Users/Kuba/.ivy2/cache/org.bouncycastle/bcprov-jdk15on/jars/bcprov-jdk15on-1.51.jar, file:/C:/Users/Kuba/.ivy2/cache/org.bouncycastle/bcpkix-jdk15on/jars/bcpkix-jdk15on-1.51.jar, file:/C:/Users/Kuba/.ivy2/cache/com.atlassian.jwt/jwt-api/jars/jwt-api-1.5.8.jar, file:/C:/Users/Kuba/.ivy2/cache/com.mohiva/play-silhouette-password-bcrypt_2.11/jars/play-silhouette-password-bcrypt_2.11-4.0.0.jar, file:/C:/Users/Kuba/.ivy2/cache/de.svenkubiak/jBCrypt/bundles/jBCrypt-0.4.1.jar, file:/C:/Users/Kuba/.ivy2/cache/com.mohiva/play-silhouette-persistence_2.11/jars/play-silhouette-persistence_2.11-4.0.0.jar, file:/C:/Users/Kuba/.ivy2/cache/com.mohiva/play-silhouette-crypto-jca_2.11/jars/play-silhouette-crypto-jca_2.11-4.0.0.jar, file:/C:/Users/Kuba/.ivy2/cache/org.webjars/webjars-play_2.11/jars/webjars-play_2.11-2.5.0-2.jar, file:/C:/Users/Kuba/.ivy2/cache/org.webjars/requirejs/jars/requirejs-2.1.20.jar, file:/C:/Users/Kuba/.ivy2/cache/org.webjars/webjars-locator/jars/webjars-locator-0.31.jar, file:/C:/Users/Kuba/.ivy2/cache/org.webjars/webjars-locator-core/jars/webjars-locator-core-0.30.jar, file:/C:/Users/Kuba/.ivy2/cache/org.apache.commons/commons-compress/jars/commons-compress-1.9.jar, file:/C:/Users/Kuba/.ivy2/cache/net.codingwell/scala-guice_2.11/jars/scala-guice_2.11-4.0.1.jar, file:/C:/Users/Kuba/.ivy2/cache/com.google.inject.extensions/guice-multibindings/jars/guice-multibindings-4.0.jar, file:/C:/Users/Kuba/.ivy2/cache/com.iheart/ficus_2.11/jars/ficus_2.11-1.2.6.jar, file:/C:/Users/Kuba/.ivy2/cache/org.typelevel/macro-compat_2.11/jars/macro-compat_2.11-1.1.1.jar, file:/C:/Users/Kuba/.ivy2/cache/com.typesafe.play/play-mailer_2.11/jars/play-mailer_2.11-5.0.0.jar, file:/C:/Users/Kuba/.ivy2/cache/org.apache.commons/commons-email/jars/commons-email-1.4.jar, file:/C:/Users/Kuba/.ivy2/cache/com.sun.mail/javax.mail/jars/javax.mail-1.5.2.jar, file:/C:/Users/Kuba/.ivy2/cache/javax.activation/activation/jars/activation-1.1.1.jar, file:/C:/Users/Kuba/.ivy2/cache/com.enragedginger/akka-quartz-scheduler_2.11/jars/akka-quartz-scheduler_2.11-1.5.0-akka-2.4.x.jar, file:/C:/Users/Kuba/.ivy2/cache/org.quartz-scheduler/quartz/jars/quartz-2.2.2.jar, file:/C:/Users/Kuba/.ivy2/cache/c3p0/c3p0/jars/c3p0-0.9.1.1.jar, file:/C:/Users/Kuba/.ivy2/cache/com.adrianhurt/play-bootstrap_2.11/jars/play-bootstrap_2.11-1.0-P25-B3.jar, file:/C:/Users/Kuba/.ivy2/cache/com.typesafe.play/filters-helpers_2.11/jars/filters-helpers_2.11-2.5.4.jar, file:/C:/Users/Kuba/.ivy2/cache/com.typesafe.play/play-java_2.11/jars/play-java_2.11-2.5.4.jar, file:/C:/Users/Kuba/Downloads/activator-dist-1.3.12/repository/org.yaml/snakeyaml/1.16/bundles/snakeyaml.jar, file:/C:/Users/Kuba/Downloads/activator-dist-1.3.12/repository/org.hibernate/hibernate-validator/5.2.4.Final/jars/hibernate-validator.jar, file:/C:/Users/Kuba/Downloads/activator-dist-1.3.12/repository/javax.validation/validation-api/1.1.0.Final/jars/validation-api.jar, file:/C:/Users/Kuba/Downloads/activator-dist-1.3.12/repository/org.jboss.logging/jboss-logging/3.2.1.Final/jars/jboss-logging.jar, file:/C:/Users/Kuba/Downloads/activator-dist-1.3.12/repository/com.fasterxml/classmate/1.1.0/bundles/classmate.jar, file:/C:/Users/Kuba/Downloads/activator-dist-1.3.12/repository/javax.el/javax.el-api/3.0.0/jars/javax.el-api.jar, file:/C:/Users/Kuba/.ivy2/cache/org.springframework/spring-context/jars/spring-context-4.2.4.RELEASE.jar, file:/C:/Users/Kuba/.ivy2/cache/org.springframework/spring-core/jars/spring-core-4.2.4.RELEASE.jar, file:/C:/Users/Kuba/.ivy2/cache/org.springframework/spring-beans/jars/spring-beans-4.2.4.RELEASE.jar, file:/C:/Users/Kuba/Downloads/activator-dist-1.3.12/repository/org.reflections/reflections/0.9.10/jars/reflections.jar, file:/C:/Users/Kuba/Downloads/activator-dist-1.3.12/repository/net.jodah/typetools/0.4.4/bundles/typetools.jar, file:/C:/Users/Kuba/.ivy2/cache/com.google.code.findbugs/jsr305/jars/jsr305-3.0.1.jar, file:/C:/Users/Kuba/Downloads/activator-dist-1.3.12/repository/org.apache.tomcat/tomcat-servlet-api/8.0.33/jars/tomcat-servlet-api.jar, file:/C:/Users/Kuba/.ivy2/cache/com.adrianhurt/play-bootstrap-core_2.11/jars/play-bootstrap-core_2.11-1.0-P25.jar, file:/C:/Users/Kuba/.ivy2/cache/org.webjars/bootstrap/jars/bootstrap-3.3.6.jar, file:/C:/Users/Kuba/.ivy2/cache/org.webjars/jquery/jars/jquery-2.1.4.jar}
16:45:22.913 [ForkJoinPool-8-worker-1] DEBUG c.google.inject.internal.BytecodeGen - Loading class play.api.http.JavaHttpErrorHandlerDelegate FastClass with PlayDependencyClassLoader{file:/C:/Users/Kuba/IdeaProjects/play-silhouette-seed-master/lib/connect-four.jar, file:/C:/Users/Kuba/IdeaProjects/play-silhouette-seed-master/lib/sudoku.jar, file:/C:/Users/Kuba/.ivy2/cache/org.scala-lang/scala-library/jars/scala-library-2.11.8.jar, file:/C:/Users/Kuba/Downloads/activator-dist-1.3.12/repository/com.typesafe.play/twirl-api_2.11/1.1.1/jars/twirl-api_2.11.jar, file:/C:/Users/Kuba/.ivy2/cache/org.apache.commons/commons-lang3/jars/commons-lang3-3.4.jar, file:/C:/Users/Kuba/.ivy2/cache/org.scala-lang.modules/scala-xml_2.11/bundles/scala-xml_2.11-1.0.1.jar, file:/C:/Users/Kuba/.ivy2/cache/com.typesafe.play/play-server_2.11/jars/play-server_2.11-2.5.4.jar, file:/C:/Users/Kuba/.ivy2/cache/com.typesafe.play/play_2.11/jars/play_2.11-2.5.4.jar, file:/C:/Users/Kuba/.ivy2/cache/com.typesafe.play/build-link/jars/build-link-2.5.4.jar, file:/C:/Users/Kuba/.ivy2/cache/com.typesafe.play/play-exceptions/jars/play-exceptions-2.5.4.jar, file:/C:/Users/Kuba/.ivy2/cache/com.typesafe.play/play-iteratees_2.11/jars/play-iteratees_2.11-2.5.4.jar, file:/C:/Users/Kuba/.ivy2/cache/org.scala-stm/scala-stm_2.11/jars/scala-stm_2.11-0.7.jar, file:/C:/Users/Kuba/Downloads/activator-dist-1.3.12/repository/com.typesafe/config/1.3.0/bundles/config.jar, file:/C:/Users/Kuba/.ivy2/cache/ch.qos.logback/logback-classic/jars/logback-classic-1.1.7.jar, file:/C:/Users/Kuba/.ivy2/cache/ch.qos.logback/logback-core/jars/logback-core-1.1.7.jar, file:/C:/Users/Kuba/.ivy2/cache/com.typesafe.play/play-json_2.11/jars/play-json_2.11-2.5.4.jar, file:/C:/Users/Kuba/.ivy2/cache/com.typesafe.play/play-functional_2.11/jars/play-functional_2.11-2.5.4.jar, file:/C:/Users/Kuba/.ivy2/cache/com.typesafe.play/play-datacommons_2.11/jars/play-datacommons_2.11-2.5.4.jar, file:/C:/Users/Kuba/Downloads/activator-dist-1.3.12/repository/joda-time/joda-time/2.9.2/jars/joda-time.jar, file:/C:/Users/Kuba/Downloads/activator-dist-1.3.12/repository/org.joda/joda-convert/1.8.1/jars/joda-convert.jar, file:/C:/Users/Kuba/Downloads/activator-dist-1.3.12/repository/org.scala-lang/scala-reflect/2.11.7/jars/scala-reflect.jar, file:/C:/Users/Kuba/Downloads/activator-dist-1.3.12/repository/com.fasterxml.jackson.core/jackson-core/2.7.1/bundles/jackson-core.jar, file:/C:/Users/Kuba/Downloads/activator-dist-1.3.12/repository/com.fasterxml.jackson.core/jackson-annotations/2.7.1/bundles/jackson-annotations.jar, file:/C:/Users/Kuba/Downloads/activator-dist-1.3.12/repository/com.fasterxml.jackson.core/jackson-databind/2.7.1/bundles/jackson-databind.jar, file:/C:/Users/Kuba/Downloads/activator-dist-1.3.12/repository/com.fasterxml.jackson.datatype/jackson-datatype-jdk8/2.7.1/bundles/jackson-datatype-jdk8.jar, file:/C:/Users/Kuba/Downloads/activator-dist-1.3.12/repository/com.fasterxml.jackson.datatype/jackson-datatype-jsr310/2.7.1/bundles/jackson-datatype-jsr310.jar, file:/C:/Users/Kuba/.ivy2/cache/com.typesafe.play/play-netty-utils/jars/play-netty-utils-2.5.4.jar, file:/C:/Users/Kuba/.ivy2/cache/org.slf4j/jul-to-slf4j/jars/jul-to-slf4j-1.7.19.jar, file:/C:/Users/Kuba/.ivy2/cache/org.slf4j/jcl-over-slf4j/jars/jcl-over-slf4j-1.7.19.jar, file:/C:/Users/Kuba/.ivy2/cache/com.typesafe.play/play-streams_2.11/jars/play-streams_2.11-2.5.4.jar, file:/C:/Users/Kuba/.ivy2/cache/org.reactivestreams/reactive-streams/jars/reactive-streams-1.0.0.jar, file:/C:/Users/Kuba/.ivy2/cache/com.typesafe.akka/akka-stream_2.11/jars/akka-stream_2.11-2.4.4.jar, file:/C:/Users/Kuba/.ivy2/cache/com.typesafe.akka/akka-actor_2.11/jars/akka-actor_2.11-2.4.4.jar, file:/C:/Users/Kuba/Downloads/activator-dist-1.3.12/repository/org.scala-lang.modules/scala-java8-compat_2.11/0.7.0/bundles/scala-java8-compat_2.11.jar, file:/C:/Users/Kuba/Downloads/activator-dist-1.3.12/repository/com.typesafe/ssl-config-akka_2.11/0.2.1/bundles/ssl-config-akka_2.11.jar, file:/C:/Users/Kuba/.ivy2/cache/com.typesafe/ssl-config-core_2.11/bundles/ssl-config-core_2.11-0.2.1.jar, file:/C:/Users/Kuba/.ivy2/cache/org.scala-lang.modules/scala-parser-combinators_2.11/bundles/scala-parser-combinators_2.11-1.0.4.jar, file:/C:/Users/Kuba/.ivy2/cache/com.typesafe.akka/akka-slf4j_2.11/jars/akka-slf4j_2.11-2.4.4.jar, file:/C:/Users/Kuba/.ivy2/cache/commons-codec/commons-codec/jars/commons-codec-1.10.jar, file:/C:/Users/Kuba/.ivy2/cache/xerces/xercesImpl/jars/xercesImpl-2.11.0.jar, file:/C:/Users/Kuba/.ivy2/cache/xml-apis/xml-apis/jars/xml-apis-1.4.01.jar, file:/C:/Users/Kuba/.ivy2/cache/javax.transaction/jta/jars/jta-1.1.jar, file:/C:/Users/Kuba/Downloads/activator-dist-1.3.12/repository/com.google.inject/guice/4.0/jars/guice.jar, file:/C:/Users/Kuba/.ivy2/cache/javax.inject/javax.inject/jars/javax.inject-1.jar, file:/C:/Users/Kuba/.ivy2/cache/aopalliance/aopalliance/jars/aopalliance-1.0.jar, file:/C:/Users/Kuba/Downloads/activator-dist-1.3.12/repository/com.google.inject.extensions/guice-assistedinject/4.0/jars/guice-assistedinject.jar, file:/C:/Users/Kuba/.ivy2/cache/com.typesafe.play/play-netty-server_2.11/jars/play-netty-server_2.11-2.5.4.jar, file:/C:/Users/Kuba/.ivy2/cache/com.typesafe.netty/netty-reactive-streams-http/jars/netty-reactive-streams-http-1.0.6.jar, file:/C:/Users/Kuba/.ivy2/cache/com.typesafe.netty/netty-reactive-streams/jars/netty-reactive-streams-1.0.6.jar, file:/C:/Users/Kuba/.ivy2/cache/io.netty/netty-handler/jars/netty-handler-4.0.36.Final.jar, file:/C:/Users/Kuba/.ivy2/cache/io.netty/netty-buffer/jars/netty-buffer-4.0.36.Final.jar, file:/C:/Users/Kuba/.ivy2/cache/io.netty/netty-common/jars/netty-common-4.0.36.Final.jar, file:/C:/Users/Kuba/.ivy2/cache/io.netty/netty-transport/jars/netty-transport-4.0.36.Final.jar, file:/C:/Users/Kuba/.ivy2/cache/io.netty/netty-codec/jars/netty-codec-4.0.36.Final.jar, file:/C:/Users/Kuba/.ivy2/cache/io.netty/netty-codec-http/jars/netty-codec-http-4.0.36.Final.jar, file:/C:/Users/Kuba/.ivy2/cache/io.netty/netty-transport-native-epoll/jars/netty-transport-native-epoll-4.0.36.Final-linux-x86_64.jar, file:/C:/Users/Kuba/.ivy2/cache/com.typesafe.play/play-logback_2.11/jars/play-logback_2.11-2.5.4.jar, file:/C:/Users/Kuba/.ivy2/cache/org.scala-lang/scala-swing/jars/scala-swing-2.11.0-M7.jar, file:/C:/Users/Kuba/.ivy2/cache/com.mohiva/play-silhouette_2.11/jars/play-silhouette_2.11-4.0.0.jar, file:/C:/Users/Kuba/.ivy2/cache/com.typesafe.play/play-cache_2.11/jars/play-cache_2.11-2.5.4.jar, file:/C:/Users/Kuba/Downloads/activator-dist-1.3.12/repository/net.sf.ehcache/ehcache-core/2.6.11/jars/ehcache-core.jar, file:/C:/Users/Kuba/.ivy2/cache/com.typesafe.play/play-ws_2.11/jars/play-ws_2.11-2.5.4.jar, file:/C:/Users/Kuba/.ivy2/cache/com.google.guava/guava/bundles/guava-19.0.jar, file:/C:/Users/Kuba/.ivy2/cache/org.asynchttpclient/async-http-client/jars/async-http-client-2.0.2.jar, file:/C:/Users/Kuba/.ivy2/cache/org.asynchttpclient/netty-resolver-dns/jars/netty-resolver-dns-2.0.2.jar, file:/C:/Users/Kuba/.ivy2/cache/org.asynchttpclient/netty-resolver/jars/netty-resolver-2.0.2.jar, file:/C:/Users/Kuba/.ivy2/cache/org.slf4j/slf4j-api/jars/slf4j-api-1.7.21.jar, file:/C:/Users/Kuba/.ivy2/cache/org.asynchttpclient/netty-codec-dns/jars/netty-codec-dns-2.0.2.jar, file:/C:/Users/Kuba/.ivy2/cache/org.javassist/javassist/bundles/javassist-3.20.0-GA.jar, file:/C:/Users/Kuba/.ivy2/cache/oauth.signpost/signpost-core/jars/signpost-core-1.2.1.2.jar, file:/C:/Users/Kuba/.ivy2/cache/oauth.signpost/signpost-commonshttp4/jars/signpost-commonshttp4-1.2.1.2.jar, file:/C:/Users/Kuba/.ivy2/cache/org.apache.httpcomponents/httpcore/jars/httpcore-4.0.1.jar, file:/C:/Users/Kuba/.ivy2/cache/org.apache.httpcomponents/httpclient/jars/httpclient-4.0.1.jar, file:/C:/Users/Kuba/.ivy2/cache/commons-logging/commons-logging/jars/commons-logging-1.1.1.jar, file:/C:/Users/Kuba/.ivy2/cache/com.atlassian.jwt/jwt-core/jars/jwt-core-1.5.8.jar, file:/C:/Users/Kuba/.ivy2/cache/com.nimbusds/nimbus-jose-jwt/jars/nimbus-jose-jwt-2.16.jar, file:/C:/Users/Kuba/.ivy2/cache/net.jcip/jcip-annotations/jars/jcip-annotations-1.0.jar, file:/C:/Users/Kuba/.ivy2/cache/net.minidev/json-smart/jars/json-smart-1.1.1.jar, file:/C:/Users/Kuba/.ivy2/cache/javax.mail/mail/jars/mail-1.4.7.jar, file:/C:/Users/Kuba/.ivy2/cache/org.bouncycastle/bcprov-jdk15on/jars/bcprov-jdk15on-1.51.jar, file:/C:/Users/Kuba/.ivy2/cache/org.bouncycastle/bcpkix-jdk15on/jars/bcpkix-jdk15on-1.51.jar, file:/C:/Users/Kuba/.ivy2/cache/com.atlassian.jwt/jwt-api/jars/jwt-api-1.5.8.jar, file:/C:/Users/Kuba/.ivy2/cache/com.mohiva/play-silhouette-password-bcrypt_2.11/jars/play-silhouette-password-bcrypt_2.11-4.0.0.jar, file:/C:/Users/Kuba/.ivy2/cache/de.svenkubiak/jBCrypt/bundles/jBCrypt-0.4.1.jar, file:/C:/Users/Kuba/.ivy2/cache/com.mohiva/play-silhouette-persistence_2.11/jars/play-silhouette-persistence_2.11-4.0.0.jar, file:/C:/Users/Kuba/.ivy2/cache/com.mohiva/play-silhouette-crypto-jca_2.11/jars/play-silhouette-crypto-jca_2.11-4.0.0.jar, file:/C:/Users/Kuba/.ivy2/cache/org.webjars/webjars-play_2.11/jars/webjars-play_2.11-2.5.0-2.jar, file:/C:/Users/Kuba/.ivy2/cache/org.webjars/requirejs/jars/requirejs-2.1.20.jar, file:/C:/Users/Kuba/.ivy2/cache/org.webjars/webjars-locator/jars/webjars-locator-0.31.jar, file:/C:/Users/Kuba/.ivy2/cache/org.webjars/webjars-locator-core/jars/webjars-locator-core-0.30.jar, file:/C:/Users/Kuba/.ivy2/cache/org.apache.commons/commons-compress/jars/commons-compress-1.9.jar, file:/C:/Users/Kuba/.ivy2/cache/net.codingwell/scala-guice_2.11/jars/scala-guice_2.11-4.0.1.jar, file:/C:/Users/Kuba/.ivy2/cache/com.google.inject.extensions/guice-multibindings/jars/guice-multibindings-4.0.jar, file:/C:/Users/Kuba/.ivy2/cache/com.iheart/ficus_2.11/jars/ficus_2.11-1.2.6.jar, file:/C:/Users/Kuba/.ivy2/cache/org.typelevel/macro-compat_2.11/jars/macro-compat_2.11-1.1.1.jar, file:/C:/Users/Kuba/.ivy2/cache/com.typesafe.play/play-mailer_2.11/jars/play-mailer_2.11-5.0.0.jar, file:/C:/Users/Kuba/.ivy2/cache/org.apache.commons/commons-email/jars/commons-email-1.4.jar, file:/C:/Users/Kuba/.ivy2/cache/com.sun.mail/javax.mail/jars/javax.mail-1.5.2.jar, file:/C:/Users/Kuba/.ivy2/cache/javax.activation/activation/jars/activation-1.1.1.jar, file:/C:/Users/Kuba/.ivy2/cache/com.enragedginger/akka-quartz-scheduler_2.11/jars/akka-quartz-scheduler_2.11-1.5.0-akka-2.4.x.jar, file:/C:/Users/Kuba/.ivy2/cache/org.quartz-scheduler/quartz/jars/quartz-2.2.2.jar, file:/C:/Users/Kuba/.ivy2/cache/c3p0/c3p0/jars/c3p0-0.9.1.1.jar, file:/C:/Users/Kuba/.ivy2/cache/com.adrianhurt/play-bootstrap_2.11/jars/play-bootstrap_2.11-1.0-P25-B3.jar, file:/C:/Users/Kuba/.ivy2/cache/com.typesafe.play/filters-helpers_2.11/jars/filters-helpers_2.11-2.5.4.jar, file:/C:/Users/Kuba/.ivy2/cache/com.typesafe.play/play-java_2.11/jars/play-java_2.11-2.5.4.jar, file:/C:/Users/Kuba/Downloads/activator-dist-1.3.12/repository/org.yaml/snakeyaml/1.16/bundles/snakeyaml.jar, file:/C:/Users/Kuba/Downloads/activator-dist-1.3.12/repository/org.hibernate/hibernate-validator/5.2.4.Final/jars/hibernate-validator.jar, file:/C:/Users/Kuba/Downloads/activator-dist-1.3.12/repository/javax.validation/validation-api/1.1.0.Final/jars/validation-api.jar, file:/C:/Users/Kuba/Downloads/activator-dist-1.3.12/repository/org.jboss.logging/jboss-logging/3.2.1.Final/jars/jboss-logging.jar, file:/C:/Users/Kuba/Downloads/activator-dist-1.3.12/repository/com.fasterxml/classmate/1.1.0/bundles/classmate.jar, file:/C:/Users/Kuba/Downloads/activator-dist-1.3.12/repository/javax.el/javax.el-api/3.0.0/jars/javax.el-api.jar, file:/C:/Users/Kuba/.ivy2/cache/org.springframework/spring-context/jars/spring-context-4.2.4.RELEASE.jar, file:/C:/Users/Kuba/.ivy2/cache/org.springframework/spring-core/jars/spring-core-4.2.4.RELEASE.jar, file:/C:/Users/Kuba/.ivy2/cache/org.springframework/spring-beans/jars/spring-beans-4.2.4.RELEASE.jar, file:/C:/Users/Kuba/Downloads/activator-dist-1.3.12/repository/org.reflections/reflections/0.9.10/jars/reflections.jar, file:/C:/Users/Kuba/Downloads/activator-dist-1.3.12/repository/net.jodah/typetools/0.4.4/bundles/typetools.jar, file:/C:/Users/Kuba/.ivy2/cache/com.google.code.findbugs/jsr305/jars/jsr305-3.0.1.jar, file:/C:/Users/Kuba/Downloads/activator-dist-1.3.12/repository/org.apache.tomcat/tomcat-servlet-api/8.0.33/jars/tomcat-servlet-api.jar, file:/C:/Users/Kuba/.ivy2/cache/com.adrianhurt/play-bootstrap-core_2.11/jars/play-bootstrap-core_2.11-1.0-P25.jar, file:/C:/Users/Kuba/.ivy2/cache/org.webjars/bootstrap/jars/bootstrap-3.3.6.jar, file:/C:/Users/Kuba/.ivy2/cache/org.webjars/jquery/jars/jquery-2.1.4.jar}
16:45:22.915 [ForkJoinPool-8-worker-1] DEBUG c.google.inject.internal.BytecodeGen - Loading class utils.Filters FastClass with com.google.inject.internal.BytecodeGen$BridgeClassLoader@4c212a4a
16:45:22.917 [ForkJoinPool-8-worker-1] DEBUG c.google.inject.internal.BytecodeGen - Loading class play.api.http.JavaHttpFiltersDelegate FastClass with PlayDependencyClassLoader{file:/C:/Users/Kuba/IdeaProjects/play-silhouette-seed-master/lib/connect-four.jar, file:/C:/Users/Kuba/IdeaProjects/play-silhouette-seed-master/lib/sudoku.jar, file:/C:/Users/Kuba/.ivy2/cache/org.scala-lang/scala-library/jars/scala-library-2.11.8.jar, file:/C:/Users/Kuba/Downloads/activator-dist-1.3.12/repository/com.typesafe.play/twirl-api_2.11/1.1.1/jars/twirl-api_2.11.jar, file:/C:/Users/Kuba/.ivy2/cache/org.apache.commons/commons-lang3/jars/commons-lang3-3.4.jar, file:/C:/Users/Kuba/.ivy2/cache/org.scala-lang.modules/scala-xml_2.11/bundles/scala-xml_2.11-1.0.1.jar, file:/C:/Users/Kuba/.ivy2/cache/com.typesafe.play/play-server_2.11/jars/play-server_2.11-2.5.4.jar, file:/C:/Users/Kuba/.ivy2/cache/com.typesafe.play/play_2.11/jars/play_2.11-2.5.4.jar, file:/C:/Users/Kuba/.ivy2/cache/com.typesafe.play/build-link/jars/build-link-2.5.4.jar, file:/C:/Users/Kuba/.ivy2/cache/com.typesafe.play/play-exceptions/jars/play-exceptions-2.5.4.jar, file:/C:/Users/Kuba/.ivy2/cache/com.typesafe.play/play-iteratees_2.11/jars/play-iteratees_2.11-2.5.4.jar, file:/C:/Users/Kuba/.ivy2/cache/org.scala-stm/scala-stm_2.11/jars/scala-stm_2.11-0.7.jar, file:/C:/Users/Kuba/Downloads/activator-dist-1.3.12/repository/com.typesafe/config/1.3.0/bundles/config.jar, file:/C:/Users/Kuba/.ivy2/cache/ch.qos.logback/logback-classic/jars/logback-classic-1.1.7.jar, file:/C:/Users/Kuba/.ivy2/cache/ch.qos.logback/logback-core/jars/logback-core-1.1.7.jar, file:/C:/Users/Kuba/.ivy2/cache/com.typesafe.play/play-json_2.11/jars/play-json_2.11-2.5.4.jar, file:/C:/Users/Kuba/.ivy2/cache/com.typesafe.play/play-functional_2.11/jars/play-functional_2.11-2.5.4.jar, file:/C:/Users/Kuba/.ivy2/cache/com.typesafe.play/play-datacommons_2.11/jars/play-datacommons_2.11-2.5.4.jar, file:/C:/Users/Kuba/Downloads/activator-dist-1.3.12/repository/joda-time/joda-time/2.9.2/jars/joda-time.jar, file:/C:/Users/Kuba/Downloads/activator-dist-1.3.12/repository/org.joda/joda-convert/1.8.1/jars/joda-convert.jar, file:/C:/Users/Kuba/Downloads/activator-dist-1.3.12/repository/org.scala-lang/scala-reflect/2.11.7/jars/scala-reflect.jar, file:/C:/Users/Kuba/Downloads/activator-dist-1.3.12/repository/com.fasterxml.jackson.core/jackson-core/2.7.1/bundles/jackson-core.jar, file:/C:/Users/Kuba/Downloads/activator-dist-1.3.12/repository/com.fasterxml.jackson.core/jackson-annotations/2.7.1/bundles/jackson-annotations.jar, file:/C:/Users/Kuba/Downloads/activator-dist-1.3.12/repository/com.fasterxml.jackson.core/jackson-databind/2.7.1/bundles/jackson-databind.jar, file:/C:/Users/Kuba/Downloads/activator-dist-1.3.12/repository/com.fasterxml.jackson.datatype/jackson-datatype-jdk8/2.7.1/bundles/jackson-datatype-jdk8.jar, file:/C:/Users/Kuba/Downloads/activator-dist-1.3.12/repository/com.fasterxml.jackson.datatype/jackson-datatype-jsr310/2.7.1/bundles/jackson-datatype-jsr310.jar, file:/C:/Users/Kuba/.ivy2/cache/com.typesafe.play/play-netty-utils/jars/play-netty-utils-2.5.4.jar, file:/C:/Users/Kuba/.ivy2/cache/org.slf4j/jul-to-slf4j/jars/jul-to-slf4j-1.7.19.jar, file:/C:/Users/Kuba/.ivy2/cache/org.slf4j/jcl-over-slf4j/jars/jcl-over-slf4j-1.7.19.jar, file:/C:/Users/Kuba/.ivy2/cache/com.typesafe.play/play-streams_2.11/jars/play-streams_2.11-2.5.4.jar, file:/C:/Users/Kuba/.ivy2/cache/org.reactivestreams/reactive-streams/jars/reactive-streams-1.0.0.jar, file:/C:/Users/Kuba/.ivy2/cache/com.typesafe.akka/akka-stream_2.11/jars/akka-stream_2.11-2.4.4.jar, file:/C:/Users/Kuba/.ivy2/cache/com.typesafe.akka/akka-actor_2.11/jars/akka-actor_2.11-2.4.4.jar, file:/C:/Users/Kuba/Downloads/activator-dist-1.3.12/repository/org.scala-lang.modules/scala-java8-compat_2.11/0.7.0/bundles/scala-java8-compat_2.11.jar, file:/C:/Users/Kuba/Downloads/activator-dist-1.3.12/repository/com.typesafe/ssl-config-akka_2.11/0.2.1/bundles/ssl-config-akka_2.11.jar, file:/C:/Users/Kuba/.ivy2/cache/com.typesafe/ssl-config-core_2.11/bundles/ssl-config-core_2.11-0.2.1.jar, file:/C:/Users/Kuba/.ivy2/cache/org.scala-lang.modules/scala-parser-combinators_2.11/bundles/scala-parser-combinators_2.11-1.0.4.jar, file:/C:/Users/Kuba/.ivy2/cache/com.typesafe.akka/akka-slf4j_2.11/jars/akka-slf4j_2.11-2.4.4.jar, file:/C:/Users/Kuba/.ivy2/cache/commons-codec/commons-codec/jars/commons-codec-1.10.jar, file:/C:/Users/Kuba/.ivy2/cache/xerces/xercesImpl/jars/xercesImpl-2.11.0.jar, file:/C:/Users/Kuba/.ivy2/cache/xml-apis/xml-apis/jars/xml-apis-1.4.01.jar, file:/C:/Users/Kuba/.ivy2/cache/javax.transaction/jta/jars/jta-1.1.jar, file:/C:/Users/Kuba/Downloads/activator-dist-1.3.12/repository/com.google.inject/guice/4.0/jars/guice.jar, file:/C:/Users/Kuba/.ivy2/cache/javax.inject/javax.inject/jars/javax.inject-1.jar, file:/C:/Users/Kuba/.ivy2/cache/aopalliance/aopalliance/jars/aopalliance-1.0.jar, file:/C:/Users/Kuba/Downloads/activator-dist-1.3.12/repository/com.google.inject.extensions/guice-assistedinject/4.0/jars/guice-assistedinject.jar, file:/C:/Users/Kuba/.ivy2/cache/com.typesafe.play/play-netty-server_2.11/jars/play-netty-server_2.11-2.5.4.jar, file:/C:/Users/Kuba/.ivy2/cache/com.typesafe.netty/netty-reactive-streams-http/jars/netty-reactive-streams-http-1.0.6.jar, file:/C:/Users/Kuba/.ivy2/cache/com.typesafe.netty/netty-reactive-streams/jars/netty-reactive-streams-1.0.6.jar, file:/C:/Users/Kuba/.ivy2/cache/io.netty/netty-handler/jars/netty-handler-4.0.36.Final.jar, file:/C:/Users/Kuba/.ivy2/cache/io.netty/netty-buffer/jars/netty-buffer-4.0.36.Final.jar, file:/C:/Users/Kuba/.ivy2/cache/io.netty/netty-common/jars/netty-common-4.0.36.Final.jar, file:/C:/Users/Kuba/.ivy2/cache/io.netty/netty-transport/jars/netty-transport-4.0.36.Final.jar, file:/C:/Users/Kuba/.ivy2/cache/io.netty/netty-codec/jars/netty-codec-4.0.36.Final.jar, file:/C:/Users/Kuba/.ivy2/cache/io.netty/netty-codec-http/jars/netty-codec-http-4.0.36.Final.jar, file:/C:/Users/Kuba/.ivy2/cache/io.netty/netty-transport-native-epoll/jars/netty-transport-native-epoll-4.0.36.Final-linux-x86_64.jar, file:/C:/Users/Kuba/.ivy2/cache/com.typesafe.play/play-logback_2.11/jars/play-logback_2.11-2.5.4.jar, file:/C:/Users/Kuba/.ivy2/cache/org.scala-lang/scala-swing/jars/scala-swing-2.11.0-M7.jar, file:/C:/Users/Kuba/.ivy2/cache/com.mohiva/play-silhouette_2.11/jars/play-silhouette_2.11-4.0.0.jar, file:/C:/Users/Kuba/.ivy2/cache/com.typesafe.play/play-cache_2.11/jars/play-cache_2.11-2.5.4.jar, file:/C:/Users/Kuba/Downloads/activator-dist-1.3.12/repository/net.sf.ehcache/ehcache-core/2.6.11/jars/ehcache-core.jar, file:/C:/Users/Kuba/.ivy2/cache/com.typesafe.play/play-ws_2.11/jars/play-ws_2.11-2.5.4.jar, file:/C:/Users/Kuba/.ivy2/cache/com.google.guava/guava/bundles/guava-19.0.jar, file:/C:/Users/Kuba/.ivy2/cache/org.asynchttpclient/async-http-client/jars/async-http-client-2.0.2.jar, file:/C:/Users/Kuba/.ivy2/cache/org.asynchttpclient/netty-resolver-dns/jars/netty-resolver-dns-2.0.2.jar, file:/C:/Users/Kuba/.ivy2/cache/org.asynchttpclient/netty-resolver/jars/netty-resolver-2.0.2.jar, file:/C:/Users/Kuba/.ivy2/cache/org.slf4j/slf4j-api/jars/slf4j-api-1.7.21.jar, file:/C:/Users/Kuba/.ivy2/cache/org.asynchttpclient/netty-codec-dns/jars/netty-codec-dns-2.0.2.jar, file:/C:/Users/Kuba/.ivy2/cache/org.javassist/javassist/bundles/javassist-3.20.0-GA.jar, file:/C:/Users/Kuba/.ivy2/cache/oauth.signpost/signpost-core/jars/signpost-core-1.2.1.2.jar, file:/C:/Users/Kuba/.ivy2/cache/oauth.signpost/signpost-commonshttp4/jars/signpost-commonshttp4-1.2.1.2.jar, file:/C:/Users/Kuba/.ivy2/cache/org.apache.httpcomponents/httpcore/jars/httpcore-4.0.1.jar, file:/C:/Users/Kuba/.ivy2/cache/org.apache.httpcomponents/httpclient/jars/httpclient-4.0.1.jar, file:/C:/Users/Kuba/.ivy2/cache/commons-logging/commons-logging/jars/commons-logging-1.1.1.jar, file:/C:/Users/Kuba/.ivy2/cache/com.atlassian.jwt/jwt-core/jars/jwt-core-1.5.8.jar, file:/C:/Users/Kuba/.ivy2/cache/com.nimbusds/nimbus-jose-jwt/jars/nimbus-jose-jwt-2.16.jar, file:/C:/Users/Kuba/.ivy2/cache/net.jcip/jcip-annotations/jars/jcip-annotations-1.0.jar, file:/C:/Users/Kuba/.ivy2/cache/net.minidev/json-smart/jars/json-smart-1.1.1.jar, file:/C:/Users/Kuba/.ivy2/cache/javax.mail/mail/jars/mail-1.4.7.jar, file:/C:/Users/Kuba/.ivy2/cache/org.bouncycastle/bcprov-jdk15on/jars/bcprov-jdk15on-1.51.jar, file:/C:/Users/Kuba/.ivy2/cache/org.bouncycastle/bcpkix-jdk15on/jars/bcpkix-jdk15on-1.51.jar, file:/C:/Users/Kuba/.ivy2/cache/com.atlassian.jwt/jwt-api/jars/jwt-api-1.5.8.jar, file:/C:/Users/Kuba/.ivy2/cache/com.mohiva/play-silhouette-password-bcrypt_2.11/jars/play-silhouette-password-bcrypt_2.11-4.0.0.jar, file:/C:/Users/Kuba/.ivy2/cache/de.svenkubiak/jBCrypt/bundles/jBCrypt-0.4.1.jar, file:/C:/Users/Kuba/.ivy2/cache/com.mohiva/play-silhouette-persistence_2.11/jars/play-silhouette-persistence_2.11-4.0.0.jar, file:/C:/Users/Kuba/.ivy2/cache/com.mohiva/play-silhouette-crypto-jca_2.11/jars/play-silhouette-crypto-jca_2.11-4.0.0.jar, file:/C:/Users/Kuba/.ivy2/cache/org.webjars/webjars-play_2.11/jars/webjars-play_2.11-2.5.0-2.jar, file:/C:/Users/Kuba/.ivy2/cache/org.webjars/requirejs/jars/requirejs-2.1.20.jar, file:/C:/Users/Kuba/.ivy2/cache/org.webjars/webjars-locator/jars/webjars-locator-0.31.jar, file:/C:/Users/Kuba/.ivy2/cache/org.webjars/webjars-locator-core/jars/webjars-locator-core-0.30.jar, file:/C:/Users/Kuba/.ivy2/cache/org.apache.commons/commons-compress/jars/commons-compress-1.9.jar, file:/C:/Users/Kuba/.ivy2/cache/net.codingwell/scala-guice_2.11/jars/scala-guice_2.11-4.0.1.jar, file:/C:/Users/Kuba/.ivy2/cache/com.google.inject.extensions/guice-multibindings/jars/guice-multibindings-4.0.jar, file:/C:/Users/Kuba/.ivy2/cache/com.iheart/ficus_2.11/jars/ficus_2.11-1.2.6.jar, file:/C:/Users/Kuba/.ivy2/cache/org.typelevel/macro-compat_2.11/jars/macro-compat_2.11-1.1.1.jar, file:/C:/Users/Kuba/.ivy2/cache/com.typesafe.play/play-mailer_2.11/jars/play-mailer_2.11-5.0.0.jar, file:/C:/Users/Kuba/.ivy2/cache/org.apache.commons/commons-email/jars/commons-email-1.4.jar, file:/C:/Users/Kuba/.ivy2/cache/com.sun.mail/javax.mail/jars/javax.mail-1.5.2.jar, file:/C:/Users/Kuba/.ivy2/cache/javax.activation/activation/jars/activation-1.1.1.jar, file:/C:/Users/Kuba/.ivy2/cache/com.enragedginger/akka-quartz-scheduler_2.11/jars/akka-quartz-scheduler_2.11-1.5.0-akka-2.4.x.jar, file:/C:/Users/Kuba/.ivy2/cache/org.quartz-scheduler/quartz/jars/quartz-2.2.2.jar, file:/C:/Users/Kuba/.ivy2/cache/c3p0/c3p0/jars/c3p0-0.9.1.1.jar, file:/C:/Users/Kuba/.ivy2/cache/com.adrianhurt/play-bootstrap_2.11/jars/play-bootstrap_2.11-1.0-P25-B3.jar, file:/C:/Users/Kuba/.ivy2/cache/com.typesafe.play/filters-helpers_2.11/jars/filters-helpers_2.11-2.5.4.jar, file:/C:/Users/Kuba/.ivy2/cache/com.typesafe.play/play-java_2.11/jars/play-java_2.11-2.5.4.jar, file:/C:/Users/Kuba/Downloads/activator-dist-1.3.12/repository/org.yaml/snakeyaml/1.16/bundles/snakeyaml.jar, file:/C:/Users/Kuba/Downloads/activator-dist-1.3.12/repository/org.hibernate/hibernate-validator/5.2.4.Final/jars/hibernate-validator.jar, file:/C:/Users/Kuba/Downloads/activator-dist-1.3.12/repository/javax.validation/validation-api/1.1.0.Final/jars/validation-api.jar, file:/C:/Users/Kuba/Downloads/activator-dist-1.3.12/repository/org.jboss.logging/jboss-logging/3.2.1.Final/jars/jboss-logging.jar, file:/C:/Users/Kuba/Downloads/activator-dist-1.3.12/repository/com.fasterxml/classmate/1.1.0/bundles/classmate.jar, file:/C:/Users/Kuba/Downloads/activator-dist-1.3.12/repository/javax.el/javax.el-api/3.0.0/jars/javax.el-api.jar, file:/C:/Users/Kuba/.ivy2/cache/org.springframework/spring-context/jars/spring-context-4.2.4.RELEASE.jar, file:/C:/Users/Kuba/.ivy2/cache/org.springframework/spring-core/jars/spring-core-4.2.4.RELEASE.jar, file:/C:/Users/Kuba/.ivy2/cache/org.springframework/spring-beans/jars/spring-beans-4.2.4.RELEASE.jar, file:/C:/Users/Kuba/Downloads/activator-dist-1.3.12/repository/org.reflections/reflections/0.9.10/jars/reflections.jar, file:/C:/Users/Kuba/Downloads/activator-dist-1.3.12/repository/net.jodah/typetools/0.4.4/bundles/typetools.jar, file:/C:/Users/Kuba/.ivy2/cache/com.google.code.findbugs/jsr305/jars/jsr305-3.0.1.jar, file:/C:/Users/Kuba/Downloads/activator-dist-1.3.12/repository/org.apache.tomcat/tomcat-servlet-api/8.0.33/jars/tomcat-servlet-api.jar, file:/C:/Users/Kuba/.ivy2/cache/com.adrianhurt/play-bootstrap-core_2.11/jars/play-bootstrap-core_2.11-1.0-P25.jar, file:/C:/Users/Kuba/.ivy2/cache/org.webjars/bootstrap/jars/bootstrap-3.3.6.jar, file:/C:/Users/Kuba/.ivy2/cache/org.webjars/jquery/jars/jquery-2.1.4.jar}
16:45:22.921 [ForkJoinPool-8-worker-1] DEBUG c.google.inject.internal.BytecodeGen - Loading class play.api.http.DefaultHttpRequestHandler FastClass with PlayDependencyClassLoader{file:/C:/Users/Kuba/IdeaProjects/play-silhouette-seed-master/lib/connect-four.jar, file:/C:/Users/Kuba/IdeaProjects/play-silhouette-seed-master/lib/sudoku.jar, file:/C:/Users/Kuba/.ivy2/cache/org.scala-lang/scala-library/jars/scala-library-2.11.8.jar, file:/C:/Users/Kuba/Downloads/activator-dist-1.3.12/repository/com.typesafe.play/twirl-api_2.11/1.1.1/jars/twirl-api_2.11.jar, file:/C:/Users/Kuba/.ivy2/cache/org.apache.commons/commons-lang3/jars/commons-lang3-3.4.jar, file:/C:/Users/Kuba/.ivy2/cache/org.scala-lang.modules/scala-xml_2.11/bundles/scala-xml_2.11-1.0.1.jar, file:/C:/Users/Kuba/.ivy2/cache/com.typesafe.play/play-server_2.11/jars/play-server_2.11-2.5.4.jar, file:/C:/Users/Kuba/.ivy2/cache/com.typesafe.play/play_2.11/jars/play_2.11-2.5.4.jar, file:/C:/Users/Kuba/.ivy2/cache/com.typesafe.play/build-link/jars/build-link-2.5.4.jar, file:/C:/Users/Kuba/.ivy2/cache/com.typesafe.play/play-exceptions/jars/play-exceptions-2.5.4.jar, file:/C:/Users/Kuba/.ivy2/cache/com.typesafe.play/play-iteratees_2.11/jars/play-iteratees_2.11-2.5.4.jar, file:/C:/Users/Kuba/.ivy2/cache/org.scala-stm/scala-stm_2.11/jars/scala-stm_2.11-0.7.jar, file:/C:/Users/Kuba/Downloads/activator-dist-1.3.12/repository/com.typesafe/config/1.3.0/bundles/config.jar, file:/C:/Users/Kuba/.ivy2/cache/ch.qos.logback/logback-classic/jars/logback-classic-1.1.7.jar, file:/C:/Users/Kuba/.ivy2/cache/ch.qos.logback/logback-core/jars/logback-core-1.1.7.jar, file:/C:/Users/Kuba/.ivy2/cache/com.typesafe.play/play-json_2.11/jars/play-json_2.11-2.5.4.jar, file:/C:/Users/Kuba/.ivy2/cache/com.typesafe.play/play-functional_2.11/jars/play-functional_2.11-2.5.4.jar, file:/C:/Users/Kuba/.ivy2/cache/com.typesafe.play/play-datacommons_2.11/jars/play-datacommons_2.11-2.5.4.jar, file:/C:/Users/Kuba/Downloads/activator-dist-1.3.12/repository/joda-time/joda-time/2.9.2/jars/joda-time.jar, file:/C:/Users/Kuba/Downloads/activator-dist-1.3.12/repository/org.joda/joda-convert/1.8.1/jars/joda-convert.jar, file:/C:/Users/Kuba/Downloads/activator-dist-1.3.12/repository/org.scala-lang/scala-reflect/2.11.7/jars/scala-reflect.jar, file:/C:/Users/Kuba/Downloads/activator-dist-1.3.12/repository/com.fasterxml.jackson.core/jackson-core/2.7.1/bundles/jackson-core.jar, file:/C:/Users/Kuba/Downloads/activator-dist-1.3.12/repository/com.fasterxml.jackson.core/jackson-annotations/2.7.1/bundles/jackson-annotations.jar, file:/C:/Users/Kuba/Downloads/activator-dist-1.3.12/repository/com.fasterxml.jackson.core/jackson-databind/2.7.1/bundles/jackson-databind.jar, file:/C:/Users/Kuba/Downloads/activator-dist-1.3.12/repository/com.fasterxml.jackson.datatype/jackson-datatype-jdk8/2.7.1/bundles/jackson-datatype-jdk8.jar, file:/C:/Users/Kuba/Downloads/activator-dist-1.3.12/repository/com.fasterxml.jackson.datatype/jackson-datatype-jsr310/2.7.1/bundles/jackson-datatype-jsr310.jar, file:/C:/Users/Kuba/.ivy2/cache/com.typesafe.play/play-netty-utils/jars/play-netty-utils-2.5.4.jar, file:/C:/Users/Kuba/.ivy2/cache/org.slf4j/jul-to-slf4j/jars/jul-to-slf4j-1.7.19.jar, file:/C:/Users/Kuba/.ivy2/cache/org.slf4j/jcl-over-slf4j/jars/jcl-over-slf4j-1.7.19.jar, file:/C:/Users/Kuba/.ivy2/cache/com.typesafe.play/play-streams_2.11/jars/play-streams_2.11-2.5.4.jar, file:/C:/Users/Kuba/.ivy2/cache/org.reactivestreams/reactive-streams/jars/reactive-streams-1.0.0.jar, file:/C:/Users/Kuba/.ivy2/cache/com.typesafe.akka/akka-stream_2.11/jars/akka-stream_2.11-2.4.4.jar, file:/C:/Users/Kuba/.ivy2/cache/com.typesafe.akka/akka-actor_2.11/jars/akka-actor_2.11-2.4.4.jar, file:/C:/Users/Kuba/Downloads/activator-dist-1.3.12/repository/org.scala-lang.modules/scala-java8-compat_2.11/0.7.0/bundles/scala-java8-compat_2.11.jar, file:/C:/Users/Kuba/Downloads/activator-dist-1.3.12/repository/com.typesafe/ssl-config-akka_2.11/0.2.1/bundles/ssl-config-akka_2.11.jar, file:/C:/Users/Kuba/.ivy2/cache/com.typesafe/ssl-config-core_2.11/bundles/ssl-config-core_2.11-0.2.1.jar, file:/C:/Users/Kuba/.ivy2/cache/org.scala-lang.modules/scala-parser-combinators_2.11/bundles/scala-parser-combinators_2.11-1.0.4.jar, file:/C:/Users/Kuba/.ivy2/cache/com.typesafe.akka/akka-slf4j_2.11/jars/akka-slf4j_2.11-2.4.4.jar, file:/C:/Users/Kuba/.ivy2/cache/commons-codec/commons-codec/jars/commons-codec-1.10.jar, file:/C:/Users/Kuba/.ivy2/cache/xerces/xercesImpl/jars/xercesImpl-2.11.0.jar, file:/C:/Users/Kuba/.ivy2/cache/xml-apis/xml-apis/jars/xml-apis-1.4.01.jar, file:/C:/Users/Kuba/.ivy2/cache/javax.transaction/jta/jars/jta-1.1.jar, file:/C:/Users/Kuba/Downloads/activator-dist-1.3.12/repository/com.google.inject/guice/4.0/jars/guice.jar, file:/C:/Users/Kuba/.ivy2/cache/javax.inject/javax.inject/jars/javax.inject-1.jar, file:/C:/Users/Kuba/.ivy2/cache/aopalliance/aopalliance/jars/aopalliance-1.0.jar, file:/C:/Users/Kuba/Downloads/activator-dist-1.3.12/repository/com.google.inject.extensions/guice-assistedinject/4.0/jars/guice-assistedinject.jar, file:/C:/Users/Kuba/.ivy2/cache/com.typesafe.play/play-netty-server_2.11/jars/play-netty-server_2.11-2.5.4.jar, file:/C:/Users/Kuba/.ivy2/cache/com.typesafe.netty/netty-reactive-streams-http/jars/netty-reactive-streams-http-1.0.6.jar, file:/C:/Users/Kuba/.ivy2/cache/com.typesafe.netty/netty-reactive-streams/jars/netty-reactive-streams-1.0.6.jar, file:/C:/Users/Kuba/.ivy2/cache/io.netty/netty-handler/jars/netty-handler-4.0.36.Final.jar, file:/C:/Users/Kuba/.ivy2/cache/io.netty/netty-buffer/jars/netty-buffer-4.0.36.Final.jar, file:/C:/Users/Kuba/.ivy2/cache/io.netty/netty-common/jars/netty-common-4.0.36.Final.jar, file:/C:/Users/Kuba/.ivy2/cache/io.netty/netty-transport/jars/netty-transport-4.0.36.Final.jar, file:/C:/Users/Kuba/.ivy2/cache/io.netty/netty-codec/jars/netty-codec-4.0.36.Final.jar, file:/C:/Users/Kuba/.ivy2/cache/io.netty/netty-codec-http/jars/netty-codec-http-4.0.36.Final.jar, file:/C:/Users/Kuba/.ivy2/cache/io.netty/netty-transport-native-epoll/jars/netty-transport-native-epoll-4.0.36.Final-linux-x86_64.jar, file:/C:/Users/Kuba/.ivy2/cache/com.typesafe.play/play-logback_2.11/jars/play-logback_2.11-2.5.4.jar, file:/C:/Users/Kuba/.ivy2/cache/org.scala-lang/scala-swing/jars/scala-swing-2.11.0-M7.jar, file:/C:/Users/Kuba/.ivy2/cache/com.mohiva/play-silhouette_2.11/jars/play-silhouette_2.11-4.0.0.jar, file:/C:/Users/Kuba/.ivy2/cache/com.typesafe.play/play-cache_2.11/jars/play-cache_2.11-2.5.4.jar, file:/C:/Users/Kuba/Downloads/activator-dist-1.3.12/repository/net.sf.ehcache/ehcache-core/2.6.11/jars/ehcache-core.jar, file:/C:/Users/Kuba/.ivy2/cache/com.typesafe.play/play-ws_2.11/jars/play-ws_2.11-2.5.4.jar, file:/C:/Users/Kuba/.ivy2/cache/com.google.guava/guava/bundles/guava-19.0.jar, file:/C:/Users/Kuba/.ivy2/cache/org.asynchttpclient/async-http-client/jars/async-http-client-2.0.2.jar, file:/C:/Users/Kuba/.ivy2/cache/org.asynchttpclient/netty-resolver-dns/jars/netty-resolver-dns-2.0.2.jar, file:/C:/Users/Kuba/.ivy2/cache/org.asynchttpclient/netty-resolver/jars/netty-resolver-2.0.2.jar, file:/C:/Users/Kuba/.ivy2/cache/org.slf4j/slf4j-api/jars/slf4j-api-1.7.21.jar, file:/C:/Users/Kuba/.ivy2/cache/org.asynchttpclient/netty-codec-dns/jars/netty-codec-dns-2.0.2.jar, file:/C:/Users/Kuba/.ivy2/cache/org.javassist/javassist/bundles/javassist-3.20.0-GA.jar, file:/C:/Users/Kuba/.ivy2/cache/oauth.signpost/signpost-core/jars/signpost-core-1.2.1.2.jar, file:/C:/Users/Kuba/.ivy2/cache/oauth.signpost/signpost-commonshttp4/jars/signpost-commonshttp4-1.2.1.2.jar, file:/C:/Users/Kuba/.ivy2/cache/org.apache.httpcomponents/httpcore/jars/httpcore-4.0.1.jar, file:/C:/Users/Kuba/.ivy2/cache/org.apache.httpcomponents/httpclient/jars/httpclient-4.0.1.jar, file:/C:/Users/Kuba/.ivy2/cache/commons-logging/commons-logging/jars/commons-logging-1.1.1.jar, file:/C:/Users/Kuba/.ivy2/cache/com.atlassian.jwt/jwt-core/jars/jwt-core-1.5.8.jar, file:/C:/Users/Kuba/.ivy2/cache/com.nimbusds/nimbus-jose-jwt/jars/nimbus-jose-jwt-2.16.jar, file:/C:/Users/Kuba/.ivy2/cache/net.jcip/jcip-annotations/jars/jcip-annotations-1.0.jar, file:/C:/Users/Kuba/.ivy2/cache/net.minidev/json-smart/jars/json-smart-1.1.1.jar, file:/C:/Users/Kuba/.ivy2/cache/javax.mail/mail/jars/mail-1.4.7.jar, file:/C:/Users/Kuba/.ivy2/cache/org.bouncycastle/bcprov-jdk15on/jars/bcprov-jdk15on-1.51.jar, file:/C:/Users/Kuba/.ivy2/cache/org.bouncycastle/bcpkix-jdk15on/jars/bcpkix-jdk15on-1.51.jar, file:/C:/Users/Kuba/.ivy2/cache/com.atlassian.jwt/jwt-api/jars/jwt-api-1.5.8.jar, file:/C:/Users/Kuba/.ivy2/cache/com.mohiva/play-silhouette-password-bcrypt_2.11/jars/play-silhouette-password-bcrypt_2.11-4.0.0.jar, file:/C:/Users/Kuba/.ivy2/cache/de.svenkubiak/jBCrypt/bundles/jBCrypt-0.4.1.jar, file:/C:/Users/Kuba/.ivy2/cache/com.mohiva/play-silhouette-persistence_2.11/jars/play-silhouette-persistence_2.11-4.0.0.jar, file:/C:/Users/Kuba/.ivy2/cache/com.mohiva/play-silhouette-crypto-jca_2.11/jars/play-silhouette-crypto-jca_2.11-4.0.0.jar, file:/C:/Users/Kuba/.ivy2/cache/org.webjars/webjars-play_2.11/jars/webjars-play_2.11-2.5.0-2.jar, file:/C:/Users/Kuba/.ivy2/cache/org.webjars/requirejs/jars/requirejs-2.1.20.jar, file:/C:/Users/Kuba/.ivy2/cache/org.webjars/webjars-locator/jars/webjars-locator-0.31.jar, file:/C:/Users/Kuba/.ivy2/cache/org.webjars/webjars-locator-core/jars/webjars-locator-core-0.30.jar, file:/C:/Users/Kuba/.ivy2/cache/org.apache.commons/commons-compress/jars/commons-compress-1.9.jar, file:/C:/Users/Kuba/.ivy2/cache/net.codingwell/scala-guice_2.11/jars/scala-guice_2.11-4.0.1.jar, file:/C:/Users/Kuba/.ivy2/cache/com.google.inject.extensions/guice-multibindings/jars/guice-multibindings-4.0.jar, file:/C:/Users/Kuba/.ivy2/cache/com.iheart/ficus_2.11/jars/ficus_2.11-1.2.6.jar, file:/C:/Users/Kuba/.ivy2/cache/org.typelevel/macro-compat_2.11/jars/macro-compat_2.11-1.1.1.jar, file:/C:/Users/Kuba/.ivy2/cache/com.typesafe.play/play-mailer_2.11/jars/play-mailer_2.11-5.0.0.jar, file:/C:/Users/Kuba/.ivy2/cache/org.apache.commons/commons-email/jars/commons-email-1.4.jar, file:/C:/Users/Kuba/.ivy2/cache/com.sun.mail/javax.mail/jars/javax.mail-1.5.2.jar, file:/C:/Users/Kuba/.ivy2/cache/javax.activation/activation/jars/activation-1.1.1.jar, file:/C:/Users/Kuba/.ivy2/cache/com.enragedginger/akka-quartz-scheduler_2.11/jars/akka-quartz-scheduler_2.11-1.5.0-akka-2.4.x.jar, file:/C:/Users/Kuba/.ivy2/cache/org.quartz-scheduler/quartz/jars/quartz-2.2.2.jar, file:/C:/Users/Kuba/.ivy2/cache/c3p0/c3p0/jars/c3p0-0.9.1.1.jar, file:/C:/Users/Kuba/.ivy2/cache/com.adrianhurt/play-bootstrap_2.11/jars/play-bootstrap_2.11-1.0-P25-B3.jar, file:/C:/Users/Kuba/.ivy2/cache/com.typesafe.play/filters-helpers_2.11/jars/filters-helpers_2.11-2.5.4.jar, file:/C:/Users/Kuba/.ivy2/cache/com.typesafe.play/play-java_2.11/jars/play-java_2.11-2.5.4.jar, file:/C:/Users/Kuba/Downloads/activator-dist-1.3.12/repository/org.yaml/snakeyaml/1.16/bundles/snakeyaml.jar, file:/C:/Users/Kuba/Downloads/activator-dist-1.3.12/repository/org.hibernate/hibernate-validator/5.2.4.Final/jars/hibernate-validator.jar, file:/C:/Users/Kuba/Downloads/activator-dist-1.3.12/repository/javax.validation/validation-api/1.1.0.Final/jars/validation-api.jar, file:/C:/Users/Kuba/Downloads/activator-dist-1.3.12/repository/org.jboss.logging/jboss-logging/3.2.1.Final/jars/jboss-logging.jar, file:/C:/Users/Kuba/Downloads/activator-dist-1.3.12/repository/com.fasterxml/classmate/1.1.0/bundles/classmate.jar, file:/C:/Users/Kuba/Downloads/activator-dist-1.3.12/repository/javax.el/javax.el-api/3.0.0/jars/javax.el-api.jar, file:/C:/Users/Kuba/.ivy2/cache/org.springframework/spring-context/jars/spring-context-4.2.4.RELEASE.jar, file:/C:/Users/Kuba/.ivy2/cache/org.springframework/spring-core/jars/spring-core-4.2.4.RELEASE.jar, file:/C:/Users/Kuba/.ivy2/cache/org.springframework/spring-beans/jars/spring-beans-4.2.4.RELEASE.jar, file:/C:/Users/Kuba/Downloads/activator-dist-1.3.12/repository/org.reflections/reflections/0.9.10/jars/reflections.jar, file:/C:/Users/Kuba/Downloads/activator-dist-1.3.12/repository/net.jodah/typetools/0.4.4/bundles/typetools.jar, file:/C:/Users/Kuba/.ivy2/cache/com.google.code.findbugs/jsr305/jars/jsr305-3.0.1.jar, file:/C:/Users/Kuba/Downloads/activator-dist-1.3.12/repository/org.apache.tomcat/tomcat-servlet-api/8.0.33/jars/tomcat-servlet-api.jar, file:/C:/Users/Kuba/.ivy2/cache/com.adrianhurt/play-bootstrap-core_2.11/jars/play-bootstrap-core_2.11-1.0-P25.jar, file:/C:/Users/Kuba/.ivy2/cache/org.webjars/bootstrap/jars/bootstrap-3.3.6.jar, file:/C:/Users/Kuba/.ivy2/cache/org.webjars/jquery/jars/jquery-2.1.4.jar}
16:45:22.925 [ForkJoinPool-8-worker-1] DEBUG c.google.inject.internal.BytecodeGen - Loading class play.api.http.JavaCompatibleHttpRequestHandler FastClass with PlayDependencyClassLoader{file:/C:/Users/Kuba/IdeaProjects/play-silhouette-seed-master/lib/connect-four.jar, file:/C:/Users/Kuba/IdeaProjects/play-silhouette-seed-master/lib/sudoku.jar, file:/C:/Users/Kuba/.ivy2/cache/org.scala-lang/scala-library/jars/scala-library-2.11.8.jar, file:/C:/Users/Kuba/Downloads/activator-dist-1.3.12/repository/com.typesafe.play/twirl-api_2.11/1.1.1/jars/twirl-api_2.11.jar, file:/C:/Users/Kuba/.ivy2/cache/org.apache.commons/commons-lang3/jars/commons-lang3-3.4.jar, file:/C:/Users/Kuba/.ivy2/cache/org.scala-lang.modules/scala-xml_2.11/bundles/scala-xml_2.11-1.0.1.jar, file:/C:/Users/Kuba/.ivy2/cache/com.typesafe.play/play-server_2.11/jars/play-server_2.11-2.5.4.jar, file:/C:/Users/Kuba/.ivy2/cache/com.typesafe.play/play_2.11/jars/play_2.11-2.5.4.jar, file:/C:/Users/Kuba/.ivy2/cache/com.typesafe.play/build-link/jars/build-link-2.5.4.jar, file:/C:/Users/Kuba/.ivy2/cache/com.typesafe.play/play-exceptions/jars/play-exceptions-2.5.4.jar, file:/C:/Users/Kuba/.ivy2/cache/com.typesafe.play/play-iteratees_2.11/jars/play-iteratees_2.11-2.5.4.jar, file:/C:/Users/Kuba/.ivy2/cache/org.scala-stm/scala-stm_2.11/jars/scala-stm_2.11-0.7.jar, file:/C:/Users/Kuba/Downloads/activator-dist-1.3.12/repository/com.typesafe/config/1.3.0/bundles/config.jar, file:/C:/Users/Kuba/.ivy2/cache/ch.qos.logback/logback-classic/jars/logback-classic-1.1.7.jar, file:/C:/Users/Kuba/.ivy2/cache/ch.qos.logback/logback-core/jars/logback-core-1.1.7.jar, file:/C:/Users/Kuba/.ivy2/cache/com.typesafe.play/play-json_2.11/jars/play-json_2.11-2.5.4.jar, file:/C:/Users/Kuba/.ivy2/cache/com.typesafe.play/play-functional_2.11/jars/play-functional_2.11-2.5.4.jar, file:/C:/Users/Kuba/.ivy2/cache/com.typesafe.play/play-datacommons_2.11/jars/play-datacommons_2.11-2.5.4.jar, file:/C:/Users/Kuba/Downloads/activator-dist-1.3.12/repository/joda-time/joda-time/2.9.2/jars/joda-time.jar, file:/C:/Users/Kuba/Downloads/activator-dist-1.3.12/repository/org.joda/joda-convert/1.8.1/jars/joda-convert.jar, file:/C:/Users/Kuba/Downloads/activator-dist-1.3.12/repository/org.scala-lang/scala-reflect/2.11.7/jars/scala-reflect.jar, file:/C:/Users/Kuba/Downloads/activator-dist-1.3.12/repository/com.fasterxml.jackson.core/jackson-core/2.7.1/bundles/jackson-core.jar, file:/C:/Users/Kuba/Downloads/activator-dist-1.3.12/repository/com.fasterxml.jackson.core/jackson-annotations/2.7.1/bundles/jackson-annotations.jar, file:/C:/Users/Kuba/Downloads/activator-dist-1.3.12/repository/com.fasterxml.jackson.core/jackson-databind/2.7.1/bundles/jackson-databind.jar, file:/C:/Users/Kuba/Downloads/activator-dist-1.3.12/repository/com.fasterxml.jackson.datatype/jackson-datatype-jdk8/2.7.1/bundles/jackson-datatype-jdk8.jar, file:/C:/Users/Kuba/Downloads/activator-dist-1.3.12/repository/com.fasterxml.jackson.datatype/jackson-datatype-jsr310/2.7.1/bundles/jackson-datatype-jsr310.jar, file:/C:/Users/Kuba/.ivy2/cache/com.typesafe.play/play-netty-utils/jars/play-netty-utils-2.5.4.jar, file:/C:/Users/Kuba/.ivy2/cache/org.slf4j/jul-to-slf4j/jars/jul-to-slf4j-1.7.19.jar, file:/C:/Users/Kuba/.ivy2/cache/org.slf4j/jcl-over-slf4j/jars/jcl-over-slf4j-1.7.19.jar, file:/C:/Users/Kuba/.ivy2/cache/com.typesafe.play/play-streams_2.11/jars/play-streams_2.11-2.5.4.jar, file:/C:/Users/Kuba/.ivy2/cache/org.reactivestreams/reactive-streams/jars/reactive-streams-1.0.0.jar, file:/C:/Users/Kuba/.ivy2/cache/com.typesafe.akka/akka-stream_2.11/jars/akka-stream_2.11-2.4.4.jar, file:/C:/Users/Kuba/.ivy2/cache/com.typesafe.akka/akka-actor_2.11/jars/akka-actor_2.11-2.4.4.jar, file:/C:/Users/Kuba/Downloads/activator-dist-1.3.12/repository/org.scala-lang.modules/scala-java8-compat_2.11/0.7.0/bundles/scala-java8-compat_2.11.jar, file:/C:/Users/Kuba/Downloads/activator-dist-1.3.12/repository/com.typesafe/ssl-config-akka_2.11/0.2.1/bundles/ssl-config-akka_2.11.jar, file:/C:/Users/Kuba/.ivy2/cache/com.typesafe/ssl-config-core_2.11/bundles/ssl-config-core_2.11-0.2.1.jar, file:/C:/Users/Kuba/.ivy2/cache/org.scala-lang.modules/scala-parser-combinators_2.11/bundles/scala-parser-combinators_2.11-1.0.4.jar, file:/C:/Users/Kuba/.ivy2/cache/com.typesafe.akka/akka-slf4j_2.11/jars/akka-slf4j_2.11-2.4.4.jar, file:/C:/Users/Kuba/.ivy2/cache/commons-codec/commons-codec/jars/commons-codec-1.10.jar, file:/C:/Users/Kuba/.ivy2/cache/xerces/xercesImpl/jars/xercesImpl-2.11.0.jar, file:/C:/Users/Kuba/.ivy2/cache/xml-apis/xml-apis/jars/xml-apis-1.4.01.jar, file:/C:/Users/Kuba/.ivy2/cache/javax.transaction/jta/jars/jta-1.1.jar, file:/C:/Users/Kuba/Downloads/activator-dist-1.3.12/repository/com.google.inject/guice/4.0/jars/guice.jar, file:/C:/Users/Kuba/.ivy2/cache/javax.inject/javax.inject/jars/javax.inject-1.jar, file:/C:/Users/Kuba/.ivy2/cache/aopalliance/aopalliance/jars/aopalliance-1.0.jar, file:/C:/Users/Kuba/Downloads/activator-dist-1.3.12/repository/com.google.inject.extensions/guice-assistedinject/4.0/jars/guice-assistedinject.jar, file:/C:/Users/Kuba/.ivy2/cache/com.typesafe.play/play-netty-server_2.11/jars/play-netty-server_2.11-2.5.4.jar, file:/C:/Users/Kuba/.ivy2/cache/com.typesafe.netty/netty-reactive-streams-http/jars/netty-reactive-streams-http-1.0.6.jar, file:/C:/Users/Kuba/.ivy2/cache/com.typesafe.netty/netty-reactive-streams/jars/netty-reactive-streams-1.0.6.jar, file:/C:/Users/Kuba/.ivy2/cache/io.netty/netty-handler/jars/netty-handler-4.0.36.Final.jar, file:/C:/Users/Kuba/.ivy2/cache/io.netty/netty-buffer/jars/netty-buffer-4.0.36.Final.jar, file:/C:/Users/Kuba/.ivy2/cache/io.netty/netty-common/jars/netty-common-4.0.36.Final.jar, file:/C:/Users/Kuba/.ivy2/cache/io.netty/netty-transport/jars/netty-transport-4.0.36.Final.jar, file:/C:/Users/Kuba/.ivy2/cache/io.netty/netty-codec/jars/netty-codec-4.0.36.Final.jar, file:/C:/Users/Kuba/.ivy2/cache/io.netty/netty-codec-http/jars/netty-codec-http-4.0.36.Final.jar, file:/C:/Users/Kuba/.ivy2/cache/io.netty/netty-transport-native-epoll/jars/netty-transport-native-epoll-4.0.36.Final-linux-x86_64.jar, file:/C:/Users/Kuba/.ivy2/cache/com.typesafe.play/play-logback_2.11/jars/play-logback_2.11-2.5.4.jar, file:/C:/Users/Kuba/.ivy2/cache/org.scala-lang/scala-swing/jars/scala-swing-2.11.0-M7.jar, file:/C:/Users/Kuba/.ivy2/cache/com.mohiva/play-silhouette_2.11/jars/play-silhouette_2.11-4.0.0.jar, file:/C:/Users/Kuba/.ivy2/cache/com.typesafe.play/play-cache_2.11/jars/play-cache_2.11-2.5.4.jar, file:/C:/Users/Kuba/Downloads/activator-dist-1.3.12/repository/net.sf.ehcache/ehcache-core/2.6.11/jars/ehcache-core.jar, file:/C:/Users/Kuba/.ivy2/cache/com.typesafe.play/play-ws_2.11/jars/play-ws_2.11-2.5.4.jar, file:/C:/Users/Kuba/.ivy2/cache/com.google.guava/guava/bundles/guava-19.0.jar, file:/C:/Users/Kuba/.ivy2/cache/org.asynchttpclient/async-http-client/jars/async-http-client-2.0.2.jar, file:/C:/Users/Kuba/.ivy2/cache/org.asynchttpclient/netty-resolver-dns/jars/netty-resolver-dns-2.0.2.jar, file:/C:/Users/Kuba/.ivy2/cache/org.asynchttpclient/netty-resolver/jars/netty-resolver-2.0.2.jar, file:/C:/Users/Kuba/.ivy2/cache/org.slf4j/slf4j-api/jars/slf4j-api-1.7.21.jar, file:/C:/Users/Kuba/.ivy2/cache/org.asynchttpclient/netty-codec-dns/jars/netty-codec-dns-2.0.2.jar, file:/C:/Users/Kuba/.ivy2/cache/org.javassist/javassist/bundles/javassist-3.20.0-GA.jar, file:/C:/Users/Kuba/.ivy2/cache/oauth.signpost/signpost-core/jars/signpost-core-1.2.1.2.jar, file:/C:/Users/Kuba/.ivy2/cache/oauth.signpost/signpost-commonshttp4/jars/signpost-commonshttp4-1.2.1.2.jar, file:/C:/Users/Kuba/.ivy2/cache/org.apache.httpcomponents/httpcore/jars/httpcore-4.0.1.jar, file:/C:/Users/Kuba/.ivy2/cache/org.apache.httpcomponents/httpclient/jars/httpclient-4.0.1.jar, file:/C:/Users/Kuba/.ivy2/cache/commons-logging/commons-logging/jars/commons-logging-1.1.1.jar, file:/C:/Users/Kuba/.ivy2/cache/com.atlassian.jwt/jwt-core/jars/jwt-core-1.5.8.jar, file:/C:/Users/Kuba/.ivy2/cache/com.nimbusds/nimbus-jose-jwt/jars/nimbus-jose-jwt-2.16.jar, file:/C:/Users/Kuba/.ivy2/cache/net.jcip/jcip-annotations/jars/jcip-annotations-1.0.jar, file:/C:/Users/Kuba/.ivy2/cache/net.minidev/json-smart/jars/json-smart-1.1.1.jar, file:/C:/Users/Kuba/.ivy2/cache/javax.mail/mail/jars/mail-1.4.7.jar, file:/C:/Users/Kuba/.ivy2/cache/org.bouncycastle/bcprov-jdk15on/jars/bcprov-jdk15on-1.51.jar, file:/C:/Users/Kuba/.ivy2/cache/org.bouncycastle/bcpkix-jdk15on/jars/bcpkix-jdk15on-1.51.jar, file:/C:/Users/Kuba/.ivy2/cache/com.atlassian.jwt/jwt-api/jars/jwt-api-1.5.8.jar, file:/C:/Users/Kuba/.ivy2/cache/com.mohiva/play-silhouette-password-bcrypt_2.11/jars/play-silhouette-password-bcrypt_2.11-4.0.0.jar, file:/C:/Users/Kuba/.ivy2/cache/de.svenkubiak/jBCrypt/bundles/jBCrypt-0.4.1.jar, file:/C:/Users/Kuba/.ivy2/cache/com.mohiva/play-silhouette-persistence_2.11/jars/play-silhouette-persistence_2.11-4.0.0.jar, file:/C:/Users/Kuba/.ivy2/cache/com.mohiva/play-silhouette-crypto-jca_2.11/jars/play-silhouette-crypto-jca_2.11-4.0.0.jar, file:/C:/Users/Kuba/.ivy2/cache/org.webjars/webjars-play_2.11/jars/webjars-play_2.11-2.5.0-2.jar, file:/C:/Users/Kuba/.ivy2/cache/org.webjars/requirejs/jars/requirejs-2.1.20.jar, file:/C:/Users/Kuba/.ivy2/cache/org.webjars/webjars-locator/jars/webjars-locator-0.31.jar, file:/C:/Users/Kuba/.ivy2/cache/org.webjars/webjars-locator-core/jars/webjars-locator-core-0.30.jar, file:/C:/Users/Kuba/.ivy2/cache/org.apache.commons/commons-compress/jars/commons-compress-1.9.jar, file:/C:/Users/Kuba/.ivy2/cache/net.codingwell/scala-guice_2.11/jars/scala-guice_2.11-4.0.1.jar, file:/C:/Users/Kuba/.ivy2/cache/com.google.inject.extensions/guice-multibindings/jars/guice-multibindings-4.0.jar, file:/C:/Users/Kuba/.ivy2/cache/com.iheart/ficus_2.11/jars/ficus_2.11-1.2.6.jar, file:/C:/Users/Kuba/.ivy2/cache/org.typelevel/macro-compat_2.11/jars/macro-compat_2.11-1.1.1.jar, file:/C:/Users/Kuba/.ivy2/cache/com.typesafe.play/play-mailer_2.11/jars/play-mailer_2.11-5.0.0.jar, file:/C:/Users/Kuba/.ivy2/cache/org.apache.commons/commons-email/jars/commons-email-1.4.jar, file:/C:/Users/Kuba/.ivy2/cache/com.sun.mail/javax.mail/jars/javax.mail-1.5.2.jar, file:/C:/Users/Kuba/.ivy2/cache/javax.activation/activation/jars/activation-1.1.1.jar, file:/C:/Users/Kuba/.ivy2/cache/com.enragedginger/akka-quartz-scheduler_2.11/jars/akka-quartz-scheduler_2.11-1.5.0-akka-2.4.x.jar, file:/C:/Users/Kuba/.ivy2/cache/org.quartz-scheduler/quartz/jars/quartz-2.2.2.jar, file:/C:/Users/Kuba/.ivy2/cache/c3p0/c3p0/jars/c3p0-0.9.1.1.jar, file:/C:/Users/Kuba/.ivy2/cache/com.adrianhurt/play-bootstrap_2.11/jars/play-bootstrap_2.11-1.0-P25-B3.jar, file:/C:/Users/Kuba/.ivy2/cache/com.typesafe.play/filters-helpers_2.11/jars/filters-helpers_2.11-2.5.4.jar, file:/C:/Users/Kuba/.ivy2/cache/com.typesafe.play/play-java_2.11/jars/play-java_2.11-2.5.4.jar, file:/C:/Users/Kuba/Downloads/activator-dist-1.3.12/repository/org.yaml/snakeyaml/1.16/bundles/snakeyaml.jar, file:/C:/Users/Kuba/Downloads/activator-dist-1.3.12/repository/org.hibernate/hibernate-validator/5.2.4.Final/jars/hibernate-validator.jar, file:/C:/Users/Kuba/Downloads/activator-dist-1.3.12/repository/javax.validation/validation-api/1.1.0.Final/jars/validation-api.jar, file:/C:/Users/Kuba/Downloads/activator-dist-1.3.12/repository/org.jboss.logging/jboss-logging/3.2.1.Final/jars/jboss-logging.jar, file:/C:/Users/Kuba/Downloads/activator-dist-1.3.12/repository/com.fasterxml/classmate/1.1.0/bundles/classmate.jar, file:/C:/Users/Kuba/Downloads/activator-dist-1.3.12/repository/javax.el/javax.el-api/3.0.0/jars/javax.el-api.jar, file:/C:/Users/Kuba/.ivy2/cache/org.springframework/spring-context/jars/spring-context-4.2.4.RELEASE.jar, file:/C:/Users/Kuba/.ivy2/cache/org.springframework/spring-core/jars/spring-core-4.2.4.RELEASE.jar, file:/C:/Users/Kuba/.ivy2/cache/org.springframework/spring-beans/jars/spring-beans-4.2.4.RELEASE.jar, file:/C:/Users/Kuba/Downloads/activator-dist-1.3.12/repository/org.reflections/reflections/0.9.10/jars/reflections.jar, file:/C:/Users/Kuba/Downloads/activator-dist-1.3.12/repository/net.jodah/typetools/0.4.4/bundles/typetools.jar, file:/C:/Users/Kuba/.ivy2/cache/com.google.code.findbugs/jsr305/jars/jsr305-3.0.1.jar, file:/C:/Users/Kuba/Downloads/activator-dist-1.3.12/repository/org.apache.tomcat/tomcat-servlet-api/8.0.33/jars/tomcat-servlet-api.jar, file:/C:/Users/Kuba/.ivy2/cache/com.adrianhurt/play-bootstrap-core_2.11/jars/play-bootstrap-core_2.11-1.0-P25.jar, file:/C:/Users/Kuba/.ivy2/cache/org.webjars/bootstrap/jars/bootstrap-3.3.6.jar, file:/C:/Users/Kuba/.ivy2/cache/org.webjars/jquery/jars/jquery-2.1.4.jar}
16:45:22.928 [ForkJoinPool-8-worker-1] DEBUG c.google.inject.internal.BytecodeGen - Loading class play.http.DefaultHttpRequestHandler FastClass with PlayDependencyClassLoader{file:/C:/Users/Kuba/IdeaProjects/play-silhouette-seed-master/lib/connect-four.jar, file:/C:/Users/Kuba/IdeaProjects/play-silhouette-seed-master/lib/sudoku.jar, file:/C:/Users/Kuba/.ivy2/cache/org.scala-lang/scala-library/jars/scala-library-2.11.8.jar, file:/C:/Users/Kuba/Downloads/activator-dist-1.3.12/repository/com.typesafe.play/twirl-api_2.11/1.1.1/jars/twirl-api_2.11.jar, file:/C:/Users/Kuba/.ivy2/cache/org.apache.commons/commons-lang3/jars/commons-lang3-3.4.jar, file:/C:/Users/Kuba/.ivy2/cache/org.scala-lang.modules/scala-xml_2.11/bundles/scala-xml_2.11-1.0.1.jar, file:/C:/Users/Kuba/.ivy2/cache/com.typesafe.play/play-server_2.11/jars/play-server_2.11-2.5.4.jar, file:/C:/Users/Kuba/.ivy2/cache/com.typesafe.play/play_2.11/jars/play_2.11-2.5.4.jar, file:/C:/Users/Kuba/.ivy2/cache/com.typesafe.play/build-link/jars/build-link-2.5.4.jar, file:/C:/Users/Kuba/.ivy2/cache/com.typesafe.play/play-exceptions/jars/play-exceptions-2.5.4.jar, file:/C:/Users/Kuba/.ivy2/cache/com.typesafe.play/play-iteratees_2.11/jars/play-iteratees_2.11-2.5.4.jar, file:/C:/Users/Kuba/.ivy2/cache/org.scala-stm/scala-stm_2.11/jars/scala-stm_2.11-0.7.jar, file:/C:/Users/Kuba/Downloads/activator-dist-1.3.12/repository/com.typesafe/config/1.3.0/bundles/config.jar, file:/C:/Users/Kuba/.ivy2/cache/ch.qos.logback/logback-classic/jars/logback-classic-1.1.7.jar, file:/C:/Users/Kuba/.ivy2/cache/ch.qos.logback/logback-core/jars/logback-core-1.1.7.jar, file:/C:/Users/Kuba/.ivy2/cache/com.typesafe.play/play-json_2.11/jars/play-json_2.11-2.5.4.jar, file:/C:/Users/Kuba/.ivy2/cache/com.typesafe.play/play-functional_2.11/jars/play-functional_2.11-2.5.4.jar, file:/C:/Users/Kuba/.ivy2/cache/com.typesafe.play/play-datacommons_2.11/jars/play-datacommons_2.11-2.5.4.jar, file:/C:/Users/Kuba/Downloads/activator-dist-1.3.12/repository/joda-time/joda-time/2.9.2/jars/joda-time.jar, file:/C:/Users/Kuba/Downloads/activator-dist-1.3.12/repository/org.joda/joda-convert/1.8.1/jars/joda-convert.jar, file:/C:/Users/Kuba/Downloads/activator-dist-1.3.12/repository/org.scala-lang/scala-reflect/2.11.7/jars/scala-reflect.jar, file:/C:/Users/Kuba/Downloads/activator-dist-1.3.12/repository/com.fasterxml.jackson.core/jackson-core/2.7.1/bundles/jackson-core.jar, file:/C:/Users/Kuba/Downloads/activator-dist-1.3.12/repository/com.fasterxml.jackson.core/jackson-annotations/2.7.1/bundles/jackson-annotations.jar, file:/C:/Users/Kuba/Downloads/activator-dist-1.3.12/repository/com.fasterxml.jackson.core/jackson-databind/2.7.1/bundles/jackson-databind.jar, file:/C:/Users/Kuba/Downloads/activator-dist-1.3.12/repository/com.fasterxml.jackson.datatype/jackson-datatype-jdk8/2.7.1/bundles/jackson-datatype-jdk8.jar, file:/C:/Users/Kuba/Downloads/activator-dist-1.3.12/repository/com.fasterxml.jackson.datatype/jackson-datatype-jsr310/2.7.1/bundles/jackson-datatype-jsr310.jar, file:/C:/Users/Kuba/.ivy2/cache/com.typesafe.play/play-netty-utils/jars/play-netty-utils-2.5.4.jar, file:/C:/Users/Kuba/.ivy2/cache/org.slf4j/jul-to-slf4j/jars/jul-to-slf4j-1.7.19.jar, file:/C:/Users/Kuba/.ivy2/cache/org.slf4j/jcl-over-slf4j/jars/jcl-over-slf4j-1.7.19.jar, file:/C:/Users/Kuba/.ivy2/cache/com.typesafe.play/play-streams_2.11/jars/play-streams_2.11-2.5.4.jar, file:/C:/Users/Kuba/.ivy2/cache/org.reactivestreams/reactive-streams/jars/reactive-streams-1.0.0.jar, file:/C:/Users/Kuba/.ivy2/cache/com.typesafe.akka/akka-stream_2.11/jars/akka-stream_2.11-2.4.4.jar, file:/C:/Users/Kuba/.ivy2/cache/com.typesafe.akka/akka-actor_2.11/jars/akka-actor_2.11-2.4.4.jar, file:/C:/Users/Kuba/Downloads/activator-dist-1.3.12/repository/org.scala-lang.modules/scala-java8-compat_2.11/0.7.0/bundles/scala-java8-compat_2.11.jar, file:/C:/Users/Kuba/Downloads/activator-dist-1.3.12/repository/com.typesafe/ssl-config-akka_2.11/0.2.1/bundles/ssl-config-akka_2.11.jar, file:/C:/Users/Kuba/.ivy2/cache/com.typesafe/ssl-config-core_2.11/bundles/ssl-config-core_2.11-0.2.1.jar, file:/C:/Users/Kuba/.ivy2/cache/org.scala-lang.modules/scala-parser-combinators_2.11/bundles/scala-parser-combinators_2.11-1.0.4.jar, file:/C:/Users/Kuba/.ivy2/cache/com.typesafe.akka/akka-slf4j_2.11/jars/akka-slf4j_2.11-2.4.4.jar, file:/C:/Users/Kuba/.ivy2/cache/commons-codec/commons-codec/jars/commons-codec-1.10.jar, file:/C:/Users/Kuba/.ivy2/cache/xerces/xercesImpl/jars/xercesImpl-2.11.0.jar, file:/C:/Users/Kuba/.ivy2/cache/xml-apis/xml-apis/jars/xml-apis-1.4.01.jar, file:/C:/Users/Kuba/.ivy2/cache/javax.transaction/jta/jars/jta-1.1.jar, file:/C:/Users/Kuba/Downloads/activator-dist-1.3.12/repository/com.google.inject/guice/4.0/jars/guice.jar, file:/C:/Users/Kuba/.ivy2/cache/javax.inject/javax.inject/jars/javax.inject-1.jar, file:/C:/Users/Kuba/.ivy2/cache/aopalliance/aopalliance/jars/aopalliance-1.0.jar, file:/C:/Users/Kuba/Downloads/activator-dist-1.3.12/repository/com.google.inject.extensions/guice-assistedinject/4.0/jars/guice-assistedinject.jar, file:/C:/Users/Kuba/.ivy2/cache/com.typesafe.play/play-netty-server_2.11/jars/play-netty-server_2.11-2.5.4.jar, file:/C:/Users/Kuba/.ivy2/cache/com.typesafe.netty/netty-reactive-streams-http/jars/netty-reactive-streams-http-1.0.6.jar, file:/C:/Users/Kuba/.ivy2/cache/com.typesafe.netty/netty-reactive-streams/jars/netty-reactive-streams-1.0.6.jar, file:/C:/Users/Kuba/.ivy2/cache/io.netty/netty-handler/jars/netty-handler-4.0.36.Final.jar, file:/C:/Users/Kuba/.ivy2/cache/io.netty/netty-buffer/jars/netty-buffer-4.0.36.Final.jar, file:/C:/Users/Kuba/.ivy2/cache/io.netty/netty-common/jars/netty-common-4.0.36.Final.jar, file:/C:/Users/Kuba/.ivy2/cache/io.netty/netty-transport/jars/netty-transport-4.0.36.Final.jar, file:/C:/Users/Kuba/.ivy2/cache/io.netty/netty-codec/jars/netty-codec-4.0.36.Final.jar, file:/C:/Users/Kuba/.ivy2/cache/io.netty/netty-codec-http/jars/netty-codec-http-4.0.36.Final.jar, file:/C:/Users/Kuba/.ivy2/cache/io.netty/netty-transport-native-epoll/jars/netty-transport-native-epoll-4.0.36.Final-linux-x86_64.jar, file:/C:/Users/Kuba/.ivy2/cache/com.typesafe.play/play-logback_2.11/jars/play-logback_2.11-2.5.4.jar, file:/C:/Users/Kuba/.ivy2/cache/org.scala-lang/scala-swing/jars/scala-swing-2.11.0-M7.jar, file:/C:/Users/Kuba/.ivy2/cache/com.mohiva/play-silhouette_2.11/jars/play-silhouette_2.11-4.0.0.jar, file:/C:/Users/Kuba/.ivy2/cache/com.typesafe.play/play-cache_2.11/jars/play-cache_2.11-2.5.4.jar, file:/C:/Users/Kuba/Downloads/activator-dist-1.3.12/repository/net.sf.ehcache/ehcache-core/2.6.11/jars/ehcache-core.jar, file:/C:/Users/Kuba/.ivy2/cache/com.typesafe.play/play-ws_2.11/jars/play-ws_2.11-2.5.4.jar, file:/C:/Users/Kuba/.ivy2/cache/com.google.guava/guava/bundles/guava-19.0.jar, file:/C:/Users/Kuba/.ivy2/cache/org.asynchttpclient/async-http-client/jars/async-http-client-2.0.2.jar, file:/C:/Users/Kuba/.ivy2/cache/org.asynchttpclient/netty-resolver-dns/jars/netty-resolver-dns-2.0.2.jar, file:/C:/Users/Kuba/.ivy2/cache/org.asynchttpclient/netty-resolver/jars/netty-resolver-2.0.2.jar, file:/C:/Users/Kuba/.ivy2/cache/org.slf4j/slf4j-api/jars/slf4j-api-1.7.21.jar, file:/C:/Users/Kuba/.ivy2/cache/org.asynchttpclient/netty-codec-dns/jars/netty-codec-dns-2.0.2.jar, file:/C:/Users/Kuba/.ivy2/cache/org.javassist/javassist/bundles/javassist-3.20.0-GA.jar, file:/C:/Users/Kuba/.ivy2/cache/oauth.signpost/signpost-core/jars/signpost-core-1.2.1.2.jar, file:/C:/Users/Kuba/.ivy2/cache/oauth.signpost/signpost-commonshttp4/jars/signpost-commonshttp4-1.2.1.2.jar, file:/C:/Users/Kuba/.ivy2/cache/org.apache.httpcomponents/httpcore/jars/httpcore-4.0.1.jar, file:/C:/Users/Kuba/.ivy2/cache/org.apache.httpcomponents/httpclient/jars/httpclient-4.0.1.jar, file:/C:/Users/Kuba/.ivy2/cache/commons-logging/commons-logging/jars/commons-logging-1.1.1.jar, file:/C:/Users/Kuba/.ivy2/cache/com.atlassian.jwt/jwt-core/jars/jwt-core-1.5.8.jar, file:/C:/Users/Kuba/.ivy2/cache/com.nimbusds/nimbus-jose-jwt/jars/nimbus-jose-jwt-2.16.jar, file:/C:/Users/Kuba/.ivy2/cache/net.jcip/jcip-annotations/jars/jcip-annotations-1.0.jar, file:/C:/Users/Kuba/.ivy2/cache/net.minidev/json-smart/jars/json-smart-1.1.1.jar, file:/C:/Users/Kuba/.ivy2/cache/javax.mail/mail/jars/mail-1.4.7.jar, file:/C:/Users/Kuba/.ivy2/cache/org.bouncycastle/bcprov-jdk15on/jars/bcprov-jdk15on-1.51.jar, file:/C:/Users/Kuba/.ivy2/cache/org.bouncycastle/bcpkix-jdk15on/jars/bcpkix-jdk15on-1.51.jar, file:/C:/Users/Kuba/.ivy2/cache/com.atlassian.jwt/jwt-api/jars/jwt-api-1.5.8.jar, file:/C:/Users/Kuba/.ivy2/cache/com.mohiva/play-silhouette-password-bcrypt_2.11/jars/play-silhouette-password-bcrypt_2.11-4.0.0.jar, file:/C:/Users/Kuba/.ivy2/cache/de.svenkubiak/jBCrypt/bundles/jBCrypt-0.4.1.jar, file:/C:/Users/Kuba/.ivy2/cache/com.mohiva/play-silhouette-persistence_2.11/jars/play-silhouette-persistence_2.11-4.0.0.jar, file:/C:/Users/Kuba/.ivy2/cache/com.mohiva/play-silhouette-crypto-jca_2.11/jars/play-silhouette-crypto-jca_2.11-4.0.0.jar, file:/C:/Users/Kuba/.ivy2/cache/org.webjars/webjars-play_2.11/jars/webjars-play_2.11-2.5.0-2.jar, file:/C:/Users/Kuba/.ivy2/cache/org.webjars/requirejs/jars/requirejs-2.1.20.jar, file:/C:/Users/Kuba/.ivy2/cache/org.webjars/webjars-locator/jars/webjars-locator-0.31.jar, file:/C:/Users/Kuba/.ivy2/cache/org.webjars/webjars-locator-core/jars/webjars-locator-core-0.30.jar, file:/C:/Users/Kuba/.ivy2/cache/org.apache.commons/commons-compress/jars/commons-compress-1.9.jar, file:/C:/Users/Kuba/.ivy2/cache/net.codingwell/scala-guice_2.11/jars/scala-guice_2.11-4.0.1.jar, file:/C:/Users/Kuba/.ivy2/cache/com.google.inject.extensions/guice-multibindings/jars/guice-multibindings-4.0.jar, file:/C:/Users/Kuba/.ivy2/cache/com.iheart/ficus_2.11/jars/ficus_2.11-1.2.6.jar, file:/C:/Users/Kuba/.ivy2/cache/org.typelevel/macro-compat_2.11/jars/macro-compat_2.11-1.1.1.jar, file:/C:/Users/Kuba/.ivy2/cache/com.typesafe.play/play-mailer_2.11/jars/play-mailer_2.11-5.0.0.jar, file:/C:/Users/Kuba/.ivy2/cache/org.apache.commons/commons-email/jars/commons-email-1.4.jar, file:/C:/Users/Kuba/.ivy2/cache/com.sun.mail/javax.mail/jars/javax.mail-1.5.2.jar, file:/C:/Users/Kuba/.ivy2/cache/javax.activation/activation/jars/activation-1.1.1.jar, file:/C:/Users/Kuba/.ivy2/cache/com.enragedginger/akka-quartz-scheduler_2.11/jars/akka-quartz-scheduler_2.11-1.5.0-akka-2.4.x.jar, file:/C:/Users/Kuba/.ivy2/cache/org.quartz-scheduler/quartz/jars/quartz-2.2.2.jar, file:/C:/Users/Kuba/.ivy2/cache/c3p0/c3p0/jars/c3p0-0.9.1.1.jar, file:/C:/Users/Kuba/.ivy2/cache/com.adrianhurt/play-bootstrap_2.11/jars/play-bootstrap_2.11-1.0-P25-B3.jar, file:/C:/Users/Kuba/.ivy2/cache/com.typesafe.play/filters-helpers_2.11/jars/filters-helpers_2.11-2.5.4.jar, file:/C:/Users/Kuba/.ivy2/cache/com.typesafe.play/play-java_2.11/jars/play-java_2.11-2.5.4.jar, file:/C:/Users/Kuba/Downloads/activator-dist-1.3.12/repository/org.yaml/snakeyaml/1.16/bundles/snakeyaml.jar, file:/C:/Users/Kuba/Downloads/activator-dist-1.3.12/repository/org.hibernate/hibernate-validator/5.2.4.Final/jars/hibernate-validator.jar, file:/C:/Users/Kuba/Downloads/activator-dist-1.3.12/repository/javax.validation/validation-api/1.1.0.Final/jars/validation-api.jar, file:/C:/Users/Kuba/Downloads/activator-dist-1.3.12/repository/org.jboss.logging/jboss-logging/3.2.1.Final/jars/jboss-logging.jar, file:/C:/Users/Kuba/Downloads/activator-dist-1.3.12/repository/com.fasterxml/classmate/1.1.0/bundles/classmate.jar, file:/C:/Users/Kuba/Downloads/activator-dist-1.3.12/repository/javax.el/javax.el-api/3.0.0/jars/javax.el-api.jar, file:/C:/Users/Kuba/.ivy2/cache/org.springframework/spring-context/jars/spring-context-4.2.4.RELEASE.jar, file:/C:/Users/Kuba/.ivy2/cache/org.springframework/spring-core/jars/spring-core-4.2.4.RELEASE.jar, file:/C:/Users/Kuba/.ivy2/cache/org.springframework/spring-beans/jars/spring-beans-4.2.4.RELEASE.jar, file:/C:/Users/Kuba/Downloads/activator-dist-1.3.12/repository/org.reflections/reflections/0.9.10/jars/reflections.jar, file:/C:/Users/Kuba/Downloads/activator-dist-1.3.12/repository/net.jodah/typetools/0.4.4/bundles/typetools.jar, file:/C:/Users/Kuba/.ivy2/cache/com.google.code.findbugs/jsr305/jars/jsr305-3.0.1.jar, file:/C:/Users/Kuba/Downloads/activator-dist-1.3.12/repository/org.apache.tomcat/tomcat-servlet-api/8.0.33/jars/tomcat-servlet-api.jar, file:/C:/Users/Kuba/.ivy2/cache/com.adrianhurt/play-bootstrap-core_2.11/jars/play-bootstrap-core_2.11-1.0-P25.jar, file:/C:/Users/Kuba/.ivy2/cache/org.webjars/bootstrap/jars/bootstrap-3.3.6.jar, file:/C:/Users/Kuba/.ivy2/cache/org.webjars/jquery/jars/jquery-2.1.4.jar}
16:45:22.931 [ForkJoinPool-8-worker-1] DEBUG c.google.inject.internal.BytecodeGen - Loading class play.core.j.DefaultJavaHandlerComponents FastClass with PlayDependencyClassLoader{file:/C:/Users/Kuba/IdeaProjects/play-silhouette-seed-master/lib/connect-four.jar, file:/C:/Users/Kuba/IdeaProjects/play-silhouette-seed-master/lib/sudoku.jar, file:/C:/Users/Kuba/.ivy2/cache/org.scala-lang/scala-library/jars/scala-library-2.11.8.jar, file:/C:/Users/Kuba/Downloads/activator-dist-1.3.12/repository/com.typesafe.play/twirl-api_2.11/1.1.1/jars/twirl-api_2.11.jar, file:/C:/Users/Kuba/.ivy2/cache/org.apache.commons/commons-lang3/jars/commons-lang3-3.4.jar, file:/C:/Users/Kuba/.ivy2/cache/org.scala-lang.modules/scala-xml_2.11/bundles/scala-xml_2.11-1.0.1.jar, file:/C:/Users/Kuba/.ivy2/cache/com.typesafe.play/play-server_2.11/jars/play-server_2.11-2.5.4.jar, file:/C:/Users/Kuba/.ivy2/cache/com.typesafe.play/play_2.11/jars/play_2.11-2.5.4.jar, file:/C:/Users/Kuba/.ivy2/cache/com.typesafe.play/build-link/jars/build-link-2.5.4.jar, file:/C:/Users/Kuba/.ivy2/cache/com.typesafe.play/play-exceptions/jars/play-exceptions-2.5.4.jar, file:/C:/Users/Kuba/.ivy2/cache/com.typesafe.play/play-iteratees_2.11/jars/play-iteratees_2.11-2.5.4.jar, file:/C:/Users/Kuba/.ivy2/cache/org.scala-stm/scala-stm_2.11/jars/scala-stm_2.11-0.7.jar, file:/C:/Users/Kuba/Downloads/activator-dist-1.3.12/repository/com.typesafe/config/1.3.0/bundles/config.jar, file:/C:/Users/Kuba/.ivy2/cache/ch.qos.logback/logback-classic/jars/logback-classic-1.1.7.jar, file:/C:/Users/Kuba/.ivy2/cache/ch.qos.logback/logback-core/jars/logback-core-1.1.7.jar, file:/C:/Users/Kuba/.ivy2/cache/com.typesafe.play/play-json_2.11/jars/play-json_2.11-2.5.4.jar, file:/C:/Users/Kuba/.ivy2/cache/com.typesafe.play/play-functional_2.11/jars/play-functional_2.11-2.5.4.jar, file:/C:/Users/Kuba/.ivy2/cache/com.typesafe.play/play-datacommons_2.11/jars/play-datacommons_2.11-2.5.4.jar, file:/C:/Users/Kuba/Downloads/activator-dist-1.3.12/repository/joda-time/joda-time/2.9.2/jars/joda-time.jar, file:/C:/Users/Kuba/Downloads/activator-dist-1.3.12/repository/org.joda/joda-convert/1.8.1/jars/joda-convert.jar, file:/C:/Users/Kuba/Downloads/activator-dist-1.3.12/repository/org.scala-lang/scala-reflect/2.11.7/jars/scala-reflect.jar, file:/C:/Users/Kuba/Downloads/activator-dist-1.3.12/repository/com.fasterxml.jackson.core/jackson-core/2.7.1/bundles/jackson-core.jar, file:/C:/Users/Kuba/Downloads/activator-dist-1.3.12/repository/com.fasterxml.jackson.core/jackson-annotations/2.7.1/bundles/jackson-annotations.jar, file:/C:/Users/Kuba/Downloads/activator-dist-1.3.12/repository/com.fasterxml.jackson.core/jackson-databind/2.7.1/bundles/jackson-databind.jar, file:/C:/Users/Kuba/Downloads/activator-dist-1.3.12/repository/com.fasterxml.jackson.datatype/jackson-datatype-jdk8/2.7.1/bundles/jackson-datatype-jdk8.jar, file:/C:/Users/Kuba/Downloads/activator-dist-1.3.12/repository/com.fasterxml.jackson.datatype/jackson-datatype-jsr310/2.7.1/bundles/jackson-datatype-jsr310.jar, file:/C:/Users/Kuba/.ivy2/cache/com.typesafe.play/play-netty-utils/jars/play-netty-utils-2.5.4.jar, file:/C:/Users/Kuba/.ivy2/cache/org.slf4j/jul-to-slf4j/jars/jul-to-slf4j-1.7.19.jar, file:/C:/Users/Kuba/.ivy2/cache/org.slf4j/jcl-over-slf4j/jars/jcl-over-slf4j-1.7.19.jar, file:/C:/Users/Kuba/.ivy2/cache/com.typesafe.play/play-streams_2.11/jars/play-streams_2.11-2.5.4.jar, file:/C:/Users/Kuba/.ivy2/cache/org.reactivestreams/reactive-streams/jars/reactive-streams-1.0.0.jar, file:/C:/Users/Kuba/.ivy2/cache/com.typesafe.akka/akka-stream_2.11/jars/akka-stream_2.11-2.4.4.jar, file:/C:/Users/Kuba/.ivy2/cache/com.typesafe.akka/akka-actor_2.11/jars/akka-actor_2.11-2.4.4.jar, file:/C:/Users/Kuba/Downloads/activator-dist-1.3.12/repository/org.scala-lang.modules/scala-java8-compat_2.11/0.7.0/bundles/scala-java8-compat_2.11.jar, file:/C:/Users/Kuba/Downloads/activator-dist-1.3.12/repository/com.typesafe/ssl-config-akka_2.11/0.2.1/bundles/ssl-config-akka_2.11.jar, file:/C:/Users/Kuba/.ivy2/cache/com.typesafe/ssl-config-core_2.11/bundles/ssl-config-core_2.11-0.2.1.jar, file:/C:/Users/Kuba/.ivy2/cache/org.scala-lang.modules/scala-parser-combinators_2.11/bundles/scala-parser-combinators_2.11-1.0.4.jar, file:/C:/Users/Kuba/.ivy2/cache/com.typesafe.akka/akka-slf4j_2.11/jars/akka-slf4j_2.11-2.4.4.jar, file:/C:/Users/Kuba/.ivy2/cache/commons-codec/commons-codec/jars/commons-codec-1.10.jar, file:/C:/Users/Kuba/.ivy2/cache/xerces/xercesImpl/jars/xercesImpl-2.11.0.jar, file:/C:/Users/Kuba/.ivy2/cache/xml-apis/xml-apis/jars/xml-apis-1.4.01.jar, file:/C:/Users/Kuba/.ivy2/cache/javax.transaction/jta/jars/jta-1.1.jar, file:/C:/Users/Kuba/Downloads/activator-dist-1.3.12/repository/com.google.inject/guice/4.0/jars/guice.jar, file:/C:/Users/Kuba/.ivy2/cache/javax.inject/javax.inject/jars/javax.inject-1.jar, file:/C:/Users/Kuba/.ivy2/cache/aopalliance/aopalliance/jars/aopalliance-1.0.jar, file:/C:/Users/Kuba/Downloads/activator-dist-1.3.12/repository/com.google.inject.extensions/guice-assistedinject/4.0/jars/guice-assistedinject.jar, file:/C:/Users/Kuba/.ivy2/cache/com.typesafe.play/play-netty-server_2.11/jars/play-netty-server_2.11-2.5.4.jar, file:/C:/Users/Kuba/.ivy2/cache/com.typesafe.netty/netty-reactive-streams-http/jars/netty-reactive-streams-http-1.0.6.jar, file:/C:/Users/Kuba/.ivy2/cache/com.typesafe.netty/netty-reactive-streams/jars/netty-reactive-streams-1.0.6.jar, file:/C:/Users/Kuba/.ivy2/cache/io.netty/netty-handler/jars/netty-handler-4.0.36.Final.jar, file:/C:/Users/Kuba/.ivy2/cache/io.netty/netty-buffer/jars/netty-buffer-4.0.36.Final.jar, file:/C:/Users/Kuba/.ivy2/cache/io.netty/netty-common/jars/netty-common-4.0.36.Final.jar, file:/C:/Users/Kuba/.ivy2/cache/io.netty/netty-transport/jars/netty-transport-4.0.36.Final.jar, file:/C:/Users/Kuba/.ivy2/cache/io.netty/netty-codec/jars/netty-codec-4.0.36.Final.jar, file:/C:/Users/Kuba/.ivy2/cache/io.netty/netty-codec-http/jars/netty-codec-http-4.0.36.Final.jar, file:/C:/Users/Kuba/.ivy2/cache/io.netty/netty-transport-native-epoll/jars/netty-transport-native-epoll-4.0.36.Final-linux-x86_64.jar, file:/C:/Users/Kuba/.ivy2/cache/com.typesafe.play/play-logback_2.11/jars/play-logback_2.11-2.5.4.jar, file:/C:/Users/Kuba/.ivy2/cache/org.scala-lang/scala-swing/jars/scala-swing-2.11.0-M7.jar, file:/C:/Users/Kuba/.ivy2/cache/com.mohiva/play-silhouette_2.11/jars/play-silhouette_2.11-4.0.0.jar, file:/C:/Users/Kuba/.ivy2/cache/com.typesafe.play/play-cache_2.11/jars/play-cache_2.11-2.5.4.jar, file:/C:/Users/Kuba/Downloads/activator-dist-1.3.12/repository/net.sf.ehcache/ehcache-core/2.6.11/jars/ehcache-core.jar, file:/C:/Users/Kuba/.ivy2/cache/com.typesafe.play/play-ws_2.11/jars/play-ws_2.11-2.5.4.jar, file:/C:/Users/Kuba/.ivy2/cache/com.google.guava/guava/bundles/guava-19.0.jar, file:/C:/Users/Kuba/.ivy2/cache/org.asynchttpclient/async-http-client/jars/async-http-client-2.0.2.jar, file:/C:/Users/Kuba/.ivy2/cache/org.asynchttpclient/netty-resolver-dns/jars/netty-resolver-dns-2.0.2.jar, file:/C:/Users/Kuba/.ivy2/cache/org.asynchttpclient/netty-resolver/jars/netty-resolver-2.0.2.jar, file:/C:/Users/Kuba/.ivy2/cache/org.slf4j/slf4j-api/jars/slf4j-api-1.7.21.jar, file:/C:/Users/Kuba/.ivy2/cache/org.asynchttpclient/netty-codec-dns/jars/netty-codec-dns-2.0.2.jar, file:/C:/Users/Kuba/.ivy2/cache/org.javassist/javassist/bundles/javassist-3.20.0-GA.jar, file:/C:/Users/Kuba/.ivy2/cache/oauth.signpost/signpost-core/jars/signpost-core-1.2.1.2.jar, file:/C:/Users/Kuba/.ivy2/cache/oauth.signpost/signpost-commonshttp4/jars/signpost-commonshttp4-1.2.1.2.jar, file:/C:/Users/Kuba/.ivy2/cache/org.apache.httpcomponents/httpcore/jars/httpcore-4.0.1.jar, file:/C:/Users/Kuba/.ivy2/cache/org.apache.httpcomponents/httpclient/jars/httpclient-4.0.1.jar, file:/C:/Users/Kuba/.ivy2/cache/commons-logging/commons-logging/jars/commons-logging-1.1.1.jar, file:/C:/Users/Kuba/.ivy2/cache/com.atlassian.jwt/jwt-core/jars/jwt-core-1.5.8.jar, file:/C:/Users/Kuba/.ivy2/cache/com.nimbusds/nimbus-jose-jwt/jars/nimbus-jose-jwt-2.16.jar, file:/C:/Users/Kuba/.ivy2/cache/net.jcip/jcip-annotations/jars/jcip-annotations-1.0.jar, file:/C:/Users/Kuba/.ivy2/cache/net.minidev/json-smart/jars/json-smart-1.1.1.jar, file:/C:/Users/Kuba/.ivy2/cache/javax.mail/mail/jars/mail-1.4.7.jar, file:/C:/Users/Kuba/.ivy2/cache/org.bouncycastle/bcprov-jdk15on/jars/bcprov-jdk15on-1.51.jar, file:/C:/Users/Kuba/.ivy2/cache/org.bouncycastle/bcpkix-jdk15on/jars/bcpkix-jdk15on-1.51.jar, file:/C:/Users/Kuba/.ivy2/cache/com.atlassian.jwt/jwt-api/jars/jwt-api-1.5.8.jar, file:/C:/Users/Kuba/.ivy2/cache/com.mohiva/play-silhouette-password-bcrypt_2.11/jars/play-silhouette-password-bcrypt_2.11-4.0.0.jar, file:/C:/Users/Kuba/.ivy2/cache/de.svenkubiak/jBCrypt/bundles/jBCrypt-0.4.1.jar, file:/C:/Users/Kuba/.ivy2/cache/com.mohiva/play-silhouette-persistence_2.11/jars/play-silhouette-persistence_2.11-4.0.0.jar, file:/C:/Users/Kuba/.ivy2/cache/com.mohiva/play-silhouette-crypto-jca_2.11/jars/play-silhouette-crypto-jca_2.11-4.0.0.jar, file:/C:/Users/Kuba/.ivy2/cache/org.webjars/webjars-play_2.11/jars/webjars-play_2.11-2.5.0-2.jar, file:/C:/Users/Kuba/.ivy2/cache/org.webjars/requirejs/jars/requirejs-2.1.20.jar, file:/C:/Users/Kuba/.ivy2/cache/org.webjars/webjars-locator/jars/webjars-locator-0.31.jar, file:/C:/Users/Kuba/.ivy2/cache/org.webjars/webjars-locator-core/jars/webjars-locator-core-0.30.jar, file:/C:/Users/Kuba/.ivy2/cache/org.apache.commons/commons-compress/jars/commons-compress-1.9.jar, file:/C:/Users/Kuba/.ivy2/cache/net.codingwell/scala-guice_2.11/jars/scala-guice_2.11-4.0.1.jar, file:/C:/Users/Kuba/.ivy2/cache/com.google.inject.extensions/guice-multibindings/jars/guice-multibindings-4.0.jar, file:/C:/Users/Kuba/.ivy2/cache/com.iheart/ficus_2.11/jars/ficus_2.11-1.2.6.jar, file:/C:/Users/Kuba/.ivy2/cache/org.typelevel/macro-compat_2.11/jars/macro-compat_2.11-1.1.1.jar, file:/C:/Users/Kuba/.ivy2/cache/com.typesafe.play/play-mailer_2.11/jars/play-mailer_2.11-5.0.0.jar, file:/C:/Users/Kuba/.ivy2/cache/org.apache.commons/commons-email/jars/commons-email-1.4.jar, file:/C:/Users/Kuba/.ivy2/cache/com.sun.mail/javax.mail/jars/javax.mail-1.5.2.jar, file:/C:/Users/Kuba/.ivy2/cache/javax.activation/activation/jars/activation-1.1.1.jar, file:/C:/Users/Kuba/.ivy2/cache/com.enragedginger/akka-quartz-scheduler_2.11/jars/akka-quartz-scheduler_2.11-1.5.0-akka-2.4.x.jar, file:/C:/Users/Kuba/.ivy2/cache/org.quartz-scheduler/quartz/jars/quartz-2.2.2.jar, file:/C:/Users/Kuba/.ivy2/cache/c3p0/c3p0/jars/c3p0-0.9.1.1.jar, file:/C:/Users/Kuba/.ivy2/cache/com.adrianhurt/play-bootstrap_2.11/jars/play-bootstrap_2.11-1.0-P25-B3.jar, file:/C:/Users/Kuba/.ivy2/cache/com.typesafe.play/filters-helpers_2.11/jars/filters-helpers_2.11-2.5.4.jar, file:/C:/Users/Kuba/.ivy2/cache/com.typesafe.play/play-java_2.11/jars/play-java_2.11-2.5.4.jar, file:/C:/Users/Kuba/Downloads/activator-dist-1.3.12/repository/org.yaml/snakeyaml/1.16/bundles/snakeyaml.jar, file:/C:/Users/Kuba/Downloads/activator-dist-1.3.12/repository/org.hibernate/hibernate-validator/5.2.4.Final/jars/hibernate-validator.jar, file:/C:/Users/Kuba/Downloads/activator-dist-1.3.12/repository/javax.validation/validation-api/1.1.0.Final/jars/validation-api.jar, file:/C:/Users/Kuba/Downloads/activator-dist-1.3.12/repository/org.jboss.logging/jboss-logging/3.2.1.Final/jars/jboss-logging.jar, file:/C:/Users/Kuba/Downloads/activator-dist-1.3.12/repository/com.fasterxml/classmate/1.1.0/bundles/classmate.jar, file:/C:/Users/Kuba/Downloads/activator-dist-1.3.12/repository/javax.el/javax.el-api/3.0.0/jars/javax.el-api.jar, file:/C:/Users/Kuba/.ivy2/cache/org.springframework/spring-context/jars/spring-context-4.2.4.RELEASE.jar, file:/C:/Users/Kuba/.ivy2/cache/org.springframework/spring-core/jars/spring-core-4.2.4.RELEASE.jar, file:/C:/Users/Kuba/.ivy2/cache/org.springframework/spring-beans/jars/spring-beans-4.2.4.RELEASE.jar, file:/C:/Users/Kuba/Downloads/activator-dist-1.3.12/repository/org.reflections/reflections/0.9.10/jars/reflections.jar, file:/C:/Users/Kuba/Downloads/activator-dist-1.3.12/repository/net.jodah/typetools/0.4.4/bundles/typetools.jar, file:/C:/Users/Kuba/.ivy2/cache/com.google.code.findbugs/jsr305/jars/jsr305-3.0.1.jar, file:/C:/Users/Kuba/Downloads/activator-dist-1.3.12/repository/org.apache.tomcat/tomcat-servlet-api/8.0.33/jars/tomcat-servlet-api.jar, file:/C:/Users/Kuba/.ivy2/cache/com.adrianhurt/play-bootstrap-core_2.11/jars/play-bootstrap-core_2.11-1.0-P25.jar, file:/C:/Users/Kuba/.ivy2/cache/org.webjars/bootstrap/jars/bootstrap-3.3.6.jar, file:/C:/Users/Kuba/.ivy2/cache/org.webjars/jquery/jars/jquery-2.1.4.jar}
16:45:22.933 [ForkJoinPool-8-worker-1] DEBUG c.google.inject.internal.BytecodeGen - Loading class play.http.HttpRequestHandlerActionCreator FastClass with PlayDependencyClassLoader{file:/C:/Users/Kuba/IdeaProjects/play-silhouette-seed-master/lib/connect-four.jar, file:/C:/Users/Kuba/IdeaProjects/play-silhouette-seed-master/lib/sudoku.jar, file:/C:/Users/Kuba/.ivy2/cache/org.scala-lang/scala-library/jars/scala-library-2.11.8.jar, file:/C:/Users/Kuba/Downloads/activator-dist-1.3.12/repository/com.typesafe.play/twirl-api_2.11/1.1.1/jars/twirl-api_2.11.jar, file:/C:/Users/Kuba/.ivy2/cache/org.apache.commons/commons-lang3/jars/commons-lang3-3.4.jar, file:/C:/Users/Kuba/.ivy2/cache/org.scala-lang.modules/scala-xml_2.11/bundles/scala-xml_2.11-1.0.1.jar, file:/C:/Users/Kuba/.ivy2/cache/com.typesafe.play/play-server_2.11/jars/play-server_2.11-2.5.4.jar, file:/C:/Users/Kuba/.ivy2/cache/com.typesafe.play/play_2.11/jars/play_2.11-2.5.4.jar, file:/C:/Users/Kuba/.ivy2/cache/com.typesafe.play/build-link/jars/build-link-2.5.4.jar, file:/C:/Users/Kuba/.ivy2/cache/com.typesafe.play/play-exceptions/jars/play-exceptions-2.5.4.jar, file:/C:/Users/Kuba/.ivy2/cache/com.typesafe.play/play-iteratees_2.11/jars/play-iteratees_2.11-2.5.4.jar, file:/C:/Users/Kuba/.ivy2/cache/org.scala-stm/scala-stm_2.11/jars/scala-stm_2.11-0.7.jar, file:/C:/Users/Kuba/Downloads/activator-dist-1.3.12/repository/com.typesafe/config/1.3.0/bundles/config.jar, file:/C:/Users/Kuba/.ivy2/cache/ch.qos.logback/logback-classic/jars/logback-classic-1.1.7.jar, file:/C:/Users/Kuba/.ivy2/cache/ch.qos.logback/logback-core/jars/logback-core-1.1.7.jar, file:/C:/Users/Kuba/.ivy2/cache/com.typesafe.play/play-json_2.11/jars/play-json_2.11-2.5.4.jar, file:/C:/Users/Kuba/.ivy2/cache/com.typesafe.play/play-functional_2.11/jars/play-functional_2.11-2.5.4.jar, file:/C:/Users/Kuba/.ivy2/cache/com.typesafe.play/play-datacommons_2.11/jars/play-datacommons_2.11-2.5.4.jar, file:/C:/Users/Kuba/Downloads/activator-dist-1.3.12/repository/joda-time/joda-time/2.9.2/jars/joda-time.jar, file:/C:/Users/Kuba/Downloads/activator-dist-1.3.12/repository/org.joda/joda-convert/1.8.1/jars/joda-convert.jar, file:/C:/Users/Kuba/Downloads/activator-dist-1.3.12/repository/org.scala-lang/scala-reflect/2.11.7/jars/scala-reflect.jar, file:/C:/Users/Kuba/Downloads/activator-dist-1.3.12/repository/com.fasterxml.jackson.core/jackson-core/2.7.1/bundles/jackson-core.jar, file:/C:/Users/Kuba/Downloads/activator-dist-1.3.12/repository/com.fasterxml.jackson.core/jackson-annotations/2.7.1/bundles/jackson-annotations.jar, file:/C:/Users/Kuba/Downloads/activator-dist-1.3.12/repository/com.fasterxml.jackson.core/jackson-databind/2.7.1/bundles/jackson-databind.jar, file:/C:/Users/Kuba/Downloads/activator-dist-1.3.12/repository/com.fasterxml.jackson.datatype/jackson-datatype-jdk8/2.7.1/bundles/jackson-datatype-jdk8.jar, file:/C:/Users/Kuba/Downloads/activator-dist-1.3.12/repository/com.fasterxml.jackson.datatype/jackson-datatype-jsr310/2.7.1/bundles/jackson-datatype-jsr310.jar, file:/C:/Users/Kuba/.ivy2/cache/com.typesafe.play/play-netty-utils/jars/play-netty-utils-2.5.4.jar, file:/C:/Users/Kuba/.ivy2/cache/org.slf4j/jul-to-slf4j/jars/jul-to-slf4j-1.7.19.jar, file:/C:/Users/Kuba/.ivy2/cache/org.slf4j/jcl-over-slf4j/jars/jcl-over-slf4j-1.7.19.jar, file:/C:/Users/Kuba/.ivy2/cache/com.typesafe.play/play-streams_2.11/jars/play-streams_2.11-2.5.4.jar, file:/C:/Users/Kuba/.ivy2/cache/org.reactivestreams/reactive-streams/jars/reactive-streams-1.0.0.jar, file:/C:/Users/Kuba/.ivy2/cache/com.typesafe.akka/akka-stream_2.11/jars/akka-stream_2.11-2.4.4.jar, file:/C:/Users/Kuba/.ivy2/cache/com.typesafe.akka/akka-actor_2.11/jars/akka-actor_2.11-2.4.4.jar, file:/C:/Users/Kuba/Downloads/activator-dist-1.3.12/repository/org.scala-lang.modules/scala-java8-compat_2.11/0.7.0/bundles/scala-java8-compat_2.11.jar, file:/C:/Users/Kuba/Downloads/activator-dist-1.3.12/repository/com.typesafe/ssl-config-akka_2.11/0.2.1/bundles/ssl-config-akka_2.11.jar, file:/C:/Users/Kuba/.ivy2/cache/com.typesafe/ssl-config-core_2.11/bundles/ssl-config-core_2.11-0.2.1.jar, file:/C:/Users/Kuba/.ivy2/cache/org.scala-lang.modules/scala-parser-combinators_2.11/bundles/scala-parser-combinators_2.11-1.0.4.jar, file:/C:/Users/Kuba/.ivy2/cache/com.typesafe.akka/akka-slf4j_2.11/jars/akka-slf4j_2.11-2.4.4.jar, file:/C:/Users/Kuba/.ivy2/cache/commons-codec/commons-codec/jars/commons-codec-1.10.jar, file:/C:/Users/Kuba/.ivy2/cache/xerces/xercesImpl/jars/xercesImpl-2.11.0.jar, file:/C:/Users/Kuba/.ivy2/cache/xml-apis/xml-apis/jars/xml-apis-1.4.01.jar, file:/C:/Users/Kuba/.ivy2/cache/javax.transaction/jta/jars/jta-1.1.jar, file:/C:/Users/Kuba/Downloads/activator-dist-1.3.12/repository/com.google.inject/guice/4.0/jars/guice.jar, file:/C:/Users/Kuba/.ivy2/cache/javax.inject/javax.inject/jars/javax.inject-1.jar, file:/C:/Users/Kuba/.ivy2/cache/aopalliance/aopalliance/jars/aopalliance-1.0.jar, file:/C:/Users/Kuba/Downloads/activator-dist-1.3.12/repository/com.google.inject.extensions/guice-assistedinject/4.0/jars/guice-assistedinject.jar, file:/C:/Users/Kuba/.ivy2/cache/com.typesafe.play/play-netty-server_2.11/jars/play-netty-server_2.11-2.5.4.jar, file:/C:/Users/Kuba/.ivy2/cache/com.typesafe.netty/netty-reactive-streams-http/jars/netty-reactive-streams-http-1.0.6.jar, file:/C:/Users/Kuba/.ivy2/cache/com.typesafe.netty/netty-reactive-streams/jars/netty-reactive-streams-1.0.6.jar, file:/C:/Users/Kuba/.ivy2/cache/io.netty/netty-handler/jars/netty-handler-4.0.36.Final.jar, file:/C:/Users/Kuba/.ivy2/cache/io.netty/netty-buffer/jars/netty-buffer-4.0.36.Final.jar, file:/C:/Users/Kuba/.ivy2/cache/io.netty/netty-common/jars/netty-common-4.0.36.Final.jar, file:/C:/Users/Kuba/.ivy2/cache/io.netty/netty-transport/jars/netty-transport-4.0.36.Final.jar, file:/C:/Users/Kuba/.ivy2/cache/io.netty/netty-codec/jars/netty-codec-4.0.36.Final.jar, file:/C:/Users/Kuba/.ivy2/cache/io.netty/netty-codec-http/jars/netty-codec-http-4.0.36.Final.jar, file:/C:/Users/Kuba/.ivy2/cache/io.netty/netty-transport-native-epoll/jars/netty-transport-native-epoll-4.0.36.Final-linux-x86_64.jar, file:/C:/Users/Kuba/.ivy2/cache/com.typesafe.play/play-logback_2.11/jars/play-logback_2.11-2.5.4.jar, file:/C:/Users/Kuba/.ivy2/cache/org.scala-lang/scala-swing/jars/scala-swing-2.11.0-M7.jar, file:/C:/Users/Kuba/.ivy2/cache/com.mohiva/play-silhouette_2.11/jars/play-silhouette_2.11-4.0.0.jar, file:/C:/Users/Kuba/.ivy2/cache/com.typesafe.play/play-cache_2.11/jars/play-cache_2.11-2.5.4.jar, file:/C:/Users/Kuba/Downloads/activator-dist-1.3.12/repository/net.sf.ehcache/ehcache-core/2.6.11/jars/ehcache-core.jar, file:/C:/Users/Kuba/.ivy2/cache/com.typesafe.play/play-ws_2.11/jars/play-ws_2.11-2.5.4.jar, file:/C:/Users/Kuba/.ivy2/cache/com.google.guava/guava/bundles/guava-19.0.jar, file:/C:/Users/Kuba/.ivy2/cache/org.asynchttpclient/async-http-client/jars/async-http-client-2.0.2.jar, file:/C:/Users/Kuba/.ivy2/cache/org.asynchttpclient/netty-resolver-dns/jars/netty-resolver-dns-2.0.2.jar, file:/C:/Users/Kuba/.ivy2/cache/org.asynchttpclient/netty-resolver/jars/netty-resolver-2.0.2.jar, file:/C:/Users/Kuba/.ivy2/cache/org.slf4j/slf4j-api/jars/slf4j-api-1.7.21.jar, file:/C:/Users/Kuba/.ivy2/cache/org.asynchttpclient/netty-codec-dns/jars/netty-codec-dns-2.0.2.jar, file:/C:/Users/Kuba/.ivy2/cache/org.javassist/javassist/bundles/javassist-3.20.0-GA.jar, file:/C:/Users/Kuba/.ivy2/cache/oauth.signpost/signpost-core/jars/signpost-core-1.2.1.2.jar, file:/C:/Users/Kuba/.ivy2/cache/oauth.signpost/signpost-commonshttp4/jars/signpost-commonshttp4-1.2.1.2.jar, file:/C:/Users/Kuba/.ivy2/cache/org.apache.httpcomponents/httpcore/jars/httpcore-4.0.1.jar, file:/C:/Users/Kuba/.ivy2/cache/org.apache.httpcomponents/httpclient/jars/httpclient-4.0.1.jar, file:/C:/Users/Kuba/.ivy2/cache/commons-logging/commons-logging/jars/commons-logging-1.1.1.jar, file:/C:/Users/Kuba/.ivy2/cache/com.atlassian.jwt/jwt-core/jars/jwt-core-1.5.8.jar, file:/C:/Users/Kuba/.ivy2/cache/com.nimbusds/nimbus-jose-jwt/jars/nimbus-jose-jwt-2.16.jar, file:/C:/Users/Kuba/.ivy2/cache/net.jcip/jcip-annotations/jars/jcip-annotations-1.0.jar, file:/C:/Users/Kuba/.ivy2/cache/net.minidev/json-smart/jars/json-smart-1.1.1.jar, file:/C:/Users/Kuba/.ivy2/cache/javax.mail/mail/jars/mail-1.4.7.jar, file:/C:/Users/Kuba/.ivy2/cache/org.bouncycastle/bcprov-jdk15on/jars/bcprov-jdk15on-1.51.jar, file:/C:/Users/Kuba/.ivy2/cache/org.bouncycastle/bcpkix-jdk15on/jars/bcpkix-jdk15on-1.51.jar, file:/C:/Users/Kuba/.ivy2/cache/com.atlassian.jwt/jwt-api/jars/jwt-api-1.5.8.jar, file:/C:/Users/Kuba/.ivy2/cache/com.mohiva/play-silhouette-password-bcrypt_2.11/jars/play-silhouette-password-bcrypt_2.11-4.0.0.jar, file:/C:/Users/Kuba/.ivy2/cache/de.svenkubiak/jBCrypt/bundles/jBCrypt-0.4.1.jar, file:/C:/Users/Kuba/.ivy2/cache/com.mohiva/play-silhouette-persistence_2.11/jars/play-silhouette-persistence_2.11-4.0.0.jar, file:/C:/Users/Kuba/.ivy2/cache/com.mohiva/play-silhouette-crypto-jca_2.11/jars/play-silhouette-crypto-jca_2.11-4.0.0.jar, file:/C:/Users/Kuba/.ivy2/cache/org.webjars/webjars-play_2.11/jars/webjars-play_2.11-2.5.0-2.jar, file:/C:/Users/Kuba/.ivy2/cache/org.webjars/requirejs/jars/requirejs-2.1.20.jar, file:/C:/Users/Kuba/.ivy2/cache/org.webjars/webjars-locator/jars/webjars-locator-0.31.jar, file:/C:/Users/Kuba/.ivy2/cache/org.webjars/webjars-locator-core/jars/webjars-locator-core-0.30.jar, file:/C:/Users/Kuba/.ivy2/cache/org.apache.commons/commons-compress/jars/commons-compress-1.9.jar, file:/C:/Users/Kuba/.ivy2/cache/net.codingwell/scala-guice_2.11/jars/scala-guice_2.11-4.0.1.jar, file:/C:/Users/Kuba/.ivy2/cache/com.google.inject.extensions/guice-multibindings/jars/guice-multibindings-4.0.jar, file:/C:/Users/Kuba/.ivy2/cache/com.iheart/ficus_2.11/jars/ficus_2.11-1.2.6.jar, file:/C:/Users/Kuba/.ivy2/cache/org.typelevel/macro-compat_2.11/jars/macro-compat_2.11-1.1.1.jar, file:/C:/Users/Kuba/.ivy2/cache/com.typesafe.play/play-mailer_2.11/jars/play-mailer_2.11-5.0.0.jar, file:/C:/Users/Kuba/.ivy2/cache/org.apache.commons/commons-email/jars/commons-email-1.4.jar, file:/C:/Users/Kuba/.ivy2/cache/com.sun.mail/javax.mail/jars/javax.mail-1.5.2.jar, file:/C:/Users/Kuba/.ivy2/cache/javax.activation/activation/jars/activation-1.1.1.jar, file:/C:/Users/Kuba/.ivy2/cache/com.enragedginger/akka-quartz-scheduler_2.11/jars/akka-quartz-scheduler_2.11-1.5.0-akka-2.4.x.jar, file:/C:/Users/Kuba/.ivy2/cache/org.quartz-scheduler/quartz/jars/quartz-2.2.2.jar, file:/C:/Users/Kuba/.ivy2/cache/c3p0/c3p0/jars/c3p0-0.9.1.1.jar, file:/C:/Users/Kuba/.ivy2/cache/com.adrianhurt/play-bootstrap_2.11/jars/play-bootstrap_2.11-1.0-P25-B3.jar, file:/C:/Users/Kuba/.ivy2/cache/com.typesafe.play/filters-helpers_2.11/jars/filters-helpers_2.11-2.5.4.jar, file:/C:/Users/Kuba/.ivy2/cache/com.typesafe.play/play-java_2.11/jars/play-java_2.11-2.5.4.jar, file:/C:/Users/Kuba/Downloads/activator-dist-1.3.12/repository/org.yaml/snakeyaml/1.16/bundles/snakeyaml.jar, file:/C:/Users/Kuba/Downloads/activator-dist-1.3.12/repository/org.hibernate/hibernate-validator/5.2.4.Final/jars/hibernate-validator.jar, file:/C:/Users/Kuba/Downloads/activator-dist-1.3.12/repository/javax.validation/validation-api/1.1.0.Final/jars/validation-api.jar, file:/C:/Users/Kuba/Downloads/activator-dist-1.3.12/repository/org.jboss.logging/jboss-logging/3.2.1.Final/jars/jboss-logging.jar, file:/C:/Users/Kuba/Downloads/activator-dist-1.3.12/repository/com.fasterxml/classmate/1.1.0/bundles/classmate.jar, file:/C:/Users/Kuba/Downloads/activator-dist-1.3.12/repository/javax.el/javax.el-api/3.0.0/jars/javax.el-api.jar, file:/C:/Users/Kuba/.ivy2/cache/org.springframework/spring-context/jars/spring-context-4.2.4.RELEASE.jar, file:/C:/Users/Kuba/.ivy2/cache/org.springframework/spring-core/jars/spring-core-4.2.4.RELEASE.jar, file:/C:/Users/Kuba/.ivy2/cache/org.springframework/spring-beans/jars/spring-beans-4.2.4.RELEASE.jar, file:/C:/Users/Kuba/Downloads/activator-dist-1.3.12/repository/org.reflections/reflections/0.9.10/jars/reflections.jar, file:/C:/Users/Kuba/Downloads/activator-dist-1.3.12/repository/net.jodah/typetools/0.4.4/bundles/typetools.jar, file:/C:/Users/Kuba/.ivy2/cache/com.google.code.findbugs/jsr305/jars/jsr305-3.0.1.jar, file:/C:/Users/Kuba/Downloads/activator-dist-1.3.12/repository/org.apache.tomcat/tomcat-servlet-api/8.0.33/jars/tomcat-servlet-api.jar, file:/C:/Users/Kuba/.ivy2/cache/com.adrianhurt/play-bootstrap-core_2.11/jars/play-bootstrap-core_2.11-1.0-P25.jar, file:/C:/Users/Kuba/.ivy2/cache/org.webjars/bootstrap/jars/bootstrap-3.3.6.jar, file:/C:/Users/Kuba/.ivy2/cache/org.webjars/jquery/jars/jquery-2.1.4.jar}
16:45:22.935 [ForkJoinPool-8-worker-1] DEBUG c.google.inject.internal.BytecodeGen - Loading class play.core.ObjectMapperProvider FastClass with PlayDependencyClassLoader{file:/C:/Users/Kuba/IdeaProjects/play-silhouette-seed-master/lib/connect-four.jar, file:/C:/Users/Kuba/IdeaProjects/play-silhouette-seed-master/lib/sudoku.jar, file:/C:/Users/Kuba/.ivy2/cache/org.scala-lang/scala-library/jars/scala-library-2.11.8.jar, file:/C:/Users/Kuba/Downloads/activator-dist-1.3.12/repository/com.typesafe.play/twirl-api_2.11/1.1.1/jars/twirl-api_2.11.jar, file:/C:/Users/Kuba/.ivy2/cache/org.apache.commons/commons-lang3/jars/commons-lang3-3.4.jar, file:/C:/Users/Kuba/.ivy2/cache/org.scala-lang.modules/scala-xml_2.11/bundles/scala-xml_2.11-1.0.1.jar, file:/C:/Users/Kuba/.ivy2/cache/com.typesafe.play/play-server_2.11/jars/play-server_2.11-2.5.4.jar, file:/C:/Users/Kuba/.ivy2/cache/com.typesafe.play/play_2.11/jars/play_2.11-2.5.4.jar, file:/C:/Users/Kuba/.ivy2/cache/com.typesafe.play/build-link/jars/build-link-2.5.4.jar, file:/C:/Users/Kuba/.ivy2/cache/com.typesafe.play/play-exceptions/jars/play-exceptions-2.5.4.jar, file:/C:/Users/Kuba/.ivy2/cache/com.typesafe.play/play-iteratees_2.11/jars/play-iteratees_2.11-2.5.4.jar, file:/C:/Users/Kuba/.ivy2/cache/org.scala-stm/scala-stm_2.11/jars/scala-stm_2.11-0.7.jar, file:/C:/Users/Kuba/Downloads/activator-dist-1.3.12/repository/com.typesafe/config/1.3.0/bundles/config.jar, file:/C:/Users/Kuba/.ivy2/cache/ch.qos.logback/logback-classic/jars/logback-classic-1.1.7.jar, file:/C:/Users/Kuba/.ivy2/cache/ch.qos.logback/logback-core/jars/logback-core-1.1.7.jar, file:/C:/Users/Kuba/.ivy2/cache/com.typesafe.play/play-json_2.11/jars/play-json_2.11-2.5.4.jar, file:/C:/Users/Kuba/.ivy2/cache/com.typesafe.play/play-functional_2.11/jars/play-functional_2.11-2.5.4.jar, file:/C:/Users/Kuba/.ivy2/cache/com.typesafe.play/play-datacommons_2.11/jars/play-datacommons_2.11-2.5.4.jar, file:/C:/Users/Kuba/Downloads/activator-dist-1.3.12/repository/joda-time/joda-time/2.9.2/jars/joda-time.jar, file:/C:/Users/Kuba/Downloads/activator-dist-1.3.12/repository/org.joda/joda-convert/1.8.1/jars/joda-convert.jar, file:/C:/Users/Kuba/Downloads/activator-dist-1.3.12/repository/org.scala-lang/scala-reflect/2.11.7/jars/scala-reflect.jar, file:/C:/Users/Kuba/Downloads/activator-dist-1.3.12/repository/com.fasterxml.jackson.core/jackson-core/2.7.1/bundles/jackson-core.jar, file:/C:/Users/Kuba/Downloads/activator-dist-1.3.12/repository/com.fasterxml.jackson.core/jackson-annotations/2.7.1/bundles/jackson-annotations.jar, file:/C:/Users/Kuba/Downloads/activator-dist-1.3.12/repository/com.fasterxml.jackson.core/jackson-databind/2.7.1/bundles/jackson-databind.jar, file:/C:/Users/Kuba/Downloads/activator-dist-1.3.12/repository/com.fasterxml.jackson.datatype/jackson-datatype-jdk8/2.7.1/bundles/jackson-datatype-jdk8.jar, file:/C:/Users/Kuba/Downloads/activator-dist-1.3.12/repository/com.fasterxml.jackson.datatype/jackson-datatype-jsr310/2.7.1/bundles/jackson-datatype-jsr310.jar, file:/C:/Users/Kuba/.ivy2/cache/com.typesafe.play/play-netty-utils/jars/play-netty-utils-2.5.4.jar, file:/C:/Users/Kuba/.ivy2/cache/org.slf4j/jul-to-slf4j/jars/jul-to-slf4j-1.7.19.jar, file:/C:/Users/Kuba/.ivy2/cache/org.slf4j/jcl-over-slf4j/jars/jcl-over-slf4j-1.7.19.jar, file:/C:/Users/Kuba/.ivy2/cache/com.typesafe.play/play-streams_2.11/jars/play-streams_2.11-2.5.4.jar, file:/C:/Users/Kuba/.ivy2/cache/org.reactivestreams/reactive-streams/jars/reactive-streams-1.0.0.jar, file:/C:/Users/Kuba/.ivy2/cache/com.typesafe.akka/akka-stream_2.11/jars/akka-stream_2.11-2.4.4.jar, file:/C:/Users/Kuba/.ivy2/cache/com.typesafe.akka/akka-actor_2.11/jars/akka-actor_2.11-2.4.4.jar, file:/C:/Users/Kuba/Downloads/activator-dist-1.3.12/repository/org.scala-lang.modules/scala-java8-compat_2.11/0.7.0/bundles/scala-java8-compat_2.11.jar, file:/C:/Users/Kuba/Downloads/activator-dist-1.3.12/repository/com.typesafe/ssl-config-akka_2.11/0.2.1/bundles/ssl-config-akka_2.11.jar, file:/C:/Users/Kuba/.ivy2/cache/com.typesafe/ssl-config-core_2.11/bundles/ssl-config-core_2.11-0.2.1.jar, file:/C:/Users/Kuba/.ivy2/cache/org.scala-lang.modules/scala-parser-combinators_2.11/bundles/scala-parser-combinators_2.11-1.0.4.jar, file:/C:/Users/Kuba/.ivy2/cache/com.typesafe.akka/akka-slf4j_2.11/jars/akka-slf4j_2.11-2.4.4.jar, file:/C:/Users/Kuba/.ivy2/cache/commons-codec/commons-codec/jars/commons-codec-1.10.jar, file:/C:/Users/Kuba/.ivy2/cache/xerces/xercesImpl/jars/xercesImpl-2.11.0.jar, file:/C:/Users/Kuba/.ivy2/cache/xml-apis/xml-apis/jars/xml-apis-1.4.01.jar, file:/C:/Users/Kuba/.ivy2/cache/javax.transaction/jta/jars/jta-1.1.jar, file:/C:/Users/Kuba/Downloads/activator-dist-1.3.12/repository/com.google.inject/guice/4.0/jars/guice.jar, file:/C:/Users/Kuba/.ivy2/cache/javax.inject/javax.inject/jars/javax.inject-1.jar, file:/C:/Users/Kuba/.ivy2/cache/aopalliance/aopalliance/jars/aopalliance-1.0.jar, file:/C:/Users/Kuba/Downloads/activator-dist-1.3.12/repository/com.google.inject.extensions/guice-assistedinject/4.0/jars/guice-assistedinject.jar, file:/C:/Users/Kuba/.ivy2/cache/com.typesafe.play/play-netty-server_2.11/jars/play-netty-server_2.11-2.5.4.jar, file:/C:/Users/Kuba/.ivy2/cache/com.typesafe.netty/netty-reactive-streams-http/jars/netty-reactive-streams-http-1.0.6.jar, file:/C:/Users/Kuba/.ivy2/cache/com.typesafe.netty/netty-reactive-streams/jars/netty-reactive-streams-1.0.6.jar, file:/C:/Users/Kuba/.ivy2/cache/io.netty/netty-handler/jars/netty-handler-4.0.36.Final.jar, file:/C:/Users/Kuba/.ivy2/cache/io.netty/netty-buffer/jars/netty-buffer-4.0.36.Final.jar, file:/C:/Users/Kuba/.ivy2/cache/io.netty/netty-common/jars/netty-common-4.0.36.Final.jar, file:/C:/Users/Kuba/.ivy2/cache/io.netty/netty-transport/jars/netty-transport-4.0.36.Final.jar, file:/C:/Users/Kuba/.ivy2/cache/io.netty/netty-codec/jars/netty-codec-4.0.36.Final.jar, file:/C:/Users/Kuba/.ivy2/cache/io.netty/netty-codec-http/jars/netty-codec-http-4.0.36.Final.jar, file:/C:/Users/Kuba/.ivy2/cache/io.netty/netty-transport-native-epoll/jars/netty-transport-native-epoll-4.0.36.Final-linux-x86_64.jar, file:/C:/Users/Kuba/.ivy2/cache/com.typesafe.play/play-logback_2.11/jars/play-logback_2.11-2.5.4.jar, file:/C:/Users/Kuba/.ivy2/cache/org.scala-lang/scala-swing/jars/scala-swing-2.11.0-M7.jar, file:/C:/Users/Kuba/.ivy2/cache/com.mohiva/play-silhouette_2.11/jars/play-silhouette_2.11-4.0.0.jar, file:/C:/Users/Kuba/.ivy2/cache/com.typesafe.play/play-cache_2.11/jars/play-cache_2.11-2.5.4.jar, file:/C:/Users/Kuba/Downloads/activator-dist-1.3.12/repository/net.sf.ehcache/ehcache-core/2.6.11/jars/ehcache-core.jar, file:/C:/Users/Kuba/.ivy2/cache/com.typesafe.play/play-ws_2.11/jars/play-ws_2.11-2.5.4.jar, file:/C:/Users/Kuba/.ivy2/cache/com.google.guava/guava/bundles/guava-19.0.jar, file:/C:/Users/Kuba/.ivy2/cache/org.asynchttpclient/async-http-client/jars/async-http-client-2.0.2.jar, file:/C:/Users/Kuba/.ivy2/cache/org.asynchttpclient/netty-resolver-dns/jars/netty-resolver-dns-2.0.2.jar, file:/C:/Users/Kuba/.ivy2/cache/org.asynchttpclient/netty-resolver/jars/netty-resolver-2.0.2.jar, file:/C:/Users/Kuba/.ivy2/cache/org.slf4j/slf4j-api/jars/slf4j-api-1.7.21.jar, file:/C:/Users/Kuba/.ivy2/cache/org.asynchttpclient/netty-codec-dns/jars/netty-codec-dns-2.0.2.jar, file:/C:/Users/Kuba/.ivy2/cache/org.javassist/javassist/bundles/javassist-3.20.0-GA.jar, file:/C:/Users/Kuba/.ivy2/cache/oauth.signpost/signpost-core/jars/signpost-core-1.2.1.2.jar, file:/C:/Users/Kuba/.ivy2/cache/oauth.signpost/signpost-commonshttp4/jars/signpost-commonshttp4-1.2.1.2.jar, file:/C:/Users/Kuba/.ivy2/cache/org.apache.httpcomponents/httpcore/jars/httpcore-4.0.1.jar, file:/C:/Users/Kuba/.ivy2/cache/org.apache.httpcomponents/httpclient/jars/httpclient-4.0.1.jar, file:/C:/Users/Kuba/.ivy2/cache/commons-logging/commons-logging/jars/commons-logging-1.1.1.jar, file:/C:/Users/Kuba/.ivy2/cache/com.atlassian.jwt/jwt-core/jars/jwt-core-1.5.8.jar, file:/C:/Users/Kuba/.ivy2/cache/com.nimbusds/nimbus-jose-jwt/jars/nimbus-jose-jwt-2.16.jar, file:/C:/Users/Kuba/.ivy2/cache/net.jcip/jcip-annotations/jars/jcip-annotations-1.0.jar, file:/C:/Users/Kuba/.ivy2/cache/net.minidev/json-smart/jars/json-smart-1.1.1.jar, file:/C:/Users/Kuba/.ivy2/cache/javax.mail/mail/jars/mail-1.4.7.jar, file:/C:/Users/Kuba/.ivy2/cache/org.bouncycastle/bcprov-jdk15on/jars/bcprov-jdk15on-1.51.jar, file:/C:/Users/Kuba/.ivy2/cache/org.bouncycastle/bcpkix-jdk15on/jars/bcpkix-jdk15on-1.51.jar, file:/C:/Users/Kuba/.ivy2/cache/com.atlassian.jwt/jwt-api/jars/jwt-api-1.5.8.jar, file:/C:/Users/Kuba/.ivy2/cache/com.mohiva/play-silhouette-password-bcrypt_2.11/jars/play-silhouette-password-bcrypt_2.11-4.0.0.jar, file:/C:/Users/Kuba/.ivy2/cache/de.svenkubiak/jBCrypt/bundles/jBCrypt-0.4.1.jar, file:/C:/Users/Kuba/.ivy2/cache/com.mohiva/play-silhouette-persistence_2.11/jars/play-silhouette-persistence_2.11-4.0.0.jar, file:/C:/Users/Kuba/.ivy2/cache/com.mohiva/play-silhouette-crypto-jca_2.11/jars/play-silhouette-crypto-jca_2.11-4.0.0.jar, file:/C:/Users/Kuba/.ivy2/cache/org.webjars/webjars-play_2.11/jars/webjars-play_2.11-2.5.0-2.jar, file:/C:/Users/Kuba/.ivy2/cache/org.webjars/requirejs/jars/requirejs-2.1.20.jar, file:/C:/Users/Kuba/.ivy2/cache/org.webjars/webjars-locator/jars/webjars-locator-0.31.jar, file:/C:/Users/Kuba/.ivy2/cache/org.webjars/webjars-locator-core/jars/webjars-locator-core-0.30.jar, file:/C:/Users/Kuba/.ivy2/cache/org.apache.commons/commons-compress/jars/commons-compress-1.9.jar, file:/C:/Users/Kuba/.ivy2/cache/net.codingwell/scala-guice_2.11/jars/scala-guice_2.11-4.0.1.jar, file:/C:/Users/Kuba/.ivy2/cache/com.google.inject.extensions/guice-multibindings/jars/guice-multibindings-4.0.jar, file:/C:/Users/Kuba/.ivy2/cache/com.iheart/ficus_2.11/jars/ficus_2.11-1.2.6.jar, file:/C:/Users/Kuba/.ivy2/cache/org.typelevel/macro-compat_2.11/jars/macro-compat_2.11-1.1.1.jar, file:/C:/Users/Kuba/.ivy2/cache/com.typesafe.play/play-mailer_2.11/jars/play-mailer_2.11-5.0.0.jar, file:/C:/Users/Kuba/.ivy2/cache/org.apache.commons/commons-email/jars/commons-email-1.4.jar, file:/C:/Users/Kuba/.ivy2/cache/com.sun.mail/javax.mail/jars/javax.mail-1.5.2.jar, file:/C:/Users/Kuba/.ivy2/cache/javax.activation/activation/jars/activation-1.1.1.jar, file:/C:/Users/Kuba/.ivy2/cache/com.enragedginger/akka-quartz-scheduler_2.11/jars/akka-quartz-scheduler_2.11-1.5.0-akka-2.4.x.jar, file:/C:/Users/Kuba/.ivy2/cache/org.quartz-scheduler/quartz/jars/quartz-2.2.2.jar, file:/C:/Users/Kuba/.ivy2/cache/c3p0/c3p0/jars/c3p0-0.9.1.1.jar, file:/C:/Users/Kuba/.ivy2/cache/com.adrianhurt/play-bootstrap_2.11/jars/play-bootstrap_2.11-1.0-P25-B3.jar, file:/C:/Users/Kuba/.ivy2/cache/com.typesafe.play/filters-helpers_2.11/jars/filters-helpers_2.11-2.5.4.jar, file:/C:/Users/Kuba/.ivy2/cache/com.typesafe.play/play-java_2.11/jars/play-java_2.11-2.5.4.jar, file:/C:/Users/Kuba/Downloads/activator-dist-1.3.12/repository/org.yaml/snakeyaml/1.16/bundles/snakeyaml.jar, file:/C:/Users/Kuba/Downloads/activator-dist-1.3.12/repository/org.hibernate/hibernate-validator/5.2.4.Final/jars/hibernate-validator.jar, file:/C:/Users/Kuba/Downloads/activator-dist-1.3.12/repository/javax.validation/validation-api/1.1.0.Final/jars/validation-api.jar, file:/C:/Users/Kuba/Downloads/activator-dist-1.3.12/repository/org.jboss.logging/jboss-logging/3.2.1.Final/jars/jboss-logging.jar, file:/C:/Users/Kuba/Downloads/activator-dist-1.3.12/repository/com.fasterxml/classmate/1.1.0/bundles/classmate.jar, file:/C:/Users/Kuba/Downloads/activator-dist-1.3.12/repository/javax.el/javax.el-api/3.0.0/jars/javax.el-api.jar, file:/C:/Users/Kuba/.ivy2/cache/org.springframework/spring-context/jars/spring-context-4.2.4.RELEASE.jar, file:/C:/Users/Kuba/.ivy2/cache/org.springframework/spring-core/jars/spring-core-4.2.4.RELEASE.jar, file:/C:/Users/Kuba/.ivy2/cache/org.springframework/spring-beans/jars/spring-beans-4.2.4.RELEASE.jar, file:/C:/Users/Kuba/Downloads/activator-dist-1.3.12/repository/org.reflections/reflections/0.9.10/jars/reflections.jar, file:/C:/Users/Kuba/Downloads/activator-dist-1.3.12/repository/net.jodah/typetools/0.4.4/bundles/typetools.jar, file:/C:/Users/Kuba/.ivy2/cache/com.google.code.findbugs/jsr305/jars/jsr305-3.0.1.jar, file:/C:/Users/Kuba/Downloads/activator-dist-1.3.12/repository/org.apache.tomcat/tomcat-servlet-api/8.0.33/jars/tomcat-servlet-api.jar, file:/C:/Users/Kuba/.ivy2/cache/com.adrianhurt/play-bootstrap-core_2.11/jars/play-bootstrap-core_2.11-1.0-P25.jar, file:/C:/Users/Kuba/.ivy2/cache/org.webjars/bootstrap/jars/bootstrap-3.3.6.jar, file:/C:/Users/Kuba/.ivy2/cache/org.webjars/jquery/jars/jquery-2.1.4.jar}
16:45:22.937 [ForkJoinPool-8-worker-1] DEBUG c.google.inject.internal.BytecodeGen - Loading class play.filters.gzip.GzipFilterConfigProvider FastClass with PlayDependencyClassLoader{file:/C:/Users/Kuba/IdeaProjects/play-silhouette-seed-master/lib/connect-four.jar, file:/C:/Users/Kuba/IdeaProjects/play-silhouette-seed-master/lib/sudoku.jar, file:/C:/Users/Kuba/.ivy2/cache/org.scala-lang/scala-library/jars/scala-library-2.11.8.jar, file:/C:/Users/Kuba/Downloads/activator-dist-1.3.12/repository/com.typesafe.play/twirl-api_2.11/1.1.1/jars/twirl-api_2.11.jar, file:/C:/Users/Kuba/.ivy2/cache/org.apache.commons/commons-lang3/jars/commons-lang3-3.4.jar, file:/C:/Users/Kuba/.ivy2/cache/org.scala-lang.modules/scala-xml_2.11/bundles/scala-xml_2.11-1.0.1.jar, file:/C:/Users/Kuba/.ivy2/cache/com.typesafe.play/play-server_2.11/jars/play-server_2.11-2.5.4.jar, file:/C:/Users/Kuba/.ivy2/cache/com.typesafe.play/play_2.11/jars/play_2.11-2.5.4.jar, file:/C:/Users/Kuba/.ivy2/cache/com.typesafe.play/build-link/jars/build-link-2.5.4.jar, file:/C:/Users/Kuba/.ivy2/cache/com.typesafe.play/play-exceptions/jars/play-exceptions-2.5.4.jar, file:/C:/Users/Kuba/.ivy2/cache/com.typesafe.play/play-iteratees_2.11/jars/play-iteratees_2.11-2.5.4.jar, file:/C:/Users/Kuba/.ivy2/cache/org.scala-stm/scala-stm_2.11/jars/scala-stm_2.11-0.7.jar, file:/C:/Users/Kuba/Downloads/activator-dist-1.3.12/repository/com.typesafe/config/1.3.0/bundles/config.jar, file:/C:/Users/Kuba/.ivy2/cache/ch.qos.logback/logback-classic/jars/logback-classic-1.1.7.jar, file:/C:/Users/Kuba/.ivy2/cache/ch.qos.logback/logback-core/jars/logback-core-1.1.7.jar, file:/C:/Users/Kuba/.ivy2/cache/com.typesafe.play/play-json_2.11/jars/play-json_2.11-2.5.4.jar, file:/C:/Users/Kuba/.ivy2/cache/com.typesafe.play/play-functional_2.11/jars/play-functional_2.11-2.5.4.jar, file:/C:/Users/Kuba/.ivy2/cache/com.typesafe.play/play-datacommons_2.11/jars/play-datacommons_2.11-2.5.4.jar, file:/C:/Users/Kuba/Downloads/activator-dist-1.3.12/repository/joda-time/joda-time/2.9.2/jars/joda-time.jar, file:/C:/Users/Kuba/Downloads/activator-dist-1.3.12/repository/org.joda/joda-convert/1.8.1/jars/joda-convert.jar, file:/C:/Users/Kuba/Downloads/activator-dist-1.3.12/repository/org.scala-lang/scala-reflect/2.11.7/jars/scala-reflect.jar, file:/C:/Users/Kuba/Downloads/activator-dist-1.3.12/repository/com.fasterxml.jackson.core/jackson-core/2.7.1/bundles/jackson-core.jar, file:/C:/Users/Kuba/Downloads/activator-dist-1.3.12/repository/com.fasterxml.jackson.core/jackson-annotations/2.7.1/bundles/jackson-annotations.jar, file:/C:/Users/Kuba/Downloads/activator-dist-1.3.12/repository/com.fasterxml.jackson.core/jackson-databind/2.7.1/bundles/jackson-databind.jar, file:/C:/Users/Kuba/Downloads/activator-dist-1.3.12/repository/com.fasterxml.jackson.datatype/jackson-datatype-jdk8/2.7.1/bundles/jackson-datatype-jdk8.jar, file:/C:/Users/Kuba/Downloads/activator-dist-1.3.12/repository/com.fasterxml.jackson.datatype/jackson-datatype-jsr310/2.7.1/bundles/jackson-datatype-jsr310.jar, file:/C:/Users/Kuba/.ivy2/cache/com.typesafe.play/play-netty-utils/jars/play-netty-utils-2.5.4.jar, file:/C:/Users/Kuba/.ivy2/cache/org.slf4j/jul-to-slf4j/jars/jul-to-slf4j-1.7.19.jar, file:/C:/Users/Kuba/.ivy2/cache/org.slf4j/jcl-over-slf4j/jars/jcl-over-slf4j-1.7.19.jar, file:/C:/Users/Kuba/.ivy2/cache/com.typesafe.play/play-streams_2.11/jars/play-streams_2.11-2.5.4.jar, file:/C:/Users/Kuba/.ivy2/cache/org.reactivestreams/reactive-streams/jars/reactive-streams-1.0.0.jar, file:/C:/Users/Kuba/.ivy2/cache/com.typesafe.akka/akka-stream_2.11/jars/akka-stream_2.11-2.4.4.jar, file:/C:/Users/Kuba/.ivy2/cache/com.typesafe.akka/akka-actor_2.11/jars/akka-actor_2.11-2.4.4.jar, file:/C:/Users/Kuba/Downloads/activator-dist-1.3.12/repository/org.scala-lang.modules/scala-java8-compat_2.11/0.7.0/bundles/scala-java8-compat_2.11.jar, file:/C:/Users/Kuba/Downloads/activator-dist-1.3.12/repository/com.typesafe/ssl-config-akka_2.11/0.2.1/bundles/ssl-config-akka_2.11.jar, file:/C:/Users/Kuba/.ivy2/cache/com.typesafe/ssl-config-core_2.11/bundles/ssl-config-core_2.11-0.2.1.jar, file:/C:/Users/Kuba/.ivy2/cache/org.scala-lang.modules/scala-parser-combinators_2.11/bundles/scala-parser-combinators_2.11-1.0.4.jar, file:/C:/Users/Kuba/.ivy2/cache/com.typesafe.akka/akka-slf4j_2.11/jars/akka-slf4j_2.11-2.4.4.jar, file:/C:/Users/Kuba/.ivy2/cache/commons-codec/commons-codec/jars/commons-codec-1.10.jar, file:/C:/Users/Kuba/.ivy2/cache/xerces/xercesImpl/jars/xercesImpl-2.11.0.jar, file:/C:/Users/Kuba/.ivy2/cache/xml-apis/xml-apis/jars/xml-apis-1.4.01.jar, file:/C:/Users/Kuba/.ivy2/cache/javax.transaction/jta/jars/jta-1.1.jar, file:/C:/Users/Kuba/Downloads/activator-dist-1.3.12/repository/com.google.inject/guice/4.0/jars/guice.jar, file:/C:/Users/Kuba/.ivy2/cache/javax.inject/javax.inject/jars/javax.inject-1.jar, file:/C:/Users/Kuba/.ivy2/cache/aopalliance/aopalliance/jars/aopalliance-1.0.jar, file:/C:/Users/Kuba/Downloads/activator-dist-1.3.12/repository/com.google.inject.extensions/guice-assistedinject/4.0/jars/guice-assistedinject.jar, file:/C:/Users/Kuba/.ivy2/cache/com.typesafe.play/play-netty-server_2.11/jars/play-netty-server_2.11-2.5.4.jar, file:/C:/Users/Kuba/.ivy2/cache/com.typesafe.netty/netty-reactive-streams-http/jars/netty-reactive-streams-http-1.0.6.jar, file:/C:/Users/Kuba/.ivy2/cache/com.typesafe.netty/netty-reactive-streams/jars/netty-reactive-streams-1.0.6.jar, file:/C:/Users/Kuba/.ivy2/cache/io.netty/netty-handler/jars/netty-handler-4.0.36.Final.jar, file:/C:/Users/Kuba/.ivy2/cache/io.netty/netty-buffer/jars/netty-buffer-4.0.36.Final.jar, file:/C:/Users/Kuba/.ivy2/cache/io.netty/netty-common/jars/netty-common-4.0.36.Final.jar, file:/C:/Users/Kuba/.ivy2/cache/io.netty/netty-transport/jars/netty-transport-4.0.36.Final.jar, file:/C:/Users/Kuba/.ivy2/cache/io.netty/netty-codec/jars/netty-codec-4.0.36.Final.jar, file:/C:/Users/Kuba/.ivy2/cache/io.netty/netty-codec-http/jars/netty-codec-http-4.0.36.Final.jar, file:/C:/Users/Kuba/.ivy2/cache/io.netty/netty-transport-native-epoll/jars/netty-transport-native-epoll-4.0.36.Final-linux-x86_64.jar, file:/C:/Users/Kuba/.ivy2/cache/com.typesafe.play/play-logback_2.11/jars/play-logback_2.11-2.5.4.jar, file:/C:/Users/Kuba/.ivy2/cache/org.scala-lang/scala-swing/jars/scala-swing-2.11.0-M7.jar, file:/C:/Users/Kuba/.ivy2/cache/com.mohiva/play-silhouette_2.11/jars/play-silhouette_2.11-4.0.0.jar, file:/C:/Users/Kuba/.ivy2/cache/com.typesafe.play/play-cache_2.11/jars/play-cache_2.11-2.5.4.jar, file:/C:/Users/Kuba/Downloads/activator-dist-1.3.12/repository/net.sf.ehcache/ehcache-core/2.6.11/jars/ehcache-core.jar, file:/C:/Users/Kuba/.ivy2/cache/com.typesafe.play/play-ws_2.11/jars/play-ws_2.11-2.5.4.jar, file:/C:/Users/Kuba/.ivy2/cache/com.google.guava/guava/bundles/guava-19.0.jar, file:/C:/Users/Kuba/.ivy2/cache/org.asynchttpclient/async-http-client/jars/async-http-client-2.0.2.jar, file:/C:/Users/Kuba/.ivy2/cache/org.asynchttpclient/netty-resolver-dns/jars/netty-resolver-dns-2.0.2.jar, file:/C:/Users/Kuba/.ivy2/cache/org.asynchttpclient/netty-resolver/jars/netty-resolver-2.0.2.jar, file:/C:/Users/Kuba/.ivy2/cache/org.slf4j/slf4j-api/jars/slf4j-api-1.7.21.jar, file:/C:/Users/Kuba/.ivy2/cache/org.asynchttpclient/netty-codec-dns/jars/netty-codec-dns-2.0.2.jar, file:/C:/Users/Kuba/.ivy2/cache/org.javassist/javassist/bundles/javassist-3.20.0-GA.jar, file:/C:/Users/Kuba/.ivy2/cache/oauth.signpost/signpost-core/jars/signpost-core-1.2.1.2.jar, file:/C:/Users/Kuba/.ivy2/cache/oauth.signpost/signpost-commonshttp4/jars/signpost-commonshttp4-1.2.1.2.jar, file:/C:/Users/Kuba/.ivy2/cache/org.apache.httpcomponents/httpcore/jars/httpcore-4.0.1.jar, file:/C:/Users/Kuba/.ivy2/cache/org.apache.httpcomponents/httpclient/jars/httpclient-4.0.1.jar, file:/C:/Users/Kuba/.ivy2/cache/commons-logging/commons-logging/jars/commons-logging-1.1.1.jar, file:/C:/Users/Kuba/.ivy2/cache/com.atlassian.jwt/jwt-core/jars/jwt-core-1.5.8.jar, file:/C:/Users/Kuba/.ivy2/cache/com.nimbusds/nimbus-jose-jwt/jars/nimbus-jose-jwt-2.16.jar, file:/C:/Users/Kuba/.ivy2/cache/net.jcip/jcip-annotations/jars/jcip-annotations-1.0.jar, file:/C:/Users/Kuba/.ivy2/cache/net.minidev/json-smart/jars/json-smart-1.1.1.jar, file:/C:/Users/Kuba/.ivy2/cache/javax.mail/mail/jars/mail-1.4.7.jar, file:/C:/Users/Kuba/.ivy2/cache/org.bouncycastle/bcprov-jdk15on/jars/bcprov-jdk15on-1.51.jar, file:/C:/Users/Kuba/.ivy2/cache/org.bouncycastle/bcpkix-jdk15on/jars/bcpkix-jdk15on-1.51.jar, file:/C:/Users/Kuba/.ivy2/cache/com.atlassian.jwt/jwt-api/jars/jwt-api-1.5.8.jar, file:/C:/Users/Kuba/.ivy2/cache/com.mohiva/play-silhouette-password-bcrypt_2.11/jars/play-silhouette-password-bcrypt_2.11-4.0.0.jar, file:/C:/Users/Kuba/.ivy2/cache/de.svenkubiak/jBCrypt/bundles/jBCrypt-0.4.1.jar, file:/C:/Users/Kuba/.ivy2/cache/com.mohiva/play-silhouette-persistence_2.11/jars/play-silhouette-persistence_2.11-4.0.0.jar, file:/C:/Users/Kuba/.ivy2/cache/com.mohiva/play-silhouette-crypto-jca_2.11/jars/play-silhouette-crypto-jca_2.11-4.0.0.jar, file:/C:/Users/Kuba/.ivy2/cache/org.webjars/webjars-play_2.11/jars/webjars-play_2.11-2.5.0-2.jar, file:/C:/Users/Kuba/.ivy2/cache/org.webjars/requirejs/jars/requirejs-2.1.20.jar, file:/C:/Users/Kuba/.ivy2/cache/org.webjars/webjars-locator/jars/webjars-locator-0.31.jar, file:/C:/Users/Kuba/.ivy2/cache/org.webjars/webjars-locator-core/jars/webjars-locator-core-0.30.jar, file:/C:/Users/Kuba/.ivy2/cache/org.apache.commons/commons-compress/jars/commons-compress-1.9.jar, file:/C:/Users/Kuba/.ivy2/cache/net.codingwell/scala-guice_2.11/jars/scala-guice_2.11-4.0.1.jar, file:/C:/Users/Kuba/.ivy2/cache/com.google.inject.extensions/guice-multibindings/jars/guice-multibindings-4.0.jar, file:/C:/Users/Kuba/.ivy2/cache/com.iheart/ficus_2.11/jars/ficus_2.11-1.2.6.jar, file:/C:/Users/Kuba/.ivy2/cache/org.typelevel/macro-compat_2.11/jars/macro-compat_2.11-1.1.1.jar, file:/C:/Users/Kuba/.ivy2/cache/com.typesafe.play/play-mailer_2.11/jars/play-mailer_2.11-5.0.0.jar, file:/C:/Users/Kuba/.ivy2/cache/org.apache.commons/commons-email/jars/commons-email-1.4.jar, file:/C:/Users/Kuba/.ivy2/cache/com.sun.mail/javax.mail/jars/javax.mail-1.5.2.jar, file:/C:/Users/Kuba/.ivy2/cache/javax.activation/activation/jars/activation-1.1.1.jar, file:/C:/Users/Kuba/.ivy2/cache/com.enragedginger/akka-quartz-scheduler_2.11/jars/akka-quartz-scheduler_2.11-1.5.0-akka-2.4.x.jar, file:/C:/Users/Kuba/.ivy2/cache/org.quartz-scheduler/quartz/jars/quartz-2.2.2.jar, file:/C:/Users/Kuba/.ivy2/cache/c3p0/c3p0/jars/c3p0-0.9.1.1.jar, file:/C:/Users/Kuba/.ivy2/cache/com.adrianhurt/play-bootstrap_2.11/jars/play-bootstrap_2.11-1.0-P25-B3.jar, file:/C:/Users/Kuba/.ivy2/cache/com.typesafe.play/filters-helpers_2.11/jars/filters-helpers_2.11-2.5.4.jar, file:/C:/Users/Kuba/.ivy2/cache/com.typesafe.play/play-java_2.11/jars/play-java_2.11-2.5.4.jar, file:/C:/Users/Kuba/Downloads/activator-dist-1.3.12/repository/org.yaml/snakeyaml/1.16/bundles/snakeyaml.jar, file:/C:/Users/Kuba/Downloads/activator-dist-1.3.12/repository/org.hibernate/hibernate-validator/5.2.4.Final/jars/hibernate-validator.jar, file:/C:/Users/Kuba/Downloads/activator-dist-1.3.12/repository/javax.validation/validation-api/1.1.0.Final/jars/validation-api.jar, file:/C:/Users/Kuba/Downloads/activator-dist-1.3.12/repository/org.jboss.logging/jboss-logging/3.2.1.Final/jars/jboss-logging.jar, file:/C:/Users/Kuba/Downloads/activator-dist-1.3.12/repository/com.fasterxml/classmate/1.1.0/bundles/classmate.jar, file:/C:/Users/Kuba/Downloads/activator-dist-1.3.12/repository/javax.el/javax.el-api/3.0.0/jars/javax.el-api.jar, file:/C:/Users/Kuba/.ivy2/cache/org.springframework/spring-context/jars/spring-context-4.2.4.RELEASE.jar, file:/C:/Users/Kuba/.ivy2/cache/org.springframework/spring-core/jars/spring-core-4.2.4.RELEASE.jar, file:/C:/Users/Kuba/.ivy2/cache/org.springframework/spring-beans/jars/spring-beans-4.2.4.RELEASE.jar, file:/C:/Users/Kuba/Downloads/activator-dist-1.3.12/repository/org.reflections/reflections/0.9.10/jars/reflections.jar, file:/C:/Users/Kuba/Downloads/activator-dist-1.3.12/repository/net.jodah/typetools/0.4.4/bundles/typetools.jar, file:/C:/Users/Kuba/.ivy2/cache/com.google.code.findbugs/jsr305/jars/jsr305-3.0.1.jar, file:/C:/Users/Kuba/Downloads/activator-dist-1.3.12/repository/org.apache.tomcat/tomcat-servlet-api/8.0.33/jars/tomcat-servlet-api.jar, file:/C:/Users/Kuba/.ivy2/cache/com.adrianhurt/play-bootstrap-core_2.11/jars/play-bootstrap-core_2.11-1.0-P25.jar, file:/C:/Users/Kuba/.ivy2/cache/org.webjars/bootstrap/jars/bootstrap-3.3.6.jar, file:/C:/Users/Kuba/.ivy2/cache/org.webjars/jquery/jars/jquery-2.1.4.jar}
16:45:22.940 [ForkJoinPool-8-worker-1] DEBUG c.google.inject.internal.BytecodeGen - Loading class play.inject.DelegateApplicationLifecycle FastClass with PlayDependencyClassLoader{file:/C:/Users/Kuba/IdeaProjects/play-silhouette-seed-master/lib/connect-four.jar, file:/C:/Users/Kuba/IdeaProjects/play-silhouette-seed-master/lib/sudoku.jar, file:/C:/Users/Kuba/.ivy2/cache/org.scala-lang/scala-library/jars/scala-library-2.11.8.jar, file:/C:/Users/Kuba/Downloads/activator-dist-1.3.12/repository/com.typesafe.play/twirl-api_2.11/1.1.1/jars/twirl-api_2.11.jar, file:/C:/Users/Kuba/.ivy2/cache/org.apache.commons/commons-lang3/jars/commons-lang3-3.4.jar, file:/C:/Users/Kuba/.ivy2/cache/org.scala-lang.modules/scala-xml_2.11/bundles/scala-xml_2.11-1.0.1.jar, file:/C:/Users/Kuba/.ivy2/cache/com.typesafe.play/play-server_2.11/jars/play-server_2.11-2.5.4.jar, file:/C:/Users/Kuba/.ivy2/cache/com.typesafe.play/play_2.11/jars/play_2.11-2.5.4.jar, file:/C:/Users/Kuba/.ivy2/cache/com.typesafe.play/build-link/jars/build-link-2.5.4.jar, file:/C:/Users/Kuba/.ivy2/cache/com.typesafe.play/play-exceptions/jars/play-exceptions-2.5.4.jar, file:/C:/Users/Kuba/.ivy2/cache/com.typesafe.play/play-iteratees_2.11/jars/play-iteratees_2.11-2.5.4.jar, file:/C:/Users/Kuba/.ivy2/cache/org.scala-stm/scala-stm_2.11/jars/scala-stm_2.11-0.7.jar, file:/C:/Users/Kuba/Downloads/activator-dist-1.3.12/repository/com.typesafe/config/1.3.0/bundles/config.jar, file:/C:/Users/Kuba/.ivy2/cache/ch.qos.logback/logback-classic/jars/logback-classic-1.1.7.jar, file:/C:/Users/Kuba/.ivy2/cache/ch.qos.logback/logback-core/jars/logback-core-1.1.7.jar, file:/C:/Users/Kuba/.ivy2/cache/com.typesafe.play/play-json_2.11/jars/play-json_2.11-2.5.4.jar, file:/C:/Users/Kuba/.ivy2/cache/com.typesafe.play/play-functional_2.11/jars/play-functional_2.11-2.5.4.jar, file:/C:/Users/Kuba/.ivy2/cache/com.typesafe.play/play-datacommons_2.11/jars/play-datacommons_2.11-2.5.4.jar, file:/C:/Users/Kuba/Downloads/activator-dist-1.3.12/repository/joda-time/joda-time/2.9.2/jars/joda-time.jar, file:/C:/Users/Kuba/Downloads/activator-dist-1.3.12/repository/org.joda/joda-convert/1.8.1/jars/joda-convert.jar, file:/C:/Users/Kuba/Downloads/activator-dist-1.3.12/repository/org.scala-lang/scala-reflect/2.11.7/jars/scala-reflect.jar, file:/C:/Users/Kuba/Downloads/activator-dist-1.3.12/repository/com.fasterxml.jackson.core/jackson-core/2.7.1/bundles/jackson-core.jar, file:/C:/Users/Kuba/Downloads/activator-dist-1.3.12/repository/com.fasterxml.jackson.core/jackson-annotations/2.7.1/bundles/jackson-annotations.jar, file:/C:/Users/Kuba/Downloads/activator-dist-1.3.12/repository/com.fasterxml.jackson.core/jackson-databind/2.7.1/bundles/jackson-databind.jar, file:/C:/Users/Kuba/Downloads/activator-dist-1.3.12/repository/com.fasterxml.jackson.datatype/jackson-datatype-jdk8/2.7.1/bundles/jackson-datatype-jdk8.jar, file:/C:/Users/Kuba/Downloads/activator-dist-1.3.12/repository/com.fasterxml.jackson.datatype/jackson-datatype-jsr310/2.7.1/bundles/jackson-datatype-jsr310.jar, file:/C:/Users/Kuba/.ivy2/cache/com.typesafe.play/play-netty-utils/jars/play-netty-utils-2.5.4.jar, file:/C:/Users/Kuba/.ivy2/cache/org.slf4j/jul-to-slf4j/jars/jul-to-slf4j-1.7.19.jar, file:/C:/Users/Kuba/.ivy2/cache/org.slf4j/jcl-over-slf4j/jars/jcl-over-slf4j-1.7.19.jar, file:/C:/Users/Kuba/.ivy2/cache/com.typesafe.play/play-streams_2.11/jars/play-streams_2.11-2.5.4.jar, file:/C:/Users/Kuba/.ivy2/cache/org.reactivestreams/reactive-streams/jars/reactive-streams-1.0.0.jar, file:/C:/Users/Kuba/.ivy2/cache/com.typesafe.akka/akka-stream_2.11/jars/akka-stream_2.11-2.4.4.jar, file:/C:/Users/Kuba/.ivy2/cache/com.typesafe.akka/akka-actor_2.11/jars/akka-actor_2.11-2.4.4.jar, file:/C:/Users/Kuba/Downloads/activator-dist-1.3.12/repository/org.scala-lang.modules/scala-java8-compat_2.11/0.7.0/bundles/scala-java8-compat_2.11.jar, file:/C:/Users/Kuba/Downloads/activator-dist-1.3.12/repository/com.typesafe/ssl-config-akka_2.11/0.2.1/bundles/ssl-config-akka_2.11.jar, file:/C:/Users/Kuba/.ivy2/cache/com.typesafe/ssl-config-core_2.11/bundles/ssl-config-core_2.11-0.2.1.jar, file:/C:/Users/Kuba/.ivy2/cache/org.scala-lang.modules/scala-parser-combinators_2.11/bundles/scala-parser-combinators_2.11-1.0.4.jar, file:/C:/Users/Kuba/.ivy2/cache/com.typesafe.akka/akka-slf4j_2.11/jars/akka-slf4j_2.11-2.4.4.jar, file:/C:/Users/Kuba/.ivy2/cache/commons-codec/commons-codec/jars/commons-codec-1.10.jar, file:/C:/Users/Kuba/.ivy2/cache/xerces/xercesImpl/jars/xercesImpl-2.11.0.jar, file:/C:/Users/Kuba/.ivy2/cache/xml-apis/xml-apis/jars/xml-apis-1.4.01.jar, file:/C:/Users/Kuba/.ivy2/cache/javax.transaction/jta/jars/jta-1.1.jar, file:/C:/Users/Kuba/Downloads/activator-dist-1.3.12/repository/com.google.inject/guice/4.0/jars/guice.jar, file:/C:/Users/Kuba/.ivy2/cache/javax.inject/javax.inject/jars/javax.inject-1.jar, file:/C:/Users/Kuba/.ivy2/cache/aopalliance/aopalliance/jars/aopalliance-1.0.jar, file:/C:/Users/Kuba/Downloads/activator-dist-1.3.12/repository/com.google.inject.extensions/guice-assistedinject/4.0/jars/guice-assistedinject.jar, file:/C:/Users/Kuba/.ivy2/cache/com.typesafe.play/play-netty-server_2.11/jars/play-netty-server_2.11-2.5.4.jar, file:/C:/Users/Kuba/.ivy2/cache/com.typesafe.netty/netty-reactive-streams-http/jars/netty-reactive-streams-http-1.0.6.jar, file:/C:/Users/Kuba/.ivy2/cache/com.typesafe.netty/netty-reactive-streams/jars/netty-reactive-streams-1.0.6.jar, file:/C:/Users/Kuba/.ivy2/cache/io.netty/netty-handler/jars/netty-handler-4.0.36.Final.jar, file:/C:/Users/Kuba/.ivy2/cache/io.netty/netty-buffer/jars/netty-buffer-4.0.36.Final.jar, file:/C:/Users/Kuba/.ivy2/cache/io.netty/netty-common/jars/netty-common-4.0.36.Final.jar, file:/C:/Users/Kuba/.ivy2/cache/io.netty/netty-transport/jars/netty-transport-4.0.36.Final.jar, file:/C:/Users/Kuba/.ivy2/cache/io.netty/netty-codec/jars/netty-codec-4.0.36.Final.jar, file:/C:/Users/Kuba/.ivy2/cache/io.netty/netty-codec-http/jars/netty-codec-http-4.0.36.Final.jar, file:/C:/Users/Kuba/.ivy2/cache/io.netty/netty-transport-native-epoll/jars/netty-transport-native-epoll-4.0.36.Final-linux-x86_64.jar, file:/C:/Users/Kuba/.ivy2/cache/com.typesafe.play/play-logback_2.11/jars/play-logback_2.11-2.5.4.jar, file:/C:/Users/Kuba/.ivy2/cache/org.scala-lang/scala-swing/jars/scala-swing-2.11.0-M7.jar, file:/C:/Users/Kuba/.ivy2/cache/com.mohiva/play-silhouette_2.11/jars/play-silhouette_2.11-4.0.0.jar, file:/C:/Users/Kuba/.ivy2/cache/com.typesafe.play/play-cache_2.11/jars/play-cache_2.11-2.5.4.jar, file:/C:/Users/Kuba/Downloads/activator-dist-1.3.12/repository/net.sf.ehcache/ehcache-core/2.6.11/jars/ehcache-core.jar, file:/C:/Users/Kuba/.ivy2/cache/com.typesafe.play/play-ws_2.11/jars/play-ws_2.11-2.5.4.jar, file:/C:/Users/Kuba/.ivy2/cache/com.google.guava/guava/bundles/guava-19.0.jar, file:/C:/Users/Kuba/.ivy2/cache/org.asynchttpclient/async-http-client/jars/async-http-client-2.0.2.jar, file:/C:/Users/Kuba/.ivy2/cache/org.asynchttpclient/netty-resolver-dns/jars/netty-resolver-dns-2.0.2.jar, file:/C:/Users/Kuba/.ivy2/cache/org.asynchttpclient/netty-resolver/jars/netty-resolver-2.0.2.jar, file:/C:/Users/Kuba/.ivy2/cache/org.slf4j/slf4j-api/jars/slf4j-api-1.7.21.jar, file:/C:/Users/Kuba/.ivy2/cache/org.asynchttpclient/netty-codec-dns/jars/netty-codec-dns-2.0.2.jar, file:/C:/Users/Kuba/.ivy2/cache/org.javassist/javassist/bundles/javassist-3.20.0-GA.jar, file:/C:/Users/Kuba/.ivy2/cache/oauth.signpost/signpost-core/jars/signpost-core-1.2.1.2.jar, file:/C:/Users/Kuba/.ivy2/cache/oauth.signpost/signpost-commonshttp4/jars/signpost-commonshttp4-1.2.1.2.jar, file:/C:/Users/Kuba/.ivy2/cache/org.apache.httpcomponents/httpcore/jars/httpcore-4.0.1.jar, file:/C:/Users/Kuba/.ivy2/cache/org.apache.httpcomponents/httpclient/jars/httpclient-4.0.1.jar, file:/C:/Users/Kuba/.ivy2/cache/commons-logging/commons-logging/jars/commons-logging-1.1.1.jar, file:/C:/Users/Kuba/.ivy2/cache/com.atlassian.jwt/jwt-core/jars/jwt-core-1.5.8.jar, file:/C:/Users/Kuba/.ivy2/cache/com.nimbusds/nimbus-jose-jwt/jars/nimbus-jose-jwt-2.16.jar, file:/C:/Users/Kuba/.ivy2/cache/net.jcip/jcip-annotations/jars/jcip-annotations-1.0.jar, file:/C:/Users/Kuba/.ivy2/cache/net.minidev/json-smart/jars/json-smart-1.1.1.jar, file:/C:/Users/Kuba/.ivy2/cache/javax.mail/mail/jars/mail-1.4.7.jar, file:/C:/Users/Kuba/.ivy2/cache/org.bouncycastle/bcprov-jdk15on/jars/bcprov-jdk15on-1.51.jar, file:/C:/Users/Kuba/.ivy2/cache/org.bouncycastle/bcpkix-jdk15on/jars/bcpkix-jdk15on-1.51.jar, file:/C:/Users/Kuba/.ivy2/cache/com.atlassian.jwt/jwt-api/jars/jwt-api-1.5.8.jar, file:/C:/Users/Kuba/.ivy2/cache/com.mohiva/play-silhouette-password-bcrypt_2.11/jars/play-silhouette-password-bcrypt_2.11-4.0.0.jar, file:/C:/Users/Kuba/.ivy2/cache/de.svenkubiak/jBCrypt/bundles/jBCrypt-0.4.1.jar, file:/C:/Users/Kuba/.ivy2/cache/com.mohiva/play-silhouette-persistence_2.11/jars/play-silhouette-persistence_2.11-4.0.0.jar, file:/C:/Users/Kuba/.ivy2/cache/com.mohiva/play-silhouette-crypto-jca_2.11/jars/play-silhouette-crypto-jca_2.11-4.0.0.jar, file:/C:/Users/Kuba/.ivy2/cache/org.webjars/webjars-play_2.11/jars/webjars-play_2.11-2.5.0-2.jar, file:/C:/Users/Kuba/.ivy2/cache/org.webjars/requirejs/jars/requirejs-2.1.20.jar, file:/C:/Users/Kuba/.ivy2/cache/org.webjars/webjars-locator/jars/webjars-locator-0.31.jar, file:/C:/Users/Kuba/.ivy2/cache/org.webjars/webjars-locator-core/jars/webjars-locator-core-0.30.jar, file:/C:/Users/Kuba/.ivy2/cache/org.apache.commons/commons-compress/jars/commons-compress-1.9.jar, file:/C:/Users/Kuba/.ivy2/cache/net.codingwell/scala-guice_2.11/jars/scala-guice_2.11-4.0.1.jar, file:/C:/Users/Kuba/.ivy2/cache/com.google.inject.extensions/guice-multibindings/jars/guice-multibindings-4.0.jar, file:/C:/Users/Kuba/.ivy2/cache/com.iheart/ficus_2.11/jars/ficus_2.11-1.2.6.jar, file:/C:/Users/Kuba/.ivy2/cache/org.typelevel/macro-compat_2.11/jars/macro-compat_2.11-1.1.1.jar, file:/C:/Users/Kuba/.ivy2/cache/com.typesafe.play/play-mailer_2.11/jars/play-mailer_2.11-5.0.0.jar, file:/C:/Users/Kuba/.ivy2/cache/org.apache.commons/commons-email/jars/commons-email-1.4.jar, file:/C:/Users/Kuba/.ivy2/cache/com.sun.mail/javax.mail/jars/javax.mail-1.5.2.jar, file:/C:/Users/Kuba/.ivy2/cache/javax.activation/activation/jars/activation-1.1.1.jar, file:/C:/Users/Kuba/.ivy2/cache/com.enragedginger/akka-quartz-scheduler_2.11/jars/akka-quartz-scheduler_2.11-1.5.0-akka-2.4.x.jar, file:/C:/Users/Kuba/.ivy2/cache/org.quartz-scheduler/quartz/jars/quartz-2.2.2.jar, file:/C:/Users/Kuba/.ivy2/cache/c3p0/c3p0/jars/c3p0-0.9.1.1.jar, file:/C:/Users/Kuba/.ivy2/cache/com.adrianhurt/play-bootstrap_2.11/jars/play-bootstrap_2.11-1.0-P25-B3.jar, file:/C:/Users/Kuba/.ivy2/cache/com.typesafe.play/filters-helpers_2.11/jars/filters-helpers_2.11-2.5.4.jar, file:/C:/Users/Kuba/.ivy2/cache/com.typesafe.play/play-java_2.11/jars/play-java_2.11-2.5.4.jar, file:/C:/Users/Kuba/Downloads/activator-dist-1.3.12/repository/org.yaml/snakeyaml/1.16/bundles/snakeyaml.jar, file:/C:/Users/Kuba/Downloads/activator-dist-1.3.12/repository/org.hibernate/hibernate-validator/5.2.4.Final/jars/hibernate-validator.jar, file:/C:/Users/Kuba/Downloads/activator-dist-1.3.12/repository/javax.validation/validation-api/1.1.0.Final/jars/validation-api.jar, file:/C:/Users/Kuba/Downloads/activator-dist-1.3.12/repository/org.jboss.logging/jboss-logging/3.2.1.Final/jars/jboss-logging.jar, file:/C:/Users/Kuba/Downloads/activator-dist-1.3.12/repository/com.fasterxml/classmate/1.1.0/bundles/classmate.jar, file:/C:/Users/Kuba/Downloads/activator-dist-1.3.12/repository/javax.el/javax.el-api/3.0.0/jars/javax.el-api.jar, file:/C:/Users/Kuba/.ivy2/cache/org.springframework/spring-context/jars/spring-context-4.2.4.RELEASE.jar, file:/C:/Users/Kuba/.ivy2/cache/org.springframework/spring-core/jars/spring-core-4.2.4.RELEASE.jar, file:/C:/Users/Kuba/.ivy2/cache/org.springframework/spring-beans/jars/spring-beans-4.2.4.RELEASE.jar, file:/C:/Users/Kuba/Downloads/activator-dist-1.3.12/repository/org.reflections/reflections/0.9.10/jars/reflections.jar, file:/C:/Users/Kuba/Downloads/activator-dist-1.3.12/repository/net.jodah/typetools/0.4.4/bundles/typetools.jar, file:/C:/Users/Kuba/.ivy2/cache/com.google.code.findbugs/jsr305/jars/jsr305-3.0.1.jar, file:/C:/Users/Kuba/Downloads/activator-dist-1.3.12/repository/org.apache.tomcat/tomcat-servlet-api/8.0.33/jars/tomcat-servlet-api.jar, file:/C:/Users/Kuba/.ivy2/cache/com.adrianhurt/play-bootstrap-core_2.11/jars/play-bootstrap-core_2.11-1.0-P25.jar, file:/C:/Users/Kuba/.ivy2/cache/org.webjars/bootstrap/jars/bootstrap-3.3.6.jar, file:/C:/Users/Kuba/.ivy2/cache/org.webjars/jquery/jars/jquery-2.1.4.jar}
16:45:22.942 [ForkJoinPool-8-worker-1] DEBUG c.google.inject.internal.BytecodeGen - Loading class play.inject.ConfigurationProvider FastClass with PlayDependencyClassLoader{file:/C:/Users/Kuba/IdeaProjects/play-silhouette-seed-master/lib/connect-four.jar, file:/C:/Users/Kuba/IdeaProjects/play-silhouette-seed-master/lib/sudoku.jar, file:/C:/Users/Kuba/.ivy2/cache/org.scala-lang/scala-library/jars/scala-library-2.11.8.jar, file:/C:/Users/Kuba/Downloads/activator-dist-1.3.12/repository/com.typesafe.play/twirl-api_2.11/1.1.1/jars/twirl-api_2.11.jar, file:/C:/Users/Kuba/.ivy2/cache/org.apache.commons/commons-lang3/jars/commons-lang3-3.4.jar, file:/C:/Users/Kuba/.ivy2/cache/org.scala-lang.modules/scala-xml_2.11/bundles/scala-xml_2.11-1.0.1.jar, file:/C:/Users/Kuba/.ivy2/cache/com.typesafe.play/play-server_2.11/jars/play-server_2.11-2.5.4.jar, file:/C:/Users/Kuba/.ivy2/cache/com.typesafe.play/play_2.11/jars/play_2.11-2.5.4.jar, file:/C:/Users/Kuba/.ivy2/cache/com.typesafe.play/build-link/jars/build-link-2.5.4.jar, file:/C:/Users/Kuba/.ivy2/cache/com.typesafe.play/play-exceptions/jars/play-exceptions-2.5.4.jar, file:/C:/Users/Kuba/.ivy2/cache/com.typesafe.play/play-iteratees_2.11/jars/play-iteratees_2.11-2.5.4.jar, file:/C:/Users/Kuba/.ivy2/cache/org.scala-stm/scala-stm_2.11/jars/scala-stm_2.11-0.7.jar, file:/C:/Users/Kuba/Downloads/activator-dist-1.3.12/repository/com.typesafe/config/1.3.0/bundles/config.jar, file:/C:/Users/Kuba/.ivy2/cache/ch.qos.logback/logback-classic/jars/logback-classic-1.1.7.jar, file:/C:/Users/Kuba/.ivy2/cache/ch.qos.logback/logback-core/jars/logback-core-1.1.7.jar, file:/C:/Users/Kuba/.ivy2/cache/com.typesafe.play/play-json_2.11/jars/play-json_2.11-2.5.4.jar, file:/C:/Users/Kuba/.ivy2/cache/com.typesafe.play/play-functional_2.11/jars/play-functional_2.11-2.5.4.jar, file:/C:/Users/Kuba/.ivy2/cache/com.typesafe.play/play-datacommons_2.11/jars/play-datacommons_2.11-2.5.4.jar, file:/C:/Users/Kuba/Downloads/activator-dist-1.3.12/repository/joda-time/joda-time/2.9.2/jars/joda-time.jar, file:/C:/Users/Kuba/Downloads/activator-dist-1.3.12/repository/org.joda/joda-convert/1.8.1/jars/joda-convert.jar, file:/C:/Users/Kuba/Downloads/activator-dist-1.3.12/repository/org.scala-lang/scala-reflect/2.11.7/jars/scala-reflect.jar, file:/C:/Users/Kuba/Downloads/activator-dist-1.3.12/repository/com.fasterxml.jackson.core/jackson-core/2.7.1/bundles/jackson-core.jar, file:/C:/Users/Kuba/Downloads/activator-dist-1.3.12/repository/com.fasterxml.jackson.core/jackson-annotations/2.7.1/bundles/jackson-annotations.jar, file:/C:/Users/Kuba/Downloads/activator-dist-1.3.12/repository/com.fasterxml.jackson.core/jackson-databind/2.7.1/bundles/jackson-databind.jar, file:/C:/Users/Kuba/Downloads/activator-dist-1.3.12/repository/com.fasterxml.jackson.datatype/jackson-datatype-jdk8/2.7.1/bundles/jackson-datatype-jdk8.jar, file:/C:/Users/Kuba/Downloads/activator-dist-1.3.12/repository/com.fasterxml.jackson.datatype/jackson-datatype-jsr310/2.7.1/bundles/jackson-datatype-jsr310.jar, file:/C:/Users/Kuba/.ivy2/cache/com.typesafe.play/play-netty-utils/jars/play-netty-utils-2.5.4.jar, file:/C:/Users/Kuba/.ivy2/cache/org.slf4j/jul-to-slf4j/jars/jul-to-slf4j-1.7.19.jar, file:/C:/Users/Kuba/.ivy2/cache/org.slf4j/jcl-over-slf4j/jars/jcl-over-slf4j-1.7.19.jar, file:/C:/Users/Kuba/.ivy2/cache/com.typesafe.play/play-streams_2.11/jars/play-streams_2.11-2.5.4.jar, file:/C:/Users/Kuba/.ivy2/cache/org.reactivestreams/reactive-streams/jars/reactive-streams-1.0.0.jar, file:/C:/Users/Kuba/.ivy2/cache/com.typesafe.akka/akka-stream_2.11/jars/akka-stream_2.11-2.4.4.jar, file:/C:/Users/Kuba/.ivy2/cache/com.typesafe.akka/akka-actor_2.11/jars/akka-actor_2.11-2.4.4.jar, file:/C:/Users/Kuba/Downloads/activator-dist-1.3.12/repository/org.scala-lang.modules/scala-java8-compat_2.11/0.7.0/bundles/scala-java8-compat_2.11.jar, file:/C:/Users/Kuba/Downloads/activator-dist-1.3.12/repository/com.typesafe/ssl-config-akka_2.11/0.2.1/bundles/ssl-config-akka_2.11.jar, file:/C:/Users/Kuba/.ivy2/cache/com.typesafe/ssl-config-core_2.11/bundles/ssl-config-core_2.11-0.2.1.jar, file:/C:/Users/Kuba/.ivy2/cache/org.scala-lang.modules/scala-parser-combinators_2.11/bundles/scala-parser-combinators_2.11-1.0.4.jar, file:/C:/Users/Kuba/.ivy2/cache/com.typesafe.akka/akka-slf4j_2.11/jars/akka-slf4j_2.11-2.4.4.jar, file:/C:/Users/Kuba/.ivy2/cache/commons-codec/commons-codec/jars/commons-codec-1.10.jar, file:/C:/Users/Kuba/.ivy2/cache/xerces/xercesImpl/jars/xercesImpl-2.11.0.jar, file:/C:/Users/Kuba/.ivy2/cache/xml-apis/xml-apis/jars/xml-apis-1.4.01.jar, file:/C:/Users/Kuba/.ivy2/cache/javax.transaction/jta/jars/jta-1.1.jar, file:/C:/Users/Kuba/Downloads/activator-dist-1.3.12/repository/com.google.inject/guice/4.0/jars/guice.jar, file:/C:/Users/Kuba/.ivy2/cache/javax.inject/javax.inject/jars/javax.inject-1.jar, file:/C:/Users/Kuba/.ivy2/cache/aopalliance/aopalliance/jars/aopalliance-1.0.jar, file:/C:/Users/Kuba/Downloads/activator-dist-1.3.12/repository/com.google.inject.extensions/guice-assistedinject/4.0/jars/guice-assistedinject.jar, file:/C:/Users/Kuba/.ivy2/cache/com.typesafe.play/play-netty-server_2.11/jars/play-netty-server_2.11-2.5.4.jar, file:/C:/Users/Kuba/.ivy2/cache/com.typesafe.netty/netty-reactive-streams-http/jars/netty-reactive-streams-http-1.0.6.jar, file:/C:/Users/Kuba/.ivy2/cache/com.typesafe.netty/netty-reactive-streams/jars/netty-reactive-streams-1.0.6.jar, file:/C:/Users/Kuba/.ivy2/cache/io.netty/netty-handler/jars/netty-handler-4.0.36.Final.jar, file:/C:/Users/Kuba/.ivy2/cache/io.netty/netty-buffer/jars/netty-buffer-4.0.36.Final.jar, file:/C:/Users/Kuba/.ivy2/cache/io.netty/netty-common/jars/netty-common-4.0.36.Final.jar, file:/C:/Users/Kuba/.ivy2/cache/io.netty/netty-transport/jars/netty-transport-4.0.36.Final.jar, file:/C:/Users/Kuba/.ivy2/cache/io.netty/netty-codec/jars/netty-codec-4.0.36.Final.jar, file:/C:/Users/Kuba/.ivy2/cache/io.netty/netty-codec-http/jars/netty-codec-http-4.0.36.Final.jar, file:/C:/Users/Kuba/.ivy2/cache/io.netty/netty-transport-native-epoll/jars/netty-transport-native-epoll-4.0.36.Final-linux-x86_64.jar, file:/C:/Users/Kuba/.ivy2/cache/com.typesafe.play/play-logback_2.11/jars/play-logback_2.11-2.5.4.jar, file:/C:/Users/Kuba/.ivy2/cache/org.scala-lang/scala-swing/jars/scala-swing-2.11.0-M7.jar, file:/C:/Users/Kuba/.ivy2/cache/com.mohiva/play-silhouette_2.11/jars/play-silhouette_2.11-4.0.0.jar, file:/C:/Users/Kuba/.ivy2/cache/com.typesafe.play/play-cache_2.11/jars/play-cache_2.11-2.5.4.jar, file:/C:/Users/Kuba/Downloads/activator-dist-1.3.12/repository/net.sf.ehcache/ehcache-core/2.6.11/jars/ehcache-core.jar, file:/C:/Users/Kuba/.ivy2/cache/com.typesafe.play/play-ws_2.11/jars/play-ws_2.11-2.5.4.jar, file:/C:/Users/Kuba/.ivy2/cache/com.google.guava/guava/bundles/guava-19.0.jar, file:/C:/Users/Kuba/.ivy2/cache/org.asynchttpclient/async-http-client/jars/async-http-client-2.0.2.jar, file:/C:/Users/Kuba/.ivy2/cache/org.asynchttpclient/netty-resolver-dns/jars/netty-resolver-dns-2.0.2.jar, file:/C:/Users/Kuba/.ivy2/cache/org.asynchttpclient/netty-resolver/jars/netty-resolver-2.0.2.jar, file:/C:/Users/Kuba/.ivy2/cache/org.slf4j/slf4j-api/jars/slf4j-api-1.7.21.jar, file:/C:/Users/Kuba/.ivy2/cache/org.asynchttpclient/netty-codec-dns/jars/netty-codec-dns-2.0.2.jar, file:/C:/Users/Kuba/.ivy2/cache/org.javassist/javassist/bundles/javassist-3.20.0-GA.jar, file:/C:/Users/Kuba/.ivy2/cache/oauth.signpost/signpost-core/jars/signpost-core-1.2.1.2.jar, file:/C:/Users/Kuba/.ivy2/cache/oauth.signpost/signpost-commonshttp4/jars/signpost-commonshttp4-1.2.1.2.jar, file:/C:/Users/Kuba/.ivy2/cache/org.apache.httpcomponents/httpcore/jars/httpcore-4.0.1.jar, file:/C:/Users/Kuba/.ivy2/cache/org.apache.httpcomponents/httpclient/jars/httpclient-4.0.1.jar, file:/C:/Users/Kuba/.ivy2/cache/commons-logging/commons-logging/jars/commons-logging-1.1.1.jar, file:/C:/Users/Kuba/.ivy2/cache/com.atlassian.jwt/jwt-core/jars/jwt-core-1.5.8.jar, file:/C:/Users/Kuba/.ivy2/cache/com.nimbusds/nimbus-jose-jwt/jars/nimbus-jose-jwt-2.16.jar, file:/C:/Users/Kuba/.ivy2/cache/net.jcip/jcip-annotations/jars/jcip-annotations-1.0.jar, file:/C:/Users/Kuba/.ivy2/cache/net.minidev/json-smart/jars/json-smart-1.1.1.jar, file:/C:/Users/Kuba/.ivy2/cache/javax.mail/mail/jars/mail-1.4.7.jar, file:/C:/Users/Kuba/.ivy2/cache/org.bouncycastle/bcprov-jdk15on/jars/bcprov-jdk15on-1.51.jar, file:/C:/Users/Kuba/.ivy2/cache/org.bouncycastle/bcpkix-jdk15on/jars/bcpkix-jdk15on-1.51.jar, file:/C:/Users/Kuba/.ivy2/cache/com.atlassian.jwt/jwt-api/jars/jwt-api-1.5.8.jar, file:/C:/Users/Kuba/.ivy2/cache/com.mohiva/play-silhouette-password-bcrypt_2.11/jars/play-silhouette-password-bcrypt_2.11-4.0.0.jar, file:/C:/Users/Kuba/.ivy2/cache/de.svenkubiak/jBCrypt/bundles/jBCrypt-0.4.1.jar, file:/C:/Users/Kuba/.ivy2/cache/com.mohiva/play-silhouette-persistence_2.11/jars/play-silhouette-persistence_2.11-4.0.0.jar, file:/C:/Users/Kuba/.ivy2/cache/com.mohiva/play-silhouette-crypto-jca_2.11/jars/play-silhouette-crypto-jca_2.11-4.0.0.jar, file:/C:/Users/Kuba/.ivy2/cache/org.webjars/webjars-play_2.11/jars/webjars-play_2.11-2.5.0-2.jar, file:/C:/Users/Kuba/.ivy2/cache/org.webjars/requirejs/jars/requirejs-2.1.20.jar, file:/C:/Users/Kuba/.ivy2/cache/org.webjars/webjars-locator/jars/webjars-locator-0.31.jar, file:/C:/Users/Kuba/.ivy2/cache/org.webjars/webjars-locator-core/jars/webjars-locator-core-0.30.jar, file:/C:/Users/Kuba/.ivy2/cache/org.apache.commons/commons-compress/jars/commons-compress-1.9.jar, file:/C:/Users/Kuba/.ivy2/cache/net.codingwell/scala-guice_2.11/jars/scala-guice_2.11-4.0.1.jar, file:/C:/Users/Kuba/.ivy2/cache/com.google.inject.extensions/guice-multibindings/jars/guice-multibindings-4.0.jar, file:/C:/Users/Kuba/.ivy2/cache/com.iheart/ficus_2.11/jars/ficus_2.11-1.2.6.jar, file:/C:/Users/Kuba/.ivy2/cache/org.typelevel/macro-compat_2.11/jars/macro-compat_2.11-1.1.1.jar, file:/C:/Users/Kuba/.ivy2/cache/com.typesafe.play/play-mailer_2.11/jars/play-mailer_2.11-5.0.0.jar, file:/C:/Users/Kuba/.ivy2/cache/org.apache.commons/commons-email/jars/commons-email-1.4.jar, file:/C:/Users/Kuba/.ivy2/cache/com.sun.mail/javax.mail/jars/javax.mail-1.5.2.jar, file:/C:/Users/Kuba/.ivy2/cache/javax.activation/activation/jars/activation-1.1.1.jar, file:/C:/Users/Kuba/.ivy2/cache/com.enragedginger/akka-quartz-scheduler_2.11/jars/akka-quartz-scheduler_2.11-1.5.0-akka-2.4.x.jar, file:/C:/Users/Kuba/.ivy2/cache/org.quartz-scheduler/quartz/jars/quartz-2.2.2.jar, file:/C:/Users/Kuba/.ivy2/cache/c3p0/c3p0/jars/c3p0-0.9.1.1.jar, file:/C:/Users/Kuba/.ivy2/cache/com.adrianhurt/play-bootstrap_2.11/jars/play-bootstrap_2.11-1.0-P25-B3.jar, file:/C:/Users/Kuba/.ivy2/cache/com.typesafe.play/filters-helpers_2.11/jars/filters-helpers_2.11-2.5.4.jar, file:/C:/Users/Kuba/.ivy2/cache/com.typesafe.play/play-java_2.11/jars/play-java_2.11-2.5.4.jar, file:/C:/Users/Kuba/Downloads/activator-dist-1.3.12/repository/org.yaml/snakeyaml/1.16/bundles/snakeyaml.jar, file:/C:/Users/Kuba/Downloads/activator-dist-1.3.12/repository/org.hibernate/hibernate-validator/5.2.4.Final/jars/hibernate-validator.jar, file:/C:/Users/Kuba/Downloads/activator-dist-1.3.12/repository/javax.validation/validation-api/1.1.0.Final/jars/validation-api.jar, file:/C:/Users/Kuba/Downloads/activator-dist-1.3.12/repository/org.jboss.logging/jboss-logging/3.2.1.Final/jars/jboss-logging.jar, file:/C:/Users/Kuba/Downloads/activator-dist-1.3.12/repository/com.fasterxml/classmate/1.1.0/bundles/classmate.jar, file:/C:/Users/Kuba/Downloads/activator-dist-1.3.12/repository/javax.el/javax.el-api/3.0.0/jars/javax.el-api.jar, file:/C:/Users/Kuba/.ivy2/cache/org.springframework/spring-context/jars/spring-context-4.2.4.RELEASE.jar, file:/C:/Users/Kuba/.ivy2/cache/org.springframework/spring-core/jars/spring-core-4.2.4.RELEASE.jar, file:/C:/Users/Kuba/.ivy2/cache/org.springframework/spring-beans/jars/spring-beans-4.2.4.RELEASE.jar, file:/C:/Users/Kuba/Downloads/activator-dist-1.3.12/repository/org.reflections/reflections/0.9.10/jars/reflections.jar, file:/C:/Users/Kuba/Downloads/activator-dist-1.3.12/repository/net.jodah/typetools/0.4.4/bundles/typetools.jar, file:/C:/Users/Kuba/.ivy2/cache/com.google.code.findbugs/jsr305/jars/jsr305-3.0.1.jar, file:/C:/Users/Kuba/Downloads/activator-dist-1.3.12/repository/org.apache.tomcat/tomcat-servlet-api/8.0.33/jars/tomcat-servlet-api.jar, file:/C:/Users/Kuba/.ivy2/cache/com.adrianhurt/play-bootstrap-core_2.11/jars/play-bootstrap-core_2.11-1.0-P25.jar, file:/C:/Users/Kuba/.ivy2/cache/org.webjars/bootstrap/jars/bootstrap-3.3.6.jar, file:/C:/Users/Kuba/.ivy2/cache/org.webjars/jquery/jars/jquery-2.1.4.jar}
16:45:22.944 [ForkJoinPool-8-worker-1] DEBUG c.google.inject.internal.BytecodeGen - Loading class play.data.validation.DefaultConstraintValidatorFactory FastClass with PlayDependencyClassLoader{file:/C:/Users/Kuba/IdeaProjects/play-silhouette-seed-master/lib/connect-four.jar, file:/C:/Users/Kuba/IdeaProjects/play-silhouette-seed-master/lib/sudoku.jar, file:/C:/Users/Kuba/.ivy2/cache/org.scala-lang/scala-library/jars/scala-library-2.11.8.jar, file:/C:/Users/Kuba/Downloads/activator-dist-1.3.12/repository/com.typesafe.play/twirl-api_2.11/1.1.1/jars/twirl-api_2.11.jar, file:/C:/Users/Kuba/.ivy2/cache/org.apache.commons/commons-lang3/jars/commons-lang3-3.4.jar, file:/C:/Users/Kuba/.ivy2/cache/org.scala-lang.modules/scala-xml_2.11/bundles/scala-xml_2.11-1.0.1.jar, file:/C:/Users/Kuba/.ivy2/cache/com.typesafe.play/play-server_2.11/jars/play-server_2.11-2.5.4.jar, file:/C:/Users/Kuba/.ivy2/cache/com.typesafe.play/play_2.11/jars/play_2.11-2.5.4.jar, file:/C:/Users/Kuba/.ivy2/cache/com.typesafe.play/build-link/jars/build-link-2.5.4.jar, file:/C:/Users/Kuba/.ivy2/cache/com.typesafe.play/play-exceptions/jars/play-exceptions-2.5.4.jar, file:/C:/Users/Kuba/.ivy2/cache/com.typesafe.play/play-iteratees_2.11/jars/play-iteratees_2.11-2.5.4.jar, file:/C:/Users/Kuba/.ivy2/cache/org.scala-stm/scala-stm_2.11/jars/scala-stm_2.11-0.7.jar, file:/C:/Users/Kuba/Downloads/activator-dist-1.3.12/repository/com.typesafe/config/1.3.0/bundles/config.jar, file:/C:/Users/Kuba/.ivy2/cache/ch.qos.logback/logback-classic/jars/logback-classic-1.1.7.jar, file:/C:/Users/Kuba/.ivy2/cache/ch.qos.logback/logback-core/jars/logback-core-1.1.7.jar, file:/C:/Users/Kuba/.ivy2/cache/com.typesafe.play/play-json_2.11/jars/play-json_2.11-2.5.4.jar, file:/C:/Users/Kuba/.ivy2/cache/com.typesafe.play/play-functional_2.11/jars/play-functional_2.11-2.5.4.jar, file:/C:/Users/Kuba/.ivy2/cache/com.typesafe.play/play-datacommons_2.11/jars/play-datacommons_2.11-2.5.4.jar, file:/C:/Users/Kuba/Downloads/activator-dist-1.3.12/repository/joda-time/joda-time/2.9.2/jars/joda-time.jar, file:/C:/Users/Kuba/Downloads/activator-dist-1.3.12/repository/org.joda/joda-convert/1.8.1/jars/joda-convert.jar, file:/C:/Users/Kuba/Downloads/activator-dist-1.3.12/repository/org.scala-lang/scala-reflect/2.11.7/jars/scala-reflect.jar, file:/C:/Users/Kuba/Downloads/activator-dist-1.3.12/repository/com.fasterxml.jackson.core/jackson-core/2.7.1/bundles/jackson-core.jar, file:/C:/Users/Kuba/Downloads/activator-dist-1.3.12/repository/com.fasterxml.jackson.core/jackson-annotations/2.7.1/bundles/jackson-annotations.jar, file:/C:/Users/Kuba/Downloads/activator-dist-1.3.12/repository/com.fasterxml.jackson.core/jackson-databind/2.7.1/bundles/jackson-databind.jar, file:/C:/Users/Kuba/Downloads/activator-dist-1.3.12/repository/com.fasterxml.jackson.datatype/jackson-datatype-jdk8/2.7.1/bundles/jackson-datatype-jdk8.jar, file:/C:/Users/Kuba/Downloads/activator-dist-1.3.12/repository/com.fasterxml.jackson.datatype/jackson-datatype-jsr310/2.7.1/bundles/jackson-datatype-jsr310.jar, file:/C:/Users/Kuba/.ivy2/cache/com.typesafe.play/play-netty-utils/jars/play-netty-utils-2.5.4.jar, file:/C:/Users/Kuba/.ivy2/cache/org.slf4j/jul-to-slf4j/jars/jul-to-slf4j-1.7.19.jar, file:/C:/Users/Kuba/.ivy2/cache/org.slf4j/jcl-over-slf4j/jars/jcl-over-slf4j-1.7.19.jar, file:/C:/Users/Kuba/.ivy2/cache/com.typesafe.play/play-streams_2.11/jars/play-streams_2.11-2.5.4.jar, file:/C:/Users/Kuba/.ivy2/cache/org.reactivestreams/reactive-streams/jars/reactive-streams-1.0.0.jar, file:/C:/Users/Kuba/.ivy2/cache/com.typesafe.akka/akka-stream_2.11/jars/akka-stream_2.11-2.4.4.jar, file:/C:/Users/Kuba/.ivy2/cache/com.typesafe.akka/akka-actor_2.11/jars/akka-actor_2.11-2.4.4.jar, file:/C:/Users/Kuba/Downloads/activator-dist-1.3.12/repository/org.scala-lang.modules/scala-java8-compat_2.11/0.7.0/bundles/scala-java8-compat_2.11.jar, file:/C:/Users/Kuba/Downloads/activator-dist-1.3.12/repository/com.typesafe/ssl-config-akka_2.11/0.2.1/bundles/ssl-config-akka_2.11.jar, file:/C:/Users/Kuba/.ivy2/cache/com.typesafe/ssl-config-core_2.11/bundles/ssl-config-core_2.11-0.2.1.jar, file:/C:/Users/Kuba/.ivy2/cache/org.scala-lang.modules/scala-parser-combinators_2.11/bundles/scala-parser-combinators_2.11-1.0.4.jar, file:/C:/Users/Kuba/.ivy2/cache/com.typesafe.akka/akka-slf4j_2.11/jars/akka-slf4j_2.11-2.4.4.jar, file:/C:/Users/Kuba/.ivy2/cache/commons-codec/commons-codec/jars/commons-codec-1.10.jar, file:/C:/Users/Kuba/.ivy2/cache/xerces/xercesImpl/jars/xercesImpl-2.11.0.jar, file:/C:/Users/Kuba/.ivy2/cache/xml-apis/xml-apis/jars/xml-apis-1.4.01.jar, file:/C:/Users/Kuba/.ivy2/cache/javax.transaction/jta/jars/jta-1.1.jar, file:/C:/Users/Kuba/Downloads/activator-dist-1.3.12/repository/com.google.inject/guice/4.0/jars/guice.jar, file:/C:/Users/Kuba/.ivy2/cache/javax.inject/javax.inject/jars/javax.inject-1.jar, file:/C:/Users/Kuba/.ivy2/cache/aopalliance/aopalliance/jars/aopalliance-1.0.jar, file:/C:/Users/Kuba/Downloads/activator-dist-1.3.12/repository/com.google.inject.extensions/guice-assistedinject/4.0/jars/guice-assistedinject.jar, file:/C:/Users/Kuba/.ivy2/cache/com.typesafe.play/play-netty-server_2.11/jars/play-netty-server_2.11-2.5.4.jar, file:/C:/Users/Kuba/.ivy2/cache/com.typesafe.netty/netty-reactive-streams-http/jars/netty-reactive-streams-http-1.0.6.jar, file:/C:/Users/Kuba/.ivy2/cache/com.typesafe.netty/netty-reactive-streams/jars/netty-reactive-streams-1.0.6.jar, file:/C:/Users/Kuba/.ivy2/cache/io.netty/netty-handler/jars/netty-handler-4.0.36.Final.jar, file:/C:/Users/Kuba/.ivy2/cache/io.netty/netty-buffer/jars/netty-buffer-4.0.36.Final.jar, file:/C:/Users/Kuba/.ivy2/cache/io.netty/netty-common/jars/netty-common-4.0.36.Final.jar, file:/C:/Users/Kuba/.ivy2/cache/io.netty/netty-transport/jars/netty-transport-4.0.36.Final.jar, file:/C:/Users/Kuba/.ivy2/cache/io.netty/netty-codec/jars/netty-codec-4.0.36.Final.jar, file:/C:/Users/Kuba/.ivy2/cache/io.netty/netty-codec-http/jars/netty-codec-http-4.0.36.Final.jar, file:/C:/Users/Kuba/.ivy2/cache/io.netty/netty-transport-native-epoll/jars/netty-transport-native-epoll-4.0.36.Final-linux-x86_64.jar, file:/C:/Users/Kuba/.ivy2/cache/com.typesafe.play/play-logback_2.11/jars/play-logback_2.11-2.5.4.jar, file:/C:/Users/Kuba/.ivy2/cache/org.scala-lang/scala-swing/jars/scala-swing-2.11.0-M7.jar, file:/C:/Users/Kuba/.ivy2/cache/com.mohiva/play-silhouette_2.11/jars/play-silhouette_2.11-4.0.0.jar, file:/C:/Users/Kuba/.ivy2/cache/com.typesafe.play/play-cache_2.11/jars/play-cache_2.11-2.5.4.jar, file:/C:/Users/Kuba/Downloads/activator-dist-1.3.12/repository/net.sf.ehcache/ehcache-core/2.6.11/jars/ehcache-core.jar, file:/C:/Users/Kuba/.ivy2/cache/com.typesafe.play/play-ws_2.11/jars/play-ws_2.11-2.5.4.jar, file:/C:/Users/Kuba/.ivy2/cache/com.google.guava/guava/bundles/guava-19.0.jar, file:/C:/Users/Kuba/.ivy2/cache/org.asynchttpclient/async-http-client/jars/async-http-client-2.0.2.jar, file:/C:/Users/Kuba/.ivy2/cache/org.asynchttpclient/netty-resolver-dns/jars/netty-resolver-dns-2.0.2.jar, file:/C:/Users/Kuba/.ivy2/cache/org.asynchttpclient/netty-resolver/jars/netty-resolver-2.0.2.jar, file:/C:/Users/Kuba/.ivy2/cache/org.slf4j/slf4j-api/jars/slf4j-api-1.7.21.jar, file:/C:/Users/Kuba/.ivy2/cache/org.asynchttpclient/netty-codec-dns/jars/netty-codec-dns-2.0.2.jar, file:/C:/Users/Kuba/.ivy2/cache/org.javassist/javassist/bundles/javassist-3.20.0-GA.jar, file:/C:/Users/Kuba/.ivy2/cache/oauth.signpost/signpost-core/jars/signpost-core-1.2.1.2.jar, file:/C:/Users/Kuba/.ivy2/cache/oauth.signpost/signpost-commonshttp4/jars/signpost-commonshttp4-1.2.1.2.jar, file:/C:/Users/Kuba/.ivy2/cache/org.apache.httpcomponents/httpcore/jars/httpcore-4.0.1.jar, file:/C:/Users/Kuba/.ivy2/cache/org.apache.httpcomponents/httpclient/jars/httpclient-4.0.1.jar, file:/C:/Users/Kuba/.ivy2/cache/commons-logging/commons-logging/jars/commons-logging-1.1.1.jar, file:/C:/Users/Kuba/.ivy2/cache/com.atlassian.jwt/jwt-core/jars/jwt-core-1.5.8.jar, file:/C:/Users/Kuba/.ivy2/cache/com.nimbusds/nimbus-jose-jwt/jars/nimbus-jose-jwt-2.16.jar, file:/C:/Users/Kuba/.ivy2/cache/net.jcip/jcip-annotations/jars/jcip-annotations-1.0.jar, file:/C:/Users/Kuba/.ivy2/cache/net.minidev/json-smart/jars/json-smart-1.1.1.jar, file:/C:/Users/Kuba/.ivy2/cache/javax.mail/mail/jars/mail-1.4.7.jar, file:/C:/Users/Kuba/.ivy2/cache/org.bouncycastle/bcprov-jdk15on/jars/bcprov-jdk15on-1.51.jar, file:/C:/Users/Kuba/.ivy2/cache/org.bouncycastle/bcpkix-jdk15on/jars/bcpkix-jdk15on-1.51.jar, file:/C:/Users/Kuba/.ivy2/cache/com.atlassian.jwt/jwt-api/jars/jwt-api-1.5.8.jar, file:/C:/Users/Kuba/.ivy2/cache/com.mohiva/play-silhouette-password-bcrypt_2.11/jars/play-silhouette-password-bcrypt_2.11-4.0.0.jar, file:/C:/Users/Kuba/.ivy2/cache/de.svenkubiak/jBCrypt/bundles/jBCrypt-0.4.1.jar, file:/C:/Users/Kuba/.ivy2/cache/com.mohiva/play-silhouette-persistence_2.11/jars/play-silhouette-persistence_2.11-4.0.0.jar, file:/C:/Users/Kuba/.ivy2/cache/com.mohiva/play-silhouette-crypto-jca_2.11/jars/play-silhouette-crypto-jca_2.11-4.0.0.jar, file:/C:/Users/Kuba/.ivy2/cache/org.webjars/webjars-play_2.11/jars/webjars-play_2.11-2.5.0-2.jar, file:/C:/Users/Kuba/.ivy2/cache/org.webjars/requirejs/jars/requirejs-2.1.20.jar, file:/C:/Users/Kuba/.ivy2/cache/org.webjars/webjars-locator/jars/webjars-locator-0.31.jar, file:/C:/Users/Kuba/.ivy2/cache/org.webjars/webjars-locator-core/jars/webjars-locator-core-0.30.jar, file:/C:/Users/Kuba/.ivy2/cache/org.apache.commons/commons-compress/jars/commons-compress-1.9.jar, file:/C:/Users/Kuba/.ivy2/cache/net.codingwell/scala-guice_2.11/jars/scala-guice_2.11-4.0.1.jar, file:/C:/Users/Kuba/.ivy2/cache/com.google.inject.extensions/guice-multibindings/jars/guice-multibindings-4.0.jar, file:/C:/Users/Kuba/.ivy2/cache/com.iheart/ficus_2.11/jars/ficus_2.11-1.2.6.jar, file:/C:/Users/Kuba/.ivy2/cache/org.typelevel/macro-compat_2.11/jars/macro-compat_2.11-1.1.1.jar, file:/C:/Users/Kuba/.ivy2/cache/com.typesafe.play/play-mailer_2.11/jars/play-mailer_2.11-5.0.0.jar, file:/C:/Users/Kuba/.ivy2/cache/org.apache.commons/commons-email/jars/commons-email-1.4.jar, file:/C:/Users/Kuba/.ivy2/cache/com.sun.mail/javax.mail/jars/javax.mail-1.5.2.jar, file:/C:/Users/Kuba/.ivy2/cache/javax.activation/activation/jars/activation-1.1.1.jar, file:/C:/Users/Kuba/.ivy2/cache/com.enragedginger/akka-quartz-scheduler_2.11/jars/akka-quartz-scheduler_2.11-1.5.0-akka-2.4.x.jar, file:/C:/Users/Kuba/.ivy2/cache/org.quartz-scheduler/quartz/jars/quartz-2.2.2.jar, file:/C:/Users/Kuba/.ivy2/cache/c3p0/c3p0/jars/c3p0-0.9.1.1.jar, file:/C:/Users/Kuba/.ivy2/cache/com.adrianhurt/play-bootstrap_2.11/jars/play-bootstrap_2.11-1.0-P25-B3.jar, file:/C:/Users/Kuba/.ivy2/cache/com.typesafe.play/filters-helpers_2.11/jars/filters-helpers_2.11-2.5.4.jar, file:/C:/Users/Kuba/.ivy2/cache/com.typesafe.play/play-java_2.11/jars/play-java_2.11-2.5.4.jar, file:/C:/Users/Kuba/Downloads/activator-dist-1.3.12/repository/org.yaml/snakeyaml/1.16/bundles/snakeyaml.jar, file:/C:/Users/Kuba/Downloads/activator-dist-1.3.12/repository/org.hibernate/hibernate-validator/5.2.4.Final/jars/hibernate-validator.jar, file:/C:/Users/Kuba/Downloads/activator-dist-1.3.12/repository/javax.validation/validation-api/1.1.0.Final/jars/validation-api.jar, file:/C:/Users/Kuba/Downloads/activator-dist-1.3.12/repository/org.jboss.logging/jboss-logging/3.2.1.Final/jars/jboss-logging.jar, file:/C:/Users/Kuba/Downloads/activator-dist-1.3.12/repository/com.fasterxml/classmate/1.1.0/bundles/classmate.jar, file:/C:/Users/Kuba/Downloads/activator-dist-1.3.12/repository/javax.el/javax.el-api/3.0.0/jars/javax.el-api.jar, file:/C:/Users/Kuba/.ivy2/cache/org.springframework/spring-context/jars/spring-context-4.2.4.RELEASE.jar, file:/C:/Users/Kuba/.ivy2/cache/org.springframework/spring-core/jars/spring-core-4.2.4.RELEASE.jar, file:/C:/Users/Kuba/.ivy2/cache/org.springframework/spring-beans/jars/spring-beans-4.2.4.RELEASE.jar, file:/C:/Users/Kuba/Downloads/activator-dist-1.3.12/repository/org.reflections/reflections/0.9.10/jars/reflections.jar, file:/C:/Users/Kuba/Downloads/activator-dist-1.3.12/repository/net.jodah/typetools/0.4.4/bundles/typetools.jar, file:/C:/Users/Kuba/.ivy2/cache/com.google.code.findbugs/jsr305/jars/jsr305-3.0.1.jar, file:/C:/Users/Kuba/Downloads/activator-dist-1.3.12/repository/org.apache.tomcat/tomcat-servlet-api/8.0.33/jars/tomcat-servlet-api.jar, file:/C:/Users/Kuba/.ivy2/cache/com.adrianhurt/play-bootstrap-core_2.11/jars/play-bootstrap-core_2.11-1.0-P25.jar, file:/C:/Users/Kuba/.ivy2/cache/org.webjars/bootstrap/jars/bootstrap-3.3.6.jar, file:/C:/Users/Kuba/.ivy2/cache/org.webjars/jquery/jars/jquery-2.1.4.jar}
16:45:22.946 [ForkJoinPool-8-worker-1] DEBUG c.google.inject.internal.BytecodeGen - Loading class play.data.validation.ValidatorProvider FastClass with PlayDependencyClassLoader{file:/C:/Users/Kuba/IdeaProjects/play-silhouette-seed-master/lib/connect-four.jar, file:/C:/Users/Kuba/IdeaProjects/play-silhouette-seed-master/lib/sudoku.jar, file:/C:/Users/Kuba/.ivy2/cache/org.scala-lang/scala-library/jars/scala-library-2.11.8.jar, file:/C:/Users/Kuba/Downloads/activator-dist-1.3.12/repository/com.typesafe.play/twirl-api_2.11/1.1.1/jars/twirl-api_2.11.jar, file:/C:/Users/Kuba/.ivy2/cache/org.apache.commons/commons-lang3/jars/commons-lang3-3.4.jar, file:/C:/Users/Kuba/.ivy2/cache/org.scala-lang.modules/scala-xml_2.11/bundles/scala-xml_2.11-1.0.1.jar, file:/C:/Users/Kuba/.ivy2/cache/com.typesafe.play/play-server_2.11/jars/play-server_2.11-2.5.4.jar, file:/C:/Users/Kuba/.ivy2/cache/com.typesafe.play/play_2.11/jars/play_2.11-2.5.4.jar, file:/C:/Users/Kuba/.ivy2/cache/com.typesafe.play/build-link/jars/build-link-2.5.4.jar, file:/C:/Users/Kuba/.ivy2/cache/com.typesafe.play/play-exceptions/jars/play-exceptions-2.5.4.jar, file:/C:/Users/Kuba/.ivy2/cache/com.typesafe.play/play-iteratees_2.11/jars/play-iteratees_2.11-2.5.4.jar, file:/C:/Users/Kuba/.ivy2/cache/org.scala-stm/scala-stm_2.11/jars/scala-stm_2.11-0.7.jar, file:/C:/Users/Kuba/Downloads/activator-dist-1.3.12/repository/com.typesafe/config/1.3.0/bundles/config.jar, file:/C:/Users/Kuba/.ivy2/cache/ch.qos.logback/logback-classic/jars/logback-classic-1.1.7.jar, file:/C:/Users/Kuba/.ivy2/cache/ch.qos.logback/logback-core/jars/logback-core-1.1.7.jar, file:/C:/Users/Kuba/.ivy2/cache/com.typesafe.play/play-json_2.11/jars/play-json_2.11-2.5.4.jar, file:/C:/Users/Kuba/.ivy2/cache/com.typesafe.play/play-functional_2.11/jars/play-functional_2.11-2.5.4.jar, file:/C:/Users/Kuba/.ivy2/cache/com.typesafe.play/play-datacommons_2.11/jars/play-datacommons_2.11-2.5.4.jar, file:/C:/Users/Kuba/Downloads/activator-dist-1.3.12/repository/joda-time/joda-time/2.9.2/jars/joda-time.jar, file:/C:/Users/Kuba/Downloads/activator-dist-1.3.12/repository/org.joda/joda-convert/1.8.1/jars/joda-convert.jar, file:/C:/Users/Kuba/Downloads/activator-dist-1.3.12/repository/org.scala-lang/scala-reflect/2.11.7/jars/scala-reflect.jar, file:/C:/Users/Kuba/Downloads/activator-dist-1.3.12/repository/com.fasterxml.jackson.core/jackson-core/2.7.1/bundles/jackson-core.jar, file:/C:/Users/Kuba/Downloads/activator-dist-1.3.12/repository/com.fasterxml.jackson.core/jackson-annotations/2.7.1/bundles/jackson-annotations.jar, file:/C:/Users/Kuba/Downloads/activator-dist-1.3.12/repository/com.fasterxml.jackson.core/jackson-databind/2.7.1/bundles/jackson-databind.jar, file:/C:/Users/Kuba/Downloads/activator-dist-1.3.12/repository/com.fasterxml.jackson.datatype/jackson-datatype-jdk8/2.7.1/bundles/jackson-datatype-jdk8.jar, file:/C:/Users/Kuba/Downloads/activator-dist-1.3.12/repository/com.fasterxml.jackson.datatype/jackson-datatype-jsr310/2.7.1/bundles/jackson-datatype-jsr310.jar, file:/C:/Users/Kuba/.ivy2/cache/com.typesafe.play/play-netty-utils/jars/play-netty-utils-2.5.4.jar, file:/C:/Users/Kuba/.ivy2/cache/org.slf4j/jul-to-slf4j/jars/jul-to-slf4j-1.7.19.jar, file:/C:/Users/Kuba/.ivy2/cache/org.slf4j/jcl-over-slf4j/jars/jcl-over-slf4j-1.7.19.jar, file:/C:/Users/Kuba/.ivy2/cache/com.typesafe.play/play-streams_2.11/jars/play-streams_2.11-2.5.4.jar, file:/C:/Users/Kuba/.ivy2/cache/org.reactivestreams/reactive-streams/jars/reactive-streams-1.0.0.jar, file:/C:/Users/Kuba/.ivy2/cache/com.typesafe.akka/akka-stream_2.11/jars/akka-stream_2.11-2.4.4.jar, file:/C:/Users/Kuba/.ivy2/cache/com.typesafe.akka/akka-actor_2.11/jars/akka-actor_2.11-2.4.4.jar, file:/C:/Users/Kuba/Downloads/activator-dist-1.3.12/repository/org.scala-lang.modules/scala-java8-compat_2.11/0.7.0/bundles/scala-java8-compat_2.11.jar, file:/C:/Users/Kuba/Downloads/activator-dist-1.3.12/repository/com.typesafe/ssl-config-akka_2.11/0.2.1/bundles/ssl-config-akka_2.11.jar, file:/C:/Users/Kuba/.ivy2/cache/com.typesafe/ssl-config-core_2.11/bundles/ssl-config-core_2.11-0.2.1.jar, file:/C:/Users/Kuba/.ivy2/cache/org.scala-lang.modules/scala-parser-combinators_2.11/bundles/scala-parser-combinators_2.11-1.0.4.jar, file:/C:/Users/Kuba/.ivy2/cache/com.typesafe.akka/akka-slf4j_2.11/jars/akka-slf4j_2.11-2.4.4.jar, file:/C:/Users/Kuba/.ivy2/cache/commons-codec/commons-codec/jars/commons-codec-1.10.jar, file:/C:/Users/Kuba/.ivy2/cache/xerces/xercesImpl/jars/xercesImpl-2.11.0.jar, file:/C:/Users/Kuba/.ivy2/cache/xml-apis/xml-apis/jars/xml-apis-1.4.01.jar, file:/C:/Users/Kuba/.ivy2/cache/javax.transaction/jta/jars/jta-1.1.jar, file:/C:/Users/Kuba/Downloads/activator-dist-1.3.12/repository/com.google.inject/guice/4.0/jars/guice.jar, file:/C:/Users/Kuba/.ivy2/cache/javax.inject/javax.inject/jars/javax.inject-1.jar, file:/C:/Users/Kuba/.ivy2/cache/aopalliance/aopalliance/jars/aopalliance-1.0.jar, file:/C:/Users/Kuba/Downloads/activator-dist-1.3.12/repository/com.google.inject.extensions/guice-assistedinject/4.0/jars/guice-assistedinject.jar, file:/C:/Users/Kuba/.ivy2/cache/com.typesafe.play/play-netty-server_2.11/jars/play-netty-server_2.11-2.5.4.jar, file:/C:/Users/Kuba/.ivy2/cache/com.typesafe.netty/netty-reactive-streams-http/jars/netty-reactive-streams-http-1.0.6.jar, file:/C:/Users/Kuba/.ivy2/cache/com.typesafe.netty/netty-reactive-streams/jars/netty-reactive-streams-1.0.6.jar, file:/C:/Users/Kuba/.ivy2/cache/io.netty/netty-handler/jars/netty-handler-4.0.36.Final.jar, file:/C:/Users/Kuba/.ivy2/cache/io.netty/netty-buffer/jars/netty-buffer-4.0.36.Final.jar, file:/C:/Users/Kuba/.ivy2/cache/io.netty/netty-common/jars/netty-common-4.0.36.Final.jar, file:/C:/Users/Kuba/.ivy2/cache/io.netty/netty-transport/jars/netty-transport-4.0.36.Final.jar, file:/C:/Users/Kuba/.ivy2/cache/io.netty/netty-codec/jars/netty-codec-4.0.36.Final.jar, file:/C:/Users/Kuba/.ivy2/cache/io.netty/netty-codec-http/jars/netty-codec-http-4.0.36.Final.jar, file:/C:/Users/Kuba/.ivy2/cache/io.netty/netty-transport-native-epoll/jars/netty-transport-native-epoll-4.0.36.Final-linux-x86_64.jar, file:/C:/Users/Kuba/.ivy2/cache/com.typesafe.play/play-logback_2.11/jars/play-logback_2.11-2.5.4.jar, file:/C:/Users/Kuba/.ivy2/cache/org.scala-lang/scala-swing/jars/scala-swing-2.11.0-M7.jar, file:/C:/Users/Kuba/.ivy2/cache/com.mohiva/play-silhouette_2.11/jars/play-silhouette_2.11-4.0.0.jar, file:/C:/Users/Kuba/.ivy2/cache/com.typesafe.play/play-cache_2.11/jars/play-cache_2.11-2.5.4.jar, file:/C:/Users/Kuba/Downloads/activator-dist-1.3.12/repository/net.sf.ehcache/ehcache-core/2.6.11/jars/ehcache-core.jar, file:/C:/Users/Kuba/.ivy2/cache/com.typesafe.play/play-ws_2.11/jars/play-ws_2.11-2.5.4.jar, file:/C:/Users/Kuba/.ivy2/cache/com.google.guava/guava/bundles/guava-19.0.jar, file:/C:/Users/Kuba/.ivy2/cache/org.asynchttpclient/async-http-client/jars/async-http-client-2.0.2.jar, file:/C:/Users/Kuba/.ivy2/cache/org.asynchttpclient/netty-resolver-dns/jars/netty-resolver-dns-2.0.2.jar, file:/C:/Users/Kuba/.ivy2/cache/org.asynchttpclient/netty-resolver/jars/netty-resolver-2.0.2.jar, file:/C:/Users/Kuba/.ivy2/cache/org.slf4j/slf4j-api/jars/slf4j-api-1.7.21.jar, file:/C:/Users/Kuba/.ivy2/cache/org.asynchttpclient/netty-codec-dns/jars/netty-codec-dns-2.0.2.jar, file:/C:/Users/Kuba/.ivy2/cache/org.javassist/javassist/bundles/javassist-3.20.0-GA.jar, file:/C:/Users/Kuba/.ivy2/cache/oauth.signpost/signpost-core/jars/signpost-core-1.2.1.2.jar, file:/C:/Users/Kuba/.ivy2/cache/oauth.signpost/signpost-commonshttp4/jars/signpost-commonshttp4-1.2.1.2.jar, file:/C:/Users/Kuba/.ivy2/cache/org.apache.httpcomponents/httpcore/jars/httpcore-4.0.1.jar, file:/C:/Users/Kuba/.ivy2/cache/org.apache.httpcomponents/httpclient/jars/httpclient-4.0.1.jar, file:/C:/Users/Kuba/.ivy2/cache/commons-logging/commons-logging/jars/commons-logging-1.1.1.jar, file:/C:/Users/Kuba/.ivy2/cache/com.atlassian.jwt/jwt-core/jars/jwt-core-1.5.8.jar, file:/C:/Users/Kuba/.ivy2/cache/com.nimbusds/nimbus-jose-jwt/jars/nimbus-jose-jwt-2.16.jar, file:/C:/Users/Kuba/.ivy2/cache/net.jcip/jcip-annotations/jars/jcip-annotations-1.0.jar, file:/C:/Users/Kuba/.ivy2/cache/net.minidev/json-smart/jars/json-smart-1.1.1.jar, file:/C:/Users/Kuba/.ivy2/cache/javax.mail/mail/jars/mail-1.4.7.jar, file:/C:/Users/Kuba/.ivy2/cache/org.bouncycastle/bcprov-jdk15on/jars/bcprov-jdk15on-1.51.jar, file:/C:/Users/Kuba/.ivy2/cache/org.bouncycastle/bcpkix-jdk15on/jars/bcpkix-jdk15on-1.51.jar, file:/C:/Users/Kuba/.ivy2/cache/com.atlassian.jwt/jwt-api/jars/jwt-api-1.5.8.jar, file:/C:/Users/Kuba/.ivy2/cache/com.mohiva/play-silhouette-password-bcrypt_2.11/jars/play-silhouette-password-bcrypt_2.11-4.0.0.jar, file:/C:/Users/Kuba/.ivy2/cache/de.svenkubiak/jBCrypt/bundles/jBCrypt-0.4.1.jar, file:/C:/Users/Kuba/.ivy2/cache/com.mohiva/play-silhouette-persistence_2.11/jars/play-silhouette-persistence_2.11-4.0.0.jar, file:/C:/Users/Kuba/.ivy2/cache/com.mohiva/play-silhouette-crypto-jca_2.11/jars/play-silhouette-crypto-jca_2.11-4.0.0.jar, file:/C:/Users/Kuba/.ivy2/cache/org.webjars/webjars-play_2.11/jars/webjars-play_2.11-2.5.0-2.jar, file:/C:/Users/Kuba/.ivy2/cache/org.webjars/requirejs/jars/requirejs-2.1.20.jar, file:/C:/Users/Kuba/.ivy2/cache/org.webjars/webjars-locator/jars/webjars-locator-0.31.jar, file:/C:/Users/Kuba/.ivy2/cache/org.webjars/webjars-locator-core/jars/webjars-locator-core-0.30.jar, file:/C:/Users/Kuba/.ivy2/cache/org.apache.commons/commons-compress/jars/commons-compress-1.9.jar, file:/C:/Users/Kuba/.ivy2/cache/net.codingwell/scala-guice_2.11/jars/scala-guice_2.11-4.0.1.jar, file:/C:/Users/Kuba/.ivy2/cache/com.google.inject.extensions/guice-multibindings/jars/guice-multibindings-4.0.jar, file:/C:/Users/Kuba/.ivy2/cache/com.iheart/ficus_2.11/jars/ficus_2.11-1.2.6.jar, file:/C:/Users/Kuba/.ivy2/cache/org.typelevel/macro-compat_2.11/jars/macro-compat_2.11-1.1.1.jar, file:/C:/Users/Kuba/.ivy2/cache/com.typesafe.play/play-mailer_2.11/jars/play-mailer_2.11-5.0.0.jar, file:/C:/Users/Kuba/.ivy2/cache/org.apache.commons/commons-email/jars/commons-email-1.4.jar, file:/C:/Users/Kuba/.ivy2/cache/com.sun.mail/javax.mail/jars/javax.mail-1.5.2.jar, file:/C:/Users/Kuba/.ivy2/cache/javax.activation/activation/jars/activation-1.1.1.jar, file:/C:/Users/Kuba/.ivy2/cache/com.enragedginger/akka-quartz-scheduler_2.11/jars/akka-quartz-scheduler_2.11-1.5.0-akka-2.4.x.jar, file:/C:/Users/Kuba/.ivy2/cache/org.quartz-scheduler/quartz/jars/quartz-2.2.2.jar, file:/C:/Users/Kuba/.ivy2/cache/c3p0/c3p0/jars/c3p0-0.9.1.1.jar, file:/C:/Users/Kuba/.ivy2/cache/com.adrianhurt/play-bootstrap_2.11/jars/play-bootstrap_2.11-1.0-P25-B3.jar, file:/C:/Users/Kuba/.ivy2/cache/com.typesafe.play/filters-helpers_2.11/jars/filters-helpers_2.11-2.5.4.jar, file:/C:/Users/Kuba/.ivy2/cache/com.typesafe.play/play-java_2.11/jars/play-java_2.11-2.5.4.jar, file:/C:/Users/Kuba/Downloads/activator-dist-1.3.12/repository/org.yaml/snakeyaml/1.16/bundles/snakeyaml.jar, file:/C:/Users/Kuba/Downloads/activator-dist-1.3.12/repository/org.hibernate/hibernate-validator/5.2.4.Final/jars/hibernate-validator.jar, file:/C:/Users/Kuba/Downloads/activator-dist-1.3.12/repository/javax.validation/validation-api/1.1.0.Final/jars/validation-api.jar, file:/C:/Users/Kuba/Downloads/activator-dist-1.3.12/repository/org.jboss.logging/jboss-logging/3.2.1.Final/jars/jboss-logging.jar, file:/C:/Users/Kuba/Downloads/activator-dist-1.3.12/repository/com.fasterxml/classmate/1.1.0/bundles/classmate.jar, file:/C:/Users/Kuba/Downloads/activator-dist-1.3.12/repository/javax.el/javax.el-api/3.0.0/jars/javax.el-api.jar, file:/C:/Users/Kuba/.ivy2/cache/org.springframework/spring-context/jars/spring-context-4.2.4.RELEASE.jar, file:/C:/Users/Kuba/.ivy2/cache/org.springframework/spring-core/jars/spring-core-4.2.4.RELEASE.jar, file:/C:/Users/Kuba/.ivy2/cache/org.springframework/spring-beans/jars/spring-beans-4.2.4.RELEASE.jar, file:/C:/Users/Kuba/Downloads/activator-dist-1.3.12/repository/org.reflections/reflections/0.9.10/jars/reflections.jar, file:/C:/Users/Kuba/Downloads/activator-dist-1.3.12/repository/net.jodah/typetools/0.4.4/bundles/typetools.jar, file:/C:/Users/Kuba/.ivy2/cache/com.google.code.findbugs/jsr305/jars/jsr305-3.0.1.jar, file:/C:/Users/Kuba/Downloads/activator-dist-1.3.12/repository/org.apache.tomcat/tomcat-servlet-api/8.0.33/jars/tomcat-servlet-api.jar, file:/C:/Users/Kuba/.ivy2/cache/com.adrianhurt/play-bootstrap-core_2.11/jars/play-bootstrap-core_2.11-1.0-P25.jar, file:/C:/Users/Kuba/.ivy2/cache/org.webjars/bootstrap/jars/bootstrap-3.3.6.jar, file:/C:/Users/Kuba/.ivy2/cache/org.webjars/jquery/jars/jquery-2.1.4.jar}
16:45:22.952 [ForkJoinPool-8-worker-1] DEBUG c.google.inject.internal.BytecodeGen - Loading class com.mohiva.play.silhouette.api.SilhouetteProvider FastClass with PlayDependencyClassLoader{file:/C:/Users/Kuba/IdeaProjects/play-silhouette-seed-master/lib/connect-four.jar, file:/C:/Users/Kuba/IdeaProjects/play-silhouette-seed-master/lib/sudoku.jar, file:/C:/Users/Kuba/.ivy2/cache/org.scala-lang/scala-library/jars/scala-library-2.11.8.jar, file:/C:/Users/Kuba/Downloads/activator-dist-1.3.12/repository/com.typesafe.play/twirl-api_2.11/1.1.1/jars/twirl-api_2.11.jar, file:/C:/Users/Kuba/.ivy2/cache/org.apache.commons/commons-lang3/jars/commons-lang3-3.4.jar, file:/C:/Users/Kuba/.ivy2/cache/org.scala-lang.modules/scala-xml_2.11/bundles/scala-xml_2.11-1.0.1.jar, file:/C:/Users/Kuba/.ivy2/cache/com.typesafe.play/play-server_2.11/jars/play-server_2.11-2.5.4.jar, file:/C:/Users/Kuba/.ivy2/cache/com.typesafe.play/play_2.11/jars/play_2.11-2.5.4.jar, file:/C:/Users/Kuba/.ivy2/cache/com.typesafe.play/build-link/jars/build-link-2.5.4.jar, file:/C:/Users/Kuba/.ivy2/cache/com.typesafe.play/play-exceptions/jars/play-exceptions-2.5.4.jar, file:/C:/Users/Kuba/.ivy2/cache/com.typesafe.play/play-iteratees_2.11/jars/play-iteratees_2.11-2.5.4.jar, file:/C:/Users/Kuba/.ivy2/cache/org.scala-stm/scala-stm_2.11/jars/scala-stm_2.11-0.7.jar, file:/C:/Users/Kuba/Downloads/activator-dist-1.3.12/repository/com.typesafe/config/1.3.0/bundles/config.jar, file:/C:/Users/Kuba/.ivy2/cache/ch.qos.logback/logback-classic/jars/logback-classic-1.1.7.jar, file:/C:/Users/Kuba/.ivy2/cache/ch.qos.logback/logback-core/jars/logback-core-1.1.7.jar, file:/C:/Users/Kuba/.ivy2/cache/com.typesafe.play/play-json_2.11/jars/play-json_2.11-2.5.4.jar, file:/C:/Users/Kuba/.ivy2/cache/com.typesafe.play/play-functional_2.11/jars/play-functional_2.11-2.5.4.jar, file:/C:/Users/Kuba/.ivy2/cache/com.typesafe.play/play-datacommons_2.11/jars/play-datacommons_2.11-2.5.4.jar, file:/C:/Users/Kuba/Downloads/activator-dist-1.3.12/repository/joda-time/joda-time/2.9.2/jars/joda-time.jar, file:/C:/Users/Kuba/Downloads/activator-dist-1.3.12/repository/org.joda/joda-convert/1.8.1/jars/joda-convert.jar, file:/C:/Users/Kuba/Downloads/activator-dist-1.3.12/repository/org.scala-lang/scala-reflect/2.11.7/jars/scala-reflect.jar, file:/C:/Users/Kuba/Downloads/activator-dist-1.3.12/repository/com.fasterxml.jackson.core/jackson-core/2.7.1/bundles/jackson-core.jar, file:/C:/Users/Kuba/Downloads/activator-dist-1.3.12/repository/com.fasterxml.jackson.core/jackson-annotations/2.7.1/bundles/jackson-annotations.jar, file:/C:/Users/Kuba/Downloads/activator-dist-1.3.12/repository/com.fasterxml.jackson.core/jackson-databind/2.7.1/bundles/jackson-databind.jar, file:/C:/Users/Kuba/Downloads/activator-dist-1.3.12/repository/com.fasterxml.jackson.datatype/jackson-datatype-jdk8/2.7.1/bundles/jackson-datatype-jdk8.jar, file:/C:/Users/Kuba/Downloads/activator-dist-1.3.12/repository/com.fasterxml.jackson.datatype/jackson-datatype-jsr310/2.7.1/bundles/jackson-datatype-jsr310.jar, file:/C:/Users/Kuba/.ivy2/cache/com.typesafe.play/play-netty-utils/jars/play-netty-utils-2.5.4.jar, file:/C:/Users/Kuba/.ivy2/cache/org.slf4j/jul-to-slf4j/jars/jul-to-slf4j-1.7.19.jar, file:/C:/Users/Kuba/.ivy2/cache/org.slf4j/jcl-over-slf4j/jars/jcl-over-slf4j-1.7.19.jar, file:/C:/Users/Kuba/.ivy2/cache/com.typesafe.play/play-streams_2.11/jars/play-streams_2.11-2.5.4.jar, file:/C:/Users/Kuba/.ivy2/cache/org.reactivestreams/reactive-streams/jars/reactive-streams-1.0.0.jar, file:/C:/Users/Kuba/.ivy2/cache/com.typesafe.akka/akka-stream_2.11/jars/akka-stream_2.11-2.4.4.jar, file:/C:/Users/Kuba/.ivy2/cache/com.typesafe.akka/akka-actor_2.11/jars/akka-actor_2.11-2.4.4.jar, file:/C:/Users/Kuba/Downloads/activator-dist-1.3.12/repository/org.scala-lang.modules/scala-java8-compat_2.11/0.7.0/bundles/scala-java8-compat_2.11.jar, file:/C:/Users/Kuba/Downloads/activator-dist-1.3.12/repository/com.typesafe/ssl-config-akka_2.11/0.2.1/bundles/ssl-config-akka_2.11.jar, file:/C:/Users/Kuba/.ivy2/cache/com.typesafe/ssl-config-core_2.11/bundles/ssl-config-core_2.11-0.2.1.jar, file:/C:/Users/Kuba/.ivy2/cache/org.scala-lang.modules/scala-parser-combinators_2.11/bundles/scala-parser-combinators_2.11-1.0.4.jar, file:/C:/Users/Kuba/.ivy2/cache/com.typesafe.akka/akka-slf4j_2.11/jars/akka-slf4j_2.11-2.4.4.jar, file:/C:/Users/Kuba/.ivy2/cache/commons-codec/commons-codec/jars/commons-codec-1.10.jar, file:/C:/Users/Kuba/.ivy2/cache/xerces/xercesImpl/jars/xercesImpl-2.11.0.jar, file:/C:/Users/Kuba/.ivy2/cache/xml-apis/xml-apis/jars/xml-apis-1.4.01.jar, file:/C:/Users/Kuba/.ivy2/cache/javax.transaction/jta/jars/jta-1.1.jar, file:/C:/Users/Kuba/Downloads/activator-dist-1.3.12/repository/com.google.inject/guice/4.0/jars/guice.jar, file:/C:/Users/Kuba/.ivy2/cache/javax.inject/javax.inject/jars/javax.inject-1.jar, file:/C:/Users/Kuba/.ivy2/cache/aopalliance/aopalliance/jars/aopalliance-1.0.jar, file:/C:/Users/Kuba/Downloads/activator-dist-1.3.12/repository/com.google.inject.extensions/guice-assistedinject/4.0/jars/guice-assistedinject.jar, file:/C:/Users/Kuba/.ivy2/cache/com.typesafe.play/play-netty-server_2.11/jars/play-netty-server_2.11-2.5.4.jar, file:/C:/Users/Kuba/.ivy2/cache/com.typesafe.netty/netty-reactive-streams-http/jars/netty-reactive-streams-http-1.0.6.jar, file:/C:/Users/Kuba/.ivy2/cache/com.typesafe.netty/netty-reactive-streams/jars/netty-reactive-streams-1.0.6.jar, file:/C:/Users/Kuba/.ivy2/cache/io.netty/netty-handler/jars/netty-handler-4.0.36.Final.jar, file:/C:/Users/Kuba/.ivy2/cache/io.netty/netty-buffer/jars/netty-buffer-4.0.36.Final.jar, file:/C:/Users/Kuba/.ivy2/cache/io.netty/netty-common/jars/netty-common-4.0.36.Final.jar, file:/C:/Users/Kuba/.ivy2/cache/io.netty/netty-transport/jars/netty-transport-4.0.36.Final.jar, file:/C:/Users/Kuba/.ivy2/cache/io.netty/netty-codec/jars/netty-codec-4.0.36.Final.jar, file:/C:/Users/Kuba/.ivy2/cache/io.netty/netty-codec-http/jars/netty-codec-http-4.0.36.Final.jar, file:/C:/Users/Kuba/.ivy2/cache/io.netty/netty-transport-native-epoll/jars/netty-transport-native-epoll-4.0.36.Final-linux-x86_64.jar, file:/C:/Users/Kuba/.ivy2/cache/com.typesafe.play/play-logback_2.11/jars/play-logback_2.11-2.5.4.jar, file:/C:/Users/Kuba/.ivy2/cache/org.scala-lang/scala-swing/jars/scala-swing-2.11.0-M7.jar, file:/C:/Users/Kuba/.ivy2/cache/com.mohiva/play-silhouette_2.11/jars/play-silhouette_2.11-4.0.0.jar, file:/C:/Users/Kuba/.ivy2/cache/com.typesafe.play/play-cache_2.11/jars/play-cache_2.11-2.5.4.jar, file:/C:/Users/Kuba/Downloads/activator-dist-1.3.12/repository/net.sf.ehcache/ehcache-core/2.6.11/jars/ehcache-core.jar, file:/C:/Users/Kuba/.ivy2/cache/com.typesafe.play/play-ws_2.11/jars/play-ws_2.11-2.5.4.jar, file:/C:/Users/Kuba/.ivy2/cache/com.google.guava/guava/bundles/guava-19.0.jar, file:/C:/Users/Kuba/.ivy2/cache/org.asynchttpclient/async-http-client/jars/async-http-client-2.0.2.jar, file:/C:/Users/Kuba/.ivy2/cache/org.asynchttpclient/netty-resolver-dns/jars/netty-resolver-dns-2.0.2.jar, file:/C:/Users/Kuba/.ivy2/cache/org.asynchttpclient/netty-resolver/jars/netty-resolver-2.0.2.jar, file:/C:/Users/Kuba/.ivy2/cache/org.slf4j/slf4j-api/jars/slf4j-api-1.7.21.jar, file:/C:/Users/Kuba/.ivy2/cache/org.asynchttpclient/netty-codec-dns/jars/netty-codec-dns-2.0.2.jar, file:/C:/Users/Kuba/.ivy2/cache/org.javassist/javassist/bundles/javassist-3.20.0-GA.jar, file:/C:/Users/Kuba/.ivy2/cache/oauth.signpost/signpost-core/jars/signpost-core-1.2.1.2.jar, file:/C:/Users/Kuba/.ivy2/cache/oauth.signpost/signpost-commonshttp4/jars/signpost-commonshttp4-1.2.1.2.jar, file:/C:/Users/Kuba/.ivy2/cache/org.apache.httpcomponents/httpcore/jars/httpcore-4.0.1.jar, file:/C:/Users/Kuba/.ivy2/cache/org.apache.httpcomponents/httpclient/jars/httpclient-4.0.1.jar, file:/C:/Users/Kuba/.ivy2/cache/commons-logging/commons-logging/jars/commons-logging-1.1.1.jar, file:/C:/Users/Kuba/.ivy2/cache/com.atlassian.jwt/jwt-core/jars/jwt-core-1.5.8.jar, file:/C:/Users/Kuba/.ivy2/cache/com.nimbusds/nimbus-jose-jwt/jars/nimbus-jose-jwt-2.16.jar, file:/C:/Users/Kuba/.ivy2/cache/net.jcip/jcip-annotations/jars/jcip-annotations-1.0.jar, file:/C:/Users/Kuba/.ivy2/cache/net.minidev/json-smart/jars/json-smart-1.1.1.jar, file:/C:/Users/Kuba/.ivy2/cache/javax.mail/mail/jars/mail-1.4.7.jar, file:/C:/Users/Kuba/.ivy2/cache/org.bouncycastle/bcprov-jdk15on/jars/bcprov-jdk15on-1.51.jar, file:/C:/Users/Kuba/.ivy2/cache/org.bouncycastle/bcpkix-jdk15on/jars/bcpkix-jdk15on-1.51.jar, file:/C:/Users/Kuba/.ivy2/cache/com.atlassian.jwt/jwt-api/jars/jwt-api-1.5.8.jar, file:/C:/Users/Kuba/.ivy2/cache/com.mohiva/play-silhouette-password-bcrypt_2.11/jars/play-silhouette-password-bcrypt_2.11-4.0.0.jar, file:/C:/Users/Kuba/.ivy2/cache/de.svenkubiak/jBCrypt/bundles/jBCrypt-0.4.1.jar, file:/C:/Users/Kuba/.ivy2/cache/com.mohiva/play-silhouette-persistence_2.11/jars/play-silhouette-persistence_2.11-4.0.0.jar, file:/C:/Users/Kuba/.ivy2/cache/com.mohiva/play-silhouette-crypto-jca_2.11/jars/play-silhouette-crypto-jca_2.11-4.0.0.jar, file:/C:/Users/Kuba/.ivy2/cache/org.webjars/webjars-play_2.11/jars/webjars-play_2.11-2.5.0-2.jar, file:/C:/Users/Kuba/.ivy2/cache/org.webjars/requirejs/jars/requirejs-2.1.20.jar, file:/C:/Users/Kuba/.ivy2/cache/org.webjars/webjars-locator/jars/webjars-locator-0.31.jar, file:/C:/Users/Kuba/.ivy2/cache/org.webjars/webjars-locator-core/jars/webjars-locator-core-0.30.jar, file:/C:/Users/Kuba/.ivy2/cache/org.apache.commons/commons-compress/jars/commons-compress-1.9.jar, file:/C:/Users/Kuba/.ivy2/cache/net.codingwell/scala-guice_2.11/jars/scala-guice_2.11-4.0.1.jar, file:/C:/Users/Kuba/.ivy2/cache/com.google.inject.extensions/guice-multibindings/jars/guice-multibindings-4.0.jar, file:/C:/Users/Kuba/.ivy2/cache/com.iheart/ficus_2.11/jars/ficus_2.11-1.2.6.jar, file:/C:/Users/Kuba/.ivy2/cache/org.typelevel/macro-compat_2.11/jars/macro-compat_2.11-1.1.1.jar, file:/C:/Users/Kuba/.ivy2/cache/com.typesafe.play/play-mailer_2.11/jars/play-mailer_2.11-5.0.0.jar, file:/C:/Users/Kuba/.ivy2/cache/org.apache.commons/commons-email/jars/commons-email-1.4.jar, file:/C:/Users/Kuba/.ivy2/cache/com.sun.mail/javax.mail/jars/javax.mail-1.5.2.jar, file:/C:/Users/Kuba/.ivy2/cache/javax.activation/activation/jars/activation-1.1.1.jar, file:/C:/Users/Kuba/.ivy2/cache/com.enragedginger/akka-quartz-scheduler_2.11/jars/akka-quartz-scheduler_2.11-1.5.0-akka-2.4.x.jar, file:/C:/Users/Kuba/.ivy2/cache/org.quartz-scheduler/quartz/jars/quartz-2.2.2.jar, file:/C:/Users/Kuba/.ivy2/cache/c3p0/c3p0/jars/c3p0-0.9.1.1.jar, file:/C:/Users/Kuba/.ivy2/cache/com.adrianhurt/play-bootstrap_2.11/jars/play-bootstrap_2.11-1.0-P25-B3.jar, file:/C:/Users/Kuba/.ivy2/cache/com.typesafe.play/filters-helpers_2.11/jars/filters-helpers_2.11-2.5.4.jar, file:/C:/Users/Kuba/.ivy2/cache/com.typesafe.play/play-java_2.11/jars/play-java_2.11-2.5.4.jar, file:/C:/Users/Kuba/Downloads/activator-dist-1.3.12/repository/org.yaml/snakeyaml/1.16/bundles/snakeyaml.jar, file:/C:/Users/Kuba/Downloads/activator-dist-1.3.12/repository/org.hibernate/hibernate-validator/5.2.4.Final/jars/hibernate-validator.jar, file:/C:/Users/Kuba/Downloads/activator-dist-1.3.12/repository/javax.validation/validation-api/1.1.0.Final/jars/validation-api.jar, file:/C:/Users/Kuba/Downloads/activator-dist-1.3.12/repository/org.jboss.logging/jboss-logging/3.2.1.Final/jars/jboss-logging.jar, file:/C:/Users/Kuba/Downloads/activator-dist-1.3.12/repository/com.fasterxml/classmate/1.1.0/bundles/classmate.jar, file:/C:/Users/Kuba/Downloads/activator-dist-1.3.12/repository/javax.el/javax.el-api/3.0.0/jars/javax.el-api.jar, file:/C:/Users/Kuba/.ivy2/cache/org.springframework/spring-context/jars/spring-context-4.2.4.RELEASE.jar, file:/C:/Users/Kuba/.ivy2/cache/org.springframework/spring-core/jars/spring-core-4.2.4.RELEASE.jar, file:/C:/Users/Kuba/.ivy2/cache/org.springframework/spring-beans/jars/spring-beans-4.2.4.RELEASE.jar, file:/C:/Users/Kuba/Downloads/activator-dist-1.3.12/repository/org.reflections/reflections/0.9.10/jars/reflections.jar, file:/C:/Users/Kuba/Downloads/activator-dist-1.3.12/repository/net.jodah/typetools/0.4.4/bundles/typetools.jar, file:/C:/Users/Kuba/.ivy2/cache/com.google.code.findbugs/jsr305/jars/jsr305-3.0.1.jar, file:/C:/Users/Kuba/Downloads/activator-dist-1.3.12/repository/org.apache.tomcat/tomcat-servlet-api/8.0.33/jars/tomcat-servlet-api.jar, file:/C:/Users/Kuba/.ivy2/cache/com.adrianhurt/play-bootstrap-core_2.11/jars/play-bootstrap-core_2.11-1.0-P25.jar, file:/C:/Users/Kuba/.ivy2/cache/org.webjars/bootstrap/jars/bootstrap-3.3.6.jar, file:/C:/Users/Kuba/.ivy2/cache/org.webjars/jquery/jars/jquery-2.1.4.jar}
16:45:22.955 [ForkJoinPool-8-worker-1] DEBUG c.google.inject.internal.BytecodeGen - Loading class utils.auth.CustomUnsecuredErrorHandler FastClass with com.google.inject.internal.BytecodeGen$BridgeClassLoader@4c212a4a
16:45:22.958 [ForkJoinPool-8-worker-1] DEBUG c.google.inject.internal.BytecodeGen - Loading class utils.auth.CustomSecuredErrorHandler FastClass with com.google.inject.internal.BytecodeGen$BridgeClassLoader@4c212a4a
16:45:22.963 [ForkJoinPool-8-worker-1] DEBUG c.google.inject.internal.BytecodeGen - Loading class models.services.UserServiceImpl FastClass with com.google.inject.internal.BytecodeGen$BridgeClassLoader@4c212a4a
16:45:22.965 [ForkJoinPool-8-worker-1] DEBUG c.google.inject.internal.BytecodeGen - Loading class models.daos.UserDAOImpl FastClass with com.google.inject.internal.BytecodeGen$BridgeClassLoader@4c212a4a
16:45:22.967 [ForkJoinPool-8-worker-1] DEBUG c.google.inject.internal.BytecodeGen - Loading class com.mohiva.play.silhouette.impl.util.PlayCacheLayer FastClass with PlayDependencyClassLoader{file:/C:/Users/Kuba/IdeaProjects/play-silhouette-seed-master/lib/connect-four.jar, file:/C:/Users/Kuba/IdeaProjects/play-silhouette-seed-master/lib/sudoku.jar, file:/C:/Users/Kuba/.ivy2/cache/org.scala-lang/scala-library/jars/scala-library-2.11.8.jar, file:/C:/Users/Kuba/Downloads/activator-dist-1.3.12/repository/com.typesafe.play/twirl-api_2.11/1.1.1/jars/twirl-api_2.11.jar, file:/C:/Users/Kuba/.ivy2/cache/org.apache.commons/commons-lang3/jars/commons-lang3-3.4.jar, file:/C:/Users/Kuba/.ivy2/cache/org.scala-lang.modules/scala-xml_2.11/bundles/scala-xml_2.11-1.0.1.jar, file:/C:/Users/Kuba/.ivy2/cache/com.typesafe.play/play-server_2.11/jars/play-server_2.11-2.5.4.jar, file:/C:/Users/Kuba/.ivy2/cache/com.typesafe.play/play_2.11/jars/play_2.11-2.5.4.jar, file:/C:/Users/Kuba/.ivy2/cache/com.typesafe.play/build-link/jars/build-link-2.5.4.jar, file:/C:/Users/Kuba/.ivy2/cache/com.typesafe.play/play-exceptions/jars/play-exceptions-2.5.4.jar, file:/C:/Users/Kuba/.ivy2/cache/com.typesafe.play/play-iteratees_2.11/jars/play-iteratees_2.11-2.5.4.jar, file:/C:/Users/Kuba/.ivy2/cache/org.scala-stm/scala-stm_2.11/jars/scala-stm_2.11-0.7.jar, file:/C:/Users/Kuba/Downloads/activator-dist-1.3.12/repository/com.typesafe/config/1.3.0/bundles/config.jar, file:/C:/Users/Kuba/.ivy2/cache/ch.qos.logback/logback-classic/jars/logback-classic-1.1.7.jar, file:/C:/Users/Kuba/.ivy2/cache/ch.qos.logback/logback-core/jars/logback-core-1.1.7.jar, file:/C:/Users/Kuba/.ivy2/cache/com.typesafe.play/play-json_2.11/jars/play-json_2.11-2.5.4.jar, file:/C:/Users/Kuba/.ivy2/cache/com.typesafe.play/play-functional_2.11/jars/play-functional_2.11-2.5.4.jar, file:/C:/Users/Kuba/.ivy2/cache/com.typesafe.play/play-datacommons_2.11/jars/play-datacommons_2.11-2.5.4.jar, file:/C:/Users/Kuba/Downloads/activator-dist-1.3.12/repository/joda-time/joda-time/2.9.2/jars/joda-time.jar, file:/C:/Users/Kuba/Downloads/activator-dist-1.3.12/repository/org.joda/joda-convert/1.8.1/jars/joda-convert.jar, file:/C:/Users/Kuba/Downloads/activator-dist-1.3.12/repository/org.scala-lang/scala-reflect/2.11.7/jars/scala-reflect.jar, file:/C:/Users/Kuba/Downloads/activator-dist-1.3.12/repository/com.fasterxml.jackson.core/jackson-core/2.7.1/bundles/jackson-core.jar, file:/C:/Users/Kuba/Downloads/activator-dist-1.3.12/repository/com.fasterxml.jackson.core/jackson-annotations/2.7.1/bundles/jackson-annotations.jar, file:/C:/Users/Kuba/Downloads/activator-dist-1.3.12/repository/com.fasterxml.jackson.core/jackson-databind/2.7.1/bundles/jackson-databind.jar, file:/C:/Users/Kuba/Downloads/activator-dist-1.3.12/repository/com.fasterxml.jackson.datatype/jackson-datatype-jdk8/2.7.1/bundles/jackson-datatype-jdk8.jar, file:/C:/Users/Kuba/Downloads/activator-dist-1.3.12/repository/com.fasterxml.jackson.datatype/jackson-datatype-jsr310/2.7.1/bundles/jackson-datatype-jsr310.jar, file:/C:/Users/Kuba/.ivy2/cache/com.typesafe.play/play-netty-utils/jars/play-netty-utils-2.5.4.jar, file:/C:/Users/Kuba/.ivy2/cache/org.slf4j/jul-to-slf4j/jars/jul-to-slf4j-1.7.19.jar, file:/C:/Users/Kuba/.ivy2/cache/org.slf4j/jcl-over-slf4j/jars/jcl-over-slf4j-1.7.19.jar, file:/C:/Users/Kuba/.ivy2/cache/com.typesafe.play/play-streams_2.11/jars/play-streams_2.11-2.5.4.jar, file:/C:/Users/Kuba/.ivy2/cache/org.reactivestreams/reactive-streams/jars/reactive-streams-1.0.0.jar, file:/C:/Users/Kuba/.ivy2/cache/com.typesafe.akka/akka-stream_2.11/jars/akka-stream_2.11-2.4.4.jar, file:/C:/Users/Kuba/.ivy2/cache/com.typesafe.akka/akka-actor_2.11/jars/akka-actor_2.11-2.4.4.jar, file:/C:/Users/Kuba/Downloads/activator-dist-1.3.12/repository/org.scala-lang.modules/scala-java8-compat_2.11/0.7.0/bundles/scala-java8-compat_2.11.jar, file:/C:/Users/Kuba/Downloads/activator-dist-1.3.12/repository/com.typesafe/ssl-config-akka_2.11/0.2.1/bundles/ssl-config-akka_2.11.jar, file:/C:/Users/Kuba/.ivy2/cache/com.typesafe/ssl-config-core_2.11/bundles/ssl-config-core_2.11-0.2.1.jar, file:/C:/Users/Kuba/.ivy2/cache/org.scala-lang.modules/scala-parser-combinators_2.11/bundles/scala-parser-combinators_2.11-1.0.4.jar, file:/C:/Users/Kuba/.ivy2/cache/com.typesafe.akka/akka-slf4j_2.11/jars/akka-slf4j_2.11-2.4.4.jar, file:/C:/Users/Kuba/.ivy2/cache/commons-codec/commons-codec/jars/commons-codec-1.10.jar, file:/C:/Users/Kuba/.ivy2/cache/xerces/xercesImpl/jars/xercesImpl-2.11.0.jar, file:/C:/Users/Kuba/.ivy2/cache/xml-apis/xml-apis/jars/xml-apis-1.4.01.jar, file:/C:/Users/Kuba/.ivy2/cache/javax.transaction/jta/jars/jta-1.1.jar, file:/C:/Users/Kuba/Downloads/activator-dist-1.3.12/repository/com.google.inject/guice/4.0/jars/guice.jar, file:/C:/Users/Kuba/.ivy2/cache/javax.inject/javax.inject/jars/javax.inject-1.jar, file:/C:/Users/Kuba/.ivy2/cache/aopalliance/aopalliance/jars/aopalliance-1.0.jar, file:/C:/Users/Kuba/Downloads/activator-dist-1.3.12/repository/com.google.inject.extensions/guice-assistedinject/4.0/jars/guice-assistedinject.jar, file:/C:/Users/Kuba/.ivy2/cache/com.typesafe.play/play-netty-server_2.11/jars/play-netty-server_2.11-2.5.4.jar, file:/C:/Users/Kuba/.ivy2/cache/com.typesafe.netty/netty-reactive-streams-http/jars/netty-reactive-streams-http-1.0.6.jar, file:/C:/Users/Kuba/.ivy2/cache/com.typesafe.netty/netty-reactive-streams/jars/netty-reactive-streams-1.0.6.jar, file:/C:/Users/Kuba/.ivy2/cache/io.netty/netty-handler/jars/netty-handler-4.0.36.Final.jar, file:/C:/Users/Kuba/.ivy2/cache/io.netty/netty-buffer/jars/netty-buffer-4.0.36.Final.jar, file:/C:/Users/Kuba/.ivy2/cache/io.netty/netty-common/jars/netty-common-4.0.36.Final.jar, file:/C:/Users/Kuba/.ivy2/cache/io.netty/netty-transport/jars/netty-transport-4.0.36.Final.jar, file:/C:/Users/Kuba/.ivy2/cache/io.netty/netty-codec/jars/netty-codec-4.0.36.Final.jar, file:/C:/Users/Kuba/.ivy2/cache/io.netty/netty-codec-http/jars/netty-codec-http-4.0.36.Final.jar, file:/C:/Users/Kuba/.ivy2/cache/io.netty/netty-transport-native-epoll/jars/netty-transport-native-epoll-4.0.36.Final-linux-x86_64.jar, file:/C:/Users/Kuba/.ivy2/cache/com.typesafe.play/play-logback_2.11/jars/play-logback_2.11-2.5.4.jar, file:/C:/Users/Kuba/.ivy2/cache/org.scala-lang/scala-swing/jars/scala-swing-2.11.0-M7.jar, file:/C:/Users/Kuba/.ivy2/cache/com.mohiva/play-silhouette_2.11/jars/play-silhouette_2.11-4.0.0.jar, file:/C:/Users/Kuba/.ivy2/cache/com.typesafe.play/play-cache_2.11/jars/play-cache_2.11-2.5.4.jar, file:/C:/Users/Kuba/Downloads/activator-dist-1.3.12/repository/net.sf.ehcache/ehcache-core/2.6.11/jars/ehcache-core.jar, file:/C:/Users/Kuba/.ivy2/cache/com.typesafe.play/play-ws_2.11/jars/play-ws_2.11-2.5.4.jar, file:/C:/Users/Kuba/.ivy2/cache/com.google.guava/guava/bundles/guava-19.0.jar, file:/C:/Users/Kuba/.ivy2/cache/org.asynchttpclient/async-http-client/jars/async-http-client-2.0.2.jar, file:/C:/Users/Kuba/.ivy2/cache/org.asynchttpclient/netty-resolver-dns/jars/netty-resolver-dns-2.0.2.jar, file:/C:/Users/Kuba/.ivy2/cache/org.asynchttpclient/netty-resolver/jars/netty-resolver-2.0.2.jar, file:/C:/Users/Kuba/.ivy2/cache/org.slf4j/slf4j-api/jars/slf4j-api-1.7.21.jar, file:/C:/Users/Kuba/.ivy2/cache/org.asynchttpclient/netty-codec-dns/jars/netty-codec-dns-2.0.2.jar, file:/C:/Users/Kuba/.ivy2/cache/org.javassist/javassist/bundles/javassist-3.20.0-GA.jar, file:/C:/Users/Kuba/.ivy2/cache/oauth.signpost/signpost-core/jars/signpost-core-1.2.1.2.jar, file:/C:/Users/Kuba/.ivy2/cache/oauth.signpost/signpost-commonshttp4/jars/signpost-commonshttp4-1.2.1.2.jar, file:/C:/Users/Kuba/.ivy2/cache/org.apache.httpcomponents/httpcore/jars/httpcore-4.0.1.jar, file:/C:/Users/Kuba/.ivy2/cache/org.apache.httpcomponents/httpclient/jars/httpclient-4.0.1.jar, file:/C:/Users/Kuba/.ivy2/cache/commons-logging/commons-logging/jars/commons-logging-1.1.1.jar, file:/C:/Users/Kuba/.ivy2/cache/com.atlassian.jwt/jwt-core/jars/jwt-core-1.5.8.jar, file:/C:/Users/Kuba/.ivy2/cache/com.nimbusds/nimbus-jose-jwt/jars/nimbus-jose-jwt-2.16.jar, file:/C:/Users/Kuba/.ivy2/cache/net.jcip/jcip-annotations/jars/jcip-annotations-1.0.jar, file:/C:/Users/Kuba/.ivy2/cache/net.minidev/json-smart/jars/json-smart-1.1.1.jar, file:/C:/Users/Kuba/.ivy2/cache/javax.mail/mail/jars/mail-1.4.7.jar, file:/C:/Users/Kuba/.ivy2/cache/org.bouncycastle/bcprov-jdk15on/jars/bcprov-jdk15on-1.51.jar, file:/C:/Users/Kuba/.ivy2/cache/org.bouncycastle/bcpkix-jdk15on/jars/bcpkix-jdk15on-1.51.jar, file:/C:/Users/Kuba/.ivy2/cache/com.atlassian.jwt/jwt-api/jars/jwt-api-1.5.8.jar, file:/C:/Users/Kuba/.ivy2/cache/com.mohiva/play-silhouette-password-bcrypt_2.11/jars/play-silhouette-password-bcrypt_2.11-4.0.0.jar, file:/C:/Users/Kuba/.ivy2/cache/de.svenkubiak/jBCrypt/bundles/jBCrypt-0.4.1.jar, file:/C:/Users/Kuba/.ivy2/cache/com.mohiva/play-silhouette-persistence_2.11/jars/play-silhouette-persistence_2.11-4.0.0.jar, file:/C:/Users/Kuba/.ivy2/cache/com.mohiva/play-silhouette-crypto-jca_2.11/jars/play-silhouette-crypto-jca_2.11-4.0.0.jar, file:/C:/Users/Kuba/.ivy2/cache/org.webjars/webjars-play_2.11/jars/webjars-play_2.11-2.5.0-2.jar, file:/C:/Users/Kuba/.ivy2/cache/org.webjars/requirejs/jars/requirejs-2.1.20.jar, file:/C:/Users/Kuba/.ivy2/cache/org.webjars/webjars-locator/jars/webjars-locator-0.31.jar, file:/C:/Users/Kuba/.ivy2/cache/org.webjars/webjars-locator-core/jars/webjars-locator-core-0.30.jar, file:/C:/Users/Kuba/.ivy2/cache/org.apache.commons/commons-compress/jars/commons-compress-1.9.jar, file:/C:/Users/Kuba/.ivy2/cache/net.codingwell/scala-guice_2.11/jars/scala-guice_2.11-4.0.1.jar, file:/C:/Users/Kuba/.ivy2/cache/com.google.inject.extensions/guice-multibindings/jars/guice-multibindings-4.0.jar, file:/C:/Users/Kuba/.ivy2/cache/com.iheart/ficus_2.11/jars/ficus_2.11-1.2.6.jar, file:/C:/Users/Kuba/.ivy2/cache/org.typelevel/macro-compat_2.11/jars/macro-compat_2.11-1.1.1.jar, file:/C:/Users/Kuba/.ivy2/cache/com.typesafe.play/play-mailer_2.11/jars/play-mailer_2.11-5.0.0.jar, file:/C:/Users/Kuba/.ivy2/cache/org.apache.commons/commons-email/jars/commons-email-1.4.jar, file:/C:/Users/Kuba/.ivy2/cache/com.sun.mail/javax.mail/jars/javax.mail-1.5.2.jar, file:/C:/Users/Kuba/.ivy2/cache/javax.activation/activation/jars/activation-1.1.1.jar, file:/C:/Users/Kuba/.ivy2/cache/com.enragedginger/akka-quartz-scheduler_2.11/jars/akka-quartz-scheduler_2.11-1.5.0-akka-2.4.x.jar, file:/C:/Users/Kuba/.ivy2/cache/org.quartz-scheduler/quartz/jars/quartz-2.2.2.jar, file:/C:/Users/Kuba/.ivy2/cache/c3p0/c3p0/jars/c3p0-0.9.1.1.jar, file:/C:/Users/Kuba/.ivy2/cache/com.adrianhurt/play-bootstrap_2.11/jars/play-bootstrap_2.11-1.0-P25-B3.jar, file:/C:/Users/Kuba/.ivy2/cache/com.typesafe.play/filters-helpers_2.11/jars/filters-helpers_2.11-2.5.4.jar, file:/C:/Users/Kuba/.ivy2/cache/com.typesafe.play/play-java_2.11/jars/play-java_2.11-2.5.4.jar, file:/C:/Users/Kuba/Downloads/activator-dist-1.3.12/repository/org.yaml/snakeyaml/1.16/bundles/snakeyaml.jar, file:/C:/Users/Kuba/Downloads/activator-dist-1.3.12/repository/org.hibernate/hibernate-validator/5.2.4.Final/jars/hibernate-validator.jar, file:/C:/Users/Kuba/Downloads/activator-dist-1.3.12/repository/javax.validation/validation-api/1.1.0.Final/jars/validation-api.jar, file:/C:/Users/Kuba/Downloads/activator-dist-1.3.12/repository/org.jboss.logging/jboss-logging/3.2.1.Final/jars/jboss-logging.jar, file:/C:/Users/Kuba/Downloads/activator-dist-1.3.12/repository/com.fasterxml/classmate/1.1.0/bundles/classmate.jar, file:/C:/Users/Kuba/Downloads/activator-dist-1.3.12/repository/javax.el/javax.el-api/3.0.0/jars/javax.el-api.jar, file:/C:/Users/Kuba/.ivy2/cache/org.springframework/spring-context/jars/spring-context-4.2.4.RELEASE.jar, file:/C:/Users/Kuba/.ivy2/cache/org.springframework/spring-core/jars/spring-core-4.2.4.RELEASE.jar, file:/C:/Users/Kuba/.ivy2/cache/org.springframework/spring-beans/jars/spring-beans-4.2.4.RELEASE.jar, file:/C:/Users/Kuba/Downloads/activator-dist-1.3.12/repository/org.reflections/reflections/0.9.10/jars/reflections.jar, file:/C:/Users/Kuba/Downloads/activator-dist-1.3.12/repository/net.jodah/typetools/0.4.4/bundles/typetools.jar, file:/C:/Users/Kuba/.ivy2/cache/com.google.code.findbugs/jsr305/jars/jsr305-3.0.1.jar, file:/C:/Users/Kuba/Downloads/activator-dist-1.3.12/repository/org.apache.tomcat/tomcat-servlet-api/8.0.33/jars/tomcat-servlet-api.jar, file:/C:/Users/Kuba/.ivy2/cache/com.adrianhurt/play-bootstrap-core_2.11/jars/play-bootstrap-core_2.11-1.0-P25.jar, file:/C:/Users/Kuba/.ivy2/cache/org.webjars/bootstrap/jars/bootstrap-3.3.6.jar, file:/C:/Users/Kuba/.ivy2/cache/org.webjars/jquery/jars/jquery-2.1.4.jar}
16:45:22.969 [ForkJoinPool-8-worker-1] DEBUG c.google.inject.internal.BytecodeGen - Loading class play.api.libs.mailer.SMTPConfigurationProvider FastClass with PlayDependencyClassLoader{file:/C:/Users/Kuba/IdeaProjects/play-silhouette-seed-master/lib/connect-four.jar, file:/C:/Users/Kuba/IdeaProjects/play-silhouette-seed-master/lib/sudoku.jar, file:/C:/Users/Kuba/.ivy2/cache/org.scala-lang/scala-library/jars/scala-library-2.11.8.jar, file:/C:/Users/Kuba/Downloads/activator-dist-1.3.12/repository/com.typesafe.play/twirl-api_2.11/1.1.1/jars/twirl-api_2.11.jar, file:/C:/Users/Kuba/.ivy2/cache/org.apache.commons/commons-lang3/jars/commons-lang3-3.4.jar, file:/C:/Users/Kuba/.ivy2/cache/org.scala-lang.modules/scala-xml_2.11/bundles/scala-xml_2.11-1.0.1.jar, file:/C:/Users/Kuba/.ivy2/cache/com.typesafe.play/play-server_2.11/jars/play-server_2.11-2.5.4.jar, file:/C:/Users/Kuba/.ivy2/cache/com.typesafe.play/play_2.11/jars/play_2.11-2.5.4.jar, file:/C:/Users/Kuba/.ivy2/cache/com.typesafe.play/build-link/jars/build-link-2.5.4.jar, file:/C:/Users/Kuba/.ivy2/cache/com.typesafe.play/play-exceptions/jars/play-exceptions-2.5.4.jar, file:/C:/Users/Kuba/.ivy2/cache/com.typesafe.play/play-iteratees_2.11/jars/play-iteratees_2.11-2.5.4.jar, file:/C:/Users/Kuba/.ivy2/cache/org.scala-stm/scala-stm_2.11/jars/scala-stm_2.11-0.7.jar, file:/C:/Users/Kuba/Downloads/activator-dist-1.3.12/repository/com.typesafe/config/1.3.0/bundles/config.jar, file:/C:/Users/Kuba/.ivy2/cache/ch.qos.logback/logback-classic/jars/logback-classic-1.1.7.jar, file:/C:/Users/Kuba/.ivy2/cache/ch.qos.logback/logback-core/jars/logback-core-1.1.7.jar, file:/C:/Users/Kuba/.ivy2/cache/com.typesafe.play/play-json_2.11/jars/play-json_2.11-2.5.4.jar, file:/C:/Users/Kuba/.ivy2/cache/com.typesafe.play/play-functional_2.11/jars/play-functional_2.11-2.5.4.jar, file:/C:/Users/Kuba/.ivy2/cache/com.typesafe.play/play-datacommons_2.11/jars/play-datacommons_2.11-2.5.4.jar, file:/C:/Users/Kuba/Downloads/activator-dist-1.3.12/repository/joda-time/joda-time/2.9.2/jars/joda-time.jar, file:/C:/Users/Kuba/Downloads/activator-dist-1.3.12/repository/org.joda/joda-convert/1.8.1/jars/joda-convert.jar, file:/C:/Users/Kuba/Downloads/activator-dist-1.3.12/repository/org.scala-lang/scala-reflect/2.11.7/jars/scala-reflect.jar, file:/C:/Users/Kuba/Downloads/activator-dist-1.3.12/repository/com.fasterxml.jackson.core/jackson-core/2.7.1/bundles/jackson-core.jar, file:/C:/Users/Kuba/Downloads/activator-dist-1.3.12/repository/com.fasterxml.jackson.core/jackson-annotations/2.7.1/bundles/jackson-annotations.jar, file:/C:/Users/Kuba/Downloads/activator-dist-1.3.12/repository/com.fasterxml.jackson.core/jackson-databind/2.7.1/bundles/jackson-databind.jar, file:/C:/Users/Kuba/Downloads/activator-dist-1.3.12/repository/com.fasterxml.jackson.datatype/jackson-datatype-jdk8/2.7.1/bundles/jackson-datatype-jdk8.jar, file:/C:/Users/Kuba/Downloads/activator-dist-1.3.12/repository/com.fasterxml.jackson.datatype/jackson-datatype-jsr310/2.7.1/bundles/jackson-datatype-jsr310.jar, file:/C:/Users/Kuba/.ivy2/cache/com.typesafe.play/play-netty-utils/jars/play-netty-utils-2.5.4.jar, file:/C:/Users/Kuba/.ivy2/cache/org.slf4j/jul-to-slf4j/jars/jul-to-slf4j-1.7.19.jar, file:/C:/Users/Kuba/.ivy2/cache/org.slf4j/jcl-over-slf4j/jars/jcl-over-slf4j-1.7.19.jar, file:/C:/Users/Kuba/.ivy2/cache/com.typesafe.play/play-streams_2.11/jars/play-streams_2.11-2.5.4.jar, file:/C:/Users/Kuba/.ivy2/cache/org.reactivestreams/reactive-streams/jars/reactive-streams-1.0.0.jar, file:/C:/Users/Kuba/.ivy2/cache/com.typesafe.akka/akka-stream_2.11/jars/akka-stream_2.11-2.4.4.jar, file:/C:/Users/Kuba/.ivy2/cache/com.typesafe.akka/akka-actor_2.11/jars/akka-actor_2.11-2.4.4.jar, file:/C:/Users/Kuba/Downloads/activator-dist-1.3.12/repository/org.scala-lang.modules/scala-java8-compat_2.11/0.7.0/bundles/scala-java8-compat_2.11.jar, file:/C:/Users/Kuba/Downloads/activator-dist-1.3.12/repository/com.typesafe/ssl-config-akka_2.11/0.2.1/bundles/ssl-config-akka_2.11.jar, file:/C:/Users/Kuba/.ivy2/cache/com.typesafe/ssl-config-core_2.11/bundles/ssl-config-core_2.11-0.2.1.jar, file:/C:/Users/Kuba/.ivy2/cache/org.scala-lang.modules/scala-parser-combinators_2.11/bundles/scala-parser-combinators_2.11-1.0.4.jar, file:/C:/Users/Kuba/.ivy2/cache/com.typesafe.akka/akka-slf4j_2.11/jars/akka-slf4j_2.11-2.4.4.jar, file:/C:/Users/Kuba/.ivy2/cache/commons-codec/commons-codec/jars/commons-codec-1.10.jar, file:/C:/Users/Kuba/.ivy2/cache/xerces/xercesImpl/jars/xercesImpl-2.11.0.jar, file:/C:/Users/Kuba/.ivy2/cache/xml-apis/xml-apis/jars/xml-apis-1.4.01.jar, file:/C:/Users/Kuba/.ivy2/cache/javax.transaction/jta/jars/jta-1.1.jar, file:/C:/Users/Kuba/Downloads/activator-dist-1.3.12/repository/com.google.inject/guice/4.0/jars/guice.jar, file:/C:/Users/Kuba/.ivy2/cache/javax.inject/javax.inject/jars/javax.inject-1.jar, file:/C:/Users/Kuba/.ivy2/cache/aopalliance/aopalliance/jars/aopalliance-1.0.jar, file:/C:/Users/Kuba/Downloads/activator-dist-1.3.12/repository/com.google.inject.extensions/guice-assistedinject/4.0/jars/guice-assistedinject.jar, file:/C:/Users/Kuba/.ivy2/cache/com.typesafe.play/play-netty-server_2.11/jars/play-netty-server_2.11-2.5.4.jar, file:/C:/Users/Kuba/.ivy2/cache/com.typesafe.netty/netty-reactive-streams-http/jars/netty-reactive-streams-http-1.0.6.jar, file:/C:/Users/Kuba/.ivy2/cache/com.typesafe.netty/netty-reactive-streams/jars/netty-reactive-streams-1.0.6.jar, file:/C:/Users/Kuba/.ivy2/cache/io.netty/netty-handler/jars/netty-handler-4.0.36.Final.jar, file:/C:/Users/Kuba/.ivy2/cache/io.netty/netty-buffer/jars/netty-buffer-4.0.36.Final.jar, file:/C:/Users/Kuba/.ivy2/cache/io.netty/netty-common/jars/netty-common-4.0.36.Final.jar, file:/C:/Users/Kuba/.ivy2/cache/io.netty/netty-transport/jars/netty-transport-4.0.36.Final.jar, file:/C:/Users/Kuba/.ivy2/cache/io.netty/netty-codec/jars/netty-codec-4.0.36.Final.jar, file:/C:/Users/Kuba/.ivy2/cache/io.netty/netty-codec-http/jars/netty-codec-http-4.0.36.Final.jar, file:/C:/Users/Kuba/.ivy2/cache/io.netty/netty-transport-native-epoll/jars/netty-transport-native-epoll-4.0.36.Final-linux-x86_64.jar, file:/C:/Users/Kuba/.ivy2/cache/com.typesafe.play/play-logback_2.11/jars/play-logback_2.11-2.5.4.jar, file:/C:/Users/Kuba/.ivy2/cache/org.scala-lang/scala-swing/jars/scala-swing-2.11.0-M7.jar, file:/C:/Users/Kuba/.ivy2/cache/com.mohiva/play-silhouette_2.11/jars/play-silhouette_2.11-4.0.0.jar, file:/C:/Users/Kuba/.ivy2/cache/com.typesafe.play/play-cache_2.11/jars/play-cache_2.11-2.5.4.jar, file:/C:/Users/Kuba/Downloads/activator-dist-1.3.12/repository/net.sf.ehcache/ehcache-core/2.6.11/jars/ehcache-core.jar, file:/C:/Users/Kuba/.ivy2/cache/com.typesafe.play/play-ws_2.11/jars/play-ws_2.11-2.5.4.jar, file:/C:/Users/Kuba/.ivy2/cache/com.google.guava/guava/bundles/guava-19.0.jar, file:/C:/Users/Kuba/.ivy2/cache/org.asynchttpclient/async-http-client/jars/async-http-client-2.0.2.jar, file:/C:/Users/Kuba/.ivy2/cache/org.asynchttpclient/netty-resolver-dns/jars/netty-resolver-dns-2.0.2.jar, file:/C:/Users/Kuba/.ivy2/cache/org.asynchttpclient/netty-resolver/jars/netty-resolver-2.0.2.jar, file:/C:/Users/Kuba/.ivy2/cache/org.slf4j/slf4j-api/jars/slf4j-api-1.7.21.jar, file:/C:/Users/Kuba/.ivy2/cache/org.asynchttpclient/netty-codec-dns/jars/netty-codec-dns-2.0.2.jar, file:/C:/Users/Kuba/.ivy2/cache/org.javassist/javassist/bundles/javassist-3.20.0-GA.jar, file:/C:/Users/Kuba/.ivy2/cache/oauth.signpost/signpost-core/jars/signpost-core-1.2.1.2.jar, file:/C:/Users/Kuba/.ivy2/cache/oauth.signpost/signpost-commonshttp4/jars/signpost-commonshttp4-1.2.1.2.jar, file:/C:/Users/Kuba/.ivy2/cache/org.apache.httpcomponents/httpcore/jars/httpcore-4.0.1.jar, file:/C:/Users/Kuba/.ivy2/cache/org.apache.httpcomponents/httpclient/jars/httpclient-4.0.1.jar, file:/C:/Users/Kuba/.ivy2/cache/commons-logging/commons-logging/jars/commons-logging-1.1.1.jar, file:/C:/Users/Kuba/.ivy2/cache/com.atlassian.jwt/jwt-core/jars/jwt-core-1.5.8.jar, file:/C:/Users/Kuba/.ivy2/cache/com.nimbusds/nimbus-jose-jwt/jars/nimbus-jose-jwt-2.16.jar, file:/C:/Users/Kuba/.ivy2/cache/net.jcip/jcip-annotations/jars/jcip-annotations-1.0.jar, file:/C:/Users/Kuba/.ivy2/cache/net.minidev/json-smart/jars/json-smart-1.1.1.jar, file:/C:/Users/Kuba/.ivy2/cache/javax.mail/mail/jars/mail-1.4.7.jar, file:/C:/Users/Kuba/.ivy2/cache/org.bouncycastle/bcprov-jdk15on/jars/bcprov-jdk15on-1.51.jar, file:/C:/Users/Kuba/.ivy2/cache/org.bouncycastle/bcpkix-jdk15on/jars/bcpkix-jdk15on-1.51.jar, file:/C:/Users/Kuba/.ivy2/cache/com.atlassian.jwt/jwt-api/jars/jwt-api-1.5.8.jar, file:/C:/Users/Kuba/.ivy2/cache/com.mohiva/play-silhouette-password-bcrypt_2.11/jars/play-silhouette-password-bcrypt_2.11-4.0.0.jar, file:/C:/Users/Kuba/.ivy2/cache/de.svenkubiak/jBCrypt/bundles/jBCrypt-0.4.1.jar, file:/C:/Users/Kuba/.ivy2/cache/com.mohiva/play-silhouette-persistence_2.11/jars/play-silhouette-persistence_2.11-4.0.0.jar, file:/C:/Users/Kuba/.ivy2/cache/com.mohiva/play-silhouette-crypto-jca_2.11/jars/play-silhouette-crypto-jca_2.11-4.0.0.jar, file:/C:/Users/Kuba/.ivy2/cache/org.webjars/webjars-play_2.11/jars/webjars-play_2.11-2.5.0-2.jar, file:/C:/Users/Kuba/.ivy2/cache/org.webjars/requirejs/jars/requirejs-2.1.20.jar, file:/C:/Users/Kuba/.ivy2/cache/org.webjars/webjars-locator/jars/webjars-locator-0.31.jar, file:/C:/Users/Kuba/.ivy2/cache/org.webjars/webjars-locator-core/jars/webjars-locator-core-0.30.jar, file:/C:/Users/Kuba/.ivy2/cache/org.apache.commons/commons-compress/jars/commons-compress-1.9.jar, file:/C:/Users/Kuba/.ivy2/cache/net.codingwell/scala-guice_2.11/jars/scala-guice_2.11-4.0.1.jar, file:/C:/Users/Kuba/.ivy2/cache/com.google.inject.extensions/guice-multibindings/jars/guice-multibindings-4.0.jar, file:/C:/Users/Kuba/.ivy2/cache/com.iheart/ficus_2.11/jars/ficus_2.11-1.2.6.jar, file:/C:/Users/Kuba/.ivy2/cache/org.typelevel/macro-compat_2.11/jars/macro-compat_2.11-1.1.1.jar, file:/C:/Users/Kuba/.ivy2/cache/com.typesafe.play/play-mailer_2.11/jars/play-mailer_2.11-5.0.0.jar, file:/C:/Users/Kuba/.ivy2/cache/org.apache.commons/commons-email/jars/commons-email-1.4.jar, file:/C:/Users/Kuba/.ivy2/cache/com.sun.mail/javax.mail/jars/javax.mail-1.5.2.jar, file:/C:/Users/Kuba/.ivy2/cache/javax.activation/activation/jars/activation-1.1.1.jar, file:/C:/Users/Kuba/.ivy2/cache/com.enragedginger/akka-quartz-scheduler_2.11/jars/akka-quartz-scheduler_2.11-1.5.0-akka-2.4.x.jar, file:/C:/Users/Kuba/.ivy2/cache/org.quartz-scheduler/quartz/jars/quartz-2.2.2.jar, file:/C:/Users/Kuba/.ivy2/cache/c3p0/c3p0/jars/c3p0-0.9.1.1.jar, file:/C:/Users/Kuba/.ivy2/cache/com.adrianhurt/play-bootstrap_2.11/jars/play-bootstrap_2.11-1.0-P25-B3.jar, file:/C:/Users/Kuba/.ivy2/cache/com.typesafe.play/filters-helpers_2.11/jars/filters-helpers_2.11-2.5.4.jar, file:/C:/Users/Kuba/.ivy2/cache/com.typesafe.play/play-java_2.11/jars/play-java_2.11-2.5.4.jar, file:/C:/Users/Kuba/Downloads/activator-dist-1.3.12/repository/org.yaml/snakeyaml/1.16/bundles/snakeyaml.jar, file:/C:/Users/Kuba/Downloads/activator-dist-1.3.12/repository/org.hibernate/hibernate-validator/5.2.4.Final/jars/hibernate-validator.jar, file:/C:/Users/Kuba/Downloads/activator-dist-1.3.12/repository/javax.validation/validation-api/1.1.0.Final/jars/validation-api.jar, file:/C:/Users/Kuba/Downloads/activator-dist-1.3.12/repository/org.jboss.logging/jboss-logging/3.2.1.Final/jars/jboss-logging.jar, file:/C:/Users/Kuba/Downloads/activator-dist-1.3.12/repository/com.fasterxml/classmate/1.1.0/bundles/classmate.jar, file:/C:/Users/Kuba/Downloads/activator-dist-1.3.12/repository/javax.el/javax.el-api/3.0.0/jars/javax.el-api.jar, file:/C:/Users/Kuba/.ivy2/cache/org.springframework/spring-context/jars/spring-context-4.2.4.RELEASE.jar, file:/C:/Users/Kuba/.ivy2/cache/org.springframework/spring-core/jars/spring-core-4.2.4.RELEASE.jar, file:/C:/Users/Kuba/.ivy2/cache/org.springframework/spring-beans/jars/spring-beans-4.2.4.RELEASE.jar, file:/C:/Users/Kuba/Downloads/activator-dist-1.3.12/repository/org.reflections/reflections/0.9.10/jars/reflections.jar, file:/C:/Users/Kuba/Downloads/activator-dist-1.3.12/repository/net.jodah/typetools/0.4.4/bundles/typetools.jar, file:/C:/Users/Kuba/.ivy2/cache/com.google.code.findbugs/jsr305/jars/jsr305-3.0.1.jar, file:/C:/Users/Kuba/Downloads/activator-dist-1.3.12/repository/org.apache.tomcat/tomcat-servlet-api/8.0.33/jars/tomcat-servlet-api.jar, file:/C:/Users/Kuba/.ivy2/cache/com.adrianhurt/play-bootstrap-core_2.11/jars/play-bootstrap-core_2.11-1.0-P25.jar, file:/C:/Users/Kuba/.ivy2/cache/org.webjars/bootstrap/jars/bootstrap-3.3.6.jar, file:/C:/Users/Kuba/.ivy2/cache/org.webjars/jquery/jars/jquery-2.1.4.jar}
16:45:22.971 [ForkJoinPool-8-worker-1] DEBUG c.google.inject.internal.BytecodeGen - Loading class com.mohiva.play.silhouette.api.actions.DefaultUnsecuredAction FastClass with PlayDependencyClassLoader{file:/C:/Users/Kuba/IdeaProjects/play-silhouette-seed-master/lib/connect-four.jar, file:/C:/Users/Kuba/IdeaProjects/play-silhouette-seed-master/lib/sudoku.jar, file:/C:/Users/Kuba/.ivy2/cache/org.scala-lang/scala-library/jars/scala-library-2.11.8.jar, file:/C:/Users/Kuba/Downloads/activator-dist-1.3.12/repository/com.typesafe.play/twirl-api_2.11/1.1.1/jars/twirl-api_2.11.jar, file:/C:/Users/Kuba/.ivy2/cache/org.apache.commons/commons-lang3/jars/commons-lang3-3.4.jar, file:/C:/Users/Kuba/.ivy2/cache/org.scala-lang.modules/scala-xml_2.11/bundles/scala-xml_2.11-1.0.1.jar, file:/C:/Users/Kuba/.ivy2/cache/com.typesafe.play/play-server_2.11/jars/play-server_2.11-2.5.4.jar, file:/C:/Users/Kuba/.ivy2/cache/com.typesafe.play/play_2.11/jars/play_2.11-2.5.4.jar, file:/C:/Users/Kuba/.ivy2/cache/com.typesafe.play/build-link/jars/build-link-2.5.4.jar, file:/C:/Users/Kuba/.ivy2/cache/com.typesafe.play/play-exceptions/jars/play-exceptions-2.5.4.jar, file:/C:/Users/Kuba/.ivy2/cache/com.typesafe.play/play-iteratees_2.11/jars/play-iteratees_2.11-2.5.4.jar, file:/C:/Users/Kuba/.ivy2/cache/org.scala-stm/scala-stm_2.11/jars/scala-stm_2.11-0.7.jar, file:/C:/Users/Kuba/Downloads/activator-dist-1.3.12/repository/com.typesafe/config/1.3.0/bundles/config.jar, file:/C:/Users/Kuba/.ivy2/cache/ch.qos.logback/logback-classic/jars/logback-classic-1.1.7.jar, file:/C:/Users/Kuba/.ivy2/cache/ch.qos.logback/logback-core/jars/logback-core-1.1.7.jar, file:/C:/Users/Kuba/.ivy2/cache/com.typesafe.play/play-json_2.11/jars/play-json_2.11-2.5.4.jar, file:/C:/Users/Kuba/.ivy2/cache/com.typesafe.play/play-functional_2.11/jars/play-functional_2.11-2.5.4.jar, file:/C:/Users/Kuba/.ivy2/cache/com.typesafe.play/play-datacommons_2.11/jars/play-datacommons_2.11-2.5.4.jar, file:/C:/Users/Kuba/Downloads/activator-dist-1.3.12/repository/joda-time/joda-time/2.9.2/jars/joda-time.jar, file:/C:/Users/Kuba/Downloads/activator-dist-1.3.12/repository/org.joda/joda-convert/1.8.1/jars/joda-convert.jar, file:/C:/Users/Kuba/Downloads/activator-dist-1.3.12/repository/org.scala-lang/scala-reflect/2.11.7/jars/scala-reflect.jar, file:/C:/Users/Kuba/Downloads/activator-dist-1.3.12/repository/com.fasterxml.jackson.core/jackson-core/2.7.1/bundles/jackson-core.jar, file:/C:/Users/Kuba/Downloads/activator-dist-1.3.12/repository/com.fasterxml.jackson.core/jackson-annotations/2.7.1/bundles/jackson-annotations.jar, file:/C:/Users/Kuba/Downloads/activator-dist-1.3.12/repository/com.fasterxml.jackson.core/jackson-databind/2.7.1/bundles/jackson-databind.jar, file:/C:/Users/Kuba/Downloads/activator-dist-1.3.12/repository/com.fasterxml.jackson.datatype/jackson-datatype-jdk8/2.7.1/bundles/jackson-datatype-jdk8.jar, file:/C:/Users/Kuba/Downloads/activator-dist-1.3.12/repository/com.fasterxml.jackson.datatype/jackson-datatype-jsr310/2.7.1/bundles/jackson-datatype-jsr310.jar, file:/C:/Users/Kuba/.ivy2/cache/com.typesafe.play/play-netty-utils/jars/play-netty-utils-2.5.4.jar, file:/C:/Users/Kuba/.ivy2/cache/org.slf4j/jul-to-slf4j/jars/jul-to-slf4j-1.7.19.jar, file:/C:/Users/Kuba/.ivy2/cache/org.slf4j/jcl-over-slf4j/jars/jcl-over-slf4j-1.7.19.jar, file:/C:/Users/Kuba/.ivy2/cache/com.typesafe.play/play-streams_2.11/jars/play-streams_2.11-2.5.4.jar, file:/C:/Users/Kuba/.ivy2/cache/org.reactivestreams/reactive-streams/jars/reactive-streams-1.0.0.jar, file:/C:/Users/Kuba/.ivy2/cache/com.typesafe.akka/akka-stream_2.11/jars/akka-stream_2.11-2.4.4.jar, file:/C:/Users/Kuba/.ivy2/cache/com.typesafe.akka/akka-actor_2.11/jars/akka-actor_2.11-2.4.4.jar, file:/C:/Users/Kuba/Downloads/activator-dist-1.3.12/repository/org.scala-lang.modules/scala-java8-compat_2.11/0.7.0/bundles/scala-java8-compat_2.11.jar, file:/C:/Users/Kuba/Downloads/activator-dist-1.3.12/repository/com.typesafe/ssl-config-akka_2.11/0.2.1/bundles/ssl-config-akka_2.11.jar, file:/C:/Users/Kuba/.ivy2/cache/com.typesafe/ssl-config-core_2.11/bundles/ssl-config-core_2.11-0.2.1.jar, file:/C:/Users/Kuba/.ivy2/cache/org.scala-lang.modules/scala-parser-combinators_2.11/bundles/scala-parser-combinators_2.11-1.0.4.jar, file:/C:/Users/Kuba/.ivy2/cache/com.typesafe.akka/akka-slf4j_2.11/jars/akka-slf4j_2.11-2.4.4.jar, file:/C:/Users/Kuba/.ivy2/cache/commons-codec/commons-codec/jars/commons-codec-1.10.jar, file:/C:/Users/Kuba/.ivy2/cache/xerces/xercesImpl/jars/xercesImpl-2.11.0.jar, file:/C:/Users/Kuba/.ivy2/cache/xml-apis/xml-apis/jars/xml-apis-1.4.01.jar, file:/C:/Users/Kuba/.ivy2/cache/javax.transaction/jta/jars/jta-1.1.jar, file:/C:/Users/Kuba/Downloads/activator-dist-1.3.12/repository/com.google.inject/guice/4.0/jars/guice.jar, file:/C:/Users/Kuba/.ivy2/cache/javax.inject/javax.inject/jars/javax.inject-1.jar, file:/C:/Users/Kuba/.ivy2/cache/aopalliance/aopalliance/jars/aopalliance-1.0.jar, file:/C:/Users/Kuba/Downloads/activator-dist-1.3.12/repository/com.google.inject.extensions/guice-assistedinject/4.0/jars/guice-assistedinject.jar, file:/C:/Users/Kuba/.ivy2/cache/com.typesafe.play/play-netty-server_2.11/jars/play-netty-server_2.11-2.5.4.jar, file:/C:/Users/Kuba/.ivy2/cache/com.typesafe.netty/netty-reactive-streams-http/jars/netty-reactive-streams-http-1.0.6.jar, file:/C:/Users/Kuba/.ivy2/cache/com.typesafe.netty/netty-reactive-streams/jars/netty-reactive-streams-1.0.6.jar, file:/C:/Users/Kuba/.ivy2/cache/io.netty/netty-handler/jars/netty-handler-4.0.36.Final.jar, file:/C:/Users/Kuba/.ivy2/cache/io.netty/netty-buffer/jars/netty-buffer-4.0.36.Final.jar, file:/C:/Users/Kuba/.ivy2/cache/io.netty/netty-common/jars/netty-common-4.0.36.Final.jar, file:/C:/Users/Kuba/.ivy2/cache/io.netty/netty-transport/jars/netty-transport-4.0.36.Final.jar, file:/C:/Users/Kuba/.ivy2/cache/io.netty/netty-codec/jars/netty-codec-4.0.36.Final.jar, file:/C:/Users/Kuba/.ivy2/cache/io.netty/netty-codec-http/jars/netty-codec-http-4.0.36.Final.jar, file:/C:/Users/Kuba/.ivy2/cache/io.netty/netty-transport-native-epoll/jars/netty-transport-native-epoll-4.0.36.Final-linux-x86_64.jar, file:/C:/Users/Kuba/.ivy2/cache/com.typesafe.play/play-logback_2.11/jars/play-logback_2.11-2.5.4.jar, file:/C:/Users/Kuba/.ivy2/cache/org.scala-lang/scala-swing/jars/scala-swing-2.11.0-M7.jar, file:/C:/Users/Kuba/.ivy2/cache/com.mohiva/play-silhouette_2.11/jars/play-silhouette_2.11-4.0.0.jar, file:/C:/Users/Kuba/.ivy2/cache/com.typesafe.play/play-cache_2.11/jars/play-cache_2.11-2.5.4.jar, file:/C:/Users/Kuba/Downloads/activator-dist-1.3.12/repository/net.sf.ehcache/ehcache-core/2.6.11/jars/ehcache-core.jar, file:/C:/Users/Kuba/.ivy2/cache/com.typesafe.play/play-ws_2.11/jars/play-ws_2.11-2.5.4.jar, file:/C:/Users/Kuba/.ivy2/cache/com.google.guava/guava/bundles/guava-19.0.jar, file:/C:/Users/Kuba/.ivy2/cache/org.asynchttpclient/async-http-client/jars/async-http-client-2.0.2.jar, file:/C:/Users/Kuba/.ivy2/cache/org.asynchttpclient/netty-resolver-dns/jars/netty-resolver-dns-2.0.2.jar, file:/C:/Users/Kuba/.ivy2/cache/org.asynchttpclient/netty-resolver/jars/netty-resolver-2.0.2.jar, file:/C:/Users/Kuba/.ivy2/cache/org.slf4j/slf4j-api/jars/slf4j-api-1.7.21.jar, file:/C:/Users/Kuba/.ivy2/cache/org.asynchttpclient/netty-codec-dns/jars/netty-codec-dns-2.0.2.jar, file:/C:/Users/Kuba/.ivy2/cache/org.javassist/javassist/bundles/javassist-3.20.0-GA.jar, file:/C:/Users/Kuba/.ivy2/cache/oauth.signpost/signpost-core/jars/signpost-core-1.2.1.2.jar, file:/C:/Users/Kuba/.ivy2/cache/oauth.signpost/signpost-commonshttp4/jars/signpost-commonshttp4-1.2.1.2.jar, file:/C:/Users/Kuba/.ivy2/cache/org.apache.httpcomponents/httpcore/jars/httpcore-4.0.1.jar, file:/C:/Users/Kuba/.ivy2/cache/org.apache.httpcomponents/httpclient/jars/httpclient-4.0.1.jar, file:/C:/Users/Kuba/.ivy2/cache/commons-logging/commons-logging/jars/commons-logging-1.1.1.jar, file:/C:/Users/Kuba/.ivy2/cache/com.atlassian.jwt/jwt-core/jars/jwt-core-1.5.8.jar, file:/C:/Users/Kuba/.ivy2/cache/com.nimbusds/nimbus-jose-jwt/jars/nimbus-jose-jwt-2.16.jar, file:/C:/Users/Kuba/.ivy2/cache/net.jcip/jcip-annotations/jars/jcip-annotations-1.0.jar, file:/C:/Users/Kuba/.ivy2/cache/net.minidev/json-smart/jars/json-smart-1.1.1.jar, file:/C:/Users/Kuba/.ivy2/cache/javax.mail/mail/jars/mail-1.4.7.jar, file:/C:/Users/Kuba/.ivy2/cache/org.bouncycastle/bcprov-jdk15on/jars/bcprov-jdk15on-1.51.jar, file:/C:/Users/Kuba/.ivy2/cache/org.bouncycastle/bcpkix-jdk15on/jars/bcpkix-jdk15on-1.51.jar, file:/C:/Users/Kuba/.ivy2/cache/com.atlassian.jwt/jwt-api/jars/jwt-api-1.5.8.jar, file:/C:/Users/Kuba/.ivy2/cache/com.mohiva/play-silhouette-password-bcrypt_2.11/jars/play-silhouette-password-bcrypt_2.11-4.0.0.jar, file:/C:/Users/Kuba/.ivy2/cache/de.svenkubiak/jBCrypt/bundles/jBCrypt-0.4.1.jar, file:/C:/Users/Kuba/.ivy2/cache/com.mohiva/play-silhouette-persistence_2.11/jars/play-silhouette-persistence_2.11-4.0.0.jar, file:/C:/Users/Kuba/.ivy2/cache/com.mohiva/play-silhouette-crypto-jca_2.11/jars/play-silhouette-crypto-jca_2.11-4.0.0.jar, file:/C:/Users/Kuba/.ivy2/cache/org.webjars/webjars-play_2.11/jars/webjars-play_2.11-2.5.0-2.jar, file:/C:/Users/Kuba/.ivy2/cache/org.webjars/requirejs/jars/requirejs-2.1.20.jar, file:/C:/Users/Kuba/.ivy2/cache/org.webjars/webjars-locator/jars/webjars-locator-0.31.jar, file:/C:/Users/Kuba/.ivy2/cache/org.webjars/webjars-locator-core/jars/webjars-locator-core-0.30.jar, file:/C:/Users/Kuba/.ivy2/cache/org.apache.commons/commons-compress/jars/commons-compress-1.9.jar, file:/C:/Users/Kuba/.ivy2/cache/net.codingwell/scala-guice_2.11/jars/scala-guice_2.11-4.0.1.jar, file:/C:/Users/Kuba/.ivy2/cache/com.google.inject.extensions/guice-multibindings/jars/guice-multibindings-4.0.jar, file:/C:/Users/Kuba/.ivy2/cache/com.iheart/ficus_2.11/jars/ficus_2.11-1.2.6.jar, file:/C:/Users/Kuba/.ivy2/cache/org.typelevel/macro-compat_2.11/jars/macro-compat_2.11-1.1.1.jar, file:/C:/Users/Kuba/.ivy2/cache/com.typesafe.play/play-mailer_2.11/jars/play-mailer_2.11-5.0.0.jar, file:/C:/Users/Kuba/.ivy2/cache/org.apache.commons/commons-email/jars/commons-email-1.4.jar, file:/C:/Users/Kuba/.ivy2/cache/com.sun.mail/javax.mail/jars/javax.mail-1.5.2.jar, file:/C:/Users/Kuba/.ivy2/cache/javax.activation/activation/jars/activation-1.1.1.jar, file:/C:/Users/Kuba/.ivy2/cache/com.enragedginger/akka-quartz-scheduler_2.11/jars/akka-quartz-scheduler_2.11-1.5.0-akka-2.4.x.jar, file:/C:/Users/Kuba/.ivy2/cache/org.quartz-scheduler/quartz/jars/quartz-2.2.2.jar, file:/C:/Users/Kuba/.ivy2/cache/c3p0/c3p0/jars/c3p0-0.9.1.1.jar, file:/C:/Users/Kuba/.ivy2/cache/com.adrianhurt/play-bootstrap_2.11/jars/play-bootstrap_2.11-1.0-P25-B3.jar, file:/C:/Users/Kuba/.ivy2/cache/com.typesafe.play/filters-helpers_2.11/jars/filters-helpers_2.11-2.5.4.jar, file:/C:/Users/Kuba/.ivy2/cache/com.typesafe.play/play-java_2.11/jars/play-java_2.11-2.5.4.jar, file:/C:/Users/Kuba/Downloads/activator-dist-1.3.12/repository/org.yaml/snakeyaml/1.16/bundles/snakeyaml.jar, file:/C:/Users/Kuba/Downloads/activator-dist-1.3.12/repository/org.hibernate/hibernate-validator/5.2.4.Final/jars/hibernate-validator.jar, file:/C:/Users/Kuba/Downloads/activator-dist-1.3.12/repository/javax.validation/validation-api/1.1.0.Final/jars/validation-api.jar, file:/C:/Users/Kuba/Downloads/activator-dist-1.3.12/repository/org.jboss.logging/jboss-logging/3.2.1.Final/jars/jboss-logging.jar, file:/C:/Users/Kuba/Downloads/activator-dist-1.3.12/repository/com.fasterxml/classmate/1.1.0/bundles/classmate.jar, file:/C:/Users/Kuba/Downloads/activator-dist-1.3.12/repository/javax.el/javax.el-api/3.0.0/jars/javax.el-api.jar, file:/C:/Users/Kuba/.ivy2/cache/org.springframework/spring-context/jars/spring-context-4.2.4.RELEASE.jar, file:/C:/Users/Kuba/.ivy2/cache/org.springframework/spring-core/jars/spring-core-4.2.4.RELEASE.jar, file:/C:/Users/Kuba/.ivy2/cache/org.springframework/spring-beans/jars/spring-beans-4.2.4.RELEASE.jar, file:/C:/Users/Kuba/Downloads/activator-dist-1.3.12/repository/org.reflections/reflections/0.9.10/jars/reflections.jar, file:/C:/Users/Kuba/Downloads/activator-dist-1.3.12/repository/net.jodah/typetools/0.4.4/bundles/typetools.jar, file:/C:/Users/Kuba/.ivy2/cache/com.google.code.findbugs/jsr305/jars/jsr305-3.0.1.jar, file:/C:/Users/Kuba/Downloads/activator-dist-1.3.12/repository/org.apache.tomcat/tomcat-servlet-api/8.0.33/jars/tomcat-servlet-api.jar, file:/C:/Users/Kuba/.ivy2/cache/com.adrianhurt/play-bootstrap-core_2.11/jars/play-bootstrap-core_2.11-1.0-P25.jar, file:/C:/Users/Kuba/.ivy2/cache/org.webjars/bootstrap/jars/bootstrap-3.3.6.jar, file:/C:/Users/Kuba/.ivy2/cache/org.webjars/jquery/jars/jquery-2.1.4.jar}
16:45:22.972 [ForkJoinPool-8-worker-1] DEBUG c.google.inject.internal.BytecodeGen - Loading class com.mohiva.play.silhouette.api.actions.DefaultUnsecuredRequestHandler FastClass with PlayDependencyClassLoader{file:/C:/Users/Kuba/IdeaProjects/play-silhouette-seed-master/lib/connect-four.jar, file:/C:/Users/Kuba/IdeaProjects/play-silhouette-seed-master/lib/sudoku.jar, file:/C:/Users/Kuba/.ivy2/cache/org.scala-lang/scala-library/jars/scala-library-2.11.8.jar, file:/C:/Users/Kuba/Downloads/activator-dist-1.3.12/repository/com.typesafe.play/twirl-api_2.11/1.1.1/jars/twirl-api_2.11.jar, file:/C:/Users/Kuba/.ivy2/cache/org.apache.commons/commons-lang3/jars/commons-lang3-3.4.jar, file:/C:/Users/Kuba/.ivy2/cache/org.scala-lang.modules/scala-xml_2.11/bundles/scala-xml_2.11-1.0.1.jar, file:/C:/Users/Kuba/.ivy2/cache/com.typesafe.play/play-server_2.11/jars/play-server_2.11-2.5.4.jar, file:/C:/Users/Kuba/.ivy2/cache/com.typesafe.play/play_2.11/jars/play_2.11-2.5.4.jar, file:/C:/Users/Kuba/.ivy2/cache/com.typesafe.play/build-link/jars/build-link-2.5.4.jar, file:/C:/Users/Kuba/.ivy2/cache/com.typesafe.play/play-exceptions/jars/play-exceptions-2.5.4.jar, file:/C:/Users/Kuba/.ivy2/cache/com.typesafe.play/play-iteratees_2.11/jars/play-iteratees_2.11-2.5.4.jar, file:/C:/Users/Kuba/.ivy2/cache/org.scala-stm/scala-stm_2.11/jars/scala-stm_2.11-0.7.jar, file:/C:/Users/Kuba/Downloads/activator-dist-1.3.12/repository/com.typesafe/config/1.3.0/bundles/config.jar, file:/C:/Users/Kuba/.ivy2/cache/ch.qos.logback/logback-classic/jars/logback-classic-1.1.7.jar, file:/C:/Users/Kuba/.ivy2/cache/ch.qos.logback/logback-core/jars/logback-core-1.1.7.jar, file:/C:/Users/Kuba/.ivy2/cache/com.typesafe.play/play-json_2.11/jars/play-json_2.11-2.5.4.jar, file:/C:/Users/Kuba/.ivy2/cache/com.typesafe.play/play-functional_2.11/jars/play-functional_2.11-2.5.4.jar, file:/C:/Users/Kuba/.ivy2/cache/com.typesafe.play/play-datacommons_2.11/jars/play-datacommons_2.11-2.5.4.jar, file:/C:/Users/Kuba/Downloads/activator-dist-1.3.12/repository/joda-time/joda-time/2.9.2/jars/joda-time.jar, file:/C:/Users/Kuba/Downloads/activator-dist-1.3.12/repository/org.joda/joda-convert/1.8.1/jars/joda-convert.jar, file:/C:/Users/Kuba/Downloads/activator-dist-1.3.12/repository/org.scala-lang/scala-reflect/2.11.7/jars/scala-reflect.jar, file:/C:/Users/Kuba/Downloads/activator-dist-1.3.12/repository/com.fasterxml.jackson.core/jackson-core/2.7.1/bundles/jackson-core.jar, file:/C:/Users/Kuba/Downloads/activator-dist-1.3.12/repository/com.fasterxml.jackson.core/jackson-annotations/2.7.1/bundles/jackson-annotations.jar, file:/C:/Users/Kuba/Downloads/activator-dist-1.3.12/repository/com.fasterxml.jackson.core/jackson-databind/2.7.1/bundles/jackson-databind.jar, file:/C:/Users/Kuba/Downloads/activator-dist-1.3.12/repository/com.fasterxml.jackson.datatype/jackson-datatype-jdk8/2.7.1/bundles/jackson-datatype-jdk8.jar, file:/C:/Users/Kuba/Downloads/activator-dist-1.3.12/repository/com.fasterxml.jackson.datatype/jackson-datatype-jsr310/2.7.1/bundles/jackson-datatype-jsr310.jar, file:/C:/Users/Kuba/.ivy2/cache/com.typesafe.play/play-netty-utils/jars/play-netty-utils-2.5.4.jar, file:/C:/Users/Kuba/.ivy2/cache/org.slf4j/jul-to-slf4j/jars/jul-to-slf4j-1.7.19.jar, file:/C:/Users/Kuba/.ivy2/cache/org.slf4j/jcl-over-slf4j/jars/jcl-over-slf4j-1.7.19.jar, file:/C:/Users/Kuba/.ivy2/cache/com.typesafe.play/play-streams_2.11/jars/play-streams_2.11-2.5.4.jar, file:/C:/Users/Kuba/.ivy2/cache/org.reactivestreams/reactive-streams/jars/reactive-streams-1.0.0.jar, file:/C:/Users/Kuba/.ivy2/cache/com.typesafe.akka/akka-stream_2.11/jars/akka-stream_2.11-2.4.4.jar, file:/C:/Users/Kuba/.ivy2/cache/com.typesafe.akka/akka-actor_2.11/jars/akka-actor_2.11-2.4.4.jar, file:/C:/Users/Kuba/Downloads/activator-dist-1.3.12/repository/org.scala-lang.modules/scala-java8-compat_2.11/0.7.0/bundles/scala-java8-compat_2.11.jar, file:/C:/Users/Kuba/Downloads/activator-dist-1.3.12/repository/com.typesafe/ssl-config-akka_2.11/0.2.1/bundles/ssl-config-akka_2.11.jar, file:/C:/Users/Kuba/.ivy2/cache/com.typesafe/ssl-config-core_2.11/bundles/ssl-config-core_2.11-0.2.1.jar, file:/C:/Users/Kuba/.ivy2/cache/org.scala-lang.modules/scala-parser-combinators_2.11/bundles/scala-parser-combinators_2.11-1.0.4.jar, file:/C:/Users/Kuba/.ivy2/cache/com.typesafe.akka/akka-slf4j_2.11/jars/akka-slf4j_2.11-2.4.4.jar, file:/C:/Users/Kuba/.ivy2/cache/commons-codec/commons-codec/jars/commons-codec-1.10.jar, file:/C:/Users/Kuba/.ivy2/cache/xerces/xercesImpl/jars/xercesImpl-2.11.0.jar, file:/C:/Users/Kuba/.ivy2/cache/xml-apis/xml-apis/jars/xml-apis-1.4.01.jar, file:/C:/Users/Kuba/.ivy2/cache/javax.transaction/jta/jars/jta-1.1.jar, file:/C:/Users/Kuba/Downloads/activator-dist-1.3.12/repository/com.google.inject/guice/4.0/jars/guice.jar, file:/C:/Users/Kuba/.ivy2/cache/javax.inject/javax.inject/jars/javax.inject-1.jar, file:/C:/Users/Kuba/.ivy2/cache/aopalliance/aopalliance/jars/aopalliance-1.0.jar, file:/C:/Users/Kuba/Downloads/activator-dist-1.3.12/repository/com.google.inject.extensions/guice-assistedinject/4.0/jars/guice-assistedinject.jar, file:/C:/Users/Kuba/.ivy2/cache/com.typesafe.play/play-netty-server_2.11/jars/play-netty-server_2.11-2.5.4.jar, file:/C:/Users/Kuba/.ivy2/cache/com.typesafe.netty/netty-reactive-streams-http/jars/netty-reactive-streams-http-1.0.6.jar, file:/C:/Users/Kuba/.ivy2/cache/com.typesafe.netty/netty-reactive-streams/jars/netty-reactive-streams-1.0.6.jar, file:/C:/Users/Kuba/.ivy2/cache/io.netty/netty-handler/jars/netty-handler-4.0.36.Final.jar, file:/C:/Users/Kuba/.ivy2/cache/io.netty/netty-buffer/jars/netty-buffer-4.0.36.Final.jar, file:/C:/Users/Kuba/.ivy2/cache/io.netty/netty-common/jars/netty-common-4.0.36.Final.jar, file:/C:/Users/Kuba/.ivy2/cache/io.netty/netty-transport/jars/netty-transport-4.0.36.Final.jar, file:/C:/Users/Kuba/.ivy2/cache/io.netty/netty-codec/jars/netty-codec-4.0.36.Final.jar, file:/C:/Users/Kuba/.ivy2/cache/io.netty/netty-codec-http/jars/netty-codec-http-4.0.36.Final.jar, file:/C:/Users/Kuba/.ivy2/cache/io.netty/netty-transport-native-epoll/jars/netty-transport-native-epoll-4.0.36.Final-linux-x86_64.jar, file:/C:/Users/Kuba/.ivy2/cache/com.typesafe.play/play-logback_2.11/jars/play-logback_2.11-2.5.4.jar, file:/C:/Users/Kuba/.ivy2/cache/org.scala-lang/scala-swing/jars/scala-swing-2.11.0-M7.jar, file:/C:/Users/Kuba/.ivy2/cache/com.mohiva/play-silhouette_2.11/jars/play-silhouette_2.11-4.0.0.jar, file:/C:/Users/Kuba/.ivy2/cache/com.typesafe.play/play-cache_2.11/jars/play-cache_2.11-2.5.4.jar, file:/C:/Users/Kuba/Downloads/activator-dist-1.3.12/repository/net.sf.ehcache/ehcache-core/2.6.11/jars/ehcache-core.jar, file:/C:/Users/Kuba/.ivy2/cache/com.typesafe.play/play-ws_2.11/jars/play-ws_2.11-2.5.4.jar, file:/C:/Users/Kuba/.ivy2/cache/com.google.guava/guava/bundles/guava-19.0.jar, file:/C:/Users/Kuba/.ivy2/cache/org.asynchttpclient/async-http-client/jars/async-http-client-2.0.2.jar, file:/C:/Users/Kuba/.ivy2/cache/org.asynchttpclient/netty-resolver-dns/jars/netty-resolver-dns-2.0.2.jar, file:/C:/Users/Kuba/.ivy2/cache/org.asynchttpclient/netty-resolver/jars/netty-resolver-2.0.2.jar, file:/C:/Users/Kuba/.ivy2/cache/org.slf4j/slf4j-api/jars/slf4j-api-1.7.21.jar, file:/C:/Users/Kuba/.ivy2/cache/org.asynchttpclient/netty-codec-dns/jars/netty-codec-dns-2.0.2.jar, file:/C:/Users/Kuba/.ivy2/cache/org.javassist/javassist/bundles/javassist-3.20.0-GA.jar, file:/C:/Users/Kuba/.ivy2/cache/oauth.signpost/signpost-core/jars/signpost-core-1.2.1.2.jar, file:/C:/Users/Kuba/.ivy2/cache/oauth.signpost/signpost-commonshttp4/jars/signpost-commonshttp4-1.2.1.2.jar, file:/C:/Users/Kuba/.ivy2/cache/org.apache.httpcomponents/httpcore/jars/httpcore-4.0.1.jar, file:/C:/Users/Kuba/.ivy2/cache/org.apache.httpcomponents/httpclient/jars/httpclient-4.0.1.jar, file:/C:/Users/Kuba/.ivy2/cache/commons-logging/commons-logging/jars/commons-logging-1.1.1.jar, file:/C:/Users/Kuba/.ivy2/cache/com.atlassian.jwt/jwt-core/jars/jwt-core-1.5.8.jar, file:/C:/Users/Kuba/.ivy2/cache/com.nimbusds/nimbus-jose-jwt/jars/nimbus-jose-jwt-2.16.jar, file:/C:/Users/Kuba/.ivy2/cache/net.jcip/jcip-annotations/jars/jcip-annotations-1.0.jar, file:/C:/Users/Kuba/.ivy2/cache/net.minidev/json-smart/jars/json-smart-1.1.1.jar, file:/C:/Users/Kuba/.ivy2/cache/javax.mail/mail/jars/mail-1.4.7.jar, file:/C:/Users/Kuba/.ivy2/cache/org.bouncycastle/bcprov-jdk15on/jars/bcprov-jdk15on-1.51.jar, file:/C:/Users/Kuba/.ivy2/cache/org.bouncycastle/bcpkix-jdk15on/jars/bcpkix-jdk15on-1.51.jar, file:/C:/Users/Kuba/.ivy2/cache/com.atlassian.jwt/jwt-api/jars/jwt-api-1.5.8.jar, file:/C:/Users/Kuba/.ivy2/cache/com.mohiva/play-silhouette-password-bcrypt_2.11/jars/play-silhouette-password-bcrypt_2.11-4.0.0.jar, file:/C:/Users/Kuba/.ivy2/cache/de.svenkubiak/jBCrypt/bundles/jBCrypt-0.4.1.jar, file:/C:/Users/Kuba/.ivy2/cache/com.mohiva/play-silhouette-persistence_2.11/jars/play-silhouette-persistence_2.11-4.0.0.jar, file:/C:/Users/Kuba/.ivy2/cache/com.mohiva/play-silhouette-crypto-jca_2.11/jars/play-silhouette-crypto-jca_2.11-4.0.0.jar, file:/C:/Users/Kuba/.ivy2/cache/org.webjars/webjars-play_2.11/jars/webjars-play_2.11-2.5.0-2.jar, file:/C:/Users/Kuba/.ivy2/cache/org.webjars/requirejs/jars/requirejs-2.1.20.jar, file:/C:/Users/Kuba/.ivy2/cache/org.webjars/webjars-locator/jars/webjars-locator-0.31.jar, file:/C:/Users/Kuba/.ivy2/cache/org.webjars/webjars-locator-core/jars/webjars-locator-core-0.30.jar, file:/C:/Users/Kuba/.ivy2/cache/org.apache.commons/commons-compress/jars/commons-compress-1.9.jar, file:/C:/Users/Kuba/.ivy2/cache/net.codingwell/scala-guice_2.11/jars/scala-guice_2.11-4.0.1.jar, file:/C:/Users/Kuba/.ivy2/cache/com.google.inject.extensions/guice-multibindings/jars/guice-multibindings-4.0.jar, file:/C:/Users/Kuba/.ivy2/cache/com.iheart/ficus_2.11/jars/ficus_2.11-1.2.6.jar, file:/C:/Users/Kuba/.ivy2/cache/org.typelevel/macro-compat_2.11/jars/macro-compat_2.11-1.1.1.jar, file:/C:/Users/Kuba/.ivy2/cache/com.typesafe.play/play-mailer_2.11/jars/play-mailer_2.11-5.0.0.jar, file:/C:/Users/Kuba/.ivy2/cache/org.apache.commons/commons-email/jars/commons-email-1.4.jar, file:/C:/Users/Kuba/.ivy2/cache/com.sun.mail/javax.mail/jars/javax.mail-1.5.2.jar, file:/C:/Users/Kuba/.ivy2/cache/javax.activation/activation/jars/activation-1.1.1.jar, file:/C:/Users/Kuba/.ivy2/cache/com.enragedginger/akka-quartz-scheduler_2.11/jars/akka-quartz-scheduler_2.11-1.5.0-akka-2.4.x.jar, file:/C:/Users/Kuba/.ivy2/cache/org.quartz-scheduler/quartz/jars/quartz-2.2.2.jar, file:/C:/Users/Kuba/.ivy2/cache/c3p0/c3p0/jars/c3p0-0.9.1.1.jar, file:/C:/Users/Kuba/.ivy2/cache/com.adrianhurt/play-bootstrap_2.11/jars/play-bootstrap_2.11-1.0-P25-B3.jar, file:/C:/Users/Kuba/.ivy2/cache/com.typesafe.play/filters-helpers_2.11/jars/filters-helpers_2.11-2.5.4.jar, file:/C:/Users/Kuba/.ivy2/cache/com.typesafe.play/play-java_2.11/jars/play-java_2.11-2.5.4.jar, file:/C:/Users/Kuba/Downloads/activator-dist-1.3.12/repository/org.yaml/snakeyaml/1.16/bundles/snakeyaml.jar, file:/C:/Users/Kuba/Downloads/activator-dist-1.3.12/repository/org.hibernate/hibernate-validator/5.2.4.Final/jars/hibernate-validator.jar, file:/C:/Users/Kuba/Downloads/activator-dist-1.3.12/repository/javax.validation/validation-api/1.1.0.Final/jars/validation-api.jar, file:/C:/Users/Kuba/Downloads/activator-dist-1.3.12/repository/org.jboss.logging/jboss-logging/3.2.1.Final/jars/jboss-logging.jar, file:/C:/Users/Kuba/Downloads/activator-dist-1.3.12/repository/com.fasterxml/classmate/1.1.0/bundles/classmate.jar, file:/C:/Users/Kuba/Downloads/activator-dist-1.3.12/repository/javax.el/javax.el-api/3.0.0/jars/javax.el-api.jar, file:/C:/Users/Kuba/.ivy2/cache/org.springframework/spring-context/jars/spring-context-4.2.4.RELEASE.jar, file:/C:/Users/Kuba/.ivy2/cache/org.springframework/spring-core/jars/spring-core-4.2.4.RELEASE.jar, file:/C:/Users/Kuba/.ivy2/cache/org.springframework/spring-beans/jars/spring-beans-4.2.4.RELEASE.jar, file:/C:/Users/Kuba/Downloads/activator-dist-1.3.12/repository/org.reflections/reflections/0.9.10/jars/reflections.jar, file:/C:/Users/Kuba/Downloads/activator-dist-1.3.12/repository/net.jodah/typetools/0.4.4/bundles/typetools.jar, file:/C:/Users/Kuba/.ivy2/cache/com.google.code.findbugs/jsr305/jars/jsr305-3.0.1.jar, file:/C:/Users/Kuba/Downloads/activator-dist-1.3.12/repository/org.apache.tomcat/tomcat-servlet-api/8.0.33/jars/tomcat-servlet-api.jar, file:/C:/Users/Kuba/.ivy2/cache/com.adrianhurt/play-bootstrap-core_2.11/jars/play-bootstrap-core_2.11-1.0-P25.jar, file:/C:/Users/Kuba/.ivy2/cache/org.webjars/bootstrap/jars/bootstrap-3.3.6.jar, file:/C:/Users/Kuba/.ivy2/cache/org.webjars/jquery/jars/jquery-2.1.4.jar}
16:45:22.974 [ForkJoinPool-8-worker-1] DEBUG c.google.inject.internal.BytecodeGen - Loading class play.api.i18n.DefaultLangs FastClass with PlayDependencyClassLoader{file:/C:/Users/Kuba/IdeaProjects/play-silhouette-seed-master/lib/connect-four.jar, file:/C:/Users/Kuba/IdeaProjects/play-silhouette-seed-master/lib/sudoku.jar, file:/C:/Users/Kuba/.ivy2/cache/org.scala-lang/scala-library/jars/scala-library-2.11.8.jar, file:/C:/Users/Kuba/Downloads/activator-dist-1.3.12/repository/com.typesafe.play/twirl-api_2.11/1.1.1/jars/twirl-api_2.11.jar, file:/C:/Users/Kuba/.ivy2/cache/org.apache.commons/commons-lang3/jars/commons-lang3-3.4.jar, file:/C:/Users/Kuba/.ivy2/cache/org.scala-lang.modules/scala-xml_2.11/bundles/scala-xml_2.11-1.0.1.jar, file:/C:/Users/Kuba/.ivy2/cache/com.typesafe.play/play-server_2.11/jars/play-server_2.11-2.5.4.jar, file:/C:/Users/Kuba/.ivy2/cache/com.typesafe.play/play_2.11/jars/play_2.11-2.5.4.jar, file:/C:/Users/Kuba/.ivy2/cache/com.typesafe.play/build-link/jars/build-link-2.5.4.jar, file:/C:/Users/Kuba/.ivy2/cache/com.typesafe.play/play-exceptions/jars/play-exceptions-2.5.4.jar, file:/C:/Users/Kuba/.ivy2/cache/com.typesafe.play/play-iteratees_2.11/jars/play-iteratees_2.11-2.5.4.jar, file:/C:/Users/Kuba/.ivy2/cache/org.scala-stm/scala-stm_2.11/jars/scala-stm_2.11-0.7.jar, file:/C:/Users/Kuba/Downloads/activator-dist-1.3.12/repository/com.typesafe/config/1.3.0/bundles/config.jar, file:/C:/Users/Kuba/.ivy2/cache/ch.qos.logback/logback-classic/jars/logback-classic-1.1.7.jar, file:/C:/Users/Kuba/.ivy2/cache/ch.qos.logback/logback-core/jars/logback-core-1.1.7.jar, file:/C:/Users/Kuba/.ivy2/cache/com.typesafe.play/play-json_2.11/jars/play-json_2.11-2.5.4.jar, file:/C:/Users/Kuba/.ivy2/cache/com.typesafe.play/play-functional_2.11/jars/play-functional_2.11-2.5.4.jar, file:/C:/Users/Kuba/.ivy2/cache/com.typesafe.play/play-datacommons_2.11/jars/play-datacommons_2.11-2.5.4.jar, file:/C:/Users/Kuba/Downloads/activator-dist-1.3.12/repository/joda-time/joda-time/2.9.2/jars/joda-time.jar, file:/C:/Users/Kuba/Downloads/activator-dist-1.3.12/repository/org.joda/joda-convert/1.8.1/jars/joda-convert.jar, file:/C:/Users/Kuba/Downloads/activator-dist-1.3.12/repository/org.scala-lang/scala-reflect/2.11.7/jars/scala-reflect.jar, file:/C:/Users/Kuba/Downloads/activator-dist-1.3.12/repository/com.fasterxml.jackson.core/jackson-core/2.7.1/bundles/jackson-core.jar, file:/C:/Users/Kuba/Downloads/activator-dist-1.3.12/repository/com.fasterxml.jackson.core/jackson-annotations/2.7.1/bundles/jackson-annotations.jar, file:/C:/Users/Kuba/Downloads/activator-dist-1.3.12/repository/com.fasterxml.jackson.core/jackson-databind/2.7.1/bundles/jackson-databind.jar, file:/C:/Users/Kuba/Downloads/activator-dist-1.3.12/repository/com.fasterxml.jackson.datatype/jackson-datatype-jdk8/2.7.1/bundles/jackson-datatype-jdk8.jar, file:/C:/Users/Kuba/Downloads/activator-dist-1.3.12/repository/com.fasterxml.jackson.datatype/jackson-datatype-jsr310/2.7.1/bundles/jackson-datatype-jsr310.jar, file:/C:/Users/Kuba/.ivy2/cache/com.typesafe.play/play-netty-utils/jars/play-netty-utils-2.5.4.jar, file:/C:/Users/Kuba/.ivy2/cache/org.slf4j/jul-to-slf4j/jars/jul-to-slf4j-1.7.19.jar, file:/C:/Users/Kuba/.ivy2/cache/org.slf4j/jcl-over-slf4j/jars/jcl-over-slf4j-1.7.19.jar, file:/C:/Users/Kuba/.ivy2/cache/com.typesafe.play/play-streams_2.11/jars/play-streams_2.11-2.5.4.jar, file:/C:/Users/Kuba/.ivy2/cache/org.reactivestreams/reactive-streams/jars/reactive-streams-1.0.0.jar, file:/C:/Users/Kuba/.ivy2/cache/com.typesafe.akka/akka-stream_2.11/jars/akka-stream_2.11-2.4.4.jar, file:/C:/Users/Kuba/.ivy2/cache/com.typesafe.akka/akka-actor_2.11/jars/akka-actor_2.11-2.4.4.jar, file:/C:/Users/Kuba/Downloads/activator-dist-1.3.12/repository/org.scala-lang.modules/scala-java8-compat_2.11/0.7.0/bundles/scala-java8-compat_2.11.jar, file:/C:/Users/Kuba/Downloads/activator-dist-1.3.12/repository/com.typesafe/ssl-config-akka_2.11/0.2.1/bundles/ssl-config-akka_2.11.jar, file:/C:/Users/Kuba/.ivy2/cache/com.typesafe/ssl-config-core_2.11/bundles/ssl-config-core_2.11-0.2.1.jar, file:/C:/Users/Kuba/.ivy2/cache/org.scala-lang.modules/scala-parser-combinators_2.11/bundles/scala-parser-combinators_2.11-1.0.4.jar, file:/C:/Users/Kuba/.ivy2/cache/com.typesafe.akka/akka-slf4j_2.11/jars/akka-slf4j_2.11-2.4.4.jar, file:/C:/Users/Kuba/.ivy2/cache/commons-codec/commons-codec/jars/commons-codec-1.10.jar, file:/C:/Users/Kuba/.ivy2/cache/xerces/xercesImpl/jars/xercesImpl-2.11.0.jar, file:/C:/Users/Kuba/.ivy2/cache/xml-apis/xml-apis/jars/xml-apis-1.4.01.jar, file:/C:/Users/Kuba/.ivy2/cache/javax.transaction/jta/jars/jta-1.1.jar, file:/C:/Users/Kuba/Downloads/activator-dist-1.3.12/repository/com.google.inject/guice/4.0/jars/guice.jar, file:/C:/Users/Kuba/.ivy2/cache/javax.inject/javax.inject/jars/javax.inject-1.jar, file:/C:/Users/Kuba/.ivy2/cache/aopalliance/aopalliance/jars/aopalliance-1.0.jar, file:/C:/Users/Kuba/Downloads/activator-dist-1.3.12/repository/com.google.inject.extensions/guice-assistedinject/4.0/jars/guice-assistedinject.jar, file:/C:/Users/Kuba/.ivy2/cache/com.typesafe.play/play-netty-server_2.11/jars/play-netty-server_2.11-2.5.4.jar, file:/C:/Users/Kuba/.ivy2/cache/com.typesafe.netty/netty-reactive-streams-http/jars/netty-reactive-streams-http-1.0.6.jar, file:/C:/Users/Kuba/.ivy2/cache/com.typesafe.netty/netty-reactive-streams/jars/netty-reactive-streams-1.0.6.jar, file:/C:/Users/Kuba/.ivy2/cache/io.netty/netty-handler/jars/netty-handler-4.0.36.Final.jar, file:/C:/Users/Kuba/.ivy2/cache/io.netty/netty-buffer/jars/netty-buffer-4.0.36.Final.jar, file:/C:/Users/Kuba/.ivy2/cache/io.netty/netty-common/jars/netty-common-4.0.36.Final.jar, file:/C:/Users/Kuba/.ivy2/cache/io.netty/netty-transport/jars/netty-transport-4.0.36.Final.jar, file:/C:/Users/Kuba/.ivy2/cache/io.netty/netty-codec/jars/netty-codec-4.0.36.Final.jar, file:/C:/Users/Kuba/.ivy2/cache/io.netty/netty-codec-http/jars/netty-codec-http-4.0.36.Final.jar, file:/C:/Users/Kuba/.ivy2/cache/io.netty/netty-transport-native-epoll/jars/netty-transport-native-epoll-4.0.36.Final-linux-x86_64.jar, file:/C:/Users/Kuba/.ivy2/cache/com.typesafe.play/play-logback_2.11/jars/play-logback_2.11-2.5.4.jar, file:/C:/Users/Kuba/.ivy2/cache/org.scala-lang/scala-swing/jars/scala-swing-2.11.0-M7.jar, file:/C:/Users/Kuba/.ivy2/cache/com.mohiva/play-silhouette_2.11/jars/play-silhouette_2.11-4.0.0.jar, file:/C:/Users/Kuba/.ivy2/cache/com.typesafe.play/play-cache_2.11/jars/play-cache_2.11-2.5.4.jar, file:/C:/Users/Kuba/Downloads/activator-dist-1.3.12/repository/net.sf.ehcache/ehcache-core/2.6.11/jars/ehcache-core.jar, file:/C:/Users/Kuba/.ivy2/cache/com.typesafe.play/play-ws_2.11/jars/play-ws_2.11-2.5.4.jar, file:/C:/Users/Kuba/.ivy2/cache/com.google.guava/guava/bundles/guava-19.0.jar, file:/C:/Users/Kuba/.ivy2/cache/org.asynchttpclient/async-http-client/jars/async-http-client-2.0.2.jar, file:/C:/Users/Kuba/.ivy2/cache/org.asynchttpclient/netty-resolver-dns/jars/netty-resolver-dns-2.0.2.jar, file:/C:/Users/Kuba/.ivy2/cache/org.asynchttpclient/netty-resolver/jars/netty-resolver-2.0.2.jar, file:/C:/Users/Kuba/.ivy2/cache/org.slf4j/slf4j-api/jars/slf4j-api-1.7.21.jar, file:/C:/Users/Kuba/.ivy2/cache/org.asynchttpclient/netty-codec-dns/jars/netty-codec-dns-2.0.2.jar, file:/C:/Users/Kuba/.ivy2/cache/org.javassist/javassist/bundles/javassist-3.20.0-GA.jar, file:/C:/Users/Kuba/.ivy2/cache/oauth.signpost/signpost-core/jars/signpost-core-1.2.1.2.jar, file:/C:/Users/Kuba/.ivy2/cache/oauth.signpost/signpost-commonshttp4/jars/signpost-commonshttp4-1.2.1.2.jar, file:/C:/Users/Kuba/.ivy2/cache/org.apache.httpcomponents/httpcore/jars/httpcore-4.0.1.jar, file:/C:/Users/Kuba/.ivy2/cache/org.apache.httpcomponents/httpclient/jars/httpclient-4.0.1.jar, file:/C:/Users/Kuba/.ivy2/cache/commons-logging/commons-logging/jars/commons-logging-1.1.1.jar, file:/C:/Users/Kuba/.ivy2/cache/com.atlassian.jwt/jwt-core/jars/jwt-core-1.5.8.jar, file:/C:/Users/Kuba/.ivy2/cache/com.nimbusds/nimbus-jose-jwt/jars/nimbus-jose-jwt-2.16.jar, file:/C:/Users/Kuba/.ivy2/cache/net.jcip/jcip-annotations/jars/jcip-annotations-1.0.jar, file:/C:/Users/Kuba/.ivy2/cache/net.minidev/json-smart/jars/json-smart-1.1.1.jar, file:/C:/Users/Kuba/.ivy2/cache/javax.mail/mail/jars/mail-1.4.7.jar, file:/C:/Users/Kuba/.ivy2/cache/org.bouncycastle/bcprov-jdk15on/jars/bcprov-jdk15on-1.51.jar, file:/C:/Users/Kuba/.ivy2/cache/org.bouncycastle/bcpkix-jdk15on/jars/bcpkix-jdk15on-1.51.jar, file:/C:/Users/Kuba/.ivy2/cache/com.atlassian.jwt/jwt-api/jars/jwt-api-1.5.8.jar, file:/C:/Users/Kuba/.ivy2/cache/com.mohiva/play-silhouette-password-bcrypt_2.11/jars/play-silhouette-password-bcrypt_2.11-4.0.0.jar, file:/C:/Users/Kuba/.ivy2/cache/de.svenkubiak/jBCrypt/bundles/jBCrypt-0.4.1.jar, file:/C:/Users/Kuba/.ivy2/cache/com.mohiva/play-silhouette-persistence_2.11/jars/play-silhouette-persistence_2.11-4.0.0.jar, file:/C:/Users/Kuba/.ivy2/cache/com.mohiva/play-silhouette-crypto-jca_2.11/jars/play-silhouette-crypto-jca_2.11-4.0.0.jar, file:/C:/Users/Kuba/.ivy2/cache/org.webjars/webjars-play_2.11/jars/webjars-play_2.11-2.5.0-2.jar, file:/C:/Users/Kuba/.ivy2/cache/org.webjars/requirejs/jars/requirejs-2.1.20.jar, file:/C:/Users/Kuba/.ivy2/cache/org.webjars/webjars-locator/jars/webjars-locator-0.31.jar, file:/C:/Users/Kuba/.ivy2/cache/org.webjars/webjars-locator-core/jars/webjars-locator-core-0.30.jar, file:/C:/Users/Kuba/.ivy2/cache/org.apache.commons/commons-compress/jars/commons-compress-1.9.jar, file:/C:/Users/Kuba/.ivy2/cache/net.codingwell/scala-guice_2.11/jars/scala-guice_2.11-4.0.1.jar, file:/C:/Users/Kuba/.ivy2/cache/com.google.inject.extensions/guice-multibindings/jars/guice-multibindings-4.0.jar, file:/C:/Users/Kuba/.ivy2/cache/com.iheart/ficus_2.11/jars/ficus_2.11-1.2.6.jar, file:/C:/Users/Kuba/.ivy2/cache/org.typelevel/macro-compat_2.11/jars/macro-compat_2.11-1.1.1.jar, file:/C:/Users/Kuba/.ivy2/cache/com.typesafe.play/play-mailer_2.11/jars/play-mailer_2.11-5.0.0.jar, file:/C:/Users/Kuba/.ivy2/cache/org.apache.commons/commons-email/jars/commons-email-1.4.jar, file:/C:/Users/Kuba/.ivy2/cache/com.sun.mail/javax.mail/jars/javax.mail-1.5.2.jar, file:/C:/Users/Kuba/.ivy2/cache/javax.activation/activation/jars/activation-1.1.1.jar, file:/C:/Users/Kuba/.ivy2/cache/com.enragedginger/akka-quartz-scheduler_2.11/jars/akka-quartz-scheduler_2.11-1.5.0-akka-2.4.x.jar, file:/C:/Users/Kuba/.ivy2/cache/org.quartz-scheduler/quartz/jars/quartz-2.2.2.jar, file:/C:/Users/Kuba/.ivy2/cache/c3p0/c3p0/jars/c3p0-0.9.1.1.jar, file:/C:/Users/Kuba/.ivy2/cache/com.adrianhurt/play-bootstrap_2.11/jars/play-bootstrap_2.11-1.0-P25-B3.jar, file:/C:/Users/Kuba/.ivy2/cache/com.typesafe.play/filters-helpers_2.11/jars/filters-helpers_2.11-2.5.4.jar, file:/C:/Users/Kuba/.ivy2/cache/com.typesafe.play/play-java_2.11/jars/play-java_2.11-2.5.4.jar, file:/C:/Users/Kuba/Downloads/activator-dist-1.3.12/repository/org.yaml/snakeyaml/1.16/bundles/snakeyaml.jar, file:/C:/Users/Kuba/Downloads/activator-dist-1.3.12/repository/org.hibernate/hibernate-validator/5.2.4.Final/jars/hibernate-validator.jar, file:/C:/Users/Kuba/Downloads/activator-dist-1.3.12/repository/javax.validation/validation-api/1.1.0.Final/jars/validation-api.jar, file:/C:/Users/Kuba/Downloads/activator-dist-1.3.12/repository/org.jboss.logging/jboss-logging/3.2.1.Final/jars/jboss-logging.jar, file:/C:/Users/Kuba/Downloads/activator-dist-1.3.12/repository/com.fasterxml/classmate/1.1.0/bundles/classmate.jar, file:/C:/Users/Kuba/Downloads/activator-dist-1.3.12/repository/javax.el/javax.el-api/3.0.0/jars/javax.el-api.jar, file:/C:/Users/Kuba/.ivy2/cache/org.springframework/spring-context/jars/spring-context-4.2.4.RELEASE.jar, file:/C:/Users/Kuba/.ivy2/cache/org.springframework/spring-core/jars/spring-core-4.2.4.RELEASE.jar, file:/C:/Users/Kuba/.ivy2/cache/org.springframework/spring-beans/jars/spring-beans-4.2.4.RELEASE.jar, file:/C:/Users/Kuba/Downloads/activator-dist-1.3.12/repository/org.reflections/reflections/0.9.10/jars/reflections.jar, file:/C:/Users/Kuba/Downloads/activator-dist-1.3.12/repository/net.jodah/typetools/0.4.4/bundles/typetools.jar, file:/C:/Users/Kuba/.ivy2/cache/com.google.code.findbugs/jsr305/jars/jsr305-3.0.1.jar, file:/C:/Users/Kuba/Downloads/activator-dist-1.3.12/repository/org.apache.tomcat/tomcat-servlet-api/8.0.33/jars/tomcat-servlet-api.jar, file:/C:/Users/Kuba/.ivy2/cache/com.adrianhurt/play-bootstrap-core_2.11/jars/play-bootstrap-core_2.11-1.0-P25.jar, file:/C:/Users/Kuba/.ivy2/cache/org.webjars/bootstrap/jars/bootstrap-3.3.6.jar, file:/C:/Users/Kuba/.ivy2/cache/org.webjars/jquery/jars/jquery-2.1.4.jar}
16:45:22.975 [ForkJoinPool-8-worker-1] DEBUG c.google.inject.internal.BytecodeGen - Loading class play.api.i18n.DefaultMessagesApi FastClass with PlayDependencyClassLoader{file:/C:/Users/Kuba/IdeaProjects/play-silhouette-seed-master/lib/connect-four.jar, file:/C:/Users/Kuba/IdeaProjects/play-silhouette-seed-master/lib/sudoku.jar, file:/C:/Users/Kuba/.ivy2/cache/org.scala-lang/scala-library/jars/scala-library-2.11.8.jar, file:/C:/Users/Kuba/Downloads/activator-dist-1.3.12/repository/com.typesafe.play/twirl-api_2.11/1.1.1/jars/twirl-api_2.11.jar, file:/C:/Users/Kuba/.ivy2/cache/org.apache.commons/commons-lang3/jars/commons-lang3-3.4.jar, file:/C:/Users/Kuba/.ivy2/cache/org.scala-lang.modules/scala-xml_2.11/bundles/scala-xml_2.11-1.0.1.jar, file:/C:/Users/Kuba/.ivy2/cache/com.typesafe.play/play-server_2.11/jars/play-server_2.11-2.5.4.jar, file:/C:/Users/Kuba/.ivy2/cache/com.typesafe.play/play_2.11/jars/play_2.11-2.5.4.jar, file:/C:/Users/Kuba/.ivy2/cache/com.typesafe.play/build-link/jars/build-link-2.5.4.jar, file:/C:/Users/Kuba/.ivy2/cache/com.typesafe.play/play-exceptions/jars/play-exceptions-2.5.4.jar, file:/C:/Users/Kuba/.ivy2/cache/com.typesafe.play/play-iteratees_2.11/jars/play-iteratees_2.11-2.5.4.jar, file:/C:/Users/Kuba/.ivy2/cache/org.scala-stm/scala-stm_2.11/jars/scala-stm_2.11-0.7.jar, file:/C:/Users/Kuba/Downloads/activator-dist-1.3.12/repository/com.typesafe/config/1.3.0/bundles/config.jar, file:/C:/Users/Kuba/.ivy2/cache/ch.qos.logback/logback-classic/jars/logback-classic-1.1.7.jar, file:/C:/Users/Kuba/.ivy2/cache/ch.qos.logback/logback-core/jars/logback-core-1.1.7.jar, file:/C:/Users/Kuba/.ivy2/cache/com.typesafe.play/play-json_2.11/jars/play-json_2.11-2.5.4.jar, file:/C:/Users/Kuba/.ivy2/cache/com.typesafe.play/play-functional_2.11/jars/play-functional_2.11-2.5.4.jar, file:/C:/Users/Kuba/.ivy2/cache/com.typesafe.play/play-datacommons_2.11/jars/play-datacommons_2.11-2.5.4.jar, file:/C:/Users/Kuba/Downloads/activator-dist-1.3.12/repository/joda-time/joda-time/2.9.2/jars/joda-time.jar, file:/C:/Users/Kuba/Downloads/activator-dist-1.3.12/repository/org.joda/joda-convert/1.8.1/jars/joda-convert.jar, file:/C:/Users/Kuba/Downloads/activator-dist-1.3.12/repository/org.scala-lang/scala-reflect/2.11.7/jars/scala-reflect.jar, file:/C:/Users/Kuba/Downloads/activator-dist-1.3.12/repository/com.fasterxml.jackson.core/jackson-core/2.7.1/bundles/jackson-core.jar, file:/C:/Users/Kuba/Downloads/activator-dist-1.3.12/repository/com.fasterxml.jackson.core/jackson-annotations/2.7.1/bundles/jackson-annotations.jar, file:/C:/Users/Kuba/Downloads/activator-dist-1.3.12/repository/com.fasterxml.jackson.core/jackson-databind/2.7.1/bundles/jackson-databind.jar, file:/C:/Users/Kuba/Downloads/activator-dist-1.3.12/repository/com.fasterxml.jackson.datatype/jackson-datatype-jdk8/2.7.1/bundles/jackson-datatype-jdk8.jar, file:/C:/Users/Kuba/Downloads/activator-dist-1.3.12/repository/com.fasterxml.jackson.datatype/jackson-datatype-jsr310/2.7.1/bundles/jackson-datatype-jsr310.jar, file:/C:/Users/Kuba/.ivy2/cache/com.typesafe.play/play-netty-utils/jars/play-netty-utils-2.5.4.jar, file:/C:/Users/Kuba/.ivy2/cache/org.slf4j/jul-to-slf4j/jars/jul-to-slf4j-1.7.19.jar, file:/C:/Users/Kuba/.ivy2/cache/org.slf4j/jcl-over-slf4j/jars/jcl-over-slf4j-1.7.19.jar, file:/C:/Users/Kuba/.ivy2/cache/com.typesafe.play/play-streams_2.11/jars/play-streams_2.11-2.5.4.jar, file:/C:/Users/Kuba/.ivy2/cache/org.reactivestreams/reactive-streams/jars/reactive-streams-1.0.0.jar, file:/C:/Users/Kuba/.ivy2/cache/com.typesafe.akka/akka-stream_2.11/jars/akka-stream_2.11-2.4.4.jar, file:/C:/Users/Kuba/.ivy2/cache/com.typesafe.akka/akka-actor_2.11/jars/akka-actor_2.11-2.4.4.jar, file:/C:/Users/Kuba/Downloads/activator-dist-1.3.12/repository/org.scala-lang.modules/scala-java8-compat_2.11/0.7.0/bundles/scala-java8-compat_2.11.jar, file:/C:/Users/Kuba/Downloads/activator-dist-1.3.12/repository/com.typesafe/ssl-config-akka_2.11/0.2.1/bundles/ssl-config-akka_2.11.jar, file:/C:/Users/Kuba/.ivy2/cache/com.typesafe/ssl-config-core_2.11/bundles/ssl-config-core_2.11-0.2.1.jar, file:/C:/Users/Kuba/.ivy2/cache/org.scala-lang.modules/scala-parser-combinators_2.11/bundles/scala-parser-combinators_2.11-1.0.4.jar, file:/C:/Users/Kuba/.ivy2/cache/com.typesafe.akka/akka-slf4j_2.11/jars/akka-slf4j_2.11-2.4.4.jar, file:/C:/Users/Kuba/.ivy2/cache/commons-codec/commons-codec/jars/commons-codec-1.10.jar, file:/C:/Users/Kuba/.ivy2/cache/xerces/xercesImpl/jars/xercesImpl-2.11.0.jar, file:/C:/Users/Kuba/.ivy2/cache/xml-apis/xml-apis/jars/xml-apis-1.4.01.jar, file:/C:/Users/Kuba/.ivy2/cache/javax.transaction/jta/jars/jta-1.1.jar, file:/C:/Users/Kuba/Downloads/activator-dist-1.3.12/repository/com.google.inject/guice/4.0/jars/guice.jar, file:/C:/Users/Kuba/.ivy2/cache/javax.inject/javax.inject/jars/javax.inject-1.jar, file:/C:/Users/Kuba/.ivy2/cache/aopalliance/aopalliance/jars/aopalliance-1.0.jar, file:/C:/Users/Kuba/Downloads/activator-dist-1.3.12/repository/com.google.inject.extensions/guice-assistedinject/4.0/jars/guice-assistedinject.jar, file:/C:/Users/Kuba/.ivy2/cache/com.typesafe.play/play-netty-server_2.11/jars/play-netty-server_2.11-2.5.4.jar, file:/C:/Users/Kuba/.ivy2/cache/com.typesafe.netty/netty-reactive-streams-http/jars/netty-reactive-streams-http-1.0.6.jar, file:/C:/Users/Kuba/.ivy2/cache/com.typesafe.netty/netty-reactive-streams/jars/netty-reactive-streams-1.0.6.jar, file:/C:/Users/Kuba/.ivy2/cache/io.netty/netty-handler/jars/netty-handler-4.0.36.Final.jar, file:/C:/Users/Kuba/.ivy2/cache/io.netty/netty-buffer/jars/netty-buffer-4.0.36.Final.jar, file:/C:/Users/Kuba/.ivy2/cache/io.netty/netty-common/jars/netty-common-4.0.36.Final.jar, file:/C:/Users/Kuba/.ivy2/cache/io.netty/netty-transport/jars/netty-transport-4.0.36.Final.jar, file:/C:/Users/Kuba/.ivy2/cache/io.netty/netty-codec/jars/netty-codec-4.0.36.Final.jar, file:/C:/Users/Kuba/.ivy2/cache/io.netty/netty-codec-http/jars/netty-codec-http-4.0.36.Final.jar, file:/C:/Users/Kuba/.ivy2/cache/io.netty/netty-transport-native-epoll/jars/netty-transport-native-epoll-4.0.36.Final-linux-x86_64.jar, file:/C:/Users/Kuba/.ivy2/cache/com.typesafe.play/play-logback_2.11/jars/play-logback_2.11-2.5.4.jar, file:/C:/Users/Kuba/.ivy2/cache/org.scala-lang/scala-swing/jars/scala-swing-2.11.0-M7.jar, file:/C:/Users/Kuba/.ivy2/cache/com.mohiva/play-silhouette_2.11/jars/play-silhouette_2.11-4.0.0.jar, file:/C:/Users/Kuba/.ivy2/cache/com.typesafe.play/play-cache_2.11/jars/play-cache_2.11-2.5.4.jar, file:/C:/Users/Kuba/Downloads/activator-dist-1.3.12/repository/net.sf.ehcache/ehcache-core/2.6.11/jars/ehcache-core.jar, file:/C:/Users/Kuba/.ivy2/cache/com.typesafe.play/play-ws_2.11/jars/play-ws_2.11-2.5.4.jar, file:/C:/Users/Kuba/.ivy2/cache/com.google.guava/guava/bundles/guava-19.0.jar, file:/C:/Users/Kuba/.ivy2/cache/org.asynchttpclient/async-http-client/jars/async-http-client-2.0.2.jar, file:/C:/Users/Kuba/.ivy2/cache/org.asynchttpclient/netty-resolver-dns/jars/netty-resolver-dns-2.0.2.jar, file:/C:/Users/Kuba/.ivy2/cache/org.asynchttpclient/netty-resolver/jars/netty-resolver-2.0.2.jar, file:/C:/Users/Kuba/.ivy2/cache/org.slf4j/slf4j-api/jars/slf4j-api-1.7.21.jar, file:/C:/Users/Kuba/.ivy2/cache/org.asynchttpclient/netty-codec-dns/jars/netty-codec-dns-2.0.2.jar, file:/C:/Users/Kuba/.ivy2/cache/org.javassist/javassist/bundles/javassist-3.20.0-GA.jar, file:/C:/Users/Kuba/.ivy2/cache/oauth.signpost/signpost-core/jars/signpost-core-1.2.1.2.jar, file:/C:/Users/Kuba/.ivy2/cache/oauth.signpost/signpost-commonshttp4/jars/signpost-commonshttp4-1.2.1.2.jar, file:/C:/Users/Kuba/.ivy2/cache/org.apache.httpcomponents/httpcore/jars/httpcore-4.0.1.jar, file:/C:/Users/Kuba/.ivy2/cache/org.apache.httpcomponents/httpclient/jars/httpclient-4.0.1.jar, file:/C:/Users/Kuba/.ivy2/cache/commons-logging/commons-logging/jars/commons-logging-1.1.1.jar, file:/C:/Users/Kuba/.ivy2/cache/com.atlassian.jwt/jwt-core/jars/jwt-core-1.5.8.jar, file:/C:/Users/Kuba/.ivy2/cache/com.nimbusds/nimbus-jose-jwt/jars/nimbus-jose-jwt-2.16.jar, file:/C:/Users/Kuba/.ivy2/cache/net.jcip/jcip-annotations/jars/jcip-annotations-1.0.jar, file:/C:/Users/Kuba/.ivy2/cache/net.minidev/json-smart/jars/json-smart-1.1.1.jar, file:/C:/Users/Kuba/.ivy2/cache/javax.mail/mail/jars/mail-1.4.7.jar, file:/C:/Users/Kuba/.ivy2/cache/org.bouncycastle/bcprov-jdk15on/jars/bcprov-jdk15on-1.51.jar, file:/C:/Users/Kuba/.ivy2/cache/org.bouncycastle/bcpkix-jdk15on/jars/bcpkix-jdk15on-1.51.jar, file:/C:/Users/Kuba/.ivy2/cache/com.atlassian.jwt/jwt-api/jars/jwt-api-1.5.8.jar, file:/C:/Users/Kuba/.ivy2/cache/com.mohiva/play-silhouette-password-bcrypt_2.11/jars/play-silhouette-password-bcrypt_2.11-4.0.0.jar, file:/C:/Users/Kuba/.ivy2/cache/de.svenkubiak/jBCrypt/bundles/jBCrypt-0.4.1.jar, file:/C:/Users/Kuba/.ivy2/cache/com.mohiva/play-silhouette-persistence_2.11/jars/play-silhouette-persistence_2.11-4.0.0.jar, file:/C:/Users/Kuba/.ivy2/cache/com.mohiva/play-silhouette-crypto-jca_2.11/jars/play-silhouette-crypto-jca_2.11-4.0.0.jar, file:/C:/Users/Kuba/.ivy2/cache/org.webjars/webjars-play_2.11/jars/webjars-play_2.11-2.5.0-2.jar, file:/C:/Users/Kuba/.ivy2/cache/org.webjars/requirejs/jars/requirejs-2.1.20.jar, file:/C:/Users/Kuba/.ivy2/cache/org.webjars/webjars-locator/jars/webjars-locator-0.31.jar, file:/C:/Users/Kuba/.ivy2/cache/org.webjars/webjars-locator-core/jars/webjars-locator-core-0.30.jar, file:/C:/Users/Kuba/.ivy2/cache/org.apache.commons/commons-compress/jars/commons-compress-1.9.jar, file:/C:/Users/Kuba/.ivy2/cache/net.codingwell/scala-guice_2.11/jars/scala-guice_2.11-4.0.1.jar, file:/C:/Users/Kuba/.ivy2/cache/com.google.inject.extensions/guice-multibindings/jars/guice-multibindings-4.0.jar, file:/C:/Users/Kuba/.ivy2/cache/com.iheart/ficus_2.11/jars/ficus_2.11-1.2.6.jar, file:/C:/Users/Kuba/.ivy2/cache/org.typelevel/macro-compat_2.11/jars/macro-compat_2.11-1.1.1.jar, file:/C:/Users/Kuba/.ivy2/cache/com.typesafe.play/play-mailer_2.11/jars/play-mailer_2.11-5.0.0.jar, file:/C:/Users/Kuba/.ivy2/cache/org.apache.commons/commons-email/jars/commons-email-1.4.jar, file:/C:/Users/Kuba/.ivy2/cache/com.sun.mail/javax.mail/jars/javax.mail-1.5.2.jar, file:/C:/Users/Kuba/.ivy2/cache/javax.activation/activation/jars/activation-1.1.1.jar, file:/C:/Users/Kuba/.ivy2/cache/com.enragedginger/akka-quartz-scheduler_2.11/jars/akka-quartz-scheduler_2.11-1.5.0-akka-2.4.x.jar, file:/C:/Users/Kuba/.ivy2/cache/org.quartz-scheduler/quartz/jars/quartz-2.2.2.jar, file:/C:/Users/Kuba/.ivy2/cache/c3p0/c3p0/jars/c3p0-0.9.1.1.jar, file:/C:/Users/Kuba/.ivy2/cache/com.adrianhurt/play-bootstrap_2.11/jars/play-bootstrap_2.11-1.0-P25-B3.jar, file:/C:/Users/Kuba/.ivy2/cache/com.typesafe.play/filters-helpers_2.11/jars/filters-helpers_2.11-2.5.4.jar, file:/C:/Users/Kuba/.ivy2/cache/com.typesafe.play/play-java_2.11/jars/play-java_2.11-2.5.4.jar, file:/C:/Users/Kuba/Downloads/activator-dist-1.3.12/repository/org.yaml/snakeyaml/1.16/bundles/snakeyaml.jar, file:/C:/Users/Kuba/Downloads/activator-dist-1.3.12/repository/org.hibernate/hibernate-validator/5.2.4.Final/jars/hibernate-validator.jar, file:/C:/Users/Kuba/Downloads/activator-dist-1.3.12/repository/javax.validation/validation-api/1.1.0.Final/jars/validation-api.jar, file:/C:/Users/Kuba/Downloads/activator-dist-1.3.12/repository/org.jboss.logging/jboss-logging/3.2.1.Final/jars/jboss-logging.jar, file:/C:/Users/Kuba/Downloads/activator-dist-1.3.12/repository/com.fasterxml/classmate/1.1.0/bundles/classmate.jar, file:/C:/Users/Kuba/Downloads/activator-dist-1.3.12/repository/javax.el/javax.el-api/3.0.0/jars/javax.el-api.jar, file:/C:/Users/Kuba/.ivy2/cache/org.springframework/spring-context/jars/spring-context-4.2.4.RELEASE.jar, file:/C:/Users/Kuba/.ivy2/cache/org.springframework/spring-core/jars/spring-core-4.2.4.RELEASE.jar, file:/C:/Users/Kuba/.ivy2/cache/org.springframework/spring-beans/jars/spring-beans-4.2.4.RELEASE.jar, file:/C:/Users/Kuba/Downloads/activator-dist-1.3.12/repository/org.reflections/reflections/0.9.10/jars/reflections.jar, file:/C:/Users/Kuba/Downloads/activator-dist-1.3.12/repository/net.jodah/typetools/0.4.4/bundles/typetools.jar, file:/C:/Users/Kuba/.ivy2/cache/com.google.code.findbugs/jsr305/jars/jsr305-3.0.1.jar, file:/C:/Users/Kuba/Downloads/activator-dist-1.3.12/repository/org.apache.tomcat/tomcat-servlet-api/8.0.33/jars/tomcat-servlet-api.jar, file:/C:/Users/Kuba/.ivy2/cache/com.adrianhurt/play-bootstrap-core_2.11/jars/play-bootstrap-core_2.11-1.0-P25.jar, file:/C:/Users/Kuba/.ivy2/cache/org.webjars/bootstrap/jars/bootstrap-3.3.6.jar, file:/C:/Users/Kuba/.ivy2/cache/org.webjars/jquery/jars/jquery-2.1.4.jar}
16:45:22.980 [ForkJoinPool-8-worker-1] DEBUG c.google.inject.internal.BytecodeGen - Loading class play.api.libs.openid.WsOpenIdClient FastClass with PlayDependencyClassLoader{file:/C:/Users/Kuba/IdeaProjects/play-silhouette-seed-master/lib/connect-four.jar, file:/C:/Users/Kuba/IdeaProjects/play-silhouette-seed-master/lib/sudoku.jar, file:/C:/Users/Kuba/.ivy2/cache/org.scala-lang/scala-library/jars/scala-library-2.11.8.jar, file:/C:/Users/Kuba/Downloads/activator-dist-1.3.12/repository/com.typesafe.play/twirl-api_2.11/1.1.1/jars/twirl-api_2.11.jar, file:/C:/Users/Kuba/.ivy2/cache/org.apache.commons/commons-lang3/jars/commons-lang3-3.4.jar, file:/C:/Users/Kuba/.ivy2/cache/org.scala-lang.modules/scala-xml_2.11/bundles/scala-xml_2.11-1.0.1.jar, file:/C:/Users/Kuba/.ivy2/cache/com.typesafe.play/play-server_2.11/jars/play-server_2.11-2.5.4.jar, file:/C:/Users/Kuba/.ivy2/cache/com.typesafe.play/play_2.11/jars/play_2.11-2.5.4.jar, file:/C:/Users/Kuba/.ivy2/cache/com.typesafe.play/build-link/jars/build-link-2.5.4.jar, file:/C:/Users/Kuba/.ivy2/cache/com.typesafe.play/play-exceptions/jars/play-exceptions-2.5.4.jar, file:/C:/Users/Kuba/.ivy2/cache/com.typesafe.play/play-iteratees_2.11/jars/play-iteratees_2.11-2.5.4.jar, file:/C:/Users/Kuba/.ivy2/cache/org.scala-stm/scala-stm_2.11/jars/scala-stm_2.11-0.7.jar, file:/C:/Users/Kuba/Downloads/activator-dist-1.3.12/repository/com.typesafe/config/1.3.0/bundles/config.jar, file:/C:/Users/Kuba/.ivy2/cache/ch.qos.logback/logback-classic/jars/logback-classic-1.1.7.jar, file:/C:/Users/Kuba/.ivy2/cache/ch.qos.logback/logback-core/jars/logback-core-1.1.7.jar, file:/C:/Users/Kuba/.ivy2/cache/com.typesafe.play/play-json_2.11/jars/play-json_2.11-2.5.4.jar, file:/C:/Users/Kuba/.ivy2/cache/com.typesafe.play/play-functional_2.11/jars/play-functional_2.11-2.5.4.jar, file:/C:/Users/Kuba/.ivy2/cache/com.typesafe.play/play-datacommons_2.11/jars/play-datacommons_2.11-2.5.4.jar, file:/C:/Users/Kuba/Downloads/activator-dist-1.3.12/repository/joda-time/joda-time/2.9.2/jars/joda-time.jar, file:/C:/Users/Kuba/Downloads/activator-dist-1.3.12/repository/org.joda/joda-convert/1.8.1/jars/joda-convert.jar, file:/C:/Users/Kuba/Downloads/activator-dist-1.3.12/repository/org.scala-lang/scala-reflect/2.11.7/jars/scala-reflect.jar, file:/C:/Users/Kuba/Downloads/activator-dist-1.3.12/repository/com.fasterxml.jackson.core/jackson-core/2.7.1/bundles/jackson-core.jar, file:/C:/Users/Kuba/Downloads/activator-dist-1.3.12/repository/com.fasterxml.jackson.core/jackson-annotations/2.7.1/bundles/jackson-annotations.jar, file:/C:/Users/Kuba/Downloads/activator-dist-1.3.12/repository/com.fasterxml.jackson.core/jackson-databind/2.7.1/bundles/jackson-databind.jar, file:/C:/Users/Kuba/Downloads/activator-dist-1.3.12/repository/com.fasterxml.jackson.datatype/jackson-datatype-jdk8/2.7.1/bundles/jackson-datatype-jdk8.jar, file:/C:/Users/Kuba/Downloads/activator-dist-1.3.12/repository/com.fasterxml.jackson.datatype/jackson-datatype-jsr310/2.7.1/bundles/jackson-datatype-jsr310.jar, file:/C:/Users/Kuba/.ivy2/cache/com.typesafe.play/play-netty-utils/jars/play-netty-utils-2.5.4.jar, file:/C:/Users/Kuba/.ivy2/cache/org.slf4j/jul-to-slf4j/jars/jul-to-slf4j-1.7.19.jar, file:/C:/Users/Kuba/.ivy2/cache/org.slf4j/jcl-over-slf4j/jars/jcl-over-slf4j-1.7.19.jar, file:/C:/Users/Kuba/.ivy2/cache/com.typesafe.play/play-streams_2.11/jars/play-streams_2.11-2.5.4.jar, file:/C:/Users/Kuba/.ivy2/cache/org.reactivestreams/reactive-streams/jars/reactive-streams-1.0.0.jar, file:/C:/Users/Kuba/.ivy2/cache/com.typesafe.akka/akka-stream_2.11/jars/akka-stream_2.11-2.4.4.jar, file:/C:/Users/Kuba/.ivy2/cache/com.typesafe.akka/akka-actor_2.11/jars/akka-actor_2.11-2.4.4.jar, file:/C:/Users/Kuba/Downloads/activator-dist-1.3.12/repository/org.scala-lang.modules/scala-java8-compat_2.11/0.7.0/bundles/scala-java8-compat_2.11.jar, file:/C:/Users/Kuba/Downloads/activator-dist-1.3.12/repository/com.typesafe/ssl-config-akka_2.11/0.2.1/bundles/ssl-config-akka_2.11.jar, file:/C:/Users/Kuba/.ivy2/cache/com.typesafe/ssl-config-core_2.11/bundles/ssl-config-core_2.11-0.2.1.jar, file:/C:/Users/Kuba/.ivy2/cache/org.scala-lang.modules/scala-parser-combinators_2.11/bundles/scala-parser-combinators_2.11-1.0.4.jar, file:/C:/Users/Kuba/.ivy2/cache/com.typesafe.akka/akka-slf4j_2.11/jars/akka-slf4j_2.11-2.4.4.jar, file:/C:/Users/Kuba/.ivy2/cache/commons-codec/commons-codec/jars/commons-codec-1.10.jar, file:/C:/Users/Kuba/.ivy2/cache/xerces/xercesImpl/jars/xercesImpl-2.11.0.jar, file:/C:/Users/Kuba/.ivy2/cache/xml-apis/xml-apis/jars/xml-apis-1.4.01.jar, file:/C:/Users/Kuba/.ivy2/cache/javax.transaction/jta/jars/jta-1.1.jar, file:/C:/Users/Kuba/Downloads/activator-dist-1.3.12/repository/com.google.inject/guice/4.0/jars/guice.jar, file:/C:/Users/Kuba/.ivy2/cache/javax.inject/javax.inject/jars/javax.inject-1.jar, file:/C:/Users/Kuba/.ivy2/cache/aopalliance/aopalliance/jars/aopalliance-1.0.jar, file:/C:/Users/Kuba/Downloads/activator-dist-1.3.12/repository/com.google.inject.extensions/guice-assistedinject/4.0/jars/guice-assistedinject.jar, file:/C:/Users/Kuba/.ivy2/cache/com.typesafe.play/play-netty-server_2.11/jars/play-netty-server_2.11-2.5.4.jar, file:/C:/Users/Kuba/.ivy2/cache/com.typesafe.netty/netty-reactive-streams-http/jars/netty-reactive-streams-http-1.0.6.jar, file:/C:/Users/Kuba/.ivy2/cache/com.typesafe.netty/netty-reactive-streams/jars/netty-reactive-streams-1.0.6.jar, file:/C:/Users/Kuba/.ivy2/cache/io.netty/netty-handler/jars/netty-handler-4.0.36.Final.jar, file:/C:/Users/Kuba/.ivy2/cache/io.netty/netty-buffer/jars/netty-buffer-4.0.36.Final.jar, file:/C:/Users/Kuba/.ivy2/cache/io.netty/netty-common/jars/netty-common-4.0.36.Final.jar, file:/C:/Users/Kuba/.ivy2/cache/io.netty/netty-transport/jars/netty-transport-4.0.36.Final.jar, file:/C:/Users/Kuba/.ivy2/cache/io.netty/netty-codec/jars/netty-codec-4.0.36.Final.jar, file:/C:/Users/Kuba/.ivy2/cache/io.netty/netty-codec-http/jars/netty-codec-http-4.0.36.Final.jar, file:/C:/Users/Kuba/.ivy2/cache/io.netty/netty-transport-native-epoll/jars/netty-transport-native-epoll-4.0.36.Final-linux-x86_64.jar, file:/C:/Users/Kuba/.ivy2/cache/com.typesafe.play/play-logback_2.11/jars/play-logback_2.11-2.5.4.jar, file:/C:/Users/Kuba/.ivy2/cache/org.scala-lang/scala-swing/jars/scala-swing-2.11.0-M7.jar, file:/C:/Users/Kuba/.ivy2/cache/com.mohiva/play-silhouette_2.11/jars/play-silhouette_2.11-4.0.0.jar, file:/C:/Users/Kuba/.ivy2/cache/com.typesafe.play/play-cache_2.11/jars/play-cache_2.11-2.5.4.jar, file:/C:/Users/Kuba/Downloads/activator-dist-1.3.12/repository/net.sf.ehcache/ehcache-core/2.6.11/jars/ehcache-core.jar, file:/C:/Users/Kuba/.ivy2/cache/com.typesafe.play/play-ws_2.11/jars/play-ws_2.11-2.5.4.jar, file:/C:/Users/Kuba/.ivy2/cache/com.google.guava/guava/bundles/guava-19.0.jar, file:/C:/Users/Kuba/.ivy2/cache/org.asynchttpclient/async-http-client/jars/async-http-client-2.0.2.jar, file:/C:/Users/Kuba/.ivy2/cache/org.asynchttpclient/netty-resolver-dns/jars/netty-resolver-dns-2.0.2.jar, file:/C:/Users/Kuba/.ivy2/cache/org.asynchttpclient/netty-resolver/jars/netty-resolver-2.0.2.jar, file:/C:/Users/Kuba/.ivy2/cache/org.slf4j/slf4j-api/jars/slf4j-api-1.7.21.jar, file:/C:/Users/Kuba/.ivy2/cache/org.asynchttpclient/netty-codec-dns/jars/netty-codec-dns-2.0.2.jar, file:/C:/Users/Kuba/.ivy2/cache/org.javassist/javassist/bundles/javassist-3.20.0-GA.jar, file:/C:/Users/Kuba/.ivy2/cache/oauth.signpost/signpost-core/jars/signpost-core-1.2.1.2.jar, file:/C:/Users/Kuba/.ivy2/cache/oauth.signpost/signpost-commonshttp4/jars/signpost-commonshttp4-1.2.1.2.jar, file:/C:/Users/Kuba/.ivy2/cache/org.apache.httpcomponents/httpcore/jars/httpcore-4.0.1.jar, file:/C:/Users/Kuba/.ivy2/cache/org.apache.httpcomponents/httpclient/jars/httpclient-4.0.1.jar, file:/C:/Users/Kuba/.ivy2/cache/commons-logging/commons-logging/jars/commons-logging-1.1.1.jar, file:/C:/Users/Kuba/.ivy2/cache/com.atlassian.jwt/jwt-core/jars/jwt-core-1.5.8.jar, file:/C:/Users/Kuba/.ivy2/cache/com.nimbusds/nimbus-jose-jwt/jars/nimbus-jose-jwt-2.16.jar, file:/C:/Users/Kuba/.ivy2/cache/net.jcip/jcip-annotations/jars/jcip-annotations-1.0.jar, file:/C:/Users/Kuba/.ivy2/cache/net.minidev/json-smart/jars/json-smart-1.1.1.jar, file:/C:/Users/Kuba/.ivy2/cache/javax.mail/mail/jars/mail-1.4.7.jar, file:/C:/Users/Kuba/.ivy2/cache/org.bouncycastle/bcprov-jdk15on/jars/bcprov-jdk15on-1.51.jar, file:/C:/Users/Kuba/.ivy2/cache/org.bouncycastle/bcpkix-jdk15on/jars/bcpkix-jdk15on-1.51.jar, file:/C:/Users/Kuba/.ivy2/cache/com.atlassian.jwt/jwt-api/jars/jwt-api-1.5.8.jar, file:/C:/Users/Kuba/.ivy2/cache/com.mohiva/play-silhouette-password-bcrypt_2.11/jars/play-silhouette-password-bcrypt_2.11-4.0.0.jar, file:/C:/Users/Kuba/.ivy2/cache/de.svenkubiak/jBCrypt/bundles/jBCrypt-0.4.1.jar, file:/C:/Users/Kuba/.ivy2/cache/com.mohiva/play-silhouette-persistence_2.11/jars/play-silhouette-persistence_2.11-4.0.0.jar, file:/C:/Users/Kuba/.ivy2/cache/com.mohiva/play-silhouette-crypto-jca_2.11/jars/play-silhouette-crypto-jca_2.11-4.0.0.jar, file:/C:/Users/Kuba/.ivy2/cache/org.webjars/webjars-play_2.11/jars/webjars-play_2.11-2.5.0-2.jar, file:/C:/Users/Kuba/.ivy2/cache/org.webjars/requirejs/jars/requirejs-2.1.20.jar, file:/C:/Users/Kuba/.ivy2/cache/org.webjars/webjars-locator/jars/webjars-locator-0.31.jar, file:/C:/Users/Kuba/.ivy2/cache/org.webjars/webjars-locator-core/jars/webjars-locator-core-0.30.jar, file:/C:/Users/Kuba/.ivy2/cache/org.apache.commons/commons-compress/jars/commons-compress-1.9.jar, file:/C:/Users/Kuba/.ivy2/cache/net.codingwell/scala-guice_2.11/jars/scala-guice_2.11-4.0.1.jar, file:/C:/Users/Kuba/.ivy2/cache/com.google.inject.extensions/guice-multibindings/jars/guice-multibindings-4.0.jar, file:/C:/Users/Kuba/.ivy2/cache/com.iheart/ficus_2.11/jars/ficus_2.11-1.2.6.jar, file:/C:/Users/Kuba/.ivy2/cache/org.typelevel/macro-compat_2.11/jars/macro-compat_2.11-1.1.1.jar, file:/C:/Users/Kuba/.ivy2/cache/com.typesafe.play/play-mailer_2.11/jars/play-mailer_2.11-5.0.0.jar, file:/C:/Users/Kuba/.ivy2/cache/org.apache.commons/commons-email/jars/commons-email-1.4.jar, file:/C:/Users/Kuba/.ivy2/cache/com.sun.mail/javax.mail/jars/javax.mail-1.5.2.jar, file:/C:/Users/Kuba/.ivy2/cache/javax.activation/activation/jars/activation-1.1.1.jar, file:/C:/Users/Kuba/.ivy2/cache/com.enragedginger/akka-quartz-scheduler_2.11/jars/akka-quartz-scheduler_2.11-1.5.0-akka-2.4.x.jar, file:/C:/Users/Kuba/.ivy2/cache/org.quartz-scheduler/quartz/jars/quartz-2.2.2.jar, file:/C:/Users/Kuba/.ivy2/cache/c3p0/c3p0/jars/c3p0-0.9.1.1.jar, file:/C:/Users/Kuba/.ivy2/cache/com.adrianhurt/play-bootstrap_2.11/jars/play-bootstrap_2.11-1.0-P25-B3.jar, file:/C:/Users/Kuba/.ivy2/cache/com.typesafe.play/filters-helpers_2.11/jars/filters-helpers_2.11-2.5.4.jar, file:/C:/Users/Kuba/.ivy2/cache/com.typesafe.play/play-java_2.11/jars/play-java_2.11-2.5.4.jar, file:/C:/Users/Kuba/Downloads/activator-dist-1.3.12/repository/org.yaml/snakeyaml/1.16/bundles/snakeyaml.jar, file:/C:/Users/Kuba/Downloads/activator-dist-1.3.12/repository/org.hibernate/hibernate-validator/5.2.4.Final/jars/hibernate-validator.jar, file:/C:/Users/Kuba/Downloads/activator-dist-1.3.12/repository/javax.validation/validation-api/1.1.0.Final/jars/validation-api.jar, file:/C:/Users/Kuba/Downloads/activator-dist-1.3.12/repository/org.jboss.logging/jboss-logging/3.2.1.Final/jars/jboss-logging.jar, file:/C:/Users/Kuba/Downloads/activator-dist-1.3.12/repository/com.fasterxml/classmate/1.1.0/bundles/classmate.jar, file:/C:/Users/Kuba/Downloads/activator-dist-1.3.12/repository/javax.el/javax.el-api/3.0.0/jars/javax.el-api.jar, file:/C:/Users/Kuba/.ivy2/cache/org.springframework/spring-context/jars/spring-context-4.2.4.RELEASE.jar, file:/C:/Users/Kuba/.ivy2/cache/org.springframework/spring-core/jars/spring-core-4.2.4.RELEASE.jar, file:/C:/Users/Kuba/.ivy2/cache/org.springframework/spring-beans/jars/spring-beans-4.2.4.RELEASE.jar, file:/C:/Users/Kuba/Downloads/activator-dist-1.3.12/repository/org.reflections/reflections/0.9.10/jars/reflections.jar, file:/C:/Users/Kuba/Downloads/activator-dist-1.3.12/repository/net.jodah/typetools/0.4.4/bundles/typetools.jar, file:/C:/Users/Kuba/.ivy2/cache/com.google.code.findbugs/jsr305/jars/jsr305-3.0.1.jar, file:/C:/Users/Kuba/Downloads/activator-dist-1.3.12/repository/org.apache.tomcat/tomcat-servlet-api/8.0.33/jars/tomcat-servlet-api.jar, file:/C:/Users/Kuba/.ivy2/cache/com.adrianhurt/play-bootstrap-core_2.11/jars/play-bootstrap-core_2.11-1.0-P25.jar, file:/C:/Users/Kuba/.ivy2/cache/org.webjars/bootstrap/jars/bootstrap-3.3.6.jar, file:/C:/Users/Kuba/.ivy2/cache/org.webjars/jquery/jars/jquery-2.1.4.jar}
16:45:22.983 [ForkJoinPool-8-worker-1] DEBUG c.google.inject.internal.BytecodeGen - Loading class play.api.libs.openid.WsDiscovery FastClass with PlayDependencyClassLoader{file:/C:/Users/Kuba/IdeaProjects/play-silhouette-seed-master/lib/connect-four.jar, file:/C:/Users/Kuba/IdeaProjects/play-silhouette-seed-master/lib/sudoku.jar, file:/C:/Users/Kuba/.ivy2/cache/org.scala-lang/scala-library/jars/scala-library-2.11.8.jar, file:/C:/Users/Kuba/Downloads/activator-dist-1.3.12/repository/com.typesafe.play/twirl-api_2.11/1.1.1/jars/twirl-api_2.11.jar, file:/C:/Users/Kuba/.ivy2/cache/org.apache.commons/commons-lang3/jars/commons-lang3-3.4.jar, file:/C:/Users/Kuba/.ivy2/cache/org.scala-lang.modules/scala-xml_2.11/bundles/scala-xml_2.11-1.0.1.jar, file:/C:/Users/Kuba/.ivy2/cache/com.typesafe.play/play-server_2.11/jars/play-server_2.11-2.5.4.jar, file:/C:/Users/Kuba/.ivy2/cache/com.typesafe.play/play_2.11/jars/play_2.11-2.5.4.jar, file:/C:/Users/Kuba/.ivy2/cache/com.typesafe.play/build-link/jars/build-link-2.5.4.jar, file:/C:/Users/Kuba/.ivy2/cache/com.typesafe.play/play-exceptions/jars/play-exceptions-2.5.4.jar, file:/C:/Users/Kuba/.ivy2/cache/com.typesafe.play/play-iteratees_2.11/jars/play-iteratees_2.11-2.5.4.jar, file:/C:/Users/Kuba/.ivy2/cache/org.scala-stm/scala-stm_2.11/jars/scala-stm_2.11-0.7.jar, file:/C:/Users/Kuba/Downloads/activator-dist-1.3.12/repository/com.typesafe/config/1.3.0/bundles/config.jar, file:/C:/Users/Kuba/.ivy2/cache/ch.qos.logback/logback-classic/jars/logback-classic-1.1.7.jar, file:/C:/Users/Kuba/.ivy2/cache/ch.qos.logback/logback-core/jars/logback-core-1.1.7.jar, file:/C:/Users/Kuba/.ivy2/cache/com.typesafe.play/play-json_2.11/jars/play-json_2.11-2.5.4.jar, file:/C:/Users/Kuba/.ivy2/cache/com.typesafe.play/play-functional_2.11/jars/play-functional_2.11-2.5.4.jar, file:/C:/Users/Kuba/.ivy2/cache/com.typesafe.play/play-datacommons_2.11/jars/play-datacommons_2.11-2.5.4.jar, file:/C:/Users/Kuba/Downloads/activator-dist-1.3.12/repository/joda-time/joda-time/2.9.2/jars/joda-time.jar, file:/C:/Users/Kuba/Downloads/activator-dist-1.3.12/repository/org.joda/joda-convert/1.8.1/jars/joda-convert.jar, file:/C:/Users/Kuba/Downloads/activator-dist-1.3.12/repository/org.scala-lang/scala-reflect/2.11.7/jars/scala-reflect.jar, file:/C:/Users/Kuba/Downloads/activator-dist-1.3.12/repository/com.fasterxml.jackson.core/jackson-core/2.7.1/bundles/jackson-core.jar, file:/C:/Users/Kuba/Downloads/activator-dist-1.3.12/repository/com.fasterxml.jackson.core/jackson-annotations/2.7.1/bundles/jackson-annotations.jar, file:/C:/Users/Kuba/Downloads/activator-dist-1.3.12/repository/com.fasterxml.jackson.core/jackson-databind/2.7.1/bundles/jackson-databind.jar, file:/C:/Users/Kuba/Downloads/activator-dist-1.3.12/repository/com.fasterxml.jackson.datatype/jackson-datatype-jdk8/2.7.1/bundles/jackson-datatype-jdk8.jar, file:/C:/Users/Kuba/Downloads/activator-dist-1.3.12/repository/com.fasterxml.jackson.datatype/jackson-datatype-jsr310/2.7.1/bundles/jackson-datatype-jsr310.jar, file:/C:/Users/Kuba/.ivy2/cache/com.typesafe.play/play-netty-utils/jars/play-netty-utils-2.5.4.jar, file:/C:/Users/Kuba/.ivy2/cache/org.slf4j/jul-to-slf4j/jars/jul-to-slf4j-1.7.19.jar, file:/C:/Users/Kuba/.ivy2/cache/org.slf4j/jcl-over-slf4j/jars/jcl-over-slf4j-1.7.19.jar, file:/C:/Users/Kuba/.ivy2/cache/com.typesafe.play/play-streams_2.11/jars/play-streams_2.11-2.5.4.jar, file:/C:/Users/Kuba/.ivy2/cache/org.reactivestreams/reactive-streams/jars/reactive-streams-1.0.0.jar, file:/C:/Users/Kuba/.ivy2/cache/com.typesafe.akka/akka-stream_2.11/jars/akka-stream_2.11-2.4.4.jar, file:/C:/Users/Kuba/.ivy2/cache/com.typesafe.akka/akka-actor_2.11/jars/akka-actor_2.11-2.4.4.jar, file:/C:/Users/Kuba/Downloads/activator-dist-1.3.12/repository/org.scala-lang.modules/scala-java8-compat_2.11/0.7.0/bundles/scala-java8-compat_2.11.jar, file:/C:/Users/Kuba/Downloads/activator-dist-1.3.12/repository/com.typesafe/ssl-config-akka_2.11/0.2.1/bundles/ssl-config-akka_2.11.jar, file:/C:/Users/Kuba/.ivy2/cache/com.typesafe/ssl-config-core_2.11/bundles/ssl-config-core_2.11-0.2.1.jar, file:/C:/Users/Kuba/.ivy2/cache/org.scala-lang.modules/scala-parser-combinators_2.11/bundles/scala-parser-combinators_2.11-1.0.4.jar, file:/C:/Users/Kuba/.ivy2/cache/com.typesafe.akka/akka-slf4j_2.11/jars/akka-slf4j_2.11-2.4.4.jar, file:/C:/Users/Kuba/.ivy2/cache/commons-codec/commons-codec/jars/commons-codec-1.10.jar, file:/C:/Users/Kuba/.ivy2/cache/xerces/xercesImpl/jars/xercesImpl-2.11.0.jar, file:/C:/Users/Kuba/.ivy2/cache/xml-apis/xml-apis/jars/xml-apis-1.4.01.jar, file:/C:/Users/Kuba/.ivy2/cache/javax.transaction/jta/jars/jta-1.1.jar, file:/C:/Users/Kuba/Downloads/activator-dist-1.3.12/repository/com.google.inject/guice/4.0/jars/guice.jar, file:/C:/Users/Kuba/.ivy2/cache/javax.inject/javax.inject/jars/javax.inject-1.jar, file:/C:/Users/Kuba/.ivy2/cache/aopalliance/aopalliance/jars/aopalliance-1.0.jar, file:/C:/Users/Kuba/Downloads/activator-dist-1.3.12/repository/com.google.inject.extensions/guice-assistedinject/4.0/jars/guice-assistedinject.jar, file:/C:/Users/Kuba/.ivy2/cache/com.typesafe.play/play-netty-server_2.11/jars/play-netty-server_2.11-2.5.4.jar, file:/C:/Users/Kuba/.ivy2/cache/com.typesafe.netty/netty-reactive-streams-http/jars/netty-reactive-streams-http-1.0.6.jar, file:/C:/Users/Kuba/.ivy2/cache/com.typesafe.netty/netty-reactive-streams/jars/netty-reactive-streams-1.0.6.jar, file:/C:/Users/Kuba/.ivy2/cache/io.netty/netty-handler/jars/netty-handler-4.0.36.Final.jar, file:/C:/Users/Kuba/.ivy2/cache/io.netty/netty-buffer/jars/netty-buffer-4.0.36.Final.jar, file:/C:/Users/Kuba/.ivy2/cache/io.netty/netty-common/jars/netty-common-4.0.36.Final.jar, file:/C:/Users/Kuba/.ivy2/cache/io.netty/netty-transport/jars/netty-transport-4.0.36.Final.jar, file:/C:/Users/Kuba/.ivy2/cache/io.netty/netty-codec/jars/netty-codec-4.0.36.Final.jar, file:/C:/Users/Kuba/.ivy2/cache/io.netty/netty-codec-http/jars/netty-codec-http-4.0.36.Final.jar, file:/C:/Users/Kuba/.ivy2/cache/io.netty/netty-transport-native-epoll/jars/netty-transport-native-epoll-4.0.36.Final-linux-x86_64.jar, file:/C:/Users/Kuba/.ivy2/cache/com.typesafe.play/play-logback_2.11/jars/play-logback_2.11-2.5.4.jar, file:/C:/Users/Kuba/.ivy2/cache/org.scala-lang/scala-swing/jars/scala-swing-2.11.0-M7.jar, file:/C:/Users/Kuba/.ivy2/cache/com.mohiva/play-silhouette_2.11/jars/play-silhouette_2.11-4.0.0.jar, file:/C:/Users/Kuba/.ivy2/cache/com.typesafe.play/play-cache_2.11/jars/play-cache_2.11-2.5.4.jar, file:/C:/Users/Kuba/Downloads/activator-dist-1.3.12/repository/net.sf.ehcache/ehcache-core/2.6.11/jars/ehcache-core.jar, file:/C:/Users/Kuba/.ivy2/cache/com.typesafe.play/play-ws_2.11/jars/play-ws_2.11-2.5.4.jar, file:/C:/Users/Kuba/.ivy2/cache/com.google.guava/guava/bundles/guava-19.0.jar, file:/C:/Users/Kuba/.ivy2/cache/org.asynchttpclient/async-http-client/jars/async-http-client-2.0.2.jar, file:/C:/Users/Kuba/.ivy2/cache/org.asynchttpclient/netty-resolver-dns/jars/netty-resolver-dns-2.0.2.jar, file:/C:/Users/Kuba/.ivy2/cache/org.asynchttpclient/netty-resolver/jars/netty-resolver-2.0.2.jar, file:/C:/Users/Kuba/.ivy2/cache/org.slf4j/slf4j-api/jars/slf4j-api-1.7.21.jar, file:/C:/Users/Kuba/.ivy2/cache/org.asynchttpclient/netty-codec-dns/jars/netty-codec-dns-2.0.2.jar, file:/C:/Users/Kuba/.ivy2/cache/org.javassist/javassist/bundles/javassist-3.20.0-GA.jar, file:/C:/Users/Kuba/.ivy2/cache/oauth.signpost/signpost-core/jars/signpost-core-1.2.1.2.jar, file:/C:/Users/Kuba/.ivy2/cache/oauth.signpost/signpost-commonshttp4/jars/signpost-commonshttp4-1.2.1.2.jar, file:/C:/Users/Kuba/.ivy2/cache/org.apache.httpcomponents/httpcore/jars/httpcore-4.0.1.jar, file:/C:/Users/Kuba/.ivy2/cache/org.apache.httpcomponents/httpclient/jars/httpclient-4.0.1.jar, file:/C:/Users/Kuba/.ivy2/cache/commons-logging/commons-logging/jars/commons-logging-1.1.1.jar, file:/C:/Users/Kuba/.ivy2/cache/com.atlassian.jwt/jwt-core/jars/jwt-core-1.5.8.jar, file:/C:/Users/Kuba/.ivy2/cache/com.nimbusds/nimbus-jose-jwt/jars/nimbus-jose-jwt-2.16.jar, file:/C:/Users/Kuba/.ivy2/cache/net.jcip/jcip-annotations/jars/jcip-annotations-1.0.jar, file:/C:/Users/Kuba/.ivy2/cache/net.minidev/json-smart/jars/json-smart-1.1.1.jar, file:/C:/Users/Kuba/.ivy2/cache/javax.mail/mail/jars/mail-1.4.7.jar, file:/C:/Users/Kuba/.ivy2/cache/org.bouncycastle/bcprov-jdk15on/jars/bcprov-jdk15on-1.51.jar, file:/C:/Users/Kuba/.ivy2/cache/org.bouncycastle/bcpkix-jdk15on/jars/bcpkix-jdk15on-1.51.jar, file:/C:/Users/Kuba/.ivy2/cache/com.atlassian.jwt/jwt-api/jars/jwt-api-1.5.8.jar, file:/C:/Users/Kuba/.ivy2/cache/com.mohiva/play-silhouette-password-bcrypt_2.11/jars/play-silhouette-password-bcrypt_2.11-4.0.0.jar, file:/C:/Users/Kuba/.ivy2/cache/de.svenkubiak/jBCrypt/bundles/jBCrypt-0.4.1.jar, file:/C:/Users/Kuba/.ivy2/cache/com.mohiva/play-silhouette-persistence_2.11/jars/play-silhouette-persistence_2.11-4.0.0.jar, file:/C:/Users/Kuba/.ivy2/cache/com.mohiva/play-silhouette-crypto-jca_2.11/jars/play-silhouette-crypto-jca_2.11-4.0.0.jar, file:/C:/Users/Kuba/.ivy2/cache/org.webjars/webjars-play_2.11/jars/webjars-play_2.11-2.5.0-2.jar, file:/C:/Users/Kuba/.ivy2/cache/org.webjars/requirejs/jars/requirejs-2.1.20.jar, file:/C:/Users/Kuba/.ivy2/cache/org.webjars/webjars-locator/jars/webjars-locator-0.31.jar, file:/C:/Users/Kuba/.ivy2/cache/org.webjars/webjars-locator-core/jars/webjars-locator-core-0.30.jar, file:/C:/Users/Kuba/.ivy2/cache/org.apache.commons/commons-compress/jars/commons-compress-1.9.jar, file:/C:/Users/Kuba/.ivy2/cache/net.codingwell/scala-guice_2.11/jars/scala-guice_2.11-4.0.1.jar, file:/C:/Users/Kuba/.ivy2/cache/com.google.inject.extensions/guice-multibindings/jars/guice-multibindings-4.0.jar, file:/C:/Users/Kuba/.ivy2/cache/com.iheart/ficus_2.11/jars/ficus_2.11-1.2.6.jar, file:/C:/Users/Kuba/.ivy2/cache/org.typelevel/macro-compat_2.11/jars/macro-compat_2.11-1.1.1.jar, file:/C:/Users/Kuba/.ivy2/cache/com.typesafe.play/play-mailer_2.11/jars/play-mailer_2.11-5.0.0.jar, file:/C:/Users/Kuba/.ivy2/cache/org.apache.commons/commons-email/jars/commons-email-1.4.jar, file:/C:/Users/Kuba/.ivy2/cache/com.sun.mail/javax.mail/jars/javax.mail-1.5.2.jar, file:/C:/Users/Kuba/.ivy2/cache/javax.activation/activation/jars/activation-1.1.1.jar, file:/C:/Users/Kuba/.ivy2/cache/com.enragedginger/akka-quartz-scheduler_2.11/jars/akka-quartz-scheduler_2.11-1.5.0-akka-2.4.x.jar, file:/C:/Users/Kuba/.ivy2/cache/org.quartz-scheduler/quartz/jars/quartz-2.2.2.jar, file:/C:/Users/Kuba/.ivy2/cache/c3p0/c3p0/jars/c3p0-0.9.1.1.jar, file:/C:/Users/Kuba/.ivy2/cache/com.adrianhurt/play-bootstrap_2.11/jars/play-bootstrap_2.11-1.0-P25-B3.jar, file:/C:/Users/Kuba/.ivy2/cache/com.typesafe.play/filters-helpers_2.11/jars/filters-helpers_2.11-2.5.4.jar, file:/C:/Users/Kuba/.ivy2/cache/com.typesafe.play/play-java_2.11/jars/play-java_2.11-2.5.4.jar, file:/C:/Users/Kuba/Downloads/activator-dist-1.3.12/repository/org.yaml/snakeyaml/1.16/bundles/snakeyaml.jar, file:/C:/Users/Kuba/Downloads/activator-dist-1.3.12/repository/org.hibernate/hibernate-validator/5.2.4.Final/jars/hibernate-validator.jar, file:/C:/Users/Kuba/Downloads/activator-dist-1.3.12/repository/javax.validation/validation-api/1.1.0.Final/jars/validation-api.jar, file:/C:/Users/Kuba/Downloads/activator-dist-1.3.12/repository/org.jboss.logging/jboss-logging/3.2.1.Final/jars/jboss-logging.jar, file:/C:/Users/Kuba/Downloads/activator-dist-1.3.12/repository/com.fasterxml/classmate/1.1.0/bundles/classmate.jar, file:/C:/Users/Kuba/Downloads/activator-dist-1.3.12/repository/javax.el/javax.el-api/3.0.0/jars/javax.el-api.jar, file:/C:/Users/Kuba/.ivy2/cache/org.springframework/spring-context/jars/spring-context-4.2.4.RELEASE.jar, file:/C:/Users/Kuba/.ivy2/cache/org.springframework/spring-core/jars/spring-core-4.2.4.RELEASE.jar, file:/C:/Users/Kuba/.ivy2/cache/org.springframework/spring-beans/jars/spring-beans-4.2.4.RELEASE.jar, file:/C:/Users/Kuba/Downloads/activator-dist-1.3.12/repository/org.reflections/reflections/0.9.10/jars/reflections.jar, file:/C:/Users/Kuba/Downloads/activator-dist-1.3.12/repository/net.jodah/typetools/0.4.4/bundles/typetools.jar, file:/C:/Users/Kuba/.ivy2/cache/com.google.code.findbugs/jsr305/jars/jsr305-3.0.1.jar, file:/C:/Users/Kuba/Downloads/activator-dist-1.3.12/repository/org.apache.tomcat/tomcat-servlet-api/8.0.33/jars/tomcat-servlet-api.jar, file:/C:/Users/Kuba/.ivy2/cache/com.adrianhurt/play-bootstrap-core_2.11/jars/play-bootstrap-core_2.11-1.0-P25.jar, file:/C:/Users/Kuba/.ivy2/cache/org.webjars/bootstrap/jars/bootstrap-3.3.6.jar, file:/C:/Users/Kuba/.ivy2/cache/org.webjars/jquery/jars/jquery-2.1.4.jar}
16:45:22.985 [ForkJoinPool-8-worker-1] DEBUG c.google.inject.internal.BytecodeGen - Loading class com.mohiva.play.silhouette.api.actions.DefaultUserAwareAction FastClass with PlayDependencyClassLoader{file:/C:/Users/Kuba/IdeaProjects/play-silhouette-seed-master/lib/connect-four.jar, file:/C:/Users/Kuba/IdeaProjects/play-silhouette-seed-master/lib/sudoku.jar, file:/C:/Users/Kuba/.ivy2/cache/org.scala-lang/scala-library/jars/scala-library-2.11.8.jar, file:/C:/Users/Kuba/Downloads/activator-dist-1.3.12/repository/com.typesafe.play/twirl-api_2.11/1.1.1/jars/twirl-api_2.11.jar, file:/C:/Users/Kuba/.ivy2/cache/org.apache.commons/commons-lang3/jars/commons-lang3-3.4.jar, file:/C:/Users/Kuba/.ivy2/cache/org.scala-lang.modules/scala-xml_2.11/bundles/scala-xml_2.11-1.0.1.jar, file:/C:/Users/Kuba/.ivy2/cache/com.typesafe.play/play-server_2.11/jars/play-server_2.11-2.5.4.jar, file:/C:/Users/Kuba/.ivy2/cache/com.typesafe.play/play_2.11/jars/play_2.11-2.5.4.jar, file:/C:/Users/Kuba/.ivy2/cache/com.typesafe.play/build-link/jars/build-link-2.5.4.jar, file:/C:/Users/Kuba/.ivy2/cache/com.typesafe.play/play-exceptions/jars/play-exceptions-2.5.4.jar, file:/C:/Users/Kuba/.ivy2/cache/com.typesafe.play/play-iteratees_2.11/jars/play-iteratees_2.11-2.5.4.jar, file:/C:/Users/Kuba/.ivy2/cache/org.scala-stm/scala-stm_2.11/jars/scala-stm_2.11-0.7.jar, file:/C:/Users/Kuba/Downloads/activator-dist-1.3.12/repository/com.typesafe/config/1.3.0/bundles/config.jar, file:/C:/Users/Kuba/.ivy2/cache/ch.qos.logback/logback-classic/jars/logback-classic-1.1.7.jar, file:/C:/Users/Kuba/.ivy2/cache/ch.qos.logback/logback-core/jars/logback-core-1.1.7.jar, file:/C:/Users/Kuba/.ivy2/cache/com.typesafe.play/play-json_2.11/jars/play-json_2.11-2.5.4.jar, file:/C:/Users/Kuba/.ivy2/cache/com.typesafe.play/play-functional_2.11/jars/play-functional_2.11-2.5.4.jar, file:/C:/Users/Kuba/.ivy2/cache/com.typesafe.play/play-datacommons_2.11/jars/play-datacommons_2.11-2.5.4.jar, file:/C:/Users/Kuba/Downloads/activator-dist-1.3.12/repository/joda-time/joda-time/2.9.2/jars/joda-time.jar, file:/C:/Users/Kuba/Downloads/activator-dist-1.3.12/repository/org.joda/joda-convert/1.8.1/jars/joda-convert.jar, file:/C:/Users/Kuba/Downloads/activator-dist-1.3.12/repository/org.scala-lang/scala-reflect/2.11.7/jars/scala-reflect.jar, file:/C:/Users/Kuba/Downloads/activator-dist-1.3.12/repository/com.fasterxml.jackson.core/jackson-core/2.7.1/bundles/jackson-core.jar, file:/C:/Users/Kuba/Downloads/activator-dist-1.3.12/repository/com.fasterxml.jackson.core/jackson-annotations/2.7.1/bundles/jackson-annotations.jar, file:/C:/Users/Kuba/Downloads/activator-dist-1.3.12/repository/com.fasterxml.jackson.core/jackson-databind/2.7.1/bundles/jackson-databind.jar, file:/C:/Users/Kuba/Downloads/activator-dist-1.3.12/repository/com.fasterxml.jackson.datatype/jackson-datatype-jdk8/2.7.1/bundles/jackson-datatype-jdk8.jar, file:/C:/Users/Kuba/Downloads/activator-dist-1.3.12/repository/com.fasterxml.jackson.datatype/jackson-datatype-jsr310/2.7.1/bundles/jackson-datatype-jsr310.jar, file:/C:/Users/Kuba/.ivy2/cache/com.typesafe.play/play-netty-utils/jars/play-netty-utils-2.5.4.jar, file:/C:/Users/Kuba/.ivy2/cache/org.slf4j/jul-to-slf4j/jars/jul-to-slf4j-1.7.19.jar, file:/C:/Users/Kuba/.ivy2/cache/org.slf4j/jcl-over-slf4j/jars/jcl-over-slf4j-1.7.19.jar, file:/C:/Users/Kuba/.ivy2/cache/com.typesafe.play/play-streams_2.11/jars/play-streams_2.11-2.5.4.jar, file:/C:/Users/Kuba/.ivy2/cache/org.reactivestreams/reactive-streams/jars/reactive-streams-1.0.0.jar, file:/C:/Users/Kuba/.ivy2/cache/com.typesafe.akka/akka-stream_2.11/jars/akka-stream_2.11-2.4.4.jar, file:/C:/Users/Kuba/.ivy2/cache/com.typesafe.akka/akka-actor_2.11/jars/akka-actor_2.11-2.4.4.jar, file:/C:/Users/Kuba/Downloads/activator-dist-1.3.12/repository/org.scala-lang.modules/scala-java8-compat_2.11/0.7.0/bundles/scala-java8-compat_2.11.jar, file:/C:/Users/Kuba/Downloads/activator-dist-1.3.12/repository/com.typesafe/ssl-config-akka_2.11/0.2.1/bundles/ssl-config-akka_2.11.jar, file:/C:/Users/Kuba/.ivy2/cache/com.typesafe/ssl-config-core_2.11/bundles/ssl-config-core_2.11-0.2.1.jar, file:/C:/Users/Kuba/.ivy2/cache/org.scala-lang.modules/scala-parser-combinators_2.11/bundles/scala-parser-combinators_2.11-1.0.4.jar, file:/C:/Users/Kuba/.ivy2/cache/com.typesafe.akka/akka-slf4j_2.11/jars/akka-slf4j_2.11-2.4.4.jar, file:/C:/Users/Kuba/.ivy2/cache/commons-codec/commons-codec/jars/commons-codec-1.10.jar, file:/C:/Users/Kuba/.ivy2/cache/xerces/xercesImpl/jars/xercesImpl-2.11.0.jar, file:/C:/Users/Kuba/.ivy2/cache/xml-apis/xml-apis/jars/xml-apis-1.4.01.jar, file:/C:/Users/Kuba/.ivy2/cache/javax.transaction/jta/jars/jta-1.1.jar, file:/C:/Users/Kuba/Downloads/activator-dist-1.3.12/repository/com.google.inject/guice/4.0/jars/guice.jar, file:/C:/Users/Kuba/.ivy2/cache/javax.inject/javax.inject/jars/javax.inject-1.jar, file:/C:/Users/Kuba/.ivy2/cache/aopalliance/aopalliance/jars/aopalliance-1.0.jar, file:/C:/Users/Kuba/Downloads/activator-dist-1.3.12/repository/com.google.inject.extensions/guice-assistedinject/4.0/jars/guice-assistedinject.jar, file:/C:/Users/Kuba/.ivy2/cache/com.typesafe.play/play-netty-server_2.11/jars/play-netty-server_2.11-2.5.4.jar, file:/C:/Users/Kuba/.ivy2/cache/com.typesafe.netty/netty-reactive-streams-http/jars/netty-reactive-streams-http-1.0.6.jar, file:/C:/Users/Kuba/.ivy2/cache/com.typesafe.netty/netty-reactive-streams/jars/netty-reactive-streams-1.0.6.jar, file:/C:/Users/Kuba/.ivy2/cache/io.netty/netty-handler/jars/netty-handler-4.0.36.Final.jar, file:/C:/Users/Kuba/.ivy2/cache/io.netty/netty-buffer/jars/netty-buffer-4.0.36.Final.jar, file:/C:/Users/Kuba/.ivy2/cache/io.netty/netty-common/jars/netty-common-4.0.36.Final.jar, file:/C:/Users/Kuba/.ivy2/cache/io.netty/netty-transport/jars/netty-transport-4.0.36.Final.jar, file:/C:/Users/Kuba/.ivy2/cache/io.netty/netty-codec/jars/netty-codec-4.0.36.Final.jar, file:/C:/Users/Kuba/.ivy2/cache/io.netty/netty-codec-http/jars/netty-codec-http-4.0.36.Final.jar, file:/C:/Users/Kuba/.ivy2/cache/io.netty/netty-transport-native-epoll/jars/netty-transport-native-epoll-4.0.36.Final-linux-x86_64.jar, file:/C:/Users/Kuba/.ivy2/cache/com.typesafe.play/play-logback_2.11/jars/play-logback_2.11-2.5.4.jar, file:/C:/Users/Kuba/.ivy2/cache/org.scala-lang/scala-swing/jars/scala-swing-2.11.0-M7.jar, file:/C:/Users/Kuba/.ivy2/cache/com.mohiva/play-silhouette_2.11/jars/play-silhouette_2.11-4.0.0.jar, file:/C:/Users/Kuba/.ivy2/cache/com.typesafe.play/play-cache_2.11/jars/play-cache_2.11-2.5.4.jar, file:/C:/Users/Kuba/Downloads/activator-dist-1.3.12/repository/net.sf.ehcache/ehcache-core/2.6.11/jars/ehcache-core.jar, file:/C:/Users/Kuba/.ivy2/cache/com.typesafe.play/play-ws_2.11/jars/play-ws_2.11-2.5.4.jar, file:/C:/Users/Kuba/.ivy2/cache/com.google.guava/guava/bundles/guava-19.0.jar, file:/C:/Users/Kuba/.ivy2/cache/org.asynchttpclient/async-http-client/jars/async-http-client-2.0.2.jar, file:/C:/Users/Kuba/.ivy2/cache/org.asynchttpclient/netty-resolver-dns/jars/netty-resolver-dns-2.0.2.jar, file:/C:/Users/Kuba/.ivy2/cache/org.asynchttpclient/netty-resolver/jars/netty-resolver-2.0.2.jar, file:/C:/Users/Kuba/.ivy2/cache/org.slf4j/slf4j-api/jars/slf4j-api-1.7.21.jar, file:/C:/Users/Kuba/.ivy2/cache/org.asynchttpclient/netty-codec-dns/jars/netty-codec-dns-2.0.2.jar, file:/C:/Users/Kuba/.ivy2/cache/org.javassist/javassist/bundles/javassist-3.20.0-GA.jar, file:/C:/Users/Kuba/.ivy2/cache/oauth.signpost/signpost-core/jars/signpost-core-1.2.1.2.jar, file:/C:/Users/Kuba/.ivy2/cache/oauth.signpost/signpost-commonshttp4/jars/signpost-commonshttp4-1.2.1.2.jar, file:/C:/Users/Kuba/.ivy2/cache/org.apache.httpcomponents/httpcore/jars/httpcore-4.0.1.jar, file:/C:/Users/Kuba/.ivy2/cache/org.apache.httpcomponents/httpclient/jars/httpclient-4.0.1.jar, file:/C:/Users/Kuba/.ivy2/cache/commons-logging/commons-logging/jars/commons-logging-1.1.1.jar, file:/C:/Users/Kuba/.ivy2/cache/com.atlassian.jwt/jwt-core/jars/jwt-core-1.5.8.jar, file:/C:/Users/Kuba/.ivy2/cache/com.nimbusds/nimbus-jose-jwt/jars/nimbus-jose-jwt-2.16.jar, file:/C:/Users/Kuba/.ivy2/cache/net.jcip/jcip-annotations/jars/jcip-annotations-1.0.jar, file:/C:/Users/Kuba/.ivy2/cache/net.minidev/json-smart/jars/json-smart-1.1.1.jar, file:/C:/Users/Kuba/.ivy2/cache/javax.mail/mail/jars/mail-1.4.7.jar, file:/C:/Users/Kuba/.ivy2/cache/org.bouncycastle/bcprov-jdk15on/jars/bcprov-jdk15on-1.51.jar, file:/C:/Users/Kuba/.ivy2/cache/org.bouncycastle/bcpkix-jdk15on/jars/bcpkix-jdk15on-1.51.jar, file:/C:/Users/Kuba/.ivy2/cache/com.atlassian.jwt/jwt-api/jars/jwt-api-1.5.8.jar, file:/C:/Users/Kuba/.ivy2/cache/com.mohiva/play-silhouette-password-bcrypt_2.11/jars/play-silhouette-password-bcrypt_2.11-4.0.0.jar, file:/C:/Users/Kuba/.ivy2/cache/de.svenkubiak/jBCrypt/bundles/jBCrypt-0.4.1.jar, file:/C:/Users/Kuba/.ivy2/cache/com.mohiva/play-silhouette-persistence_2.11/jars/play-silhouette-persistence_2.11-4.0.0.jar, file:/C:/Users/Kuba/.ivy2/cache/com.mohiva/play-silhouette-crypto-jca_2.11/jars/play-silhouette-crypto-jca_2.11-4.0.0.jar, file:/C:/Users/Kuba/.ivy2/cache/org.webjars/webjars-play_2.11/jars/webjars-play_2.11-2.5.0-2.jar, file:/C:/Users/Kuba/.ivy2/cache/org.webjars/requirejs/jars/requirejs-2.1.20.jar, file:/C:/Users/Kuba/.ivy2/cache/org.webjars/webjars-locator/jars/webjars-locator-0.31.jar, file:/C:/Users/Kuba/.ivy2/cache/org.webjars/webjars-locator-core/jars/webjars-locator-core-0.30.jar, file:/C:/Users/Kuba/.ivy2/cache/org.apache.commons/commons-compress/jars/commons-compress-1.9.jar, file:/C:/Users/Kuba/.ivy2/cache/net.codingwell/scala-guice_2.11/jars/scala-guice_2.11-4.0.1.jar, file:/C:/Users/Kuba/.ivy2/cache/com.google.inject.extensions/guice-multibindings/jars/guice-multibindings-4.0.jar, file:/C:/Users/Kuba/.ivy2/cache/com.iheart/ficus_2.11/jars/ficus_2.11-1.2.6.jar, file:/C:/Users/Kuba/.ivy2/cache/org.typelevel/macro-compat_2.11/jars/macro-compat_2.11-1.1.1.jar, file:/C:/Users/Kuba/.ivy2/cache/com.typesafe.play/play-mailer_2.11/jars/play-mailer_2.11-5.0.0.jar, file:/C:/Users/Kuba/.ivy2/cache/org.apache.commons/commons-email/jars/commons-email-1.4.jar, file:/C:/Users/Kuba/.ivy2/cache/com.sun.mail/javax.mail/jars/javax.mail-1.5.2.jar, file:/C:/Users/Kuba/.ivy2/cache/javax.activation/activation/jars/activation-1.1.1.jar, file:/C:/Users/Kuba/.ivy2/cache/com.enragedginger/akka-quartz-scheduler_2.11/jars/akka-quartz-scheduler_2.11-1.5.0-akka-2.4.x.jar, file:/C:/Users/Kuba/.ivy2/cache/org.quartz-scheduler/quartz/jars/quartz-2.2.2.jar, file:/C:/Users/Kuba/.ivy2/cache/c3p0/c3p0/jars/c3p0-0.9.1.1.jar, file:/C:/Users/Kuba/.ivy2/cache/com.adrianhurt/play-bootstrap_2.11/jars/play-bootstrap_2.11-1.0-P25-B3.jar, file:/C:/Users/Kuba/.ivy2/cache/com.typesafe.play/filters-helpers_2.11/jars/filters-helpers_2.11-2.5.4.jar, file:/C:/Users/Kuba/.ivy2/cache/com.typesafe.play/play-java_2.11/jars/play-java_2.11-2.5.4.jar, file:/C:/Users/Kuba/Downloads/activator-dist-1.3.12/repository/org.yaml/snakeyaml/1.16/bundles/snakeyaml.jar, file:/C:/Users/Kuba/Downloads/activator-dist-1.3.12/repository/org.hibernate/hibernate-validator/5.2.4.Final/jars/hibernate-validator.jar, file:/C:/Users/Kuba/Downloads/activator-dist-1.3.12/repository/javax.validation/validation-api/1.1.0.Final/jars/validation-api.jar, file:/C:/Users/Kuba/Downloads/activator-dist-1.3.12/repository/org.jboss.logging/jboss-logging/3.2.1.Final/jars/jboss-logging.jar, file:/C:/Users/Kuba/Downloads/activator-dist-1.3.12/repository/com.fasterxml/classmate/1.1.0/bundles/classmate.jar, file:/C:/Users/Kuba/Downloads/activator-dist-1.3.12/repository/javax.el/javax.el-api/3.0.0/jars/javax.el-api.jar, file:/C:/Users/Kuba/.ivy2/cache/org.springframework/spring-context/jars/spring-context-4.2.4.RELEASE.jar, file:/C:/Users/Kuba/.ivy2/cache/org.springframework/spring-core/jars/spring-core-4.2.4.RELEASE.jar, file:/C:/Users/Kuba/.ivy2/cache/org.springframework/spring-beans/jars/spring-beans-4.2.4.RELEASE.jar, file:/C:/Users/Kuba/Downloads/activator-dist-1.3.12/repository/org.reflections/reflections/0.9.10/jars/reflections.jar, file:/C:/Users/Kuba/Downloads/activator-dist-1.3.12/repository/net.jodah/typetools/0.4.4/bundles/typetools.jar, file:/C:/Users/Kuba/.ivy2/cache/com.google.code.findbugs/jsr305/jars/jsr305-3.0.1.jar, file:/C:/Users/Kuba/Downloads/activator-dist-1.3.12/repository/org.apache.tomcat/tomcat-servlet-api/8.0.33/jars/tomcat-servlet-api.jar, file:/C:/Users/Kuba/.ivy2/cache/com.adrianhurt/play-bootstrap-core_2.11/jars/play-bootstrap-core_2.11-1.0-P25.jar, file:/C:/Users/Kuba/.ivy2/cache/org.webjars/bootstrap/jars/bootstrap-3.3.6.jar, file:/C:/Users/Kuba/.ivy2/cache/org.webjars/jquery/jars/jquery-2.1.4.jar}
16:45:22.987 [ForkJoinPool-8-worker-1] DEBUG c.google.inject.internal.BytecodeGen - Loading class com.mohiva.play.silhouette.api.actions.DefaultUserAwareRequestHandler FastClass with PlayDependencyClassLoader{file:/C:/Users/Kuba/IdeaProjects/play-silhouette-seed-master/lib/connect-four.jar, file:/C:/Users/Kuba/IdeaProjects/play-silhouette-seed-master/lib/sudoku.jar, file:/C:/Users/Kuba/.ivy2/cache/org.scala-lang/scala-library/jars/scala-library-2.11.8.jar, file:/C:/Users/Kuba/Downloads/activator-dist-1.3.12/repository/com.typesafe.play/twirl-api_2.11/1.1.1/jars/twirl-api_2.11.jar, file:/C:/Users/Kuba/.ivy2/cache/org.apache.commons/commons-lang3/jars/commons-lang3-3.4.jar, file:/C:/Users/Kuba/.ivy2/cache/org.scala-lang.modules/scala-xml_2.11/bundles/scala-xml_2.11-1.0.1.jar, file:/C:/Users/Kuba/.ivy2/cache/com.typesafe.play/play-server_2.11/jars/play-server_2.11-2.5.4.jar, file:/C:/Users/Kuba/.ivy2/cache/com.typesafe.play/play_2.11/jars/play_2.11-2.5.4.jar, file:/C:/Users/Kuba/.ivy2/cache/com.typesafe.play/build-link/jars/build-link-2.5.4.jar, file:/C:/Users/Kuba/.ivy2/cache/com.typesafe.play/play-exceptions/jars/play-exceptions-2.5.4.jar, file:/C:/Users/Kuba/.ivy2/cache/com.typesafe.play/play-iteratees_2.11/jars/play-iteratees_2.11-2.5.4.jar, file:/C:/Users/Kuba/.ivy2/cache/org.scala-stm/scala-stm_2.11/jars/scala-stm_2.11-0.7.jar, file:/C:/Users/Kuba/Downloads/activator-dist-1.3.12/repository/com.typesafe/config/1.3.0/bundles/config.jar, file:/C:/Users/Kuba/.ivy2/cache/ch.qos.logback/logback-classic/jars/logback-classic-1.1.7.jar, file:/C:/Users/Kuba/.ivy2/cache/ch.qos.logback/logback-core/jars/logback-core-1.1.7.jar, file:/C:/Users/Kuba/.ivy2/cache/com.typesafe.play/play-json_2.11/jars/play-json_2.11-2.5.4.jar, file:/C:/Users/Kuba/.ivy2/cache/com.typesafe.play/play-functional_2.11/jars/play-functional_2.11-2.5.4.jar, file:/C:/Users/Kuba/.ivy2/cache/com.typesafe.play/play-datacommons_2.11/jars/play-datacommons_2.11-2.5.4.jar, file:/C:/Users/Kuba/Downloads/activator-dist-1.3.12/repository/joda-time/joda-time/2.9.2/jars/joda-time.jar, file:/C:/Users/Kuba/Downloads/activator-dist-1.3.12/repository/org.joda/joda-convert/1.8.1/jars/joda-convert.jar, file:/C:/Users/Kuba/Downloads/activator-dist-1.3.12/repository/org.scala-lang/scala-reflect/2.11.7/jars/scala-reflect.jar, file:/C:/Users/Kuba/Downloads/activator-dist-1.3.12/repository/com.fasterxml.jackson.core/jackson-core/2.7.1/bundles/jackson-core.jar, file:/C:/Users/Kuba/Downloads/activator-dist-1.3.12/repository/com.fasterxml.jackson.core/jackson-annotations/2.7.1/bundles/jackson-annotations.jar, file:/C:/Users/Kuba/Downloads/activator-dist-1.3.12/repository/com.fasterxml.jackson.core/jackson-databind/2.7.1/bundles/jackson-databind.jar, file:/C:/Users/Kuba/Downloads/activator-dist-1.3.12/repository/com.fasterxml.jackson.datatype/jackson-datatype-jdk8/2.7.1/bundles/jackson-datatype-jdk8.jar, file:/C:/Users/Kuba/Downloads/activator-dist-1.3.12/repository/com.fasterxml.jackson.datatype/jackson-datatype-jsr310/2.7.1/bundles/jackson-datatype-jsr310.jar, file:/C:/Users/Kuba/.ivy2/cache/com.typesafe.play/play-netty-utils/jars/play-netty-utils-2.5.4.jar, file:/C:/Users/Kuba/.ivy2/cache/org.slf4j/jul-to-slf4j/jars/jul-to-slf4j-1.7.19.jar, file:/C:/Users/Kuba/.ivy2/cache/org.slf4j/jcl-over-slf4j/jars/jcl-over-slf4j-1.7.19.jar, file:/C:/Users/Kuba/.ivy2/cache/com.typesafe.play/play-streams_2.11/jars/play-streams_2.11-2.5.4.jar, file:/C:/Users/Kuba/.ivy2/cache/org.reactivestreams/reactive-streams/jars/reactive-streams-1.0.0.jar, file:/C:/Users/Kuba/.ivy2/cache/com.typesafe.akka/akka-stream_2.11/jars/akka-stream_2.11-2.4.4.jar, file:/C:/Users/Kuba/.ivy2/cache/com.typesafe.akka/akka-actor_2.11/jars/akka-actor_2.11-2.4.4.jar, file:/C:/Users/Kuba/Downloads/activator-dist-1.3.12/repository/org.scala-lang.modules/scala-java8-compat_2.11/0.7.0/bundles/scala-java8-compat_2.11.jar, file:/C:/Users/Kuba/Downloads/activator-dist-1.3.12/repository/com.typesafe/ssl-config-akka_2.11/0.2.1/bundles/ssl-config-akka_2.11.jar, file:/C:/Users/Kuba/.ivy2/cache/com.typesafe/ssl-config-core_2.11/bundles/ssl-config-core_2.11-0.2.1.jar, file:/C:/Users/Kuba/.ivy2/cache/org.scala-lang.modules/scala-parser-combinators_2.11/bundles/scala-parser-combinators_2.11-1.0.4.jar, file:/C:/Users/Kuba/.ivy2/cache/com.typesafe.akka/akka-slf4j_2.11/jars/akka-slf4j_2.11-2.4.4.jar, file:/C:/Users/Kuba/.ivy2/cache/commons-codec/commons-codec/jars/commons-codec-1.10.jar, file:/C:/Users/Kuba/.ivy2/cache/xerces/xercesImpl/jars/xercesImpl-2.11.0.jar, file:/C:/Users/Kuba/.ivy2/cache/xml-apis/xml-apis/jars/xml-apis-1.4.01.jar, file:/C:/Users/Kuba/.ivy2/cache/javax.transaction/jta/jars/jta-1.1.jar, file:/C:/Users/Kuba/Downloads/activator-dist-1.3.12/repository/com.google.inject/guice/4.0/jars/guice.jar, file:/C:/Users/Kuba/.ivy2/cache/javax.inject/javax.inject/jars/javax.inject-1.jar, file:/C:/Users/Kuba/.ivy2/cache/aopalliance/aopalliance/jars/aopalliance-1.0.jar, file:/C:/Users/Kuba/Downloads/activator-dist-1.3.12/repository/com.google.inject.extensions/guice-assistedinject/4.0/jars/guice-assistedinject.jar, file:/C:/Users/Kuba/.ivy2/cache/com.typesafe.play/play-netty-server_2.11/jars/play-netty-server_2.11-2.5.4.jar, file:/C:/Users/Kuba/.ivy2/cache/com.typesafe.netty/netty-reactive-streams-http/jars/netty-reactive-streams-http-1.0.6.jar, file:/C:/Users/Kuba/.ivy2/cache/com.typesafe.netty/netty-reactive-streams/jars/netty-reactive-streams-1.0.6.jar, file:/C:/Users/Kuba/.ivy2/cache/io.netty/netty-handler/jars/netty-handler-4.0.36.Final.jar, file:/C:/Users/Kuba/.ivy2/cache/io.netty/netty-buffer/jars/netty-buffer-4.0.36.Final.jar, file:/C:/Users/Kuba/.ivy2/cache/io.netty/netty-common/jars/netty-common-4.0.36.Final.jar, file:/C:/Users/Kuba/.ivy2/cache/io.netty/netty-transport/jars/netty-transport-4.0.36.Final.jar, file:/C:/Users/Kuba/.ivy2/cache/io.netty/netty-codec/jars/netty-codec-4.0.36.Final.jar, file:/C:/Users/Kuba/.ivy2/cache/io.netty/netty-codec-http/jars/netty-codec-http-4.0.36.Final.jar, file:/C:/Users/Kuba/.ivy2/cache/io.netty/netty-transport-native-epoll/jars/netty-transport-native-epoll-4.0.36.Final-linux-x86_64.jar, file:/C:/Users/Kuba/.ivy2/cache/com.typesafe.play/play-logback_2.11/jars/play-logback_2.11-2.5.4.jar, file:/C:/Users/Kuba/.ivy2/cache/org.scala-lang/scala-swing/jars/scala-swing-2.11.0-M7.jar, file:/C:/Users/Kuba/.ivy2/cache/com.mohiva/play-silhouette_2.11/jars/play-silhouette_2.11-4.0.0.jar, file:/C:/Users/Kuba/.ivy2/cache/com.typesafe.play/play-cache_2.11/jars/play-cache_2.11-2.5.4.jar, file:/C:/Users/Kuba/Downloads/activator-dist-1.3.12/repository/net.sf.ehcache/ehcache-core/2.6.11/jars/ehcache-core.jar, file:/C:/Users/Kuba/.ivy2/cache/com.typesafe.play/play-ws_2.11/jars/play-ws_2.11-2.5.4.jar, file:/C:/Users/Kuba/.ivy2/cache/com.google.guava/guava/bundles/guava-19.0.jar, file:/C:/Users/Kuba/.ivy2/cache/org.asynchttpclient/async-http-client/jars/async-http-client-2.0.2.jar, file:/C:/Users/Kuba/.ivy2/cache/org.asynchttpclient/netty-resolver-dns/jars/netty-resolver-dns-2.0.2.jar, file:/C:/Users/Kuba/.ivy2/cache/org.asynchttpclient/netty-resolver/jars/netty-resolver-2.0.2.jar, file:/C:/Users/Kuba/.ivy2/cache/org.slf4j/slf4j-api/jars/slf4j-api-1.7.21.jar, file:/C:/Users/Kuba/.ivy2/cache/org.asynchttpclient/netty-codec-dns/jars/netty-codec-dns-2.0.2.jar, file:/C:/Users/Kuba/.ivy2/cache/org.javassist/javassist/bundles/javassist-3.20.0-GA.jar, file:/C:/Users/Kuba/.ivy2/cache/oauth.signpost/signpost-core/jars/signpost-core-1.2.1.2.jar, file:/C:/Users/Kuba/.ivy2/cache/oauth.signpost/signpost-commonshttp4/jars/signpost-commonshttp4-1.2.1.2.jar, file:/C:/Users/Kuba/.ivy2/cache/org.apache.httpcomponents/httpcore/jars/httpcore-4.0.1.jar, file:/C:/Users/Kuba/.ivy2/cache/org.apache.httpcomponents/httpclient/jars/httpclient-4.0.1.jar, file:/C:/Users/Kuba/.ivy2/cache/commons-logging/commons-logging/jars/commons-logging-1.1.1.jar, file:/C:/Users/Kuba/.ivy2/cache/com.atlassian.jwt/jwt-core/jars/jwt-core-1.5.8.jar, file:/C:/Users/Kuba/.ivy2/cache/com.nimbusds/nimbus-jose-jwt/jars/nimbus-jose-jwt-2.16.jar, file:/C:/Users/Kuba/.ivy2/cache/net.jcip/jcip-annotations/jars/jcip-annotations-1.0.jar, file:/C:/Users/Kuba/.ivy2/cache/net.minidev/json-smart/jars/json-smart-1.1.1.jar, file:/C:/Users/Kuba/.ivy2/cache/javax.mail/mail/jars/mail-1.4.7.jar, file:/C:/Users/Kuba/.ivy2/cache/org.bouncycastle/bcprov-jdk15on/jars/bcprov-jdk15on-1.51.jar, file:/C:/Users/Kuba/.ivy2/cache/org.bouncycastle/bcpkix-jdk15on/jars/bcpkix-jdk15on-1.51.jar, file:/C:/Users/Kuba/.ivy2/cache/com.atlassian.jwt/jwt-api/jars/jwt-api-1.5.8.jar, file:/C:/Users/Kuba/.ivy2/cache/com.mohiva/play-silhouette-password-bcrypt_2.11/jars/play-silhouette-password-bcrypt_2.11-4.0.0.jar, file:/C:/Users/Kuba/.ivy2/cache/de.svenkubiak/jBCrypt/bundles/jBCrypt-0.4.1.jar, file:/C:/Users/Kuba/.ivy2/cache/com.mohiva/play-silhouette-persistence_2.11/jars/play-silhouette-persistence_2.11-4.0.0.jar, file:/C:/Users/Kuba/.ivy2/cache/com.mohiva/play-silhouette-crypto-jca_2.11/jars/play-silhouette-crypto-jca_2.11-4.0.0.jar, file:/C:/Users/Kuba/.ivy2/cache/org.webjars/webjars-play_2.11/jars/webjars-play_2.11-2.5.0-2.jar, file:/C:/Users/Kuba/.ivy2/cache/org.webjars/requirejs/jars/requirejs-2.1.20.jar, file:/C:/Users/Kuba/.ivy2/cache/org.webjars/webjars-locator/jars/webjars-locator-0.31.jar, file:/C:/Users/Kuba/.ivy2/cache/org.webjars/webjars-locator-core/jars/webjars-locator-core-0.30.jar, file:/C:/Users/Kuba/.ivy2/cache/org.apache.commons/commons-compress/jars/commons-compress-1.9.jar, file:/C:/Users/Kuba/.ivy2/cache/net.codingwell/scala-guice_2.11/jars/scala-guice_2.11-4.0.1.jar, file:/C:/Users/Kuba/.ivy2/cache/com.google.inject.extensions/guice-multibindings/jars/guice-multibindings-4.0.jar, file:/C:/Users/Kuba/.ivy2/cache/com.iheart/ficus_2.11/jars/ficus_2.11-1.2.6.jar, file:/C:/Users/Kuba/.ivy2/cache/org.typelevel/macro-compat_2.11/jars/macro-compat_2.11-1.1.1.jar, file:/C:/Users/Kuba/.ivy2/cache/com.typesafe.play/play-mailer_2.11/jars/play-mailer_2.11-5.0.0.jar, file:/C:/Users/Kuba/.ivy2/cache/org.apache.commons/commons-email/jars/commons-email-1.4.jar, file:/C:/Users/Kuba/.ivy2/cache/com.sun.mail/javax.mail/jars/javax.mail-1.5.2.jar, file:/C:/Users/Kuba/.ivy2/cache/javax.activation/activation/jars/activation-1.1.1.jar, file:/C:/Users/Kuba/.ivy2/cache/com.enragedginger/akka-quartz-scheduler_2.11/jars/akka-quartz-scheduler_2.11-1.5.0-akka-2.4.x.jar, file:/C:/Users/Kuba/.ivy2/cache/org.quartz-scheduler/quartz/jars/quartz-2.2.2.jar, file:/C:/Users/Kuba/.ivy2/cache/c3p0/c3p0/jars/c3p0-0.9.1.1.jar, file:/C:/Users/Kuba/.ivy2/cache/com.adrianhurt/play-bootstrap_2.11/jars/play-bootstrap_2.11-1.0-P25-B3.jar, file:/C:/Users/Kuba/.ivy2/cache/com.typesafe.play/filters-helpers_2.11/jars/filters-helpers_2.11-2.5.4.jar, file:/C:/Users/Kuba/.ivy2/cache/com.typesafe.play/play-java_2.11/jars/play-java_2.11-2.5.4.jar, file:/C:/Users/Kuba/Downloads/activator-dist-1.3.12/repository/org.yaml/snakeyaml/1.16/bundles/snakeyaml.jar, file:/C:/Users/Kuba/Downloads/activator-dist-1.3.12/repository/org.hibernate/hibernate-validator/5.2.4.Final/jars/hibernate-validator.jar, file:/C:/Users/Kuba/Downloads/activator-dist-1.3.12/repository/javax.validation/validation-api/1.1.0.Final/jars/validation-api.jar, file:/C:/Users/Kuba/Downloads/activator-dist-1.3.12/repository/org.jboss.logging/jboss-logging/3.2.1.Final/jars/jboss-logging.jar, file:/C:/Users/Kuba/Downloads/activator-dist-1.3.12/repository/com.fasterxml/classmate/1.1.0/bundles/classmate.jar, file:/C:/Users/Kuba/Downloads/activator-dist-1.3.12/repository/javax.el/javax.el-api/3.0.0/jars/javax.el-api.jar, file:/C:/Users/Kuba/.ivy2/cache/org.springframework/spring-context/jars/spring-context-4.2.4.RELEASE.jar, file:/C:/Users/Kuba/.ivy2/cache/org.springframework/spring-core/jars/spring-core-4.2.4.RELEASE.jar, file:/C:/Users/Kuba/.ivy2/cache/org.springframework/spring-beans/jars/spring-beans-4.2.4.RELEASE.jar, file:/C:/Users/Kuba/Downloads/activator-dist-1.3.12/repository/org.reflections/reflections/0.9.10/jars/reflections.jar, file:/C:/Users/Kuba/Downloads/activator-dist-1.3.12/repository/net.jodah/typetools/0.4.4/bundles/typetools.jar, file:/C:/Users/Kuba/.ivy2/cache/com.google.code.findbugs/jsr305/jars/jsr305-3.0.1.jar, file:/C:/Users/Kuba/Downloads/activator-dist-1.3.12/repository/org.apache.tomcat/tomcat-servlet-api/8.0.33/jars/tomcat-servlet-api.jar, file:/C:/Users/Kuba/.ivy2/cache/com.adrianhurt/play-bootstrap-core_2.11/jars/play-bootstrap-core_2.11-1.0-P25.jar, file:/C:/Users/Kuba/.ivy2/cache/org.webjars/bootstrap/jars/bootstrap-3.3.6.jar, file:/C:/Users/Kuba/.ivy2/cache/org.webjars/jquery/jars/jquery-2.1.4.jar}
16:45:22.989 [ForkJoinPool-8-worker-1] DEBUG c.google.inject.internal.BytecodeGen - Loading class play.api.libs.mailer.SMTPDynamicMailer FastClass with PlayDependencyClassLoader{file:/C:/Users/Kuba/IdeaProjects/play-silhouette-seed-master/lib/connect-four.jar, file:/C:/Users/Kuba/IdeaProjects/play-silhouette-seed-master/lib/sudoku.jar, file:/C:/Users/Kuba/.ivy2/cache/org.scala-lang/scala-library/jars/scala-library-2.11.8.jar, file:/C:/Users/Kuba/Downloads/activator-dist-1.3.12/repository/com.typesafe.play/twirl-api_2.11/1.1.1/jars/twirl-api_2.11.jar, file:/C:/Users/Kuba/.ivy2/cache/org.apache.commons/commons-lang3/jars/commons-lang3-3.4.jar, file:/C:/Users/Kuba/.ivy2/cache/org.scala-lang.modules/scala-xml_2.11/bundles/scala-xml_2.11-1.0.1.jar, file:/C:/Users/Kuba/.ivy2/cache/com.typesafe.play/play-server_2.11/jars/play-server_2.11-2.5.4.jar, file:/C:/Users/Kuba/.ivy2/cache/com.typesafe.play/play_2.11/jars/play_2.11-2.5.4.jar, file:/C:/Users/Kuba/.ivy2/cache/com.typesafe.play/build-link/jars/build-link-2.5.4.jar, file:/C:/Users/Kuba/.ivy2/cache/com.typesafe.play/play-exceptions/jars/play-exceptions-2.5.4.jar, file:/C:/Users/Kuba/.ivy2/cache/com.typesafe.play/play-iteratees_2.11/jars/play-iteratees_2.11-2.5.4.jar, file:/C:/Users/Kuba/.ivy2/cache/org.scala-stm/scala-stm_2.11/jars/scala-stm_2.11-0.7.jar, file:/C:/Users/Kuba/Downloads/activator-dist-1.3.12/repository/com.typesafe/config/1.3.0/bundles/config.jar, file:/C:/Users/Kuba/.ivy2/cache/ch.qos.logback/logback-classic/jars/logback-classic-1.1.7.jar, file:/C:/Users/Kuba/.ivy2/cache/ch.qos.logback/logback-core/jars/logback-core-1.1.7.jar, file:/C:/Users/Kuba/.ivy2/cache/com.typesafe.play/play-json_2.11/jars/play-json_2.11-2.5.4.jar, file:/C:/Users/Kuba/.ivy2/cache/com.typesafe.play/play-functional_2.11/jars/play-functional_2.11-2.5.4.jar, file:/C:/Users/Kuba/.ivy2/cache/com.typesafe.play/play-datacommons_2.11/jars/play-datacommons_2.11-2.5.4.jar, file:/C:/Users/Kuba/Downloads/activator-dist-1.3.12/repository/joda-time/joda-time/2.9.2/jars/joda-time.jar, file:/C:/Users/Kuba/Downloads/activator-dist-1.3.12/repository/org.joda/joda-convert/1.8.1/jars/joda-convert.jar, file:/C:/Users/Kuba/Downloads/activator-dist-1.3.12/repository/org.scala-lang/scala-reflect/2.11.7/jars/scala-reflect.jar, file:/C:/Users/Kuba/Downloads/activator-dist-1.3.12/repository/com.fasterxml.jackson.core/jackson-core/2.7.1/bundles/jackson-core.jar, file:/C:/Users/Kuba/Downloads/activator-dist-1.3.12/repository/com.fasterxml.jackson.core/jackson-annotations/2.7.1/bundles/jackson-annotations.jar, file:/C:/Users/Kuba/Downloads/activator-dist-1.3.12/repository/com.fasterxml.jackson.core/jackson-databind/2.7.1/bundles/jackson-databind.jar, file:/C:/Users/Kuba/Downloads/activator-dist-1.3.12/repository/com.fasterxml.jackson.datatype/jackson-datatype-jdk8/2.7.1/bundles/jackson-datatype-jdk8.jar, file:/C:/Users/Kuba/Downloads/activator-dist-1.3.12/repository/com.fasterxml.jackson.datatype/jackson-datatype-jsr310/2.7.1/bundles/jackson-datatype-jsr310.jar, file:/C:/Users/Kuba/.ivy2/cache/com.typesafe.play/play-netty-utils/jars/play-netty-utils-2.5.4.jar, file:/C:/Users/Kuba/.ivy2/cache/org.slf4j/jul-to-slf4j/jars/jul-to-slf4j-1.7.19.jar, file:/C:/Users/Kuba/.ivy2/cache/org.slf4j/jcl-over-slf4j/jars/jcl-over-slf4j-1.7.19.jar, file:/C:/Users/Kuba/.ivy2/cache/com.typesafe.play/play-streams_2.11/jars/play-streams_2.11-2.5.4.jar, file:/C:/Users/Kuba/.ivy2/cache/org.reactivestreams/reactive-streams/jars/reactive-streams-1.0.0.jar, file:/C:/Users/Kuba/.ivy2/cache/com.typesafe.akka/akka-stream_2.11/jars/akka-stream_2.11-2.4.4.jar, file:/C:/Users/Kuba/.ivy2/cache/com.typesafe.akka/akka-actor_2.11/jars/akka-actor_2.11-2.4.4.jar, file:/C:/Users/Kuba/Downloads/activator-dist-1.3.12/repository/org.scala-lang.modules/scala-java8-compat_2.11/0.7.0/bundles/scala-java8-compat_2.11.jar, file:/C:/Users/Kuba/Downloads/activator-dist-1.3.12/repository/com.typesafe/ssl-config-akka_2.11/0.2.1/bundles/ssl-config-akka_2.11.jar, file:/C:/Users/Kuba/.ivy2/cache/com.typesafe/ssl-config-core_2.11/bundles/ssl-config-core_2.11-0.2.1.jar, file:/C:/Users/Kuba/.ivy2/cache/org.scala-lang.modules/scala-parser-combinators_2.11/bundles/scala-parser-combinators_2.11-1.0.4.jar, file:/C:/Users/Kuba/.ivy2/cache/com.typesafe.akka/akka-slf4j_2.11/jars/akka-slf4j_2.11-2.4.4.jar, file:/C:/Users/Kuba/.ivy2/cache/commons-codec/commons-codec/jars/commons-codec-1.10.jar, file:/C:/Users/Kuba/.ivy2/cache/xerces/xercesImpl/jars/xercesImpl-2.11.0.jar, file:/C:/Users/Kuba/.ivy2/cache/xml-apis/xml-apis/jars/xml-apis-1.4.01.jar, file:/C:/Users/Kuba/.ivy2/cache/javax.transaction/jta/jars/jta-1.1.jar, file:/C:/Users/Kuba/Downloads/activator-dist-1.3.12/repository/com.google.inject/guice/4.0/jars/guice.jar, file:/C:/Users/Kuba/.ivy2/cache/javax.inject/javax.inject/jars/javax.inject-1.jar, file:/C:/Users/Kuba/.ivy2/cache/aopalliance/aopalliance/jars/aopalliance-1.0.jar, file:/C:/Users/Kuba/Downloads/activator-dist-1.3.12/repository/com.google.inject.extensions/guice-assistedinject/4.0/jars/guice-assistedinject.jar, file:/C:/Users/Kuba/.ivy2/cache/com.typesafe.play/play-netty-server_2.11/jars/play-netty-server_2.11-2.5.4.jar, file:/C:/Users/Kuba/.ivy2/cache/com.typesafe.netty/netty-reactive-streams-http/jars/netty-reactive-streams-http-1.0.6.jar, file:/C:/Users/Kuba/.ivy2/cache/com.typesafe.netty/netty-reactive-streams/jars/netty-reactive-streams-1.0.6.jar, file:/C:/Users/Kuba/.ivy2/cache/io.netty/netty-handler/jars/netty-handler-4.0.36.Final.jar, file:/C:/Users/Kuba/.ivy2/cache/io.netty/netty-buffer/jars/netty-buffer-4.0.36.Final.jar, file:/C:/Users/Kuba/.ivy2/cache/io.netty/netty-common/jars/netty-common-4.0.36.Final.jar, file:/C:/Users/Kuba/.ivy2/cache/io.netty/netty-transport/jars/netty-transport-4.0.36.Final.jar, file:/C:/Users/Kuba/.ivy2/cache/io.netty/netty-codec/jars/netty-codec-4.0.36.Final.jar, file:/C:/Users/Kuba/.ivy2/cache/io.netty/netty-codec-http/jars/netty-codec-http-4.0.36.Final.jar, file:/C:/Users/Kuba/.ivy2/cache/io.netty/netty-transport-native-epoll/jars/netty-transport-native-epoll-4.0.36.Final-linux-x86_64.jar, file:/C:/Users/Kuba/.ivy2/cache/com.typesafe.play/play-logback_2.11/jars/play-logback_2.11-2.5.4.jar, file:/C:/Users/Kuba/.ivy2/cache/org.scala-lang/scala-swing/jars/scala-swing-2.11.0-M7.jar, file:/C:/Users/Kuba/.ivy2/cache/com.mohiva/play-silhouette_2.11/jars/play-silhouette_2.11-4.0.0.jar, file:/C:/Users/Kuba/.ivy2/cache/com.typesafe.play/play-cache_2.11/jars/play-cache_2.11-2.5.4.jar, file:/C:/Users/Kuba/Downloads/activator-dist-1.3.12/repository/net.sf.ehcache/ehcache-core/2.6.11/jars/ehcache-core.jar, file:/C:/Users/Kuba/.ivy2/cache/com.typesafe.play/play-ws_2.11/jars/play-ws_2.11-2.5.4.jar, file:/C:/Users/Kuba/.ivy2/cache/com.google.guava/guava/bundles/guava-19.0.jar, file:/C:/Users/Kuba/.ivy2/cache/org.asynchttpclient/async-http-client/jars/async-http-client-2.0.2.jar, file:/C:/Users/Kuba/.ivy2/cache/org.asynchttpclient/netty-resolver-dns/jars/netty-resolver-dns-2.0.2.jar, file:/C:/Users/Kuba/.ivy2/cache/org.asynchttpclient/netty-resolver/jars/netty-resolver-2.0.2.jar, file:/C:/Users/Kuba/.ivy2/cache/org.slf4j/slf4j-api/jars/slf4j-api-1.7.21.jar, file:/C:/Users/Kuba/.ivy2/cache/org.asynchttpclient/netty-codec-dns/jars/netty-codec-dns-2.0.2.jar, file:/C:/Users/Kuba/.ivy2/cache/org.javassist/javassist/bundles/javassist-3.20.0-GA.jar, file:/C:/Users/Kuba/.ivy2/cache/oauth.signpost/signpost-core/jars/signpost-core-1.2.1.2.jar, file:/C:/Users/Kuba/.ivy2/cache/oauth.signpost/signpost-commonshttp4/jars/signpost-commonshttp4-1.2.1.2.jar, file:/C:/Users/Kuba/.ivy2/cache/org.apache.httpcomponents/httpcore/jars/httpcore-4.0.1.jar, file:/C:/Users/Kuba/.ivy2/cache/org.apache.httpcomponents/httpclient/jars/httpclient-4.0.1.jar, file:/C:/Users/Kuba/.ivy2/cache/commons-logging/commons-logging/jars/commons-logging-1.1.1.jar, file:/C:/Users/Kuba/.ivy2/cache/com.atlassian.jwt/jwt-core/jars/jwt-core-1.5.8.jar, file:/C:/Users/Kuba/.ivy2/cache/com.nimbusds/nimbus-jose-jwt/jars/nimbus-jose-jwt-2.16.jar, file:/C:/Users/Kuba/.ivy2/cache/net.jcip/jcip-annotations/jars/jcip-annotations-1.0.jar, file:/C:/Users/Kuba/.ivy2/cache/net.minidev/json-smart/jars/json-smart-1.1.1.jar, file:/C:/Users/Kuba/.ivy2/cache/javax.mail/mail/jars/mail-1.4.7.jar, file:/C:/Users/Kuba/.ivy2/cache/org.bouncycastle/bcprov-jdk15on/jars/bcprov-jdk15on-1.51.jar, file:/C:/Users/Kuba/.ivy2/cache/org.bouncycastle/bcpkix-jdk15on/jars/bcpkix-jdk15on-1.51.jar, file:/C:/Users/Kuba/.ivy2/cache/com.atlassian.jwt/jwt-api/jars/jwt-api-1.5.8.jar, file:/C:/Users/Kuba/.ivy2/cache/com.mohiva/play-silhouette-password-bcrypt_2.11/jars/play-silhouette-password-bcrypt_2.11-4.0.0.jar, file:/C:/Users/Kuba/.ivy2/cache/de.svenkubiak/jBCrypt/bundles/jBCrypt-0.4.1.jar, file:/C:/Users/Kuba/.ivy2/cache/com.mohiva/play-silhouette-persistence_2.11/jars/play-silhouette-persistence_2.11-4.0.0.jar, file:/C:/Users/Kuba/.ivy2/cache/com.mohiva/play-silhouette-crypto-jca_2.11/jars/play-silhouette-crypto-jca_2.11-4.0.0.jar, file:/C:/Users/Kuba/.ivy2/cache/org.webjars/webjars-play_2.11/jars/webjars-play_2.11-2.5.0-2.jar, file:/C:/Users/Kuba/.ivy2/cache/org.webjars/requirejs/jars/requirejs-2.1.20.jar, file:/C:/Users/Kuba/.ivy2/cache/org.webjars/webjars-locator/jars/webjars-locator-0.31.jar, file:/C:/Users/Kuba/.ivy2/cache/org.webjars/webjars-locator-core/jars/webjars-locator-core-0.30.jar, file:/C:/Users/Kuba/.ivy2/cache/org.apache.commons/commons-compress/jars/commons-compress-1.9.jar, file:/C:/Users/Kuba/.ivy2/cache/net.codingwell/scala-guice_2.11/jars/scala-guice_2.11-4.0.1.jar, file:/C:/Users/Kuba/.ivy2/cache/com.google.inject.extensions/guice-multibindings/jars/guice-multibindings-4.0.jar, file:/C:/Users/Kuba/.ivy2/cache/com.iheart/ficus_2.11/jars/ficus_2.11-1.2.6.jar, file:/C:/Users/Kuba/.ivy2/cache/org.typelevel/macro-compat_2.11/jars/macro-compat_2.11-1.1.1.jar, file:/C:/Users/Kuba/.ivy2/cache/com.typesafe.play/play-mailer_2.11/jars/play-mailer_2.11-5.0.0.jar, file:/C:/Users/Kuba/.ivy2/cache/org.apache.commons/commons-email/jars/commons-email-1.4.jar, file:/C:/Users/Kuba/.ivy2/cache/com.sun.mail/javax.mail/jars/javax.mail-1.5.2.jar, file:/C:/Users/Kuba/.ivy2/cache/javax.activation/activation/jars/activation-1.1.1.jar, file:/C:/Users/Kuba/.ivy2/cache/com.enragedginger/akka-quartz-scheduler_2.11/jars/akka-quartz-scheduler_2.11-1.5.0-akka-2.4.x.jar, file:/C:/Users/Kuba/.ivy2/cache/org.quartz-scheduler/quartz/jars/quartz-2.2.2.jar, file:/C:/Users/Kuba/.ivy2/cache/c3p0/c3p0/jars/c3p0-0.9.1.1.jar, file:/C:/Users/Kuba/.ivy2/cache/com.adrianhurt/play-bootstrap_2.11/jars/play-bootstrap_2.11-1.0-P25-B3.jar, file:/C:/Users/Kuba/.ivy2/cache/com.typesafe.play/filters-helpers_2.11/jars/filters-helpers_2.11-2.5.4.jar, file:/C:/Users/Kuba/.ivy2/cache/com.typesafe.play/play-java_2.11/jars/play-java_2.11-2.5.4.jar, file:/C:/Users/Kuba/Downloads/activator-dist-1.3.12/repository/org.yaml/snakeyaml/1.16/bundles/snakeyaml.jar, file:/C:/Users/Kuba/Downloads/activator-dist-1.3.12/repository/org.hibernate/hibernate-validator/5.2.4.Final/jars/hibernate-validator.jar, file:/C:/Users/Kuba/Downloads/activator-dist-1.3.12/repository/javax.validation/validation-api/1.1.0.Final/jars/validation-api.jar, file:/C:/Users/Kuba/Downloads/activator-dist-1.3.12/repository/org.jboss.logging/jboss-logging/3.2.1.Final/jars/jboss-logging.jar, file:/C:/Users/Kuba/Downloads/activator-dist-1.3.12/repository/com.fasterxml/classmate/1.1.0/bundles/classmate.jar, file:/C:/Users/Kuba/Downloads/activator-dist-1.3.12/repository/javax.el/javax.el-api/3.0.0/jars/javax.el-api.jar, file:/C:/Users/Kuba/.ivy2/cache/org.springframework/spring-context/jars/spring-context-4.2.4.RELEASE.jar, file:/C:/Users/Kuba/.ivy2/cache/org.springframework/spring-core/jars/spring-core-4.2.4.RELEASE.jar, file:/C:/Users/Kuba/.ivy2/cache/org.springframework/spring-beans/jars/spring-beans-4.2.4.RELEASE.jar, file:/C:/Users/Kuba/Downloads/activator-dist-1.3.12/repository/org.reflections/reflections/0.9.10/jars/reflections.jar, file:/C:/Users/Kuba/Downloads/activator-dist-1.3.12/repository/net.jodah/typetools/0.4.4/bundles/typetools.jar, file:/C:/Users/Kuba/.ivy2/cache/com.google.code.findbugs/jsr305/jars/jsr305-3.0.1.jar, file:/C:/Users/Kuba/Downloads/activator-dist-1.3.12/repository/org.apache.tomcat/tomcat-servlet-api/8.0.33/jars/tomcat-servlet-api.jar, file:/C:/Users/Kuba/.ivy2/cache/com.adrianhurt/play-bootstrap-core_2.11/jars/play-bootstrap-core_2.11-1.0-P25.jar, file:/C:/Users/Kuba/.ivy2/cache/org.webjars/bootstrap/jars/bootstrap-3.3.6.jar, file:/C:/Users/Kuba/.ivy2/cache/org.webjars/jquery/jars/jquery-2.1.4.jar}
16:45:22.991 [ForkJoinPool-8-worker-1] DEBUG c.google.inject.internal.BytecodeGen - Loading class play.api.libs.mailer.MockMailer FastClass with PlayDependencyClassLoader{file:/C:/Users/Kuba/IdeaProjects/play-silhouette-seed-master/lib/connect-four.jar, file:/C:/Users/Kuba/IdeaProjects/play-silhouette-seed-master/lib/sudoku.jar, file:/C:/Users/Kuba/.ivy2/cache/org.scala-lang/scala-library/jars/scala-library-2.11.8.jar, file:/C:/Users/Kuba/Downloads/activator-dist-1.3.12/repository/com.typesafe.play/twirl-api_2.11/1.1.1/jars/twirl-api_2.11.jar, file:/C:/Users/Kuba/.ivy2/cache/org.apache.commons/commons-lang3/jars/commons-lang3-3.4.jar, file:/C:/Users/Kuba/.ivy2/cache/org.scala-lang.modules/scala-xml_2.11/bundles/scala-xml_2.11-1.0.1.jar, file:/C:/Users/Kuba/.ivy2/cache/com.typesafe.play/play-server_2.11/jars/play-server_2.11-2.5.4.jar, file:/C:/Users/Kuba/.ivy2/cache/com.typesafe.play/play_2.11/jars/play_2.11-2.5.4.jar, file:/C:/Users/Kuba/.ivy2/cache/com.typesafe.play/build-link/jars/build-link-2.5.4.jar, file:/C:/Users/Kuba/.ivy2/cache/com.typesafe.play/play-exceptions/jars/play-exceptions-2.5.4.jar, file:/C:/Users/Kuba/.ivy2/cache/com.typesafe.play/play-iteratees_2.11/jars/play-iteratees_2.11-2.5.4.jar, file:/C:/Users/Kuba/.ivy2/cache/org.scala-stm/scala-stm_2.11/jars/scala-stm_2.11-0.7.jar, file:/C:/Users/Kuba/Downloads/activator-dist-1.3.12/repository/com.typesafe/config/1.3.0/bundles/config.jar, file:/C:/Users/Kuba/.ivy2/cache/ch.qos.logback/logback-classic/jars/logback-classic-1.1.7.jar, file:/C:/Users/Kuba/.ivy2/cache/ch.qos.logback/logback-core/jars/logback-core-1.1.7.jar, file:/C:/Users/Kuba/.ivy2/cache/com.typesafe.play/play-json_2.11/jars/play-json_2.11-2.5.4.jar, file:/C:/Users/Kuba/.ivy2/cache/com.typesafe.play/play-functional_2.11/jars/play-functional_2.11-2.5.4.jar, file:/C:/Users/Kuba/.ivy2/cache/com.typesafe.play/play-datacommons_2.11/jars/play-datacommons_2.11-2.5.4.jar, file:/C:/Users/Kuba/Downloads/activator-dist-1.3.12/repository/joda-time/joda-time/2.9.2/jars/joda-time.jar, file:/C:/Users/Kuba/Downloads/activator-dist-1.3.12/repository/org.joda/joda-convert/1.8.1/jars/joda-convert.jar, file:/C:/Users/Kuba/Downloads/activator-dist-1.3.12/repository/org.scala-lang/scala-reflect/2.11.7/jars/scala-reflect.jar, file:/C:/Users/Kuba/Downloads/activator-dist-1.3.12/repository/com.fasterxml.jackson.core/jackson-core/2.7.1/bundles/jackson-core.jar, file:/C:/Users/Kuba/Downloads/activator-dist-1.3.12/repository/com.fasterxml.jackson.core/jackson-annotations/2.7.1/bundles/jackson-annotations.jar, file:/C:/Users/Kuba/Downloads/activator-dist-1.3.12/repository/com.fasterxml.jackson.core/jackson-databind/2.7.1/bundles/jackson-databind.jar, file:/C:/Users/Kuba/Downloads/activator-dist-1.3.12/repository/com.fasterxml.jackson.datatype/jackson-datatype-jdk8/2.7.1/bundles/jackson-datatype-jdk8.jar, file:/C:/Users/Kuba/Downloads/activator-dist-1.3.12/repository/com.fasterxml.jackson.datatype/jackson-datatype-jsr310/2.7.1/bundles/jackson-datatype-jsr310.jar, file:/C:/Users/Kuba/.ivy2/cache/com.typesafe.play/play-netty-utils/jars/play-netty-utils-2.5.4.jar, file:/C:/Users/Kuba/.ivy2/cache/org.slf4j/jul-to-slf4j/jars/jul-to-slf4j-1.7.19.jar, file:/C:/Users/Kuba/.ivy2/cache/org.slf4j/jcl-over-slf4j/jars/jcl-over-slf4j-1.7.19.jar, file:/C:/Users/Kuba/.ivy2/cache/com.typesafe.play/play-streams_2.11/jars/play-streams_2.11-2.5.4.jar, file:/C:/Users/Kuba/.ivy2/cache/org.reactivestreams/reactive-streams/jars/reactive-streams-1.0.0.jar, file:/C:/Users/Kuba/.ivy2/cache/com.typesafe.akka/akka-stream_2.11/jars/akka-stream_2.11-2.4.4.jar, file:/C:/Users/Kuba/.ivy2/cache/com.typesafe.akka/akka-actor_2.11/jars/akka-actor_2.11-2.4.4.jar, file:/C:/Users/Kuba/Downloads/activator-dist-1.3.12/repository/org.scala-lang.modules/scala-java8-compat_2.11/0.7.0/bundles/scala-java8-compat_2.11.jar, file:/C:/Users/Kuba/Downloads/activator-dist-1.3.12/repository/com.typesafe/ssl-config-akka_2.11/0.2.1/bundles/ssl-config-akka_2.11.jar, file:/C:/Users/Kuba/.ivy2/cache/com.typesafe/ssl-config-core_2.11/bundles/ssl-config-core_2.11-0.2.1.jar, file:/C:/Users/Kuba/.ivy2/cache/org.scala-lang.modules/scala-parser-combinators_2.11/bundles/scala-parser-combinators_2.11-1.0.4.jar, file:/C:/Users/Kuba/.ivy2/cache/com.typesafe.akka/akka-slf4j_2.11/jars/akka-slf4j_2.11-2.4.4.jar, file:/C:/Users/Kuba/.ivy2/cache/commons-codec/commons-codec/jars/commons-codec-1.10.jar, file:/C:/Users/Kuba/.ivy2/cache/xerces/xercesImpl/jars/xercesImpl-2.11.0.jar, file:/C:/Users/Kuba/.ivy2/cache/xml-apis/xml-apis/jars/xml-apis-1.4.01.jar, file:/C:/Users/Kuba/.ivy2/cache/javax.transaction/jta/jars/jta-1.1.jar, file:/C:/Users/Kuba/Downloads/activator-dist-1.3.12/repository/com.google.inject/guice/4.0/jars/guice.jar, file:/C:/Users/Kuba/.ivy2/cache/javax.inject/javax.inject/jars/javax.inject-1.jar, file:/C:/Users/Kuba/.ivy2/cache/aopalliance/aopalliance/jars/aopalliance-1.0.jar, file:/C:/Users/Kuba/Downloads/activator-dist-1.3.12/repository/com.google.inject.extensions/guice-assistedinject/4.0/jars/guice-assistedinject.jar, file:/C:/Users/Kuba/.ivy2/cache/com.typesafe.play/play-netty-server_2.11/jars/play-netty-server_2.11-2.5.4.jar, file:/C:/Users/Kuba/.ivy2/cache/com.typesafe.netty/netty-reactive-streams-http/jars/netty-reactive-streams-http-1.0.6.jar, file:/C:/Users/Kuba/.ivy2/cache/com.typesafe.netty/netty-reactive-streams/jars/netty-reactive-streams-1.0.6.jar, file:/C:/Users/Kuba/.ivy2/cache/io.netty/netty-handler/jars/netty-handler-4.0.36.Final.jar, file:/C:/Users/Kuba/.ivy2/cache/io.netty/netty-buffer/jars/netty-buffer-4.0.36.Final.jar, file:/C:/Users/Kuba/.ivy2/cache/io.netty/netty-common/jars/netty-common-4.0.36.Final.jar, file:/C:/Users/Kuba/.ivy2/cache/io.netty/netty-transport/jars/netty-transport-4.0.36.Final.jar, file:/C:/Users/Kuba/.ivy2/cache/io.netty/netty-codec/jars/netty-codec-4.0.36.Final.jar, file:/C:/Users/Kuba/.ivy2/cache/io.netty/netty-codec-http/jars/netty-codec-http-4.0.36.Final.jar, file:/C:/Users/Kuba/.ivy2/cache/io.netty/netty-transport-native-epoll/jars/netty-transport-native-epoll-4.0.36.Final-linux-x86_64.jar, file:/C:/Users/Kuba/.ivy2/cache/com.typesafe.play/play-logback_2.11/jars/play-logback_2.11-2.5.4.jar, file:/C:/Users/Kuba/.ivy2/cache/org.scala-lang/scala-swing/jars/scala-swing-2.11.0-M7.jar, file:/C:/Users/Kuba/.ivy2/cache/com.mohiva/play-silhouette_2.11/jars/play-silhouette_2.11-4.0.0.jar, file:/C:/Users/Kuba/.ivy2/cache/com.typesafe.play/play-cache_2.11/jars/play-cache_2.11-2.5.4.jar, file:/C:/Users/Kuba/Downloads/activator-dist-1.3.12/repository/net.sf.ehcache/ehcache-core/2.6.11/jars/ehcache-core.jar, file:/C:/Users/Kuba/.ivy2/cache/com.typesafe.play/play-ws_2.11/jars/play-ws_2.11-2.5.4.jar, file:/C:/Users/Kuba/.ivy2/cache/com.google.guava/guava/bundles/guava-19.0.jar, file:/C:/Users/Kuba/.ivy2/cache/org.asynchttpclient/async-http-client/jars/async-http-client-2.0.2.jar, file:/C:/Users/Kuba/.ivy2/cache/org.asynchttpclient/netty-resolver-dns/jars/netty-resolver-dns-2.0.2.jar, file:/C:/Users/Kuba/.ivy2/cache/org.asynchttpclient/netty-resolver/jars/netty-resolver-2.0.2.jar, file:/C:/Users/Kuba/.ivy2/cache/org.slf4j/slf4j-api/jars/slf4j-api-1.7.21.jar, file:/C:/Users/Kuba/.ivy2/cache/org.asynchttpclient/netty-codec-dns/jars/netty-codec-dns-2.0.2.jar, file:/C:/Users/Kuba/.ivy2/cache/org.javassist/javassist/bundles/javassist-3.20.0-GA.jar, file:/C:/Users/Kuba/.ivy2/cache/oauth.signpost/signpost-core/jars/signpost-core-1.2.1.2.jar, file:/C:/Users/Kuba/.ivy2/cache/oauth.signpost/signpost-commonshttp4/jars/signpost-commonshttp4-1.2.1.2.jar, file:/C:/Users/Kuba/.ivy2/cache/org.apache.httpcomponents/httpcore/jars/httpcore-4.0.1.jar, file:/C:/Users/Kuba/.ivy2/cache/org.apache.httpcomponents/httpclient/jars/httpclient-4.0.1.jar, file:/C:/Users/Kuba/.ivy2/cache/commons-logging/commons-logging/jars/commons-logging-1.1.1.jar, file:/C:/Users/Kuba/.ivy2/cache/com.atlassian.jwt/jwt-core/jars/jwt-core-1.5.8.jar, file:/C:/Users/Kuba/.ivy2/cache/com.nimbusds/nimbus-jose-jwt/jars/nimbus-jose-jwt-2.16.jar, file:/C:/Users/Kuba/.ivy2/cache/net.jcip/jcip-annotations/jars/jcip-annotations-1.0.jar, file:/C:/Users/Kuba/.ivy2/cache/net.minidev/json-smart/jars/json-smart-1.1.1.jar, file:/C:/Users/Kuba/.ivy2/cache/javax.mail/mail/jars/mail-1.4.7.jar, file:/C:/Users/Kuba/.ivy2/cache/org.bouncycastle/bcprov-jdk15on/jars/bcprov-jdk15on-1.51.jar, file:/C:/Users/Kuba/.ivy2/cache/org.bouncycastle/bcpkix-jdk15on/jars/bcpkix-jdk15on-1.51.jar, file:/C:/Users/Kuba/.ivy2/cache/com.atlassian.jwt/jwt-api/jars/jwt-api-1.5.8.jar, file:/C:/Users/Kuba/.ivy2/cache/com.mohiva/play-silhouette-password-bcrypt_2.11/jars/play-silhouette-password-bcrypt_2.11-4.0.0.jar, file:/C:/Users/Kuba/.ivy2/cache/de.svenkubiak/jBCrypt/bundles/jBCrypt-0.4.1.jar, file:/C:/Users/Kuba/.ivy2/cache/com.mohiva/play-silhouette-persistence_2.11/jars/play-silhouette-persistence_2.11-4.0.0.jar, file:/C:/Users/Kuba/.ivy2/cache/com.mohiva/play-silhouette-crypto-jca_2.11/jars/play-silhouette-crypto-jca_2.11-4.0.0.jar, file:/C:/Users/Kuba/.ivy2/cache/org.webjars/webjars-play_2.11/jars/webjars-play_2.11-2.5.0-2.jar, file:/C:/Users/Kuba/.ivy2/cache/org.webjars/requirejs/jars/requirejs-2.1.20.jar, file:/C:/Users/Kuba/.ivy2/cache/org.webjars/webjars-locator/jars/webjars-locator-0.31.jar, file:/C:/Users/Kuba/.ivy2/cache/org.webjars/webjars-locator-core/jars/webjars-locator-core-0.30.jar, file:/C:/Users/Kuba/.ivy2/cache/org.apache.commons/commons-compress/jars/commons-compress-1.9.jar, file:/C:/Users/Kuba/.ivy2/cache/net.codingwell/scala-guice_2.11/jars/scala-guice_2.11-4.0.1.jar, file:/C:/Users/Kuba/.ivy2/cache/com.google.inject.extensions/guice-multibindings/jars/guice-multibindings-4.0.jar, file:/C:/Users/Kuba/.ivy2/cache/com.iheart/ficus_2.11/jars/ficus_2.11-1.2.6.jar, file:/C:/Users/Kuba/.ivy2/cache/org.typelevel/macro-compat_2.11/jars/macro-compat_2.11-1.1.1.jar, file:/C:/Users/Kuba/.ivy2/cache/com.typesafe.play/play-mailer_2.11/jars/play-mailer_2.11-5.0.0.jar, file:/C:/Users/Kuba/.ivy2/cache/org.apache.commons/commons-email/jars/commons-email-1.4.jar, file:/C:/Users/Kuba/.ivy2/cache/com.sun.mail/javax.mail/jars/javax.mail-1.5.2.jar, file:/C:/Users/Kuba/.ivy2/cache/javax.activation/activation/jars/activation-1.1.1.jar, file:/C:/Users/Kuba/.ivy2/cache/com.enragedginger/akka-quartz-scheduler_2.11/jars/akka-quartz-scheduler_2.11-1.5.0-akka-2.4.x.jar, file:/C:/Users/Kuba/.ivy2/cache/org.quartz-scheduler/quartz/jars/quartz-2.2.2.jar, file:/C:/Users/Kuba/.ivy2/cache/c3p0/c3p0/jars/c3p0-0.9.1.1.jar, file:/C:/Users/Kuba/.ivy2/cache/com.adrianhurt/play-bootstrap_2.11/jars/play-bootstrap_2.11-1.0-P25-B3.jar, file:/C:/Users/Kuba/.ivy2/cache/com.typesafe.play/filters-helpers_2.11/jars/filters-helpers_2.11-2.5.4.jar, file:/C:/Users/Kuba/.ivy2/cache/com.typesafe.play/play-java_2.11/jars/play-java_2.11-2.5.4.jar, file:/C:/Users/Kuba/Downloads/activator-dist-1.3.12/repository/org.yaml/snakeyaml/1.16/bundles/snakeyaml.jar, file:/C:/Users/Kuba/Downloads/activator-dist-1.3.12/repository/org.hibernate/hibernate-validator/5.2.4.Final/jars/hibernate-validator.jar, file:/C:/Users/Kuba/Downloads/activator-dist-1.3.12/repository/javax.validation/validation-api/1.1.0.Final/jars/validation-api.jar, file:/C:/Users/Kuba/Downloads/activator-dist-1.3.12/repository/org.jboss.logging/jboss-logging/3.2.1.Final/jars/jboss-logging.jar, file:/C:/Users/Kuba/Downloads/activator-dist-1.3.12/repository/com.fasterxml/classmate/1.1.0/bundles/classmate.jar, file:/C:/Users/Kuba/Downloads/activator-dist-1.3.12/repository/javax.el/javax.el-api/3.0.0/jars/javax.el-api.jar, file:/C:/Users/Kuba/.ivy2/cache/org.springframework/spring-context/jars/spring-context-4.2.4.RELEASE.jar, file:/C:/Users/Kuba/.ivy2/cache/org.springframework/spring-core/jars/spring-core-4.2.4.RELEASE.jar, file:/C:/Users/Kuba/.ivy2/cache/org.springframework/spring-beans/jars/spring-beans-4.2.4.RELEASE.jar, file:/C:/Users/Kuba/Downloads/activator-dist-1.3.12/repository/org.reflections/reflections/0.9.10/jars/reflections.jar, file:/C:/Users/Kuba/Downloads/activator-dist-1.3.12/repository/net.jodah/typetools/0.4.4/bundles/typetools.jar, file:/C:/Users/Kuba/.ivy2/cache/com.google.code.findbugs/jsr305/jars/jsr305-3.0.1.jar, file:/C:/Users/Kuba/Downloads/activator-dist-1.3.12/repository/org.apache.tomcat/tomcat-servlet-api/8.0.33/jars/tomcat-servlet-api.jar, file:/C:/Users/Kuba/.ivy2/cache/com.adrianhurt/play-bootstrap-core_2.11/jars/play-bootstrap-core_2.11-1.0-P25.jar, file:/C:/Users/Kuba/.ivy2/cache/org.webjars/bootstrap/jars/bootstrap-3.3.6.jar, file:/C:/Users/Kuba/.ivy2/cache/org.webjars/jquery/jars/jquery-2.1.4.jar}
16:45:22.992 [ForkJoinPool-8-worker-1] DEBUG c.google.inject.internal.BytecodeGen - Loading class play.api.inject.guice.GuiceInjector FastClass with PlayDependencyClassLoader{file:/C:/Users/Kuba/IdeaProjects/play-silhouette-seed-master/lib/connect-four.jar, file:/C:/Users/Kuba/IdeaProjects/play-silhouette-seed-master/lib/sudoku.jar, file:/C:/Users/Kuba/.ivy2/cache/org.scala-lang/scala-library/jars/scala-library-2.11.8.jar, file:/C:/Users/Kuba/Downloads/activator-dist-1.3.12/repository/com.typesafe.play/twirl-api_2.11/1.1.1/jars/twirl-api_2.11.jar, file:/C:/Users/Kuba/.ivy2/cache/org.apache.commons/commons-lang3/jars/commons-lang3-3.4.jar, file:/C:/Users/Kuba/.ivy2/cache/org.scala-lang.modules/scala-xml_2.11/bundles/scala-xml_2.11-1.0.1.jar, file:/C:/Users/Kuba/.ivy2/cache/com.typesafe.play/play-server_2.11/jars/play-server_2.11-2.5.4.jar, file:/C:/Users/Kuba/.ivy2/cache/com.typesafe.play/play_2.11/jars/play_2.11-2.5.4.jar, file:/C:/Users/Kuba/.ivy2/cache/com.typesafe.play/build-link/jars/build-link-2.5.4.jar, file:/C:/Users/Kuba/.ivy2/cache/com.typesafe.play/play-exceptions/jars/play-exceptions-2.5.4.jar, file:/C:/Users/Kuba/.ivy2/cache/com.typesafe.play/play-iteratees_2.11/jars/play-iteratees_2.11-2.5.4.jar, file:/C:/Users/Kuba/.ivy2/cache/org.scala-stm/scala-stm_2.11/jars/scala-stm_2.11-0.7.jar, file:/C:/Users/Kuba/Downloads/activator-dist-1.3.12/repository/com.typesafe/config/1.3.0/bundles/config.jar, file:/C:/Users/Kuba/.ivy2/cache/ch.qos.logback/logback-classic/jars/logback-classic-1.1.7.jar, file:/C:/Users/Kuba/.ivy2/cache/ch.qos.logback/logback-core/jars/logback-core-1.1.7.jar, file:/C:/Users/Kuba/.ivy2/cache/com.typesafe.play/play-json_2.11/jars/play-json_2.11-2.5.4.jar, file:/C:/Users/Kuba/.ivy2/cache/com.typesafe.play/play-functional_2.11/jars/play-functional_2.11-2.5.4.jar, file:/C:/Users/Kuba/.ivy2/cache/com.typesafe.play/play-datacommons_2.11/jars/play-datacommons_2.11-2.5.4.jar, file:/C:/Users/Kuba/Downloads/activator-dist-1.3.12/repository/joda-time/joda-time/2.9.2/jars/joda-time.jar, file:/C:/Users/Kuba/Downloads/activator-dist-1.3.12/repository/org.joda/joda-convert/1.8.1/jars/joda-convert.jar, file:/C:/Users/Kuba/Downloads/activator-dist-1.3.12/repository/org.scala-lang/scala-reflect/2.11.7/jars/scala-reflect.jar, file:/C:/Users/Kuba/Downloads/activator-dist-1.3.12/repository/com.fasterxml.jackson.core/jackson-core/2.7.1/bundles/jackson-core.jar, file:/C:/Users/Kuba/Downloads/activator-dist-1.3.12/repository/com.fasterxml.jackson.core/jackson-annotations/2.7.1/bundles/jackson-annotations.jar, file:/C:/Users/Kuba/Downloads/activator-dist-1.3.12/repository/com.fasterxml.jackson.core/jackson-databind/2.7.1/bundles/jackson-databind.jar, file:/C:/Users/Kuba/Downloads/activator-dist-1.3.12/repository/com.fasterxml.jackson.datatype/jackson-datatype-jdk8/2.7.1/bundles/jackson-datatype-jdk8.jar, file:/C:/Users/Kuba/Downloads/activator-dist-1.3.12/repository/com.fasterxml.jackson.datatype/jackson-datatype-jsr310/2.7.1/bundles/jackson-datatype-jsr310.jar, file:/C:/Users/Kuba/.ivy2/cache/com.typesafe.play/play-netty-utils/jars/play-netty-utils-2.5.4.jar, file:/C:/Users/Kuba/.ivy2/cache/org.slf4j/jul-to-slf4j/jars/jul-to-slf4j-1.7.19.jar, file:/C:/Users/Kuba/.ivy2/cache/org.slf4j/jcl-over-slf4j/jars/jcl-over-slf4j-1.7.19.jar, file:/C:/Users/Kuba/.ivy2/cache/com.typesafe.play/play-streams_2.11/jars/play-streams_2.11-2.5.4.jar, file:/C:/Users/Kuba/.ivy2/cache/org.reactivestreams/reactive-streams/jars/reactive-streams-1.0.0.jar, file:/C:/Users/Kuba/.ivy2/cache/com.typesafe.akka/akka-stream_2.11/jars/akka-stream_2.11-2.4.4.jar, file:/C:/Users/Kuba/.ivy2/cache/com.typesafe.akka/akka-actor_2.11/jars/akka-actor_2.11-2.4.4.jar, file:/C:/Users/Kuba/Downloads/activator-dist-1.3.12/repository/org.scala-lang.modules/scala-java8-compat_2.11/0.7.0/bundles/scala-java8-compat_2.11.jar, file:/C:/Users/Kuba/Downloads/activator-dist-1.3.12/repository/com.typesafe/ssl-config-akka_2.11/0.2.1/bundles/ssl-config-akka_2.11.jar, file:/C:/Users/Kuba/.ivy2/cache/com.typesafe/ssl-config-core_2.11/bundles/ssl-config-core_2.11-0.2.1.jar, file:/C:/Users/Kuba/.ivy2/cache/org.scala-lang.modules/scala-parser-combinators_2.11/bundles/scala-parser-combinators_2.11-1.0.4.jar, file:/C:/Users/Kuba/.ivy2/cache/com.typesafe.akka/akka-slf4j_2.11/jars/akka-slf4j_2.11-2.4.4.jar, file:/C:/Users/Kuba/.ivy2/cache/commons-codec/commons-codec/jars/commons-codec-1.10.jar, file:/C:/Users/Kuba/.ivy2/cache/xerces/xercesImpl/jars/xercesImpl-2.11.0.jar, file:/C:/Users/Kuba/.ivy2/cache/xml-apis/xml-apis/jars/xml-apis-1.4.01.jar, file:/C:/Users/Kuba/.ivy2/cache/javax.transaction/jta/jars/jta-1.1.jar, file:/C:/Users/Kuba/Downloads/activator-dist-1.3.12/repository/com.google.inject/guice/4.0/jars/guice.jar, file:/C:/Users/Kuba/.ivy2/cache/javax.inject/javax.inject/jars/javax.inject-1.jar, file:/C:/Users/Kuba/.ivy2/cache/aopalliance/aopalliance/jars/aopalliance-1.0.jar, file:/C:/Users/Kuba/Downloads/activator-dist-1.3.12/repository/com.google.inject.extensions/guice-assistedinject/4.0/jars/guice-assistedinject.jar, file:/C:/Users/Kuba/.ivy2/cache/com.typesafe.play/play-netty-server_2.11/jars/play-netty-server_2.11-2.5.4.jar, file:/C:/Users/Kuba/.ivy2/cache/com.typesafe.netty/netty-reactive-streams-http/jars/netty-reactive-streams-http-1.0.6.jar, file:/C:/Users/Kuba/.ivy2/cache/com.typesafe.netty/netty-reactive-streams/jars/netty-reactive-streams-1.0.6.jar, file:/C:/Users/Kuba/.ivy2/cache/io.netty/netty-handler/jars/netty-handler-4.0.36.Final.jar, file:/C:/Users/Kuba/.ivy2/cache/io.netty/netty-buffer/jars/netty-buffer-4.0.36.Final.jar, file:/C:/Users/Kuba/.ivy2/cache/io.netty/netty-common/jars/netty-common-4.0.36.Final.jar, file:/C:/Users/Kuba/.ivy2/cache/io.netty/netty-transport/jars/netty-transport-4.0.36.Final.jar, file:/C:/Users/Kuba/.ivy2/cache/io.netty/netty-codec/jars/netty-codec-4.0.36.Final.jar, file:/C:/Users/Kuba/.ivy2/cache/io.netty/netty-codec-http/jars/netty-codec-http-4.0.36.Final.jar, file:/C:/Users/Kuba/.ivy2/cache/io.netty/netty-transport-native-epoll/jars/netty-transport-native-epoll-4.0.36.Final-linux-x86_64.jar, file:/C:/Users/Kuba/.ivy2/cache/com.typesafe.play/play-logback_2.11/jars/play-logback_2.11-2.5.4.jar, file:/C:/Users/Kuba/.ivy2/cache/org.scala-lang/scala-swing/jars/scala-swing-2.11.0-M7.jar, file:/C:/Users/Kuba/.ivy2/cache/com.mohiva/play-silhouette_2.11/jars/play-silhouette_2.11-4.0.0.jar, file:/C:/Users/Kuba/.ivy2/cache/com.typesafe.play/play-cache_2.11/jars/play-cache_2.11-2.5.4.jar, file:/C:/Users/Kuba/Downloads/activator-dist-1.3.12/repository/net.sf.ehcache/ehcache-core/2.6.11/jars/ehcache-core.jar, file:/C:/Users/Kuba/.ivy2/cache/com.typesafe.play/play-ws_2.11/jars/play-ws_2.11-2.5.4.jar, file:/C:/Users/Kuba/.ivy2/cache/com.google.guava/guava/bundles/guava-19.0.jar, file:/C:/Users/Kuba/.ivy2/cache/org.asynchttpclient/async-http-client/jars/async-http-client-2.0.2.jar, file:/C:/Users/Kuba/.ivy2/cache/org.asynchttpclient/netty-resolver-dns/jars/netty-resolver-dns-2.0.2.jar, file:/C:/Users/Kuba/.ivy2/cache/org.asynchttpclient/netty-resolver/jars/netty-resolver-2.0.2.jar, file:/C:/Users/Kuba/.ivy2/cache/org.slf4j/slf4j-api/jars/slf4j-api-1.7.21.jar, file:/C:/Users/Kuba/.ivy2/cache/org.asynchttpclient/netty-codec-dns/jars/netty-codec-dns-2.0.2.jar, file:/C:/Users/Kuba/.ivy2/cache/org.javassist/javassist/bundles/javassist-3.20.0-GA.jar, file:/C:/Users/Kuba/.ivy2/cache/oauth.signpost/signpost-core/jars/signpost-core-1.2.1.2.jar, file:/C:/Users/Kuba/.ivy2/cache/oauth.signpost/signpost-commonshttp4/jars/signpost-commonshttp4-1.2.1.2.jar, file:/C:/Users/Kuba/.ivy2/cache/org.apache.httpcomponents/httpcore/jars/httpcore-4.0.1.jar, file:/C:/Users/Kuba/.ivy2/cache/org.apache.httpcomponents/httpclient/jars/httpclient-4.0.1.jar, file:/C:/Users/Kuba/.ivy2/cache/commons-logging/commons-logging/jars/commons-logging-1.1.1.jar, file:/C:/Users/Kuba/.ivy2/cache/com.atlassian.jwt/jwt-core/jars/jwt-core-1.5.8.jar, file:/C:/Users/Kuba/.ivy2/cache/com.nimbusds/nimbus-jose-jwt/jars/nimbus-jose-jwt-2.16.jar, file:/C:/Users/Kuba/.ivy2/cache/net.jcip/jcip-annotations/jars/jcip-annotations-1.0.jar, file:/C:/Users/Kuba/.ivy2/cache/net.minidev/json-smart/jars/json-smart-1.1.1.jar, file:/C:/Users/Kuba/.ivy2/cache/javax.mail/mail/jars/mail-1.4.7.jar, file:/C:/Users/Kuba/.ivy2/cache/org.bouncycastle/bcprov-jdk15on/jars/bcprov-jdk15on-1.51.jar, file:/C:/Users/Kuba/.ivy2/cache/org.bouncycastle/bcpkix-jdk15on/jars/bcpkix-jdk15on-1.51.jar, file:/C:/Users/Kuba/.ivy2/cache/com.atlassian.jwt/jwt-api/jars/jwt-api-1.5.8.jar, file:/C:/Users/Kuba/.ivy2/cache/com.mohiva/play-silhouette-password-bcrypt_2.11/jars/play-silhouette-password-bcrypt_2.11-4.0.0.jar, file:/C:/Users/Kuba/.ivy2/cache/de.svenkubiak/jBCrypt/bundles/jBCrypt-0.4.1.jar, file:/C:/Users/Kuba/.ivy2/cache/com.mohiva/play-silhouette-persistence_2.11/jars/play-silhouette-persistence_2.11-4.0.0.jar, file:/C:/Users/Kuba/.ivy2/cache/com.mohiva/play-silhouette-crypto-jca_2.11/jars/play-silhouette-crypto-jca_2.11-4.0.0.jar, file:/C:/Users/Kuba/.ivy2/cache/org.webjars/webjars-play_2.11/jars/webjars-play_2.11-2.5.0-2.jar, file:/C:/Users/Kuba/.ivy2/cache/org.webjars/requirejs/jars/requirejs-2.1.20.jar, file:/C:/Users/Kuba/.ivy2/cache/org.webjars/webjars-locator/jars/webjars-locator-0.31.jar, file:/C:/Users/Kuba/.ivy2/cache/org.webjars/webjars-locator-core/jars/webjars-locator-core-0.30.jar, file:/C:/Users/Kuba/.ivy2/cache/org.apache.commons/commons-compress/jars/commons-compress-1.9.jar, file:/C:/Users/Kuba/.ivy2/cache/net.codingwell/scala-guice_2.11/jars/scala-guice_2.11-4.0.1.jar, file:/C:/Users/Kuba/.ivy2/cache/com.google.inject.extensions/guice-multibindings/jars/guice-multibindings-4.0.jar, file:/C:/Users/Kuba/.ivy2/cache/com.iheart/ficus_2.11/jars/ficus_2.11-1.2.6.jar, file:/C:/Users/Kuba/.ivy2/cache/org.typelevel/macro-compat_2.11/jars/macro-compat_2.11-1.1.1.jar, file:/C:/Users/Kuba/.ivy2/cache/com.typesafe.play/play-mailer_2.11/jars/play-mailer_2.11-5.0.0.jar, file:/C:/Users/Kuba/.ivy2/cache/org.apache.commons/commons-email/jars/commons-email-1.4.jar, file:/C:/Users/Kuba/.ivy2/cache/com.sun.mail/javax.mail/jars/javax.mail-1.5.2.jar, file:/C:/Users/Kuba/.ivy2/cache/javax.activation/activation/jars/activation-1.1.1.jar, file:/C:/Users/Kuba/.ivy2/cache/com.enragedginger/akka-quartz-scheduler_2.11/jars/akka-quartz-scheduler_2.11-1.5.0-akka-2.4.x.jar, file:/C:/Users/Kuba/.ivy2/cache/org.quartz-scheduler/quartz/jars/quartz-2.2.2.jar, file:/C:/Users/Kuba/.ivy2/cache/c3p0/c3p0/jars/c3p0-0.9.1.1.jar, file:/C:/Users/Kuba/.ivy2/cache/com.adrianhurt/play-bootstrap_2.11/jars/play-bootstrap_2.11-1.0-P25-B3.jar, file:/C:/Users/Kuba/.ivy2/cache/com.typesafe.play/filters-helpers_2.11/jars/filters-helpers_2.11-2.5.4.jar, file:/C:/Users/Kuba/.ivy2/cache/com.typesafe.play/play-java_2.11/jars/play-java_2.11-2.5.4.jar, file:/C:/Users/Kuba/Downloads/activator-dist-1.3.12/repository/org.yaml/snakeyaml/1.16/bundles/snakeyaml.jar, file:/C:/Users/Kuba/Downloads/activator-dist-1.3.12/repository/org.hibernate/hibernate-validator/5.2.4.Final/jars/hibernate-validator.jar, file:/C:/Users/Kuba/Downloads/activator-dist-1.3.12/repository/javax.validation/validation-api/1.1.0.Final/jars/validation-api.jar, file:/C:/Users/Kuba/Downloads/activator-dist-1.3.12/repository/org.jboss.logging/jboss-logging/3.2.1.Final/jars/jboss-logging.jar, file:/C:/Users/Kuba/Downloads/activator-dist-1.3.12/repository/com.fasterxml/classmate/1.1.0/bundles/classmate.jar, file:/C:/Users/Kuba/Downloads/activator-dist-1.3.12/repository/javax.el/javax.el-api/3.0.0/jars/javax.el-api.jar, file:/C:/Users/Kuba/.ivy2/cache/org.springframework/spring-context/jars/spring-context-4.2.4.RELEASE.jar, file:/C:/Users/Kuba/.ivy2/cache/org.springframework/spring-core/jars/spring-core-4.2.4.RELEASE.jar, file:/C:/Users/Kuba/.ivy2/cache/org.springframework/spring-beans/jars/spring-beans-4.2.4.RELEASE.jar, file:/C:/Users/Kuba/Downloads/activator-dist-1.3.12/repository/org.reflections/reflections/0.9.10/jars/reflections.jar, file:/C:/Users/Kuba/Downloads/activator-dist-1.3.12/repository/net.jodah/typetools/0.4.4/bundles/typetools.jar, file:/C:/Users/Kuba/.ivy2/cache/com.google.code.findbugs/jsr305/jars/jsr305-3.0.1.jar, file:/C:/Users/Kuba/Downloads/activator-dist-1.3.12/repository/org.apache.tomcat/tomcat-servlet-api/8.0.33/jars/tomcat-servlet-api.jar, file:/C:/Users/Kuba/.ivy2/cache/com.adrianhurt/play-bootstrap-core_2.11/jars/play-bootstrap-core_2.11-1.0-P25.jar, file:/C:/Users/Kuba/.ivy2/cache/org.webjars/bootstrap/jars/bootstrap-3.3.6.jar, file:/C:/Users/Kuba/.ivy2/cache/org.webjars/jquery/jars/jquery-2.1.4.jar}
16:45:22.993 [ForkJoinPool-8-worker-1] DEBUG c.google.inject.internal.BytecodeGen - Loading class play.inject.DelegateInjector FastClass with PlayDependencyClassLoader{file:/C:/Users/Kuba/IdeaProjects/play-silhouette-seed-master/lib/connect-four.jar, file:/C:/Users/Kuba/IdeaProjects/play-silhouette-seed-master/lib/sudoku.jar, file:/C:/Users/Kuba/.ivy2/cache/org.scala-lang/scala-library/jars/scala-library-2.11.8.jar, file:/C:/Users/Kuba/Downloads/activator-dist-1.3.12/repository/com.typesafe.play/twirl-api_2.11/1.1.1/jars/twirl-api_2.11.jar, file:/C:/Users/Kuba/.ivy2/cache/org.apache.commons/commons-lang3/jars/commons-lang3-3.4.jar, file:/C:/Users/Kuba/.ivy2/cache/org.scala-lang.modules/scala-xml_2.11/bundles/scala-xml_2.11-1.0.1.jar, file:/C:/Users/Kuba/.ivy2/cache/com.typesafe.play/play-server_2.11/jars/play-server_2.11-2.5.4.jar, file:/C:/Users/Kuba/.ivy2/cache/com.typesafe.play/play_2.11/jars/play_2.11-2.5.4.jar, file:/C:/Users/Kuba/.ivy2/cache/com.typesafe.play/build-link/jars/build-link-2.5.4.jar, file:/C:/Users/Kuba/.ivy2/cache/com.typesafe.play/play-exceptions/jars/play-exceptions-2.5.4.jar, file:/C:/Users/Kuba/.ivy2/cache/com.typesafe.play/play-iteratees_2.11/jars/play-iteratees_2.11-2.5.4.jar, file:/C:/Users/Kuba/.ivy2/cache/org.scala-stm/scala-stm_2.11/jars/scala-stm_2.11-0.7.jar, file:/C:/Users/Kuba/Downloads/activator-dist-1.3.12/repository/com.typesafe/config/1.3.0/bundles/config.jar, file:/C:/Users/Kuba/.ivy2/cache/ch.qos.logback/logback-classic/jars/logback-classic-1.1.7.jar, file:/C:/Users/Kuba/.ivy2/cache/ch.qos.logback/logback-core/jars/logback-core-1.1.7.jar, file:/C:/Users/Kuba/.ivy2/cache/com.typesafe.play/play-json_2.11/jars/play-json_2.11-2.5.4.jar, file:/C:/Users/Kuba/.ivy2/cache/com.typesafe.play/play-functional_2.11/jars/play-functional_2.11-2.5.4.jar, file:/C:/Users/Kuba/.ivy2/cache/com.typesafe.play/play-datacommons_2.11/jars/play-datacommons_2.11-2.5.4.jar, file:/C:/Users/Kuba/Downloads/activator-dist-1.3.12/repository/joda-time/joda-time/2.9.2/jars/joda-time.jar, file:/C:/Users/Kuba/Downloads/activator-dist-1.3.12/repository/org.joda/joda-convert/1.8.1/jars/joda-convert.jar, file:/C:/Users/Kuba/Downloads/activator-dist-1.3.12/repository/org.scala-lang/scala-reflect/2.11.7/jars/scala-reflect.jar, file:/C:/Users/Kuba/Downloads/activator-dist-1.3.12/repository/com.fasterxml.jackson.core/jackson-core/2.7.1/bundles/jackson-core.jar, file:/C:/Users/Kuba/Downloads/activator-dist-1.3.12/repository/com.fasterxml.jackson.core/jackson-annotations/2.7.1/bundles/jackson-annotations.jar, file:/C:/Users/Kuba/Downloads/activator-dist-1.3.12/repository/com.fasterxml.jackson.core/jackson-databind/2.7.1/bundles/jackson-databind.jar, file:/C:/Users/Kuba/Downloads/activator-dist-1.3.12/repository/com.fasterxml.jackson.datatype/jackson-datatype-jdk8/2.7.1/bundles/jackson-datatype-jdk8.jar, file:/C:/Users/Kuba/Downloads/activator-dist-1.3.12/repository/com.fasterxml.jackson.datatype/jackson-datatype-jsr310/2.7.1/bundles/jackson-datatype-jsr310.jar, file:/C:/Users/Kuba/.ivy2/cache/com.typesafe.play/play-netty-utils/jars/play-netty-utils-2.5.4.jar, file:/C:/Users/Kuba/.ivy2/cache/org.slf4j/jul-to-slf4j/jars/jul-to-slf4j-1.7.19.jar, file:/C:/Users/Kuba/.ivy2/cache/org.slf4j/jcl-over-slf4j/jars/jcl-over-slf4j-1.7.19.jar, file:/C:/Users/Kuba/.ivy2/cache/com.typesafe.play/play-streams_2.11/jars/play-streams_2.11-2.5.4.jar, file:/C:/Users/Kuba/.ivy2/cache/org.reactivestreams/reactive-streams/jars/reactive-streams-1.0.0.jar, file:/C:/Users/Kuba/.ivy2/cache/com.typesafe.akka/akka-stream_2.11/jars/akka-stream_2.11-2.4.4.jar, file:/C:/Users/Kuba/.ivy2/cache/com.typesafe.akka/akka-actor_2.11/jars/akka-actor_2.11-2.4.4.jar, file:/C:/Users/Kuba/Downloads/activator-dist-1.3.12/repository/org.scala-lang.modules/scala-java8-compat_2.11/0.7.0/bundles/scala-java8-compat_2.11.jar, file:/C:/Users/Kuba/Downloads/activator-dist-1.3.12/repository/com.typesafe/ssl-config-akka_2.11/0.2.1/bundles/ssl-config-akka_2.11.jar, file:/C:/Users/Kuba/.ivy2/cache/com.typesafe/ssl-config-core_2.11/bundles/ssl-config-core_2.11-0.2.1.jar, file:/C:/Users/Kuba/.ivy2/cache/org.scala-lang.modules/scala-parser-combinators_2.11/bundles/scala-parser-combinators_2.11-1.0.4.jar, file:/C:/Users/Kuba/.ivy2/cache/com.typesafe.akka/akka-slf4j_2.11/jars/akka-slf4j_2.11-2.4.4.jar, file:/C:/Users/Kuba/.ivy2/cache/commons-codec/commons-codec/jars/commons-codec-1.10.jar, file:/C:/Users/Kuba/.ivy2/cache/xerces/xercesImpl/jars/xercesImpl-2.11.0.jar, file:/C:/Users/Kuba/.ivy2/cache/xml-apis/xml-apis/jars/xml-apis-1.4.01.jar, file:/C:/Users/Kuba/.ivy2/cache/javax.transaction/jta/jars/jta-1.1.jar, file:/C:/Users/Kuba/Downloads/activator-dist-1.3.12/repository/com.google.inject/guice/4.0/jars/guice.jar, file:/C:/Users/Kuba/.ivy2/cache/javax.inject/javax.inject/jars/javax.inject-1.jar, file:/C:/Users/Kuba/.ivy2/cache/aopalliance/aopalliance/jars/aopalliance-1.0.jar, file:/C:/Users/Kuba/Downloads/activator-dist-1.3.12/repository/com.google.inject.extensions/guice-assistedinject/4.0/jars/guice-assistedinject.jar, file:/C:/Users/Kuba/.ivy2/cache/com.typesafe.play/play-netty-server_2.11/jars/play-netty-server_2.11-2.5.4.jar, file:/C:/Users/Kuba/.ivy2/cache/com.typesafe.netty/netty-reactive-streams-http/jars/netty-reactive-streams-http-1.0.6.jar, file:/C:/Users/Kuba/.ivy2/cache/com.typesafe.netty/netty-reactive-streams/jars/netty-reactive-streams-1.0.6.jar, file:/C:/Users/Kuba/.ivy2/cache/io.netty/netty-handler/jars/netty-handler-4.0.36.Final.jar, file:/C:/Users/Kuba/.ivy2/cache/io.netty/netty-buffer/jars/netty-buffer-4.0.36.Final.jar, file:/C:/Users/Kuba/.ivy2/cache/io.netty/netty-common/jars/netty-common-4.0.36.Final.jar, file:/C:/Users/Kuba/.ivy2/cache/io.netty/netty-transport/jars/netty-transport-4.0.36.Final.jar, file:/C:/Users/Kuba/.ivy2/cache/io.netty/netty-codec/jars/netty-codec-4.0.36.Final.jar, file:/C:/Users/Kuba/.ivy2/cache/io.netty/netty-codec-http/jars/netty-codec-http-4.0.36.Final.jar, file:/C:/Users/Kuba/.ivy2/cache/io.netty/netty-transport-native-epoll/jars/netty-transport-native-epoll-4.0.36.Final-linux-x86_64.jar, file:/C:/Users/Kuba/.ivy2/cache/com.typesafe.play/play-logback_2.11/jars/play-logback_2.11-2.5.4.jar, file:/C:/Users/Kuba/.ivy2/cache/org.scala-lang/scala-swing/jars/scala-swing-2.11.0-M7.jar, file:/C:/Users/Kuba/.ivy2/cache/com.mohiva/play-silhouette_2.11/jars/play-silhouette_2.11-4.0.0.jar, file:/C:/Users/Kuba/.ivy2/cache/com.typesafe.play/play-cache_2.11/jars/play-cache_2.11-2.5.4.jar, file:/C:/Users/Kuba/Downloads/activator-dist-1.3.12/repository/net.sf.ehcache/ehcache-core/2.6.11/jars/ehcache-core.jar, file:/C:/Users/Kuba/.ivy2/cache/com.typesafe.play/play-ws_2.11/jars/play-ws_2.11-2.5.4.jar, file:/C:/Users/Kuba/.ivy2/cache/com.google.guava/guava/bundles/guava-19.0.jar, file:/C:/Users/Kuba/.ivy2/cache/org.asynchttpclient/async-http-client/jars/async-http-client-2.0.2.jar, file:/C:/Users/Kuba/.ivy2/cache/org.asynchttpclient/netty-resolver-dns/jars/netty-resolver-dns-2.0.2.jar, file:/C:/Users/Kuba/.ivy2/cache/org.asynchttpclient/netty-resolver/jars/netty-resolver-2.0.2.jar, file:/C:/Users/Kuba/.ivy2/cache/org.slf4j/slf4j-api/jars/slf4j-api-1.7.21.jar, file:/C:/Users/Kuba/.ivy2/cache/org.asynchttpclient/netty-codec-dns/jars/netty-codec-dns-2.0.2.jar, file:/C:/Users/Kuba/.ivy2/cache/org.javassist/javassist/bundles/javassist-3.20.0-GA.jar, file:/C:/Users/Kuba/.ivy2/cache/oauth.signpost/signpost-core/jars/signpost-core-1.2.1.2.jar, file:/C:/Users/Kuba/.ivy2/cache/oauth.signpost/signpost-commonshttp4/jars/signpost-commonshttp4-1.2.1.2.jar, file:/C:/Users/Kuba/.ivy2/cache/org.apache.httpcomponents/httpcore/jars/httpcore-4.0.1.jar, file:/C:/Users/Kuba/.ivy2/cache/org.apache.httpcomponents/httpclient/jars/httpclient-4.0.1.jar, file:/C:/Users/Kuba/.ivy2/cache/commons-logging/commons-logging/jars/commons-logging-1.1.1.jar, file:/C:/Users/Kuba/.ivy2/cache/com.atlassian.jwt/jwt-core/jars/jwt-core-1.5.8.jar, file:/C:/Users/Kuba/.ivy2/cache/com.nimbusds/nimbus-jose-jwt/jars/nimbus-jose-jwt-2.16.jar, file:/C:/Users/Kuba/.ivy2/cache/net.jcip/jcip-annotations/jars/jcip-annotations-1.0.jar, file:/C:/Users/Kuba/.ivy2/cache/net.minidev/json-smart/jars/json-smart-1.1.1.jar, file:/C:/Users/Kuba/.ivy2/cache/javax.mail/mail/jars/mail-1.4.7.jar, file:/C:/Users/Kuba/.ivy2/cache/org.bouncycastle/bcprov-jdk15on/jars/bcprov-jdk15on-1.51.jar, file:/C:/Users/Kuba/.ivy2/cache/org.bouncycastle/bcpkix-jdk15on/jars/bcpkix-jdk15on-1.51.jar, file:/C:/Users/Kuba/.ivy2/cache/com.atlassian.jwt/jwt-api/jars/jwt-api-1.5.8.jar, file:/C:/Users/Kuba/.ivy2/cache/com.mohiva/play-silhouette-password-bcrypt_2.11/jars/play-silhouette-password-bcrypt_2.11-4.0.0.jar, file:/C:/Users/Kuba/.ivy2/cache/de.svenkubiak/jBCrypt/bundles/jBCrypt-0.4.1.jar, file:/C:/Users/Kuba/.ivy2/cache/com.mohiva/play-silhouette-persistence_2.11/jars/play-silhouette-persistence_2.11-4.0.0.jar, file:/C:/Users/Kuba/.ivy2/cache/com.mohiva/play-silhouette-crypto-jca_2.11/jars/play-silhouette-crypto-jca_2.11-4.0.0.jar, file:/C:/Users/Kuba/.ivy2/cache/org.webjars/webjars-play_2.11/jars/webjars-play_2.11-2.5.0-2.jar, file:/C:/Users/Kuba/.ivy2/cache/org.webjars/requirejs/jars/requirejs-2.1.20.jar, file:/C:/Users/Kuba/.ivy2/cache/org.webjars/webjars-locator/jars/webjars-locator-0.31.jar, file:/C:/Users/Kuba/.ivy2/cache/org.webjars/webjars-locator-core/jars/webjars-locator-core-0.30.jar, file:/C:/Users/Kuba/.ivy2/cache/org.apache.commons/commons-compress/jars/commons-compress-1.9.jar, file:/C:/Users/Kuba/.ivy2/cache/net.codingwell/scala-guice_2.11/jars/scala-guice_2.11-4.0.1.jar, file:/C:/Users/Kuba/.ivy2/cache/com.google.inject.extensions/guice-multibindings/jars/guice-multibindings-4.0.jar, file:/C:/Users/Kuba/.ivy2/cache/com.iheart/ficus_2.11/jars/ficus_2.11-1.2.6.jar, file:/C:/Users/Kuba/.ivy2/cache/org.typelevel/macro-compat_2.11/jars/macro-compat_2.11-1.1.1.jar, file:/C:/Users/Kuba/.ivy2/cache/com.typesafe.play/play-mailer_2.11/jars/play-mailer_2.11-5.0.0.jar, file:/C:/Users/Kuba/.ivy2/cache/org.apache.commons/commons-email/jars/commons-email-1.4.jar, file:/C:/Users/Kuba/.ivy2/cache/com.sun.mail/javax.mail/jars/javax.mail-1.5.2.jar, file:/C:/Users/Kuba/.ivy2/cache/javax.activation/activation/jars/activation-1.1.1.jar, file:/C:/Users/Kuba/.ivy2/cache/com.enragedginger/akka-quartz-scheduler_2.11/jars/akka-quartz-scheduler_2.11-1.5.0-akka-2.4.x.jar, file:/C:/Users/Kuba/.ivy2/cache/org.quartz-scheduler/quartz/jars/quartz-2.2.2.jar, file:/C:/Users/Kuba/.ivy2/cache/c3p0/c3p0/jars/c3p0-0.9.1.1.jar, file:/C:/Users/Kuba/.ivy2/cache/com.adrianhurt/play-bootstrap_2.11/jars/play-bootstrap_2.11-1.0-P25-B3.jar, file:/C:/Users/Kuba/.ivy2/cache/com.typesafe.play/filters-helpers_2.11/jars/filters-helpers_2.11-2.5.4.jar, file:/C:/Users/Kuba/.ivy2/cache/com.typesafe.play/play-java_2.11/jars/play-java_2.11-2.5.4.jar, file:/C:/Users/Kuba/Downloads/activator-dist-1.3.12/repository/org.yaml/snakeyaml/1.16/bundles/snakeyaml.jar, file:/C:/Users/Kuba/Downloads/activator-dist-1.3.12/repository/org.hibernate/hibernate-validator/5.2.4.Final/jars/hibernate-validator.jar, file:/C:/Users/Kuba/Downloads/activator-dist-1.3.12/repository/javax.validation/validation-api/1.1.0.Final/jars/validation-api.jar, file:/C:/Users/Kuba/Downloads/activator-dist-1.3.12/repository/org.jboss.logging/jboss-logging/3.2.1.Final/jars/jboss-logging.jar, file:/C:/Users/Kuba/Downloads/activator-dist-1.3.12/repository/com.fasterxml/classmate/1.1.0/bundles/classmate.jar, file:/C:/Users/Kuba/Downloads/activator-dist-1.3.12/repository/javax.el/javax.el-api/3.0.0/jars/javax.el-api.jar, file:/C:/Users/Kuba/.ivy2/cache/org.springframework/spring-context/jars/spring-context-4.2.4.RELEASE.jar, file:/C:/Users/Kuba/.ivy2/cache/org.springframework/spring-core/jars/spring-core-4.2.4.RELEASE.jar, file:/C:/Users/Kuba/.ivy2/cache/org.springframework/spring-beans/jars/spring-beans-4.2.4.RELEASE.jar, file:/C:/Users/Kuba/Downloads/activator-dist-1.3.12/repository/org.reflections/reflections/0.9.10/jars/reflections.jar, file:/C:/Users/Kuba/Downloads/activator-dist-1.3.12/repository/net.jodah/typetools/0.4.4/bundles/typetools.jar, file:/C:/Users/Kuba/.ivy2/cache/com.google.code.findbugs/jsr305/jars/jsr305-3.0.1.jar, file:/C:/Users/Kuba/Downloads/activator-dist-1.3.12/repository/org.apache.tomcat/tomcat-servlet-api/8.0.33/jars/tomcat-servlet-api.jar, file:/C:/Users/Kuba/.ivy2/cache/com.adrianhurt/play-bootstrap-core_2.11/jars/play-bootstrap-core_2.11-1.0-P25.jar, file:/C:/Users/Kuba/.ivy2/cache/org.webjars/bootstrap/jars/bootstrap-3.3.6.jar, file:/C:/Users/Kuba/.ivy2/cache/org.webjars/jquery/jars/jquery-2.1.4.jar}
16:45:22.994 [ForkJoinPool-8-worker-1] DEBUG c.g.inject.internal.util.Stopwatch - Binding validation: 154ms
16:45:22.994 [ForkJoinPool-8-worker-1] DEBUG c.g.inject.internal.util.Stopwatch - Static validation: 0ms
16:45:22.995 [ForkJoinPool-8-worker-1] DEBUG c.google.inject.internal.BytecodeGen - Loading class com.google.inject.util.Providers$GuicifiedProviderWithDependencies FastClass with PlayDependencyClassLoader{file:/C:/Users/Kuba/IdeaProjects/play-silhouette-seed-master/lib/connect-four.jar, file:/C:/Users/Kuba/IdeaProjects/play-silhouette-seed-master/lib/sudoku.jar, file:/C:/Users/Kuba/.ivy2/cache/org.scala-lang/scala-library/jars/scala-library-2.11.8.jar, file:/C:/Users/Kuba/Downloads/activator-dist-1.3.12/repository/com.typesafe.play/twirl-api_2.11/1.1.1/jars/twirl-api_2.11.jar, file:/C:/Users/Kuba/.ivy2/cache/org.apache.commons/commons-lang3/jars/commons-lang3-3.4.jar, file:/C:/Users/Kuba/.ivy2/cache/org.scala-lang.modules/scala-xml_2.11/bundles/scala-xml_2.11-1.0.1.jar, file:/C:/Users/Kuba/.ivy2/cache/com.typesafe.play/play-server_2.11/jars/play-server_2.11-2.5.4.jar, file:/C:/Users/Kuba/.ivy2/cache/com.typesafe.play/play_2.11/jars/play_2.11-2.5.4.jar, file:/C:/Users/Kuba/.ivy2/cache/com.typesafe.play/build-link/jars/build-link-2.5.4.jar, file:/C:/Users/Kuba/.ivy2/cache/com.typesafe.play/play-exceptions/jars/play-exceptions-2.5.4.jar, file:/C:/Users/Kuba/.ivy2/cache/com.typesafe.play/play-iteratees_2.11/jars/play-iteratees_2.11-2.5.4.jar, file:/C:/Users/Kuba/.ivy2/cache/org.scala-stm/scala-stm_2.11/jars/scala-stm_2.11-0.7.jar, file:/C:/Users/Kuba/Downloads/activator-dist-1.3.12/repository/com.typesafe/config/1.3.0/bundles/config.jar, file:/C:/Users/Kuba/.ivy2/cache/ch.qos.logback/logback-classic/jars/logback-classic-1.1.7.jar, file:/C:/Users/Kuba/.ivy2/cache/ch.qos.logback/logback-core/jars/logback-core-1.1.7.jar, file:/C:/Users/Kuba/.ivy2/cache/com.typesafe.play/play-json_2.11/jars/play-json_2.11-2.5.4.jar, file:/C:/Users/Kuba/.ivy2/cache/com.typesafe.play/play-functional_2.11/jars/play-functional_2.11-2.5.4.jar, file:/C:/Users/Kuba/.ivy2/cache/com.typesafe.play/play-datacommons_2.11/jars/play-datacommons_2.11-2.5.4.jar, file:/C:/Users/Kuba/Downloads/activator-dist-1.3.12/repository/joda-time/joda-time/2.9.2/jars/joda-time.jar, file:/C:/Users/Kuba/Downloads/activator-dist-1.3.12/repository/org.joda/joda-convert/1.8.1/jars/joda-convert.jar, file:/C:/Users/Kuba/Downloads/activator-dist-1.3.12/repository/org.scala-lang/scala-reflect/2.11.7/jars/scala-reflect.jar, file:/C:/Users/Kuba/Downloads/activator-dist-1.3.12/repository/com.fasterxml.jackson.core/jackson-core/2.7.1/bundles/jackson-core.jar, file:/C:/Users/Kuba/Downloads/activator-dist-1.3.12/repository/com.fasterxml.jackson.core/jackson-annotations/2.7.1/bundles/jackson-annotations.jar, file:/C:/Users/Kuba/Downloads/activator-dist-1.3.12/repository/com.fasterxml.jackson.core/jackson-databind/2.7.1/bundles/jackson-databind.jar, file:/C:/Users/Kuba/Downloads/activator-dist-1.3.12/repository/com.fasterxml.jackson.datatype/jackson-datatype-jdk8/2.7.1/bundles/jackson-datatype-jdk8.jar, file:/C:/Users/Kuba/Downloads/activator-dist-1.3.12/repository/com.fasterxml.jackson.datatype/jackson-datatype-jsr310/2.7.1/bundles/jackson-datatype-jsr310.jar, file:/C:/Users/Kuba/.ivy2/cache/com.typesafe.play/play-netty-utils/jars/play-netty-utils-2.5.4.jar, file:/C:/Users/Kuba/.ivy2/cache/org.slf4j/jul-to-slf4j/jars/jul-to-slf4j-1.7.19.jar, file:/C:/Users/Kuba/.ivy2/cache/org.slf4j/jcl-over-slf4j/jars/jcl-over-slf4j-1.7.19.jar, file:/C:/Users/Kuba/.ivy2/cache/com.typesafe.play/play-streams_2.11/jars/play-streams_2.11-2.5.4.jar, file:/C:/Users/Kuba/.ivy2/cache/org.reactivestreams/reactive-streams/jars/reactive-streams-1.0.0.jar, file:/C:/Users/Kuba/.ivy2/cache/com.typesafe.akka/akka-stream_2.11/jars/akka-stream_2.11-2.4.4.jar, file:/C:/Users/Kuba/.ivy2/cache/com.typesafe.akka/akka-actor_2.11/jars/akka-actor_2.11-2.4.4.jar, file:/C:/Users/Kuba/Downloads/activator-dist-1.3.12/repository/org.scala-lang.modules/scala-java8-compat_2.11/0.7.0/bundles/scala-java8-compat_2.11.jar, file:/C:/Users/Kuba/Downloads/activator-dist-1.3.12/repository/com.typesafe/ssl-config-akka_2.11/0.2.1/bundles/ssl-config-akka_2.11.jar, file:/C:/Users/Kuba/.ivy2/cache/com.typesafe/ssl-config-core_2.11/bundles/ssl-config-core_2.11-0.2.1.jar, file:/C:/Users/Kuba/.ivy2/cache/org.scala-lang.modules/scala-parser-combinators_2.11/bundles/scala-parser-combinators_2.11-1.0.4.jar, file:/C:/Users/Kuba/.ivy2/cache/com.typesafe.akka/akka-slf4j_2.11/jars/akka-slf4j_2.11-2.4.4.jar, file:/C:/Users/Kuba/.ivy2/cache/commons-codec/commons-codec/jars/commons-codec-1.10.jar, file:/C:/Users/Kuba/.ivy2/cache/xerces/xercesImpl/jars/xercesImpl-2.11.0.jar, file:/C:/Users/Kuba/.ivy2/cache/xml-apis/xml-apis/jars/xml-apis-1.4.01.jar, file:/C:/Users/Kuba/.ivy2/cache/javax.transaction/jta/jars/jta-1.1.jar, file:/C:/Users/Kuba/Downloads/activator-dist-1.3.12/repository/com.google.inject/guice/4.0/jars/guice.jar, file:/C:/Users/Kuba/.ivy2/cache/javax.inject/javax.inject/jars/javax.inject-1.jar, file:/C:/Users/Kuba/.ivy2/cache/aopalliance/aopalliance/jars/aopalliance-1.0.jar, file:/C:/Users/Kuba/Downloads/activator-dist-1.3.12/repository/com.google.inject.extensions/guice-assistedinject/4.0/jars/guice-assistedinject.jar, file:/C:/Users/Kuba/.ivy2/cache/com.typesafe.play/play-netty-server_2.11/jars/play-netty-server_2.11-2.5.4.jar, file:/C:/Users/Kuba/.ivy2/cache/com.typesafe.netty/netty-reactive-streams-http/jars/netty-reactive-streams-http-1.0.6.jar, file:/C:/Users/Kuba/.ivy2/cache/com.typesafe.netty/netty-reactive-streams/jars/netty-reactive-streams-1.0.6.jar, file:/C:/Users/Kuba/.ivy2/cache/io.netty/netty-handler/jars/netty-handler-4.0.36.Final.jar, file:/C:/Users/Kuba/.ivy2/cache/io.netty/netty-buffer/jars/netty-buffer-4.0.36.Final.jar, file:/C:/Users/Kuba/.ivy2/cache/io.netty/netty-common/jars/netty-common-4.0.36.Final.jar, file:/C:/Users/Kuba/.ivy2/cache/io.netty/netty-transport/jars/netty-transport-4.0.36.Final.jar, file:/C:/Users/Kuba/.ivy2/cache/io.netty/netty-codec/jars/netty-codec-4.0.36.Final.jar, file:/C:/Users/Kuba/.ivy2/cache/io.netty/netty-codec-http/jars/netty-codec-http-4.0.36.Final.jar, file:/C:/Users/Kuba/.ivy2/cache/io.netty/netty-transport-native-epoll/jars/netty-transport-native-epoll-4.0.36.Final-linux-x86_64.jar, file:/C:/Users/Kuba/.ivy2/cache/com.typesafe.play/play-logback_2.11/jars/play-logback_2.11-2.5.4.jar, file:/C:/Users/Kuba/.ivy2/cache/org.scala-lang/scala-swing/jars/scala-swing-2.11.0-M7.jar, file:/C:/Users/Kuba/.ivy2/cache/com.mohiva/play-silhouette_2.11/jars/play-silhouette_2.11-4.0.0.jar, file:/C:/Users/Kuba/.ivy2/cache/com.typesafe.play/play-cache_2.11/jars/play-cache_2.11-2.5.4.jar, file:/C:/Users/Kuba/Downloads/activator-dist-1.3.12/repository/net.sf.ehcache/ehcache-core/2.6.11/jars/ehcache-core.jar, file:/C:/Users/Kuba/.ivy2/cache/com.typesafe.play/play-ws_2.11/jars/play-ws_2.11-2.5.4.jar, file:/C:/Users/Kuba/.ivy2/cache/com.google.guava/guava/bundles/guava-19.0.jar, file:/C:/Users/Kuba/.ivy2/cache/org.asynchttpclient/async-http-client/jars/async-http-client-2.0.2.jar, file:/C:/Users/Kuba/.ivy2/cache/org.asynchttpclient/netty-resolver-dns/jars/netty-resolver-dns-2.0.2.jar, file:/C:/Users/Kuba/.ivy2/cache/org.asynchttpclient/netty-resolver/jars/netty-resolver-2.0.2.jar, file:/C:/Users/Kuba/.ivy2/cache/org.slf4j/slf4j-api/jars/slf4j-api-1.7.21.jar, file:/C:/Users/Kuba/.ivy2/cache/org.asynchttpclient/netty-codec-dns/jars/netty-codec-dns-2.0.2.jar, file:/C:/Users/Kuba/.ivy2/cache/org.javassist/javassist/bundles/javassist-3.20.0-GA.jar, file:/C:/Users/Kuba/.ivy2/cache/oauth.signpost/signpost-core/jars/signpost-core-1.2.1.2.jar, file:/C:/Users/Kuba/.ivy2/cache/oauth.signpost/signpost-commonshttp4/jars/signpost-commonshttp4-1.2.1.2.jar, file:/C:/Users/Kuba/.ivy2/cache/org.apache.httpcomponents/httpcore/jars/httpcore-4.0.1.jar, file:/C:/Users/Kuba/.ivy2/cache/org.apache.httpcomponents/httpclient/jars/httpclient-4.0.1.jar, file:/C:/Users/Kuba/.ivy2/cache/commons-logging/commons-logging/jars/commons-logging-1.1.1.jar, file:/C:/Users/Kuba/.ivy2/cache/com.atlassian.jwt/jwt-core/jars/jwt-core-1.5.8.jar, file:/C:/Users/Kuba/.ivy2/cache/com.nimbusds/nimbus-jose-jwt/jars/nimbus-jose-jwt-2.16.jar, file:/C:/Users/Kuba/.ivy2/cache/net.jcip/jcip-annotations/jars/jcip-annotations-1.0.jar, file:/C:/Users/Kuba/.ivy2/cache/net.minidev/json-smart/jars/json-smart-1.1.1.jar, file:/C:/Users/Kuba/.ivy2/cache/javax.mail/mail/jars/mail-1.4.7.jar, file:/C:/Users/Kuba/.ivy2/cache/org.bouncycastle/bcprov-jdk15on/jars/bcprov-jdk15on-1.51.jar, file:/C:/Users/Kuba/.ivy2/cache/org.bouncycastle/bcpkix-jdk15on/jars/bcpkix-jdk15on-1.51.jar, file:/C:/Users/Kuba/.ivy2/cache/com.atlassian.jwt/jwt-api/jars/jwt-api-1.5.8.jar, file:/C:/Users/Kuba/.ivy2/cache/com.mohiva/play-silhouette-password-bcrypt_2.11/jars/play-silhouette-password-bcrypt_2.11-4.0.0.jar, file:/C:/Users/Kuba/.ivy2/cache/de.svenkubiak/jBCrypt/bundles/jBCrypt-0.4.1.jar, file:/C:/Users/Kuba/.ivy2/cache/com.mohiva/play-silhouette-persistence_2.11/jars/play-silhouette-persistence_2.11-4.0.0.jar, file:/C:/Users/Kuba/.ivy2/cache/com.mohiva/play-silhouette-crypto-jca_2.11/jars/play-silhouette-crypto-jca_2.11-4.0.0.jar, file:/C:/Users/Kuba/.ivy2/cache/org.webjars/webjars-play_2.11/jars/webjars-play_2.11-2.5.0-2.jar, file:/C:/Users/Kuba/.ivy2/cache/org.webjars/requirejs/jars/requirejs-2.1.20.jar, file:/C:/Users/Kuba/.ivy2/cache/org.webjars/webjars-locator/jars/webjars-locator-0.31.jar, file:/C:/Users/Kuba/.ivy2/cache/org.webjars/webjars-locator-core/jars/webjars-locator-core-0.30.jar, file:/C:/Users/Kuba/.ivy2/cache/org.apache.commons/commons-compress/jars/commons-compress-1.9.jar, file:/C:/Users/Kuba/.ivy2/cache/net.codingwell/scala-guice_2.11/jars/scala-guice_2.11-4.0.1.jar, file:/C:/Users/Kuba/.ivy2/cache/com.google.inject.extensions/guice-multibindings/jars/guice-multibindings-4.0.jar, file:/C:/Users/Kuba/.ivy2/cache/com.iheart/ficus_2.11/jars/ficus_2.11-1.2.6.jar, file:/C:/Users/Kuba/.ivy2/cache/org.typelevel/macro-compat_2.11/jars/macro-compat_2.11-1.1.1.jar, file:/C:/Users/Kuba/.ivy2/cache/com.typesafe.play/play-mailer_2.11/jars/play-mailer_2.11-5.0.0.jar, file:/C:/Users/Kuba/.ivy2/cache/org.apache.commons/commons-email/jars/commons-email-1.4.jar, file:/C:/Users/Kuba/.ivy2/cache/com.sun.mail/javax.mail/jars/javax.mail-1.5.2.jar, file:/C:/Users/Kuba/.ivy2/cache/javax.activation/activation/jars/activation-1.1.1.jar, file:/C:/Users/Kuba/.ivy2/cache/com.enragedginger/akka-quartz-scheduler_2.11/jars/akka-quartz-scheduler_2.11-1.5.0-akka-2.4.x.jar, file:/C:/Users/Kuba/.ivy2/cache/org.quartz-scheduler/quartz/jars/quartz-2.2.2.jar, file:/C:/Users/Kuba/.ivy2/cache/c3p0/c3p0/jars/c3p0-0.9.1.1.jar, file:/C:/Users/Kuba/.ivy2/cache/com.adrianhurt/play-bootstrap_2.11/jars/play-bootstrap_2.11-1.0-P25-B3.jar, file:/C:/Users/Kuba/.ivy2/cache/com.typesafe.play/filters-helpers_2.11/jars/filters-helpers_2.11-2.5.4.jar, file:/C:/Users/Kuba/.ivy2/cache/com.typesafe.play/play-java_2.11/jars/play-java_2.11-2.5.4.jar, file:/C:/Users/Kuba/Downloads/activator-dist-1.3.12/repository/org.yaml/snakeyaml/1.16/bundles/snakeyaml.jar, file:/C:/Users/Kuba/Downloads/activator-dist-1.3.12/repository/org.hibernate/hibernate-validator/5.2.4.Final/jars/hibernate-validator.jar, file:/C:/Users/Kuba/Downloads/activator-dist-1.3.12/repository/javax.validation/validation-api/1.1.0.Final/jars/validation-api.jar, file:/C:/Users/Kuba/Downloads/activator-dist-1.3.12/repository/org.jboss.logging/jboss-logging/3.2.1.Final/jars/jboss-logging.jar, file:/C:/Users/Kuba/Downloads/activator-dist-1.3.12/repository/com.fasterxml/classmate/1.1.0/bundles/classmate.jar, file:/C:/Users/Kuba/Downloads/activator-dist-1.3.12/repository/javax.el/javax.el-api/3.0.0/jars/javax.el-api.jar, file:/C:/Users/Kuba/.ivy2/cache/org.springframework/spring-context/jars/spring-context-4.2.4.RELEASE.jar, file:/C:/Users/Kuba/.ivy2/cache/org.springframework/spring-core/jars/spring-core-4.2.4.RELEASE.jar, file:/C:/Users/Kuba/.ivy2/cache/org.springframework/spring-beans/jars/spring-beans-4.2.4.RELEASE.jar, file:/C:/Users/Kuba/Downloads/activator-dist-1.3.12/repository/org.reflections/reflections/0.9.10/jars/reflections.jar, file:/C:/Users/Kuba/Downloads/activator-dist-1.3.12/repository/net.jodah/typetools/0.4.4/bundles/typetools.jar, file:/C:/Users/Kuba/.ivy2/cache/com.google.code.findbugs/jsr305/jars/jsr305-3.0.1.jar, file:/C:/Users/Kuba/Downloads/activator-dist-1.3.12/repository/org.apache.tomcat/tomcat-servlet-api/8.0.33/jars/tomcat-servlet-api.jar, file:/C:/Users/Kuba/.ivy2/cache/com.adrianhurt/play-bootstrap-core_2.11/jars/play-bootstrap-core_2.11-1.0-P25.jar, file:/C:/Users/Kuba/.ivy2/cache/org.webjars/bootstrap/jars/bootstrap-3.3.6.jar, file:/C:/Users/Kuba/.ivy2/cache/org.webjars/jquery/jars/jquery-2.1.4.jar}
16:45:22.997 [ForkJoinPool-8-worker-1] DEBUG c.g.inject.internal.util.Stopwatch - Instance member validation: 3ms
16:45:23.002 [ForkJoinPool-8-worker-1] DEBUG c.g.inject.internal.util.Stopwatch - Provider verification: 5ms
16:45:23.002 [ForkJoinPool-8-worker-1] DEBUG c.g.inject.internal.util.Stopwatch - Static member injection: 0ms
16:45:23.045 [application-akka.actor.default-dispatcher-5] INFO  akka.event.slf4j.Slf4jLogger - Slf4jLogger started
16:45:23.049 [ForkJoinPool-8-worker-1] DEBUG p.a.l.concurrent.ActorSystemProvider - Starting application default Akka system: application
16:45:23.060 [ForkJoinPool-8-worker-1] DEBUG n.s.e.config.ConfigurationFactory - Configuring ehcache from URL: jar:file:/C:/Users/Kuba/.ivy2/cache/com.typesafe.play/play-cache_2.11/jars/play-cache_2.11-2.5.4.jar!/ehcache-default.xml
16:45:23.061 [ForkJoinPool-8-worker-1] DEBUG n.s.e.config.ConfigurationFactory - Configuring ehcache from InputStream
16:45:23.072 [ForkJoinPool-8-worker-1] DEBUG net.sf.ehcache.config.BeanHandler - Ignoring ehcache attribute xmlns:xsi
16:45:23.072 [ForkJoinPool-8-worker-1] DEBUG net.sf.ehcache.config.BeanHandler - Ignoring ehcache attribute xsi:noNamespaceSchemaLocation
16:45:23.086 [ForkJoinPool-8-worker-1] DEBUG net.sf.ehcache.CacheManager - Creating new CacheManager with config URL: jar:file:/C:/Users/Kuba/.ivy2/cache/com.typesafe.play/play-cache_2.11/jars/play-cache_2.11-2.5.4.jar!/ehcache-default.xml
16:45:23.090 [ForkJoinPool-8-worker-1] DEBUG net.sf.ehcache.util.PropertyUtil - propertiesString is null.
16:45:23.103 [ForkJoinPool-8-worker-1] DEBUG n.s.e.config.ConfigurationHelper - No CacheManagerEventListenerFactory class specified. Skipping...
16:45:23.117 [ForkJoinPool-8-worker-1] DEBUG net.sf.ehcache.Cache - No BootstrapCacheLoaderFactory class specified. Skipping...
16:45:23.117 [ForkJoinPool-8-worker-1] DEBUG net.sf.ehcache.Cache - CacheWriter factory not configured. Skipping...
16:45:23.118 [ForkJoinPool-8-worker-1] DEBUG n.s.e.config.ConfigurationHelper - No CacheExceptionHandlerFactory class specified. Skipping...
16:45:23.125 [ForkJoinPool-8-worker-1] DEBUG c.g.inject.internal.util.Stopwatch - Instance injection: 123ms
16:45:23.131 [application-akka.actor.default-dispatcher-2] DEBUG c.google.inject.internal.BytecodeGen - Loading class jobs.AuthTokenCleaner FastClass with com.google.inject.internal.BytecodeGen$BridgeClassLoader@4c212a4a
16:45:23.351 [ForkJoinPool-8-worker-1] INFO  o.quartz.core.SchedulerSignalerImpl - Initialized Scheduler Signaller of type: class org.quartz.core.SchedulerSignalerImpl
16:45:23.352 [ForkJoinPool-8-worker-1] INFO  org.quartz.core.QuartzScheduler - Quartz Scheduler v.2.2.2 created.
16:45:23.356 [ForkJoinPool-8-worker-1] INFO  org.quartz.simpl.RAMJobStore - RAMJobStore initialized.
16:45:23.359 [ForkJoinPool-8-worker-1] INFO  org.quartz.core.QuartzScheduler - Scheduler meta-data: Quartz Scheduler (v2.2.2) 'QuartzScheduler~application' with instanceId 'application'
  Scheduler class: 'org.quartz.core.QuartzScheduler' - running locally.
  NOT STARTED.
  Currently in standby mode.
  Number of jobs executed: 0
  Using thread pool 'org.quartz.simpl.SimpleThreadPool' - with 1 threads.
  Using job-store 'org.quartz.simpl.RAMJobStore' - which does not support persistence. and is not clustered.

16:45:23.360 [ForkJoinPool-8-worker-1] INFO  o.quartz.impl.DirectSchedulerFactory - Quartz scheduler 'QuartzScheduler~application
16:45:23.360 [ForkJoinPool-8-worker-1] INFO  o.quartz.impl.DirectSchedulerFactory - Quartz scheduler version: 2.2.2
16:45:23.361 [QuartzScheduler~application_QuartzSchedulerThread] DEBUG o.quartz.core.QuartzSchedulerThread - batch acquisition of 0 triggers
16:45:23.361 [ForkJoinPool-8-worker-1] INFO  org.quartz.core.QuartzScheduler - Scheduler QuartzScheduler~application_$_application started.
16:45:23.371 [application-akka.actor.default-dispatcher-2] INFO  c.t.a.e.q.QuartzSchedulerExtension - Setting up scheduled job 'AuthTokenCleaner', with 'com.typesafe.akka.extension.quartz.QuartzCronSchedule@6f669340'
16:45:23.384 [QuartzScheduler~application_QuartzSchedulerThread] DEBUG o.quartz.core.QuartzSchedulerThread - batch acquisition of 0 triggers
16:45:23.384 [ForkJoinPool-8-worker-1] DEBUG c.g.inject.internal.util.Stopwatch - Preloading singletons: 259ms
16:45:23.453 [ForkJoinPool-8-worker-1] DEBUG c.google.inject.internal.BytecodeGen - Loading class controllers.WebJarAssets FastClass with PlayDependencyClassLoader{file:/C:/Users/Kuba/IdeaProjects/play-silhouette-seed-master/lib/connect-four.jar, file:/C:/Users/Kuba/IdeaProjects/play-silhouette-seed-master/lib/sudoku.jar, file:/C:/Users/Kuba/.ivy2/cache/org.scala-lang/scala-library/jars/scala-library-2.11.8.jar, file:/C:/Users/Kuba/Downloads/activator-dist-1.3.12/repository/com.typesafe.play/twirl-api_2.11/1.1.1/jars/twirl-api_2.11.jar, file:/C:/Users/Kuba/.ivy2/cache/org.apache.commons/commons-lang3/jars/commons-lang3-3.4.jar, file:/C:/Users/Kuba/.ivy2/cache/org.scala-lang.modules/scala-xml_2.11/bundles/scala-xml_2.11-1.0.1.jar, file:/C:/Users/Kuba/.ivy2/cache/com.typesafe.play/play-server_2.11/jars/play-server_2.11-2.5.4.jar, file:/C:/Users/Kuba/.ivy2/cache/com.typesafe.play/play_2.11/jars/play_2.11-2.5.4.jar, file:/C:/Users/Kuba/.ivy2/cache/com.typesafe.play/build-link/jars/build-link-2.5.4.jar, file:/C:/Users/Kuba/.ivy2/cache/com.typesafe.play/play-exceptions/jars/play-exceptions-2.5.4.jar, file:/C:/Users/Kuba/.ivy2/cache/com.typesafe.play/play-iteratees_2.11/jars/play-iteratees_2.11-2.5.4.jar, file:/C:/Users/Kuba/.ivy2/cache/org.scala-stm/scala-stm_2.11/jars/scala-stm_2.11-0.7.jar, file:/C:/Users/Kuba/Downloads/activator-dist-1.3.12/repository/com.typesafe/config/1.3.0/bundles/config.jar, file:/C:/Users/Kuba/.ivy2/cache/ch.qos.logback/logback-classic/jars/logback-classic-1.1.7.jar, file:/C:/Users/Kuba/.ivy2/cache/ch.qos.logback/logback-core/jars/logback-core-1.1.7.jar, file:/C:/Users/Kuba/.ivy2/cache/com.typesafe.play/play-json_2.11/jars/play-json_2.11-2.5.4.jar, file:/C:/Users/Kuba/.ivy2/cache/com.typesafe.play/play-functional_2.11/jars/play-functional_2.11-2.5.4.jar, file:/C:/Users/Kuba/.ivy2/cache/com.typesafe.play/play-datacommons_2.11/jars/play-datacommons_2.11-2.5.4.jar, file:/C:/Users/Kuba/Downloads/activator-dist-1.3.12/repository/joda-time/joda-time/2.9.2/jars/joda-time.jar, file:/C:/Users/Kuba/Downloads/activator-dist-1.3.12/repository/org.joda/joda-convert/1.8.1/jars/joda-convert.jar, file:/C:/Users/Kuba/Downloads/activator-dist-1.3.12/repository/org.scala-lang/scala-reflect/2.11.7/jars/scala-reflect.jar, file:/C:/Users/Kuba/Downloads/activator-dist-1.3.12/repository/com.fasterxml.jackson.core/jackson-core/2.7.1/bundles/jackson-core.jar, file:/C:/Users/Kuba/Downloads/activator-dist-1.3.12/repository/com.fasterxml.jackson.core/jackson-annotations/2.7.1/bundles/jackson-annotations.jar, file:/C:/Users/Kuba/Downloads/activator-dist-1.3.12/repository/com.fasterxml.jackson.core/jackson-databind/2.7.1/bundles/jackson-databind.jar, file:/C:/Users/Kuba/Downloads/activator-dist-1.3.12/repository/com.fasterxml.jackson.datatype/jackson-datatype-jdk8/2.7.1/bundles/jackson-datatype-jdk8.jar, file:/C:/Users/Kuba/Downloads/activator-dist-1.3.12/repository/com.fasterxml.jackson.datatype/jackson-datatype-jsr310/2.7.1/bundles/jackson-datatype-jsr310.jar, file:/C:/Users/Kuba/.ivy2/cache/com.typesafe.play/play-netty-utils/jars/play-netty-utils-2.5.4.jar, file:/C:/Users/Kuba/.ivy2/cache/org.slf4j/jul-to-slf4j/jars/jul-to-slf4j-1.7.19.jar, file:/C:/Users/Kuba/.ivy2/cache/org.slf4j/jcl-over-slf4j/jars/jcl-over-slf4j-1.7.19.jar, file:/C:/Users/Kuba/.ivy2/cache/com.typesafe.play/play-streams_2.11/jars/play-streams_2.11-2.5.4.jar, file:/C:/Users/Kuba/.ivy2/cache/org.reactivestreams/reactive-streams/jars/reactive-streams-1.0.0.jar, file:/C:/Users/Kuba/.ivy2/cache/com.typesafe.akka/akka-stream_2.11/jars/akka-stream_2.11-2.4.4.jar, file:/C:/Users/Kuba/.ivy2/cache/com.typesafe.akka/akka-actor_2.11/jars/akka-actor_2.11-2.4.4.jar, file:/C:/Users/Kuba/Downloads/activator-dist-1.3.12/repository/org.scala-lang.modules/scala-java8-compat_2.11/0.7.0/bundles/scala-java8-compat_2.11.jar, file:/C:/Users/Kuba/Downloads/activator-dist-1.3.12/repository/com.typesafe/ssl-config-akka_2.11/0.2.1/bundles/ssl-config-akka_2.11.jar, file:/C:/Users/Kuba/.ivy2/cache/com.typesafe/ssl-config-core_2.11/bundles/ssl-config-core_2.11-0.2.1.jar, file:/C:/Users/Kuba/.ivy2/cache/org.scala-lang.modules/scala-parser-combinators_2.11/bundles/scala-parser-combinators_2.11-1.0.4.jar, file:/C:/Users/Kuba/.ivy2/cache/com.typesafe.akka/akka-slf4j_2.11/jars/akka-slf4j_2.11-2.4.4.jar, file:/C:/Users/Kuba/.ivy2/cache/commons-codec/commons-codec/jars/commons-codec-1.10.jar, file:/C:/Users/Kuba/.ivy2/cache/xerces/xercesImpl/jars/xercesImpl-2.11.0.jar, file:/C:/Users/Kuba/.ivy2/cache/xml-apis/xml-apis/jars/xml-apis-1.4.01.jar, file:/C:/Users/Kuba/.ivy2/cache/javax.transaction/jta/jars/jta-1.1.jar, file:/C:/Users/Kuba/Downloads/activator-dist-1.3.12/repository/com.google.inject/guice/4.0/jars/guice.jar, file:/C:/Users/Kuba/.ivy2/cache/javax.inject/javax.inject/jars/javax.inject-1.jar, file:/C:/Users/Kuba/.ivy2/cache/aopalliance/aopalliance/jars/aopalliance-1.0.jar, file:/C:/Users/Kuba/Downloads/activator-dist-1.3.12/repository/com.google.inject.extensions/guice-assistedinject/4.0/jars/guice-assistedinject.jar, file:/C:/Users/Kuba/.ivy2/cache/com.typesafe.play/play-netty-server_2.11/jars/play-netty-server_2.11-2.5.4.jar, file:/C:/Users/Kuba/.ivy2/cache/com.typesafe.netty/netty-reactive-streams-http/jars/netty-reactive-streams-http-1.0.6.jar, file:/C:/Users/Kuba/.ivy2/cache/com.typesafe.netty/netty-reactive-streams/jars/netty-reactive-streams-1.0.6.jar, file:/C:/Users/Kuba/.ivy2/cache/io.netty/netty-handler/jars/netty-handler-4.0.36.Final.jar, file:/C:/Users/Kuba/.ivy2/cache/io.netty/netty-buffer/jars/netty-buffer-4.0.36.Final.jar, file:/C:/Users/Kuba/.ivy2/cache/io.netty/netty-common/jars/netty-common-4.0.36.Final.jar, file:/C:/Users/Kuba/.ivy2/cache/io.netty/netty-transport/jars/netty-transport-4.0.36.Final.jar, file:/C:/Users/Kuba/.ivy2/cache/io.netty/netty-codec/jars/netty-codec-4.0.36.Final.jar, file:/C:/Users/Kuba/.ivy2/cache/io.netty/netty-codec-http/jars/netty-codec-http-4.0.36.Final.jar, file:/C:/Users/Kuba/.ivy2/cache/io.netty/netty-transport-native-epoll/jars/netty-transport-native-epoll-4.0.36.Final-linux-x86_64.jar, file:/C:/Users/Kuba/.ivy2/cache/com.typesafe.play/play-logback_2.11/jars/play-logback_2.11-2.5.4.jar, file:/C:/Users/Kuba/.ivy2/cache/org.scala-lang/scala-swing/jars/scala-swing-2.11.0-M7.jar, file:/C:/Users/Kuba/.ivy2/cache/com.mohiva/play-silhouette_2.11/jars/play-silhouette_2.11-4.0.0.jar, file:/C:/Users/Kuba/.ivy2/cache/com.typesafe.play/play-cache_2.11/jars/play-cache_2.11-2.5.4.jar, file:/C:/Users/Kuba/Downloads/activator-dist-1.3.12/repository/net.sf.ehcache/ehcache-core/2.6.11/jars/ehcache-core.jar, file:/C:/Users/Kuba/.ivy2/cache/com.typesafe.play/play-ws_2.11/jars/play-ws_2.11-2.5.4.jar, file:/C:/Users/Kuba/.ivy2/cache/com.google.guava/guava/bundles/guava-19.0.jar, file:/C:/Users/Kuba/.ivy2/cache/org.asynchttpclient/async-http-client/jars/async-http-client-2.0.2.jar, file:/C:/Users/Kuba/.ivy2/cache/org.asynchttpclient/netty-resolver-dns/jars/netty-resolver-dns-2.0.2.jar, file:/C:/Users/Kuba/.ivy2/cache/org.asynchttpclient/netty-resolver/jars/netty-resolver-2.0.2.jar, file:/C:/Users/Kuba/.ivy2/cache/org.slf4j/slf4j-api/jars/slf4j-api-1.7.21.jar, file:/C:/Users/Kuba/.ivy2/cache/org.asynchttpclient/netty-codec-dns/jars/netty-codec-dns-2.0.2.jar, file:/C:/Users/Kuba/.ivy2/cache/org.javassist/javassist/bundles/javassist-3.20.0-GA.jar, file:/C:/Users/Kuba/.ivy2/cache/oauth.signpost/signpost-core/jars/signpost-core-1.2.1.2.jar, file:/C:/Users/Kuba/.ivy2/cache/oauth.signpost/signpost-commonshttp4/jars/signpost-commonshttp4-1.2.1.2.jar, file:/C:/Users/Kuba/.ivy2/cache/org.apache.httpcomponents/httpcore/jars/httpcore-4.0.1.jar, file:/C:/Users/Kuba/.ivy2/cache/org.apache.httpcomponents/httpclient/jars/httpclient-4.0.1.jar, file:/C:/Users/Kuba/.ivy2/cache/commons-logging/commons-logging/jars/commons-logging-1.1.1.jar, file:/C:/Users/Kuba/.ivy2/cache/com.atlassian.jwt/jwt-core/jars/jwt-core-1.5.8.jar, file:/C:/Users/Kuba/.ivy2/cache/com.nimbusds/nimbus-jose-jwt/jars/nimbus-jose-jwt-2.16.jar, file:/C:/Users/Kuba/.ivy2/cache/net.jcip/jcip-annotations/jars/jcip-annotations-1.0.jar, file:/C:/Users/Kuba/.ivy2/cache/net.minidev/json-smart/jars/json-smart-1.1.1.jar, file:/C:/Users/Kuba/.ivy2/cache/javax.mail/mail/jars/mail-1.4.7.jar, file:/C:/Users/Kuba/.ivy2/cache/org.bouncycastle/bcprov-jdk15on/jars/bcprov-jdk15on-1.51.jar, file:/C:/Users/Kuba/.ivy2/cache/org.bouncycastle/bcpkix-jdk15on/jars/bcpkix-jdk15on-1.51.jar, file:/C:/Users/Kuba/.ivy2/cache/com.atlassian.jwt/jwt-api/jars/jwt-api-1.5.8.jar, file:/C:/Users/Kuba/.ivy2/cache/com.mohiva/play-silhouette-password-bcrypt_2.11/jars/play-silhouette-password-bcrypt_2.11-4.0.0.jar, file:/C:/Users/Kuba/.ivy2/cache/de.svenkubiak/jBCrypt/bundles/jBCrypt-0.4.1.jar, file:/C:/Users/Kuba/.ivy2/cache/com.mohiva/play-silhouette-persistence_2.11/jars/play-silhouette-persistence_2.11-4.0.0.jar, file:/C:/Users/Kuba/.ivy2/cache/com.mohiva/play-silhouette-crypto-jca_2.11/jars/play-silhouette-crypto-jca_2.11-4.0.0.jar, file:/C:/Users/Kuba/.ivy2/cache/org.webjars/webjars-play_2.11/jars/webjars-play_2.11-2.5.0-2.jar, file:/C:/Users/Kuba/.ivy2/cache/org.webjars/requirejs/jars/requirejs-2.1.20.jar, file:/C:/Users/Kuba/.ivy2/cache/org.webjars/webjars-locator/jars/webjars-locator-0.31.jar, file:/C:/Users/Kuba/.ivy2/cache/org.webjars/webjars-locator-core/jars/webjars-locator-core-0.30.jar, file:/C:/Users/Kuba/.ivy2/cache/org.apache.commons/commons-compress/jars/commons-compress-1.9.jar, file:/C:/Users/Kuba/.ivy2/cache/net.codingwell/scala-guice_2.11/jars/scala-guice_2.11-4.0.1.jar, file:/C:/Users/Kuba/.ivy2/cache/com.google.inject.extensions/guice-multibindings/jars/guice-multibindings-4.0.jar, file:/C:/Users/Kuba/.ivy2/cache/com.iheart/ficus_2.11/jars/ficus_2.11-1.2.6.jar, file:/C:/Users/Kuba/.ivy2/cache/org.typelevel/macro-compat_2.11/jars/macro-compat_2.11-1.1.1.jar, file:/C:/Users/Kuba/.ivy2/cache/com.typesafe.play/play-mailer_2.11/jars/play-mailer_2.11-5.0.0.jar, file:/C:/Users/Kuba/.ivy2/cache/org.apache.commons/commons-email/jars/commons-email-1.4.jar, file:/C:/Users/Kuba/.ivy2/cache/com.sun.mail/javax.mail/jars/javax.mail-1.5.2.jar, file:/C:/Users/Kuba/.ivy2/cache/javax.activation/activation/jars/activation-1.1.1.jar, file:/C:/Users/Kuba/.ivy2/cache/com.enragedginger/akka-quartz-scheduler_2.11/jars/akka-quartz-scheduler_2.11-1.5.0-akka-2.4.x.jar, file:/C:/Users/Kuba/.ivy2/cache/org.quartz-scheduler/quartz/jars/quartz-2.2.2.jar, file:/C:/Users/Kuba/.ivy2/cache/c3p0/c3p0/jars/c3p0-0.9.1.1.jar, file:/C:/Users/Kuba/.ivy2/cache/com.adrianhurt/play-bootstrap_2.11/jars/play-bootstrap_2.11-1.0-P25-B3.jar, file:/C:/Users/Kuba/.ivy2/cache/com.typesafe.play/filters-helpers_2.11/jars/filters-helpers_2.11-2.5.4.jar, file:/C:/Users/Kuba/.ivy2/cache/com.typesafe.play/play-java_2.11/jars/play-java_2.11-2.5.4.jar, file:/C:/Users/Kuba/Downloads/activator-dist-1.3.12/repository/org.yaml/snakeyaml/1.16/bundles/snakeyaml.jar, file:/C:/Users/Kuba/Downloads/activator-dist-1.3.12/repository/org.hibernate/hibernate-validator/5.2.4.Final/jars/hibernate-validator.jar, file:/C:/Users/Kuba/Downloads/activator-dist-1.3.12/repository/javax.validation/validation-api/1.1.0.Final/jars/validation-api.jar, file:/C:/Users/Kuba/Downloads/activator-dist-1.3.12/repository/org.jboss.logging/jboss-logging/3.2.1.Final/jars/jboss-logging.jar, file:/C:/Users/Kuba/Downloads/activator-dist-1.3.12/repository/com.fasterxml/classmate/1.1.0/bundles/classmate.jar, file:/C:/Users/Kuba/Downloads/activator-dist-1.3.12/repository/javax.el/javax.el-api/3.0.0/jars/javax.el-api.jar, file:/C:/Users/Kuba/.ivy2/cache/org.springframework/spring-context/jars/spring-context-4.2.4.RELEASE.jar, file:/C:/Users/Kuba/.ivy2/cache/org.springframework/spring-core/jars/spring-core-4.2.4.RELEASE.jar, file:/C:/Users/Kuba/.ivy2/cache/org.springframework/spring-beans/jars/spring-beans-4.2.4.RELEASE.jar, file:/C:/Users/Kuba/Downloads/activator-dist-1.3.12/repository/org.reflections/reflections/0.9.10/jars/reflections.jar, file:/C:/Users/Kuba/Downloads/activator-dist-1.3.12/repository/net.jodah/typetools/0.4.4/bundles/typetools.jar, file:/C:/Users/Kuba/.ivy2/cache/com.google.code.findbugs/jsr305/jars/jsr305-3.0.1.jar, file:/C:/Users/Kuba/Downloads/activator-dist-1.3.12/repository/org.apache.tomcat/tomcat-servlet-api/8.0.33/jars/tomcat-servlet-api.jar, file:/C:/Users/Kuba/.ivy2/cache/com.adrianhurt/play-bootstrap-core_2.11/jars/play-bootstrap-core_2.11-1.0-P25.jar, file:/C:/Users/Kuba/.ivy2/cache/org.webjars/bootstrap/jars/bootstrap-3.3.6.jar, file:/C:/Users/Kuba/.ivy2/cache/org.webjars/jquery/jars/jquery-2.1.4.jar}
16:45:23.454 [ForkJoinPool-3-worker-13] INFO  jobs.AuthTokenCleaner - 
=================================
Start to cleanup auth tokens
=================================
Total of 0 auth tokens(s) were deleted in 0 seconds
=================================
=================================

16:45:23.745 [ForkJoinPool-8-worker-1] DEBUG c.google.inject.internal.BytecodeGen - Loading class controllers.Application FastClass with com.google.inject.internal.BytecodeGen$BridgeClassLoader@4c212a4a
16:45:23.757 [ForkJoinPool-8-worker-1] DEBUG c.google.inject.internal.BytecodeGen - Loading class controllers.SocialAuthController FastClass with com.google.inject.internal.BytecodeGen$BridgeClassLoader@4c212a4a
16:45:23.770 [ForkJoinPool-8-worker-1] DEBUG c.google.inject.internal.BytecodeGen - Loading class controllers.SignUpController FastClass with com.google.inject.internal.BytecodeGen$BridgeClassLoader@4c212a4a
16:45:23.781 [ForkJoinPool-8-worker-1] DEBUG c.google.inject.internal.BytecodeGen - Loading class controllers.SignInController FastClass with com.google.inject.internal.BytecodeGen$BridgeClassLoader@4c212a4a
16:45:23.793 [ForkJoinPool-8-worker-1] DEBUG c.google.inject.internal.BytecodeGen - Loading class controllers.ForgotPasswordController FastClass with com.google.inject.internal.BytecodeGen$BridgeClassLoader@4c212a4a
16:45:23.804 [ForkJoinPool-8-worker-1] DEBUG c.google.inject.internal.BytecodeGen - Loading class controllers.ResetPasswordController FastClass with com.google.inject.internal.BytecodeGen$BridgeClassLoader@4c212a4a
16:45:23.818 [ForkJoinPool-8-worker-1] DEBUG c.google.inject.internal.BytecodeGen - Loading class controllers.ChangePasswordController FastClass with com.google.inject.internal.BytecodeGen$BridgeClassLoader@4c212a4a
16:45:23.828 [ForkJoinPool-8-worker-1] DEBUG c.google.inject.internal.BytecodeGen - Loading class controllers.ActivateAccountController FastClass with com.google.inject.internal.BytecodeGen$BridgeClassLoader@4c212a4a
16:45:23.842 [ForkJoinPool-8-worker-1] DEBUG c.google.inject.internal.BytecodeGen - Loading class controllers.Assets FastClass with PlayDependencyClassLoader{file:/C:/Users/Kuba/IdeaProjects/play-silhouette-seed-master/lib/connect-four.jar, file:/C:/Users/Kuba/IdeaProjects/play-silhouette-seed-master/lib/sudoku.jar, file:/C:/Users/Kuba/.ivy2/cache/org.scala-lang/scala-library/jars/scala-library-2.11.8.jar, file:/C:/Users/Kuba/Downloads/activator-dist-1.3.12/repository/com.typesafe.play/twirl-api_2.11/1.1.1/jars/twirl-api_2.11.jar, file:/C:/Users/Kuba/.ivy2/cache/org.apache.commons/commons-lang3/jars/commons-lang3-3.4.jar, file:/C:/Users/Kuba/.ivy2/cache/org.scala-lang.modules/scala-xml_2.11/bundles/scala-xml_2.11-1.0.1.jar, file:/C:/Users/Kuba/.ivy2/cache/com.typesafe.play/play-server_2.11/jars/play-server_2.11-2.5.4.jar, file:/C:/Users/Kuba/.ivy2/cache/com.typesafe.play/play_2.11/jars/play_2.11-2.5.4.jar, file:/C:/Users/Kuba/.ivy2/cache/com.typesafe.play/build-link/jars/build-link-2.5.4.jar, file:/C:/Users/Kuba/.ivy2/cache/com.typesafe.play/play-exceptions/jars/play-exceptions-2.5.4.jar, file:/C:/Users/Kuba/.ivy2/cache/com.typesafe.play/play-iteratees_2.11/jars/play-iteratees_2.11-2.5.4.jar, file:/C:/Users/Kuba/.ivy2/cache/org.scala-stm/scala-stm_2.11/jars/scala-stm_2.11-0.7.jar, file:/C:/Users/Kuba/Downloads/activator-dist-1.3.12/repository/com.typesafe/config/1.3.0/bundles/config.jar, file:/C:/Users/Kuba/.ivy2/cache/ch.qos.logback/logback-classic/jars/logback-classic-1.1.7.jar, file:/C:/Users/Kuba/.ivy2/cache/ch.qos.logback/logback-core/jars/logback-core-1.1.7.jar, file:/C:/Users/Kuba/.ivy2/cache/com.typesafe.play/play-json_2.11/jars/play-json_2.11-2.5.4.jar, file:/C:/Users/Kuba/.ivy2/cache/com.typesafe.play/play-functional_2.11/jars/play-functional_2.11-2.5.4.jar, file:/C:/Users/Kuba/.ivy2/cache/com.typesafe.play/play-datacommons_2.11/jars/play-datacommons_2.11-2.5.4.jar, file:/C:/Users/Kuba/Downloads/activator-dist-1.3.12/repository/joda-time/joda-time/2.9.2/jars/joda-time.jar, file:/C:/Users/Kuba/Downloads/activator-dist-1.3.12/repository/org.joda/joda-convert/1.8.1/jars/joda-convert.jar, file:/C:/Users/Kuba/Downloads/activator-dist-1.3.12/repository/org.scala-lang/scala-reflect/2.11.7/jars/scala-reflect.jar, file:/C:/Users/Kuba/Downloads/activator-dist-1.3.12/repository/com.fasterxml.jackson.core/jackson-core/2.7.1/bundles/jackson-core.jar, file:/C:/Users/Kuba/Downloads/activator-dist-1.3.12/repository/com.fasterxml.jackson.core/jackson-annotations/2.7.1/bundles/jackson-annotations.jar, file:/C:/Users/Kuba/Downloads/activator-dist-1.3.12/repository/com.fasterxml.jackson.core/jackson-databind/2.7.1/bundles/jackson-databind.jar, file:/C:/Users/Kuba/Downloads/activator-dist-1.3.12/repository/com.fasterxml.jackson.datatype/jackson-datatype-jdk8/2.7.1/bundles/jackson-datatype-jdk8.jar, file:/C:/Users/Kuba/Downloads/activator-dist-1.3.12/repository/com.fasterxml.jackson.datatype/jackson-datatype-jsr310/2.7.1/bundles/jackson-datatype-jsr310.jar, file:/C:/Users/Kuba/.ivy2/cache/com.typesafe.play/play-netty-utils/jars/play-netty-utils-2.5.4.jar, file:/C:/Users/Kuba/.ivy2/cache/org.slf4j/jul-to-slf4j/jars/jul-to-slf4j-1.7.19.jar, file:/C:/Users/Kuba/.ivy2/cache/org.slf4j/jcl-over-slf4j/jars/jcl-over-slf4j-1.7.19.jar, file:/C:/Users/Kuba/.ivy2/cache/com.typesafe.play/play-streams_2.11/jars/play-streams_2.11-2.5.4.jar, file:/C:/Users/Kuba/.ivy2/cache/org.reactivestreams/reactive-streams/jars/reactive-streams-1.0.0.jar, file:/C:/Users/Kuba/.ivy2/cache/com.typesafe.akka/akka-stream_2.11/jars/akka-stream_2.11-2.4.4.jar, file:/C:/Users/Kuba/.ivy2/cache/com.typesafe.akka/akka-actor_2.11/jars/akka-actor_2.11-2.4.4.jar, file:/C:/Users/Kuba/Downloads/activator-dist-1.3.12/repository/org.scala-lang.modules/scala-java8-compat_2.11/0.7.0/bundles/scala-java8-compat_2.11.jar, file:/C:/Users/Kuba/Downloads/activator-dist-1.3.12/repository/com.typesafe/ssl-config-akka_2.11/0.2.1/bundles/ssl-config-akka_2.11.jar, file:/C:/Users/Kuba/.ivy2/cache/com.typesafe/ssl-config-core_2.11/bundles/ssl-config-core_2.11-0.2.1.jar, file:/C:/Users/Kuba/.ivy2/cache/org.scala-lang.modules/scala-parser-combinators_2.11/bundles/scala-parser-combinators_2.11-1.0.4.jar, file:/C:/Users/Kuba/.ivy2/cache/com.typesafe.akka/akka-slf4j_2.11/jars/akka-slf4j_2.11-2.4.4.jar, file:/C:/Users/Kuba/.ivy2/cache/commons-codec/commons-codec/jars/commons-codec-1.10.jar, file:/C:/Users/Kuba/.ivy2/cache/xerces/xercesImpl/jars/xercesImpl-2.11.0.jar, file:/C:/Users/Kuba/.ivy2/cache/xml-apis/xml-apis/jars/xml-apis-1.4.01.jar, file:/C:/Users/Kuba/.ivy2/cache/javax.transaction/jta/jars/jta-1.1.jar, file:/C:/Users/Kuba/Downloads/activator-dist-1.3.12/repository/com.google.inject/guice/4.0/jars/guice.jar, file:/C:/Users/Kuba/.ivy2/cache/javax.inject/javax.inject/jars/javax.inject-1.jar, file:/C:/Users/Kuba/.ivy2/cache/aopalliance/aopalliance/jars/aopalliance-1.0.jar, file:/C:/Users/Kuba/Downloads/activator-dist-1.3.12/repository/com.google.inject.extensions/guice-assistedinject/4.0/jars/guice-assistedinject.jar, file:/C:/Users/Kuba/.ivy2/cache/com.typesafe.play/play-netty-server_2.11/jars/play-netty-server_2.11-2.5.4.jar, file:/C:/Users/Kuba/.ivy2/cache/com.typesafe.netty/netty-reactive-streams-http/jars/netty-reactive-streams-http-1.0.6.jar, file:/C:/Users/Kuba/.ivy2/cache/com.typesafe.netty/netty-reactive-streams/jars/netty-reactive-streams-1.0.6.jar, file:/C:/Users/Kuba/.ivy2/cache/io.netty/netty-handler/jars/netty-handler-4.0.36.Final.jar, file:/C:/Users/Kuba/.ivy2/cache/io.netty/netty-buffer/jars/netty-buffer-4.0.36.Final.jar, file:/C:/Users/Kuba/.ivy2/cache/io.netty/netty-common/jars/netty-common-4.0.36.Final.jar, file:/C:/Users/Kuba/.ivy2/cache/io.netty/netty-transport/jars/netty-transport-4.0.36.Final.jar, file:/C:/Users/Kuba/.ivy2/cache/io.netty/netty-codec/jars/netty-codec-4.0.36.Final.jar, file:/C:/Users/Kuba/.ivy2/cache/io.netty/netty-codec-http/jars/netty-codec-http-4.0.36.Final.jar, file:/C:/Users/Kuba/.ivy2/cache/io.netty/netty-transport-native-epoll/jars/netty-transport-native-epoll-4.0.36.Final-linux-x86_64.jar, file:/C:/Users/Kuba/.ivy2/cache/com.typesafe.play/play-logback_2.11/jars/play-logback_2.11-2.5.4.jar, file:/C:/Users/Kuba/.ivy2/cache/org.scala-lang/scala-swing/jars/scala-swing-2.11.0-M7.jar, file:/C:/Users/Kuba/.ivy2/cache/com.mohiva/play-silhouette_2.11/jars/play-silhouette_2.11-4.0.0.jar, file:/C:/Users/Kuba/.ivy2/cache/com.typesafe.play/play-cache_2.11/jars/play-cache_2.11-2.5.4.jar, file:/C:/Users/Kuba/Downloads/activator-dist-1.3.12/repository/net.sf.ehcache/ehcache-core/2.6.11/jars/ehcache-core.jar, file:/C:/Users/Kuba/.ivy2/cache/com.typesafe.play/play-ws_2.11/jars/play-ws_2.11-2.5.4.jar, file:/C:/Users/Kuba/.ivy2/cache/com.google.guava/guava/bundles/guava-19.0.jar, file:/C:/Users/Kuba/.ivy2/cache/org.asynchttpclient/async-http-client/jars/async-http-client-2.0.2.jar, file:/C:/Users/Kuba/.ivy2/cache/org.asynchttpclient/netty-resolver-dns/jars/netty-resolver-dns-2.0.2.jar, file:/C:/Users/Kuba/.ivy2/cache/org.asynchttpclient/netty-resolver/jars/netty-resolver-2.0.2.jar, file:/C:/Users/Kuba/.ivy2/cache/org.slf4j/slf4j-api/jars/slf4j-api-1.7.21.jar, file:/C:/Users/Kuba/.ivy2/cache/org.asynchttpclient/netty-codec-dns/jars/netty-codec-dns-2.0.2.jar, file:/C:/Users/Kuba/.ivy2/cache/org.javassist/javassist/bundles/javassist-3.20.0-GA.jar, file:/C:/Users/Kuba/.ivy2/cache/oauth.signpost/signpost-core/jars/signpost-core-1.2.1.2.jar, file:/C:/Users/Kuba/.ivy2/cache/oauth.signpost/signpost-commonshttp4/jars/signpost-commonshttp4-1.2.1.2.jar, file:/C:/Users/Kuba/.ivy2/cache/org.apache.httpcomponents/httpcore/jars/httpcore-4.0.1.jar, file:/C:/Users/Kuba/.ivy2/cache/org.apache.httpcomponents/httpclient/jars/httpclient-4.0.1.jar, file:/C:/Users/Kuba/.ivy2/cache/commons-logging/commons-logging/jars/commons-logging-1.1.1.jar, file:/C:/Users/Kuba/.ivy2/cache/com.atlassian.jwt/jwt-core/jars/jwt-core-1.5.8.jar, file:/C:/Users/Kuba/.ivy2/cache/com.nimbusds/nimbus-jose-jwt/jars/nimbus-jose-jwt-2.16.jar, file:/C:/Users/Kuba/.ivy2/cache/net.jcip/jcip-annotations/jars/jcip-annotations-1.0.jar, file:/C:/Users/Kuba/.ivy2/cache/net.minidev/json-smart/jars/json-smart-1.1.1.jar, file:/C:/Users/Kuba/.ivy2/cache/javax.mail/mail/jars/mail-1.4.7.jar, file:/C:/Users/Kuba/.ivy2/cache/org.bouncycastle/bcprov-jdk15on/jars/bcprov-jdk15on-1.51.jar, file:/C:/Users/Kuba/.ivy2/cache/org.bouncycastle/bcpkix-jdk15on/jars/bcpkix-jdk15on-1.51.jar, file:/C:/Users/Kuba/.ivy2/cache/com.atlassian.jwt/jwt-api/jars/jwt-api-1.5.8.jar, file:/C:/Users/Kuba/.ivy2/cache/com.mohiva/play-silhouette-password-bcrypt_2.11/jars/play-silhouette-password-bcrypt_2.11-4.0.0.jar, file:/C:/Users/Kuba/.ivy2/cache/de.svenkubiak/jBCrypt/bundles/jBCrypt-0.4.1.jar, file:/C:/Users/Kuba/.ivy2/cache/com.mohiva/play-silhouette-persistence_2.11/jars/play-silhouette-persistence_2.11-4.0.0.jar, file:/C:/Users/Kuba/.ivy2/cache/com.mohiva/play-silhouette-crypto-jca_2.11/jars/play-silhouette-crypto-jca_2.11-4.0.0.jar, file:/C:/Users/Kuba/.ivy2/cache/org.webjars/webjars-play_2.11/jars/webjars-play_2.11-2.5.0-2.jar, file:/C:/Users/Kuba/.ivy2/cache/org.webjars/requirejs/jars/requirejs-2.1.20.jar, file:/C:/Users/Kuba/.ivy2/cache/org.webjars/webjars-locator/jars/webjars-locator-0.31.jar, file:/C:/Users/Kuba/.ivy2/cache/org.webjars/webjars-locator-core/jars/webjars-locator-core-0.30.jar, file:/C:/Users/Kuba/.ivy2/cache/org.apache.commons/commons-compress/jars/commons-compress-1.9.jar, file:/C:/Users/Kuba/.ivy2/cache/net.codingwell/scala-guice_2.11/jars/scala-guice_2.11-4.0.1.jar, file:/C:/Users/Kuba/.ivy2/cache/com.google.inject.extensions/guice-multibindings/jars/guice-multibindings-4.0.jar, file:/C:/Users/Kuba/.ivy2/cache/com.iheart/ficus_2.11/jars/ficus_2.11-1.2.6.jar, file:/C:/Users/Kuba/.ivy2/cache/org.typelevel/macro-compat_2.11/jars/macro-compat_2.11-1.1.1.jar, file:/C:/Users/Kuba/.ivy2/cache/com.typesafe.play/play-mailer_2.11/jars/play-mailer_2.11-5.0.0.jar, file:/C:/Users/Kuba/.ivy2/cache/org.apache.commons/commons-email/jars/commons-email-1.4.jar, file:/C:/Users/Kuba/.ivy2/cache/com.sun.mail/javax.mail/jars/javax.mail-1.5.2.jar, file:/C:/Users/Kuba/.ivy2/cache/javax.activation/activation/jars/activation-1.1.1.jar, file:/C:/Users/Kuba/.ivy2/cache/com.enragedginger/akka-quartz-scheduler_2.11/jars/akka-quartz-scheduler_2.11-1.5.0-akka-2.4.x.jar, file:/C:/Users/Kuba/.ivy2/cache/org.quartz-scheduler/quartz/jars/quartz-2.2.2.jar, file:/C:/Users/Kuba/.ivy2/cache/c3p0/c3p0/jars/c3p0-0.9.1.1.jar, file:/C:/Users/Kuba/.ivy2/cache/com.adrianhurt/play-bootstrap_2.11/jars/play-bootstrap_2.11-1.0-P25-B3.jar, file:/C:/Users/Kuba/.ivy2/cache/com.typesafe.play/filters-helpers_2.11/jars/filters-helpers_2.11-2.5.4.jar, file:/C:/Users/Kuba/.ivy2/cache/com.typesafe.play/play-java_2.11/jars/play-java_2.11-2.5.4.jar, file:/C:/Users/Kuba/Downloads/activator-dist-1.3.12/repository/org.yaml/snakeyaml/1.16/bundles/snakeyaml.jar, file:/C:/Users/Kuba/Downloads/activator-dist-1.3.12/repository/org.hibernate/hibernate-validator/5.2.4.Final/jars/hibernate-validator.jar, file:/C:/Users/Kuba/Downloads/activator-dist-1.3.12/repository/javax.validation/validation-api/1.1.0.Final/jars/validation-api.jar, file:/C:/Users/Kuba/Downloads/activator-dist-1.3.12/repository/org.jboss.logging/jboss-logging/3.2.1.Final/jars/jboss-logging.jar, file:/C:/Users/Kuba/Downloads/activator-dist-1.3.12/repository/com.fasterxml/classmate/1.1.0/bundles/classmate.jar, file:/C:/Users/Kuba/Downloads/activator-dist-1.3.12/repository/javax.el/javax.el-api/3.0.0/jars/javax.el-api.jar, file:/C:/Users/Kuba/.ivy2/cache/org.springframework/spring-context/jars/spring-context-4.2.4.RELEASE.jar, file:/C:/Users/Kuba/.ivy2/cache/org.springframework/spring-core/jars/spring-core-4.2.4.RELEASE.jar, file:/C:/Users/Kuba/.ivy2/cache/org.springframework/spring-beans/jars/spring-beans-4.2.4.RELEASE.jar, file:/C:/Users/Kuba/Downloads/activator-dist-1.3.12/repository/org.reflections/reflections/0.9.10/jars/reflections.jar, file:/C:/Users/Kuba/Downloads/activator-dist-1.3.12/repository/net.jodah/typetools/0.4.4/bundles/typetools.jar, file:/C:/Users/Kuba/.ivy2/cache/com.google.code.findbugs/jsr305/jars/jsr305-3.0.1.jar, file:/C:/Users/Kuba/Downloads/activator-dist-1.3.12/repository/org.apache.tomcat/tomcat-servlet-api/8.0.33/jars/tomcat-servlet-api.jar, file:/C:/Users/Kuba/.ivy2/cache/com.adrianhurt/play-bootstrap-core_2.11/jars/play-bootstrap-core_2.11-1.0-P25.jar, file:/C:/Users/Kuba/.ivy2/cache/org.webjars/bootstrap/jars/bootstrap-3.3.6.jar, file:/C:/Users/Kuba/.ivy2/cache/org.webjars/jquery/jars/jquery-2.1.4.jar}
16:45:23.862 [ForkJoinPool-8-worker-1] DEBUG c.google.inject.internal.BytecodeGen - Loading class router.Routes FastClass with com.google.inject.internal.BytecodeGen$BridgeClassLoader@4c212a4a
16:45:24.059 [ForkJoinPool-8-worker-1] DEBUG i.n.buffer.PooledByteBufAllocator - -Dio.netty.allocator.numHeapArenas: 7
16:45:24.059 [ForkJoinPool-8-worker-1] DEBUG i.n.buffer.PooledByteBufAllocator - -Dio.netty.allocator.numDirectArenas: 7
16:45:24.059 [ForkJoinPool-8-worker-1] DEBUG i.n.buffer.PooledByteBufAllocator - -Dio.netty.allocator.pageSize: 8192
16:45:24.059 [ForkJoinPool-8-worker-1] DEBUG i.n.buffer.PooledByteBufAllocator - -Dio.netty.allocator.maxOrder: 11
16:45:24.059 [ForkJoinPool-8-worker-1] DEBUG i.n.buffer.PooledByteBufAllocator - -Dio.netty.allocator.chunkSize: 16777216
16:45:24.059 [ForkJoinPool-8-worker-1] DEBUG i.n.buffer.PooledByteBufAllocator - -Dio.netty.allocator.tinyCacheSize: 512
16:45:24.059 [ForkJoinPool-8-worker-1] DEBUG i.n.buffer.PooledByteBufAllocator - -Dio.netty.allocator.smallCacheSize: 256
16:45:24.059 [ForkJoinPool-8-worker-1] DEBUG i.n.buffer.PooledByteBufAllocator - -Dio.netty.allocator.normalCacheSize: 64
16:45:24.059 [ForkJoinPool-8-worker-1] DEBUG i.n.buffer.PooledByteBufAllocator - -Dio.netty.allocator.maxCachedBufferCapacity: 32768
16:45:24.059 [ForkJoinPool-8-worker-1] DEBUG i.n.buffer.PooledByteBufAllocator - -Dio.netty.allocator.cacheTrimInterval: 8192
16:45:24.246 [ForkJoinPool-8-worker-1] DEBUG net.sf.ehcache.store.MemoryStore - Initialized net.sf.ehcache.store.NotifyingMemoryStore for play
16:45:24.257 [ForkJoinPool-8-worker-1] DEBUG net.sf.ehcache.Cache - Initialised cache: play
16:45:24.257 [ForkJoinPool-8-worker-1] DEBUG n.s.e.config.ConfigurationHelper - CacheDecoratorFactory not configured for defaultCache. Skipping for 'play'.
16:45:24.337 [ForkJoinPool-8-worker-1] DEBUG d.h.s.c.m.controller.GridController - created empty grids
16:45:24.413 [ForkJoinPool-8-worker-1] DEBUG p.api.libs.crypto.CryptoConfigParser - Generated dev mode secret 0c3953ba3ebba1e7629420e2a81577bf for app at file:/C:/Users/Kuba/IdeaProjects/play-silhouette-seed-master/target/scala-2.11/classes/application.conf
16:45:24.423 [ForkJoinPool-8-worker-1] INFO  play.api.Play - Application started (Dev)
16:45:32.379 [netty-event-loop-4] DEBUG i.n.u.i.JavassistTypeParameterMatcherGenerator - Generated: io.netty.util.internal.__matchers__.io.netty.handler.codec.http.HttpContentMatcher
16:45:32.664 [AsyncHttpClient-2-1] DEBUG i.n.handler.logging.LoggingHandler - [id: 0x93fb6550] REGISTERED
16:45:32.666 [AsyncHttpClient-2-1] DEBUG i.n.handler.logging.LoggingHandler - [id: 0x93fb6550] CONNECT(secure.gravatar.com/192.0.73.2:443, null)
16:45:32.703 [AsyncHttpClient-2-1] DEBUG i.n.handler.logging.LoggingHandler - [id: 0x93fb6550, L:/141.37.200.31:49619 - R:secure.gravatar.com/192.0.73.2:443] ACTIVE
16:45:32.726 [AsyncHttpClient-2-1] DEBUG o.a.n.channel.NettyConnectListener - Using non-cached Channel [id: 0x93fb6550, L:/141.37.200.31:49619 - R:secure.gravatar.com/192.0.73.2:443] for GET '/avatar/f84d37ce99493155ee296c2b746191d0?d=404'
16:45:32.736 [AsyncHttpClient-2-1] DEBUG i.n.handler.logging.LoggingHandler - [id: 0x93fb6550, L:/141.37.200.31:49619 - R:secure.gravatar.com/192.0.73.2:443] WRITE: 124B
         +-------------------------------------------------+
         |  0  1  2  3  4  5  6  7  8  9  a  b  c  d  e  f |
+--------+-------------------------------------------------+----------------+
|00000000| 47 45 54 20 2f 61 76 61 74 61 72 2f 66 38 34 64 |GET /avatar/f84d|
|00000010| 33 37 63 65 39 39 34 39 33 31 35 35 65 65 32 39 |37ce99493155ee29|
|00000020| 36 63 32 62 37 34 36 31 39 31 64 30 3f 64 3d 34 |6c2b746191d0?d=4|
|00000030| 30 34 20 48 54 54 50 2f 31 2e 31 0d 0a 48 6f 73 |04 HTTP/1.1..Hos|
|00000040| 74 3a 20 73 65 63 75 72 65 2e 67 72 61 76 61 74 |t: secure.gravat|
|00000050| 61 72 2e 63 6f 6d 0d 0a 41 63 63 65 70 74 3a 20 |ar.com..Accept: |
|00000060| 2a 2f 2a 0d 0a 55 73 65 72 2d 41 67 65 6e 74 3a |*/*..User-Agent:|
|00000070| 20 41 48 43 2f 32 2e 30 0d 0a 0d 0a             | AHC/2.0....    |
+--------+-------------------------------------------------+----------------+
16:45:32.738 [AsyncHttpClient-2-1] DEBUG i.n.handler.logging.LoggingHandler - [id: 0x93fb6550, L:/141.37.200.31:49619 - R:secure.gravatar.com/192.0.73.2:443] FLUSH
16:45:32.741 [AsyncHttpClient-2-1] DEBUG io.netty.handler.ssl.SslHandler - [id: 0x93fb6550, L:/141.37.200.31:49619 - R:secure.gravatar.com/192.0.73.2:443] HANDSHAKEN: TLS_ECDHE_RSA_WITH_AES_128_GCM_SHA256
16:45:32.741 [AsyncHttpClient-2-1] DEBUG i.n.handler.logging.LoggingHandler - [id: 0x93fb6550, L:/141.37.200.31:49619 - R:secure.gravatar.com/192.0.73.2:443] USER_EVENT: SslHandshakeCompletionEvent(SUCCESS)
16:45:32.748 [AsyncHttpClient-2-1] DEBUG i.n.handler.logging.LoggingHandler - [id: 0x93fb6550, L:/141.37.200.31:49619 - R:secure.gravatar.com/192.0.73.2:443] RECEIVED: 384B
         +-------------------------------------------------+
         |  0  1  2  3  4  5  6  7  8  9  a  b  c  d  e  f |
+--------+-------------------------------------------------+----------------+
|00000000| 48 54 54 50 2f 31 2e 31 20 34 30 34 20 4e 6f 74 |HTTP/1.1 404 Not|
|00000010| 20 46 6f 75 6e 64 0d 0a 53 65 72 76 65 72 3a 20 | Found..Server: |
|00000020| 6e 67 69 6e 78 0d 0a 44 61 74 65 3a 20 54 68 75 |nginx..Date: Thu|
|00000030| 2c 20 31 38 20 4a 61 6e 20 32 30 31 38 20 31 35 |, 18 Jan 2018 15|
|00000040| 3a 34 36 3a 30 31 20 47 4d 54 0d 0a 43 6f 6e 74 |:46:01 GMT..Cont|
|00000050| 65 6e 74 2d 54 79 70 65 3a 20 74 65 78 74 2f 68 |ent-Type: text/h|
|00000060| 74 6d 6c 3b 20 63 68 61 72 73 65 74 3d 75 74 66 |tml; charset=utf|
|00000070| 2d 38 0d 0a 43 6f 6e 74 65 6e 74 2d 4c 65 6e 67 |-8..Content-Leng|
|00000080| 74 68 3a 20 31 33 0d 0a 43 6f 6e 6e 65 63 74 69 |th: 13..Connecti|
|00000090| 6f 6e 3a 20 6b 65 65 70 2d 61 6c 69 76 65 0d 0a |on: keep-alive..|
|000000a0| 4c 61 73 74 2d 4d 6f 64 69 66 69 65 64 3a 20 54 |Last-Modified: T|
|000000b0| 75 65 2c 20 31 31 20 4d 61 72 20 32 30 30 38 20 |ue, 11 Mar 2008 |
|000000c0| 32 32 3a 35 35 3a 30 36 20 47 4d 54 0d 0a 4c 69 |22:55:06 GMT..Li|
|000000d0| 6e 6b 3a 20 3c 68 74 74 70 73 3a 2f 2f 77 77 77 |nk: <https://www|
|000000e0| 2e 67 72 61 76 61 74 61 72 2e 63 6f 6d 2f 61 76 |.gravatar.com/av|
|000000f0| 61 74 61 72 2f 66 38 34 64 33 37 63 65 39 39 34 |atar/f84d37ce994|
|00000100| 39 33 31 35 35 65 65 32 39 36 63 32 62 37 34 36 |93155ee296c2b746|
|00000110| 31 39 31 64 30 3f 64 3d 34 30 34 3e 3b 20 72 65 |191d0?d=404>; re|
|00000120| 6c 3d 22 63 61 6e 6f 6e 69 63 61 6c 22 0d 0a 41 |l="canonical"..A|
|00000130| 63 63 65 73 73 2d 43 6f 6e 74 72 6f 6c 2d 41 6c |ccess-Control-Al|
|00000140| 6c 6f 77 2d 4f 72 69 67 69 6e 3a 20 2a 0d 0a 58 |low-Origin: *..X|
|00000150| 2d 6e 63 3a 20 48 49 54 20 66 72 61 20 32 0d 0a |-nc: HIT fra 2..|
|00000160| 53 6f 75 72 63 65 2d 41 67 65 3a 20 31 39 37 0d |Source-Age: 197.|
|00000170| 0a 0d 0a 34 30 34 20 4e 6f 74 20 46 6f 75 6e 64 |...404 Not Found|
+--------+-------------------------------------------------+----------------+
16:45:32.748 [AsyncHttpClient-2-1] DEBUG o.a.netty.handler.HttpHandler - 

Request DefaultFullHttpRequest(decodeResult: success, version: HTTP/1.1, content: UnpooledUnsafeHeapByteBuf(freed))
GET /avatar/f84d37ce99493155ee296c2b746191d0?d=404 HTTP/1.1
Host: secure.gravatar.com
Accept: */*
User-Agent: AHC/2.0

Response DefaultHttpResponse(decodeResult: success, version: HTTP/1.1)
HTTP/1.1 404 Not Found
Server: nginx
Date: Thu, 18 Jan 2018 15:46:01 GMT
Content-Type: text/html; charset=utf-8
Content-Length: 13
Connection: keep-alive
Last-Modified: Tue, 11 Mar 2008 22:55:06 GMT
Link: <https://www.gravatar.com/avatar/f84d37ce99493155ee296c2b746191d0?d=404>; rel="canonical"
Access-Control-Allow-Origin: *
X-nc: HIT fra 2
Source-Age: 197

16:45:32.752 [AsyncHttpClient-2-1] DEBUG o.a.netty.channel.ChannelManager - Adding key: https://secure.gravatar.com:443 for channel [id: 0x93fb6550, L:/141.37.200.31:49619 - R:secure.gravatar.com/192.0.73.2:443]
16:45:32.756 [ForkJoinPool-8-worker-1] INFO  c.m.p.s.i.services.GravatarService - [Silhouette] Gravatar API returns status code: 404
16:45:36.746 [netty-event-loop-9] DEBUG i.n.u.i.JavassistTypeParameterMatcherGenerator - Generated: io.netty.util.internal.__matchers__.io.netty.handler.codec.http.websocketx.WebSocketFrameMatcher
16:45:36.747 [netty-event-loop-9] DEBUG i.n.h.c.h.w.WebSocketServerHandshaker - [id: 0xb26a3cf0, L:/0:0:0:0:0:0:0:1:9000 - R:/0:0:0:0:0:0:0:1:49620] WebSocket version V13 server handshake
16:45:36.750 [netty-event-loop-9] DEBUG i.n.h.c.h.w.WebSocketServerHandshaker - WebSocket version 13 server handshake key: 0NOvYHCaiBRHOUoc/KdaQQ==, response: CIJHU8CAS/u+IHO+1scGcGOpcys=
16:45:37.475 [netty-event-loop-9] DEBUG i.n.h.c.h.w.WebSocket08FrameDecoder - Decoding WebSocket Frame opCode=8
16:45:37.475 [netty-event-loop-9] DEBUG i.n.h.c.h.w.WebSocket08FrameDecoder - Decoding WebSocket Frame length=2
16:45:37.481 [netty-event-loop-9] DEBUG i.n.h.c.h.w.WebSocket08FrameEncoder - Encoding WebSocket Frame opCode=8 length=2
16:45:41.317 [netty-event-loop-10] DEBUG i.n.h.c.h.w.WebSocketServerHandshaker - [id: 0x156dd9aa, L:/0:0:0:0:0:0:0:1:9000 - R:/0:0:0:0:0:0:0:1:49622] WebSocket version V13 server handshake
16:45:41.317 [netty-event-loop-10] DEBUG i.n.h.c.h.w.WebSocketServerHandshaker - WebSocket version 13 server handshake key: eNU8xjd4gxABl2lzs1JHyQ==, response: YOGpL0hhVh4wnrO9QVydwVIT1vk=
16:45:41.983 [netty-event-loop-10] DEBUG i.n.h.c.h.w.WebSocket08FrameDecoder - Decoding WebSocket Frame opCode=8
16:45:41.983 [netty-event-loop-10] DEBUG i.n.h.c.h.w.WebSocket08FrameDecoder - Decoding WebSocket Frame length=2
16:45:41.984 [netty-event-loop-10] DEBUG i.n.h.c.h.w.WebSocket08FrameEncoder - Encoding WebSocket Frame opCode=8 length=2
16:45:42.100 [netty-event-loop-11] DEBUG i.n.h.c.h.w.WebSocketServerHandshaker - [id: 0x72827b99, L:/0:0:0:0:0:0:0:1:9000 - R:/0:0:0:0:0:0:0:1:49623] WebSocket version V13 server handshake
16:45:42.101 [netty-event-loop-11] DEBUG i.n.h.c.h.w.WebSocketServerHandshaker - WebSocket version 13 server handshake key: veNRglLbhDBUs2fkCz0PQA==, response: zdDz26BO4k91CH8UTcIK3Kqjc9k=
16:45:42.629 [netty-event-loop-11] DEBUG i.n.h.c.h.w.WebSocket08FrameDecoder - Decoding WebSocket Frame opCode=1
16:45:42.629 [netty-event-loop-11] DEBUG i.n.h.c.h.w.WebSocket08FrameDecoder - Decoding WebSocket Frame length=7
16:45:42.634 [default-akka.actor.default-dispatcher-5] DEBUG d.h.s.c.m.controller.GridController - created empty grids
16:45:42.641 [netty-event-loop-11] DEBUG i.n.h.c.h.w.WebSocket08FrameEncoder - Encoding WebSocket Frame opCode=1 length=169
16:45:43.158 [netty-event-loop-11] DEBUG i.n.h.c.h.w.WebSocket08FrameDecoder - Decoding WebSocket Frame opCode=1
16:45:43.158 [netty-event-loop-11] DEBUG i.n.h.c.h.w.WebSocket08FrameDecoder - Decoding WebSocket Frame length=1
16:45:43.159 [default-akka.actor.default-dispatcher-2] INFO  d.h.s.c.m.controller.GridController - added cell of type O at: 0
16:45:43.163 [netty-event-loop-11] DEBUG i.n.h.c.h.w.WebSocket08FrameEncoder - Encoding WebSocket Frame opCode=1 length=169
16:45:43.428 [netty-event-loop-11] DEBUG i.n.h.c.h.w.WebSocket08FrameDecoder - Decoding WebSocket Frame opCode=1
16:45:43.428 [netty-event-loop-11] DEBUG i.n.h.c.h.w.WebSocket08FrameDecoder - Decoding WebSocket Frame length=1
16:45:43.428 [default-akka.actor.default-dispatcher-2] INFO  d.h.s.c.m.controller.GridController - added cell of type X at: 1
16:45:43.430 [netty-event-loop-11] DEBUG i.n.h.c.h.w.WebSocket08FrameEncoder - Encoding WebSocket Frame opCode=1 length=169
16:45:43.680 [netty-event-loop-11] DEBUG i.n.h.c.h.w.WebSocket08FrameDecoder - Decoding WebSocket Frame opCode=1
16:45:43.680 [netty-event-loop-11] DEBUG i.n.h.c.h.w.WebSocket08FrameDecoder - Decoding WebSocket Frame length=1
16:45:43.681 [default-akka.actor.default-dispatcher-2] INFO  d.h.s.c.m.controller.GridController - added cell of type O at: 0
16:45:43.682 [netty-event-loop-11] DEBUG i.n.h.c.h.w.WebSocket08FrameEncoder - Encoding WebSocket Frame opCode=1 length=169
16:45:43.890 [netty-event-loop-11] DEBUG i.n.h.c.h.w.WebSocket08FrameDecoder - Decoding WebSocket Frame opCode=1
16:45:43.890 [netty-event-loop-11] DEBUG i.n.h.c.h.w.WebSocket08FrameDecoder - Decoding WebSocket Frame length=1
16:45:43.891 [default-akka.actor.default-dispatcher-2] INFO  d.h.s.c.m.controller.GridController - added cell of type X at: 0
16:45:43.893 [netty-event-loop-11] DEBUG i.n.h.c.h.w.WebSocket08FrameEncoder - Encoding WebSocket Frame opCode=1 length=169
16:45:44.088 [netty-event-loop-11] DEBUG i.n.h.c.h.w.WebSocket08FrameDecoder - Decoding WebSocket Frame opCode=1
16:45:44.088 [netty-event-loop-11] DEBUG i.n.h.c.h.w.WebSocket08FrameDecoder - Decoding WebSocket Frame length=1
16:45:44.089 [default-akka.actor.default-dispatcher-2] INFO  d.h.s.c.m.controller.GridController - added cell of type O at: 0
16:45:44.090 [netty-event-loop-11] DEBUG i.n.h.c.h.w.WebSocket08FrameEncoder - Encoding WebSocket Frame opCode=1 length=169
16:45:44.268 [netty-event-loop-11] DEBUG i.n.h.c.h.w.WebSocket08FrameDecoder - Decoding WebSocket Frame opCode=1
16:45:44.268 [netty-event-loop-11] DEBUG i.n.h.c.h.w.WebSocket08FrameDecoder - Decoding WebSocket Frame length=1
16:45:44.269 [default-akka.actor.default-dispatcher-2] INFO  d.h.s.c.m.controller.GridController - added cell of type X at: 0
16:45:44.270 [netty-event-loop-11] DEBUG i.n.h.c.h.w.WebSocket08FrameEncoder - Encoding WebSocket Frame opCode=1 length=169
16:45:44.635 [netty-event-loop-11] DEBUG i.n.h.c.h.w.WebSocket08FrameDecoder - Decoding WebSocket Frame opCode=1
16:45:44.635 [netty-event-loop-11] DEBUG i.n.h.c.h.w.WebSocket08FrameDecoder - Decoding WebSocket Frame length=1
16:45:44.636 [default-akka.actor.default-dispatcher-5] INFO  d.h.s.c.m.controller.GridController - added cell of type O at: 0
16:45:44.638 [netty-event-loop-11] DEBUG i.n.h.c.h.w.WebSocket08FrameEncoder - Encoding WebSocket Frame opCode=1 length=169
16:45:44.938 [netty-event-loop-11] DEBUG i.n.h.c.h.w.WebSocket08FrameDecoder - Decoding WebSocket Frame opCode=1
16:45:44.938 [netty-event-loop-11] DEBUG i.n.h.c.h.w.WebSocket08FrameDecoder - Decoding WebSocket Frame length=1
16:45:44.938 [default-akka.actor.default-dispatcher-5] WARN  d.h.s.c.m.controller.GridController - tried to insert into full column:  0
16:45:44.939 [netty-event-loop-11] DEBUG i.n.h.c.h.w.WebSocket08FrameEncoder - Encoding WebSocket Frame opCode=1 length=169
16:45:44.940 [netty-event-loop-11] DEBUG i.n.h.c.h.w.WebSocket08FrameEncoder - Encoding WebSocket Frame opCode=1 length=16
16:45:45.727 [netty-event-loop-11] DEBUG i.n.h.c.h.w.WebSocket08FrameDecoder - Decoding WebSocket Frame opCode=1
16:45:45.727 [netty-event-loop-11] DEBUG i.n.h.c.h.w.WebSocket08FrameDecoder - Decoding WebSocket Frame length=1
16:45:45.728 [default-akka.actor.default-dispatcher-5] INFO  d.h.s.c.m.controller.GridController - added cell of type X at: 1
16:45:45.729 [netty-event-loop-11] DEBUG i.n.h.c.h.w.WebSocket08FrameEncoder - Encoding WebSocket Frame opCode=1 length=169
16:45:46.759 [netty-event-loop-11] DEBUG i.n.h.c.h.w.WebSocket08FrameDecoder - Decoding WebSocket Frame opCode=1
16:45:46.759 [netty-event-loop-11] DEBUG i.n.h.c.h.w.WebSocket08FrameDecoder - Decoding WebSocket Frame length=1
16:45:46.760 [default-akka.actor.default-dispatcher-5] INFO  d.h.s.c.m.controller.GridController - added cell of type O at: 2
16:45:46.761 [netty-event-loop-11] DEBUG i.n.h.c.h.w.WebSocket08FrameEncoder - Encoding WebSocket Frame opCode=1 length=169
16:45:47.331 [netty-event-loop-11] DEBUG i.n.h.c.h.w.WebSocket08FrameDecoder - Decoding WebSocket Frame opCode=1
16:45:47.331 [netty-event-loop-11] DEBUG i.n.h.c.h.w.WebSocket08FrameDecoder - Decoding WebSocket Frame length=1
16:45:47.332 [default-akka.actor.default-dispatcher-2] INFO  d.h.s.c.m.controller.GridController - added cell of type X at: 1
16:45:47.333 [netty-event-loop-11] DEBUG i.n.h.c.h.w.WebSocket08FrameEncoder - Encoding WebSocket Frame opCode=1 length=169
16:45:47.604 [netty-event-loop-11] DEBUG i.n.h.c.h.w.WebSocket08FrameDecoder - Decoding WebSocket Frame opCode=1
16:45:47.604 [netty-event-loop-11] DEBUG i.n.h.c.h.w.WebSocket08FrameDecoder - Decoding WebSocket Frame length=1
16:45:47.604 [default-akka.actor.default-dispatcher-2] INFO  d.h.s.c.m.controller.GridController - added cell of type O at: 2
16:45:47.606 [netty-event-loop-11] DEBUG i.n.h.c.h.w.WebSocket08FrameEncoder - Encoding WebSocket Frame opCode=1 length=169
16:45:47.866 [netty-event-loop-11] DEBUG i.n.h.c.h.w.WebSocket08FrameDecoder - Decoding WebSocket Frame opCode=1
16:45:47.867 [netty-event-loop-11] DEBUG i.n.h.c.h.w.WebSocket08FrameDecoder - Decoding WebSocket Frame length=1
16:45:47.867 [default-akka.actor.default-dispatcher-5] INFO  d.h.s.c.m.controller.GridController - added cell of type X at: 1
16:45:47.867 [default-akka.actor.default-dispatcher-5] INFO  d.h.s.c.m.controller.GridController - game has finished
16:45:47.869 [netty-event-loop-11] DEBUG i.n.h.c.h.w.WebSocket08FrameEncoder - Encoding WebSocket Frame opCode=1 length=169
16:45:47.870 [netty-event-loop-11] DEBUG i.n.h.c.h.w.WebSocket08FrameEncoder - Encoding WebSocket Frame opCode=1 length=18
16:45:51.662 [netty-event-loop-11] DEBUG i.n.h.c.h.w.WebSocket08FrameDecoder - Decoding WebSocket Frame opCode=1
16:45:51.662 [netty-event-loop-11] DEBUG i.n.h.c.h.w.WebSocket08FrameDecoder - Decoding WebSocket Frame length=1
16:45:51.663 [netty-event-loop-11] DEBUG i.n.h.c.h.w.WebSocket08FrameEncoder - Encoding WebSocket Frame opCode=1 length=169
16:45:51.664 [netty-event-loop-11] DEBUG i.n.h.c.h.w.WebSocket08FrameEncoder - Encoding WebSocket Frame opCode=1 length=18
16:45:52.559 [netty-event-loop-11] DEBUG i.n.h.c.h.w.WebSocket08FrameDecoder - Decoding WebSocket Frame opCode=8
16:45:52.560 [netty-event-loop-11] DEBUG i.n.h.c.h.w.WebSocket08FrameDecoder - Decoding WebSocket Frame length=2
16:45:52.561 [netty-event-loop-11] DEBUG i.n.h.c.h.w.WebSocket08FrameEncoder - Encoding WebSocket Frame opCode=8 length=2
16:45:52.700 [netty-event-loop-12] DEBUG i.n.h.c.h.w.WebSocketServerHandshaker - [id: 0x494d73eb, L:/0:0:0:0:0:0:0:1:9000 - R:/0:0:0:0:0:0:0:1:49625] WebSocket version V13 server handshake
16:45:52.701 [netty-event-loop-12] DEBUG i.n.h.c.h.w.WebSocketServerHandshaker - WebSocket version 13 server handshake key: Jsfxf55JC0KpNn2V/NRT6A==, response: tcRxCV9wnB8PZubpgU1eB1nB9Ug=
16:45:52.978 [QuartzScheduler~application_QuartzSchedulerThread] DEBUG o.quartz.core.QuartzSchedulerThread - batch acquisition of 0 triggers
16:45:54.148 [netty-event-loop-12] DEBUG i.n.h.c.h.w.WebSocket08FrameDecoder - Decoding WebSocket Frame opCode=1
16:45:54.148 [netty-event-loop-12] DEBUG i.n.h.c.h.w.WebSocket08FrameDecoder - Decoding WebSocket Frame length=7
16:45:54.149 [default-akka.actor.default-dispatcher-4] DEBUG d.h.s.c.m.controller.GridController - created empty grids
16:45:54.150 [netty-event-loop-12] DEBUG i.n.h.c.h.w.WebSocket08FrameEncoder - Encoding WebSocket Frame opCode=1 length=169
16:45:55.125 [netty-event-loop-12] DEBUG i.n.h.c.h.w.WebSocket08FrameDecoder - Decoding WebSocket Frame opCode=1
16:45:55.125 [netty-event-loop-12] DEBUG i.n.h.c.h.w.WebSocket08FrameDecoder - Decoding WebSocket Frame length=1
16:45:55.126 [default-akka.actor.default-dispatcher-5] INFO  d.h.s.c.m.controller.GridController - added cell of type O at: 1
16:45:55.126 [netty-event-loop-12] DEBUG i.n.h.c.h.w.WebSocket08FrameEncoder - Encoding WebSocket Frame opCode=1 length=169
16:45:55.449 [netty-event-loop-12] DEBUG i.n.h.c.h.w.WebSocket08FrameDecoder - Decoding WebSocket Frame opCode=1
16:45:55.449 [netty-event-loop-12] DEBUG i.n.h.c.h.w.WebSocket08FrameDecoder - Decoding WebSocket Frame length=1
16:45:55.450 [default-akka.actor.default-dispatcher-4] INFO  d.h.s.c.m.controller.GridController - added cell of type X at: 2
16:45:55.450 [netty-event-loop-12] DEBUG i.n.h.c.h.w.WebSocket08FrameEncoder - Encoding WebSocket Frame opCode=1 length=169
16:45:55.720 [netty-event-loop-12] DEBUG i.n.h.c.h.w.WebSocket08FrameDecoder - Decoding WebSocket Frame opCode=1
16:45:55.720 [netty-event-loop-12] DEBUG i.n.h.c.h.w.WebSocket08FrameDecoder - Decoding WebSocket Frame length=1
16:45:55.720 [default-akka.actor.default-dispatcher-5] INFO  d.h.s.c.m.controller.GridController - added cell of type O at: 1
16:45:55.721 [netty-event-loop-12] DEBUG i.n.h.c.h.w.WebSocket08FrameEncoder - Encoding WebSocket Frame opCode=1 length=169
16:45:55.967 [netty-event-loop-12] DEBUG i.n.h.c.h.w.WebSocket08FrameDecoder - Decoding WebSocket Frame opCode=1
16:45:55.967 [netty-event-loop-12] DEBUG i.n.h.c.h.w.WebSocket08FrameDecoder - Decoding WebSocket Frame length=1
16:45:55.967 [default-akka.actor.default-dispatcher-4] INFO  d.h.s.c.m.controller.GridController - added cell of type X at: 2
16:45:55.968 [netty-event-loop-12] DEBUG i.n.h.c.h.w.WebSocket08FrameEncoder - Encoding WebSocket Frame opCode=1 length=169
16:45:56.229 [netty-event-loop-12] DEBUG i.n.h.c.h.w.WebSocket08FrameDecoder - Decoding WebSocket Frame opCode=1
16:45:56.229 [netty-event-loop-12] DEBUG i.n.h.c.h.w.WebSocket08FrameDecoder - Decoding WebSocket Frame length=1
16:45:56.230 [default-akka.actor.default-dispatcher-4] INFO  d.h.s.c.m.controller.GridController - added cell of type O at: 1
16:45:56.231 [netty-event-loop-12] DEBUG i.n.h.c.h.w.WebSocket08FrameEncoder - Encoding WebSocket Frame opCode=1 length=169
16:45:56.471 [netty-event-loop-12] DEBUG i.n.h.c.h.w.WebSocket08FrameDecoder - Decoding WebSocket Frame opCode=1
16:45:56.471 [netty-event-loop-12] DEBUG i.n.h.c.h.w.WebSocket08FrameDecoder - Decoding WebSocket Frame length=1
16:45:56.472 [default-akka.actor.default-dispatcher-5] INFO  d.h.s.c.m.controller.GridController - added cell of type X at: 2
16:45:56.473 [netty-event-loop-12] DEBUG i.n.h.c.h.w.WebSocket08FrameEncoder - Encoding WebSocket Frame opCode=1 length=169
16:45:56.734 [netty-event-loop-12] DEBUG i.n.h.c.h.w.WebSocket08FrameDecoder - Decoding WebSocket Frame opCode=1
16:45:56.734 [netty-event-loop-12] DEBUG i.n.h.c.h.w.WebSocket08FrameDecoder - Decoding WebSocket Frame length=1
16:45:56.735 [default-akka.actor.default-dispatcher-4] INFO  d.h.s.c.m.controller.GridController - added cell of type O at: 1
16:45:56.736 [default-akka.actor.default-dispatcher-4] INFO  d.h.s.c.m.controller.GridController - game has finished
16:45:56.737 [netty-event-loop-12] DEBUG i.n.h.c.h.w.WebSocket08FrameEncoder - Encoding WebSocket Frame opCode=1 length=169
16:45:56.738 [netty-event-loop-12] DEBUG i.n.h.c.h.w.WebSocket08FrameEncoder - Encoding WebSocket Frame opCode=1 length=18
16:45:58.080 [netty-event-loop-12] DEBUG i.n.h.c.h.w.WebSocket08FrameDecoder - Decoding WebSocket Frame opCode=8
16:45:58.080 [netty-event-loop-12] DEBUG i.n.h.c.h.w.WebSocket08FrameDecoder - Decoding WebSocket Frame length=2
16:45:58.081 [netty-event-loop-12] DEBUG i.n.h.c.h.w.WebSocket08FrameEncoder - Encoding WebSocket Frame opCode=8 length=2
16:45:58.194 [netty-event-loop-13] DEBUG i.n.h.c.h.w.WebSocketServerHandshaker - [id: 0x582c56cc, L:/0:0:0:0:0:0:0:1:9000 - R:/0:0:0:0:0:0:0:1:49626] WebSocket version V13 server handshake
16:45:58.194 [netty-event-loop-13] DEBUG i.n.h.c.h.w.WebSocketServerHandshaker - WebSocket version 13 server handshake key: a+Y2DZAgWkRnHkN42EWPiQ==, response: AR2wWX/P1JGGmi0oA3k+gaMaQGE=
16:46:02.751 [AsyncHttpClient-2-1] DEBUG i.n.handler.logging.LoggingHandler - [id: 0x93fb6550, L:/141.37.200.31:49619 ! R:secure.gravatar.com/192.0.73.2:443] INACTIVE
16:46:02.751 [AsyncHttpClient-2-1] DEBUG o.a.netty.handler.HttpHandler - Channel Closed: [id: 0x93fb6550, L:/141.37.200.31:49619 ! R:secure.gravatar.com/192.0.73.2:443] with attribute INSTANCE
16:46:02.751 [AsyncHttpClient-2-1] DEBUG i.n.handler.logging.LoggingHandler - [id: 0x93fb6550, L:/141.37.200.31:49619 ! R:secure.gravatar.com/192.0.73.2:443] UNREGISTERED
16:46:21.988 [QuartzScheduler~application_QuartzSchedulerThread] DEBUG o.quartz.core.QuartzSchedulerThread - batch acquisition of 0 triggers
16:46:24.143 [pool-71-thread-1] DEBUG o.a.netty.channel.DefaultChannelPool - Entry count for : https://secure.gravatar.com:443 : 1
16:46:24.143 [pool-71-thread-1] DEBUG o.a.netty.channel.DefaultChannelPool - Adding Candidate expired Channel [id: 0x93fb6550, L:/141.37.200.31:49619 ! R:secure.gravatar.com/192.0.73.2:443]
16:46:24.143 [pool-71-thread-1] DEBUG o.a.netty.channel.DefaultChannelPool - Closing Idle Channel [id: 0x93fb6550, L:/141.37.200.31:49619 ! R:secure.gravatar.com/192.0.73.2:443]
16:46:24.144 [pool-71-thread-1] DEBUG o.a.netty.channel.DefaultChannelPool - Closed 1 connections out of 1 in 0ms
16:46:45.401 [QuartzScheduler~application_QuartzSchedulerThread] DEBUG o.quartz.core.QuartzSchedulerThread - batch acquisition of 0 triggers
16:47:13.254 [QuartzScheduler~application_QuartzSchedulerThread] DEBUG o.quartz.core.QuartzSchedulerThread - batch acquisition of 0 triggers
16:47:24.244 [pool-71-thread-1] DEBUG o.a.netty.channel.DefaultChannelPool - Entry count for : https://secure.gravatar.com:443 : 0
16:47:24.244 [pool-71-thread-1] DEBUG o.a.netty.channel.DefaultChannelPool - Closed 0 connections out of 0 in 0ms
16:47:34.434 [AsyncHttpClient-2-1] DEBUG io.netty.buffer.PoolThreadCache - Freed 14 thread-local buffer(s) from thread: AsyncHttpClient-2-1
16:47:34.444 [pool-65-thread-8] DEBUG p.a.l.concurrent.ActorSystemProvider - Shutdown application default Akka system: application
16:47:34.458 [application-akka.actor.default-dispatcher-4] INFO  org.quartz.core.QuartzScheduler - Scheduler QuartzScheduler~application_$_application shutting down.
16:47:34.459 [application-akka.actor.default-dispatcher-4] INFO  org.quartz.core.QuartzScheduler - Scheduler QuartzScheduler~application_$_application paused.
16:47:34.460 [application-akka.actor.default-dispatcher-4] DEBUG org.quartz.simpl.SimpleThreadPool - Shutting down threadpool...
16:47:34.460 [application-akka.actor.default-dispatcher-4] DEBUG org.quartz.simpl.SimpleThreadPool - Shutdown of threadpool complete.
16:47:34.461 [application-akka.actor.default-dispatcher-4] INFO  org.quartz.core.QuartzScheduler - Scheduler QuartzScheduler~application_$_application shutdown complete.
16:47:34.468 [AKKA_QRTZ_-1] DEBUG org.quartz.simpl.SimpleThreadPool - WorkerThread is shut down.
